
> caminho-assombrado-escola@0.1.0 test
> jest

node.exe : FAIL src/game/scene
s/__tests__/GameScene.input-in
tegration.test.ts
At line:1 char:1
+ & "C:\Program 
Files\nodejs/node.exe" "C:\Use
rs\migue\AppData\Roaming\ ...
+ ~~~~~~~~~~~~~~~~~~~~~~~~~~~~
~~~~~~~~~~~~~~~~~~~~~~~~~~~~~~
~~~~~~~~~~~
    + CategoryInfo          : 
NotSpecified:     (FAIL src/ga
me/s...gration.test.ts:Strin  
  g) [], RemoteException
    + FullyQualifiedErrorId : 
NativeCommandE    rror
 
  ÔùÅ Test suite failed to run

    Your test suite must 
contain at least one test.

      at onResult (node_module
s/@jest/core/build/index.js:10
57:18)
      at node_modules/@jest/co
re/build/index.js:1127:165
      at node_modules/emittery
/index.js:363:13
          at Array.map 
(<anonymous>)
      at Emittery.emit (node_m
odules/emittery/index.js:361:2
3)

ÔûÂ GameScene Input Integration
  ÔûÂ Keyboard and Touch Integration
    Ô£ö should handle keyboard left movement (A key) (2.2463ms)
    Ô£ö should handle keyboard right movement (D key) (2.4308ms)
    Ô£ö should handle keyboard left movement (arrow key) (0.6087ms)
    Ô£ö should handle keyboard right movement (arrow key) (0.3022ms)
    Ô£ö should handle keyboard jump (W key) (0.3598ms)
    Ô£ö should handle keyboard jump (up arrow) (0.2091ms)
    Ô£ö should handle keyboard crouch (S key) (0.1597ms)
    Ô£ö should handle keyboard crouch (down arrow) (0.1696ms)
    Ô£ö should handle keyboard attack (space key) (0.1747ms)
    Ô£ö should combine keyboard and touch controls - keyboard left + touch jump (0.315ms)
    Ô£ö should combine keyboard and touch controls - touch left + keyboard attack (0.2223ms)
    Ô£ö should handle conflicting inputs correctly (0.1818ms)
    Ô£ö should handle multiple simultaneous keyboard inputs (0.2262ms)
    Ô£ö should handle multiple simultaneous touch inputs (0.2225ms)
    Ô£ö should stop movement when no movement keys are pressed (0.1185ms)
    Ô£ö should stop crouching when no crouch keys are pressed (0.1356ms)
  Ô£ö Keyboard and Touch Integration (8.8225ms)
  ÔûÂ Requirements Verification
    Ô£ö should meet requirement 3.1 - A key moves left (0.333ms)
    Ô£ö should meet requirement 3.1 - left arrow moves left (0.2326ms)
    Ô£ö should meet requirement 3.2 - D key moves right (0.16ms)
    Ô£ö should meet requirement 3.2 - right arrow moves right (0.1517ms)
    Ô£ö should meet requirement 3.3 - W key makes player jump (0.1319ms)
    Ô£ö should meet requirement 3.3 - up arrow makes player jump (0.1217ms)
    Ô£ö should meet requirement 3.4 - S key makes player crouch (0.1548ms)
    Ô£ö should meet requirement 3.4 - down arrow makes player crouch (0.156ms)
    Ô£ö should meet requirement 3.5 - Space key makes player attack (0.1519ms)
    Ô£ö should meet requirement 3.6 - keyboard controls work alongside touch controls (0.1775ms)
  Ô£ö Requirements Verification (1.9627ms)
Ô£ö GameScene Input Integration (11.4968ms)
FAIL src/game/entities/__tests
__/Player.test.ts
  ÔùÅ Console

    console.log
      Player created at: 100 
100 texture: player_boy

      at new Player (src/game/
entities/Player.ts:51:13)

    console.log
      Player body after 
physics: true

      at new Player (src/game/
entities/Player.ts:52:13)

    console.log
      Player created at: 100 
100 texture: player_boy

      at new Player (src/game/
entities/Player.ts:51:13)

    console.log
      Player body after 
physics: true

      at new Player (src/game/
entities/Player.ts:52:13)

    console.log
      Player created at: 100 
100 texture: player_boy

      at new Player (src/game/
entities/Player.ts:51:13)

    console.log
      Player body after 
physics: true

      at new Player (src/game/
entities/Player.ts:52:13)

    console.log
      Player created at: 100 
100 texture: player_boy

      at new Player (src/game/
entities/Player.ts:51:13)

    console.log
      Player body after 
physics: true

      at new Player (src/game/
entities/Player.ts:52:13)

    console.log
      Player created at: 100 
100 texture: player_boy

      at new Player (src/game/
entities/Player.ts:51:13)

    console.log
      Player body after 
physics: true

      at new Player (src/game/
entities/Player.ts:52:13)

    console.log
      Player created at: 100 
100 texture: player_boy

      at new Player (src/game/
entities/Player.ts:51:13)

    console.log
      Player body after 
physics: true

      at new Player (src/game/
entities/Player.ts:52:13)

    console.log
      Player created at: 100 
100 texture: player_boy

      at new Player (src/game/
entities/Player.ts:51:13)

    console.log
      Player body after 
physics: true

      at new Player (src/game/
entities/Player.ts:52:13)

    console.log
      Player created at: 100 
100 texture: player_boy

      at new Player (src/game/
entities/Player.ts:51:13)

    console.log
      Player body after 
physics: true

      at new Player (src/game/
entities/Player.ts:52:13)

    console.log
      Player created at: 100 
100 texture: player_boy

      at new Player (src/game/
entities/Player.ts:51:13)

    console.log
      Player body after 
physics: true

      at new Player (src/game/
entities/Player.ts:52:13)

    console.log
      Player created at: 100 
100 texture: player_boy

      at new Player (src/game/
entities/Player.ts:51:13)

    console.log
      Player body after 
physics: true

      at new Player (src/game/
entities/Player.ts:52:13)

    console.log
      Player created at: 100 
100 texture: player_boy

      at new Player (src/game/
entities/Player.ts:51:13)

    console.log
      Player body after 
physics: true

      at new Player (src/game/
entities/Player.ts:52:13)

    console.log
      Player created at: 100 
100 texture: player_boy

      at new Player (src/game/
entities/Player.ts:51:13)

    console.log
      Player body after 
physics: true

      at new Player (src/game/
entities/Player.ts:52:13)

    console.log
      Player created at: 100 
100 texture: player_boy

      at new Player (src/game/
entities/Player.ts:51:13)

    console.log
      Player body after 
physics: true

      at new Player (src/game/
entities/Player.ts:52:13)

    console.log
      Player created at: 100 
100 texture: player_boy

      at new Player (src/game/
entities/Player.ts:51:13)

    console.log
      Player body after 
physics: true

      at new Player (src/game/
entities/Player.ts:52:13)

    console.log
      Player created at: 100 
100 texture: player_boy

      at new Player (src/game/
entities/Player.ts:51:13)

    console.log
      Player body after 
physics: true

      at new Player (src/game/
entities/Player.ts:52:13)

    console.log
      Player created at: 100 
100 texture: player_boy

      at new Player (src/game/
entities/Player.ts:51:13)

    console.log
      Player body after 
physics: true

      at new Player (src/game/
entities/Player.ts:52:13)

    console.log
      Player created at: 100 
100 texture: player_boy

      at new Player (src/game/
entities/Player.ts:51:13)

    console.log
      Player body after 
physics: true

      at new Player (src/game/
entities/Player.ts:52:13)

    console.log
      Player created at: 100 
100 texture: player_boy

      at new Player (src/game/
entities/Player.ts:51:13)

    console.log
      Player body after 
physics: true

      at new Player (src/game/
entities/Player.ts:52:13)

    console.log
      Player created at: 100 
100 texture: player_boy

      at new Player (src/game/
entities/Player.ts:51:13)

    console.log
      Player body after 
physics: true

      at new Player (src/game/
entities/Player.ts:52:13)

    console.log
      Player created at: 100 
100 texture: player_boy

      at new Player (src/game/
entities/Player.ts:51:13)

    console.log
      Player body after 
physics: true

      at new Player (src/game/
entities/Player.ts:52:13)

    console.log
      Player created at: 100 
100 texture: player_boy

      at new Player (src/game/
entities/Player.ts:51:13)

    console.log
      Player body after 
physics: true

      at new Player (src/game/
entities/Player.ts:52:13)

    console.log
      Player created at: 100 
100 texture: player_boy

      at new Player (src/game/
entities/Player.ts:51:13)

    console.log
      Player body after 
physics: true

      at new Player (src/game/
entities/Player.ts:52:13)

    console.log
      Player created at: 100 
100 texture: player_boy

      at new Player (src/game/
entities/Player.ts:51:13)

    console.log
      Player body after 
physics: true

      at new Player (src/game/
entities/Player.ts:52:13)

    console.log
      Player created at: 100 
100 texture: player_boy

      at new Player (src/game/
entities/Player.ts:51:13)

    console.log
      Player body after 
physics: true

      at new Player (src/game/
entities/Player.ts:52:13)

    console.log
      Player created at: 100 
100 texture: player_boy

      at new Player (src/game/
entities/Player.ts:51:13)

    console.log
      Player body after 
physics: true

      at new Player (src/game/
entities/Player.ts:52:13)

    console.log
      Player created at: 100 
100 texture: player_boy

      at new Player (src/game/
entities/Player.ts:51:13)

    console.log
      Player body after 
physics: true

      at new Player (src/game/
entities/Player.ts:52:13)

    console.log
      Player created at: 100 
100 texture: player_boy

      at new Player (src/game/
entities/Player.ts:51:13)

    console.log
      Player body after 
physics: true

      at new Player (src/game/
entities/Player.ts:52:13)

    console.log
      Player created at: 100 
100 texture: player_boy

      at new Player (src/game/
entities/Player.ts:51:13)

    console.log
      Player body after 
physics: true

      at new Player (src/game/
entities/Player.ts:52:13)

    console.log
      Player created at: 100 
100 texture: player_boy

      at new Player (src/game/
entities/Player.ts:51:13)

    console.log
      Player body after 
physics: true

      at new Player (src/game/
entities/Player.ts:52:13)

    console.log
      Player created at: 100 
100 texture: player_boy

      at new Player (src/game/
entities/Player.ts:51:13)

    console.log
      Player body after 
physics: true

      at new Player (src/game/
entities/Player.ts:52:13)

    console.log
      Player created at: 100 
100 texture: player_boy

      at new Player (src/game/
entities/Player.ts:51:13)

    console.log
      Player body after 
physics: true

      at new Player (src/game/
entities/Player.ts:52:13)

    console.log
      Player created at: 100 
100 texture: player_boy

      at new Player (src/game/
entities/Player.ts:51:13)

    console.log
      Player body after 
physics: true

      at new Player (src/game/
entities/Player.ts:52:13)

    console.log
      Player created at: 100 
100 texture: player_boy

      at new Player (src/game/
entities/Player.ts:51:13)

    console.log
      Player body after 
physics: true

      at new Player (src/game/
entities/Player.ts:52:13)

  ÔùÅ Player ÔÇ║ constructor 
ÔÇ║ should initialize with 
correct starting values per 
requirement 7.1

    TypeError: Right-hand 
side of 'instanceof' is not 
an object

    [0m [90m 53 |[39m     
     [90m 54 |[39m     
[90m// Configure physics 
body[39m
    [31m[1m>[22m[39m[90m 
55 |[39m     [36mif[39m ([
36mthis[39m[33m.[39mbody 
[36minstanceof[39m [33mPhas
er[39m[33m.[39m[33mPhysics
[39m[33m.[39m[33mArcade[3
9m[33m.[39m[33mBody[39m) {
     [90m    |[39m          
        [31m[1m^[22m[39m
     [90m 56 |[39m       [3
6mthis[39m[33m.[39mbody[33
m.[39msetCollideWorldBounds(
[36mtrue[39m)[33m;[39m
     [90m 57 |[39m       [3
6mthis[39m[33m.[39mbody[33
m.[39msetGravityY([35m300[3
9m)[33m;[39m [90m// Apply 
gravity[39m
     [90m 58 |[39m       [3
6mthis[39m[33m.[39mbody[33
m.[39msetSize([35m32[39m[3
3m,[39m 
[35m48[39m)[33m;[39m 
[90m// Set collision box 
size[39m[0m

      at new Player (src/game/
entities/Player.ts:55:18)
      at Object.<anonymous> (s
rc/game/entities/__tests__/Pla
yer.test.ts:108:14)

  ÔùÅ Player ÔÇ║ constructor 
ÔÇ║ should configure physics 
body correctly

    TypeError: Right-hand 
side of 'instanceof' is not 
an object

    [0m [90m 53 |[39m     
     [90m 54 |[39m     
[90m// Configure physics 
body[39m
    [31m[1m>[22m[39m[90m 
55 |[39m     [36mif[39m ([
36mthis[39m[33m.[39mbody 
[36minstanceof[39m [33mPhas
er[39m[33m.[39m[33mPhysics
[39m[33m.[39m[33mArcade[3
9m[33m.[39m[33mBody[39m) {
     [90m    |[39m          
        [31m[1m^[22m[39m
     [90m 56 |[39m       [3
6mthis[39m[33m.[39mbody[33
m.[39msetCollideWorldBounds(
[36mtrue[39m)[33m;[39m
     [90m 57 |[39m       [3
6mthis[39m[33m.[39mbody[33
m.[39msetGravityY([35m300[3
9m)[33m;[39m [90m// Apply 
gravity[39m
     [90m 58 |[39m       [3
6mthis[39m[33m.[39mbody[33
m.[39msetSize([35m32[39m[3
3m,[39m 
[35m48[39m)[33m;[39m 
[90m// Set collision box 
size[39m[0m

      at new Player (src/game/
entities/Player.ts:55:18)
      at Object.<anonymous> (s
rc/game/entities/__tests__/Pla
yer.test.ts:108:14)

  ÔùÅ Player ÔÇ║ constructor 
ÔÇ║ should select correct 
character texture based on 
registry

    TypeError: Right-hand 
side of 'instanceof' is not 
an object

    [0m [90m 53 |[39m     
     [90m 54 |[39m     
[90m// Configure physics 
body[39m
    [31m[1m>[22m[39m[90m 
55 |[39m     [36mif[39m ([
36mthis[39m[33m.[39mbody 
[36minstanceof[39m [33mPhas
er[39m[33m.[39m[33mPhysics
[39m[33m.[39m[33mArcade[3
9m[33m.[39m[33mBody[39m) {
     [90m    |[39m          
        [31m[1m^[22m[39m
     [90m 56 |[39m       [3
6mthis[39m[33m.[39mbody[33
m.[39msetCollideWorldBounds(
[36mtrue[39m)[33m;[39m
     [90m 57 |[39m       [3
6mthis[39m[33m.[39mbody[33
m.[39msetGravityY([35m300[3
9m)[33m;[39m [90m// Apply 
gravity[39m
     [90m 58 |[39m       [3
6mthis[39m[33m.[39mbody[33
m.[39msetSize([35m32[39m[3
3m,[39m 
[35m48[39m)[33m;[39m 
[90m// Set collision box 
size[39m[0m

      at new Player (src/game/
entities/Player.ts:55:18)
      at Object.<anonymous> (s
rc/game/entities/__tests__/Pla
yer.test.ts:108:14)

  ÔùÅ Player ÔÇ║ movement ÔÇ║ 
should move left when 
direction is left per 
requirement 3.1

    TypeError: Right-hand 
side of 'instanceof' is not 
an object

    [0m [90m 53 |[39m     
     [90m 54 |[39m     
[90m// Configure physics 
body[39m
    [31m[1m>[22m[39m[90m 
55 |[39m     [36mif[39m ([
36mthis[39m[33m.[39mbody 
[36minstanceof[39m [33mPhas
er[39m[33m.[39m[33mPhysics
[39m[33m.[39m[33mArcade[3
9m[33m.[39m[33mBody[39m) {
     [90m    |[39m          
        [31m[1m^[22m[39m
     [90m 56 |[39m       [3
6mthis[39m[33m.[39mbody[33
m.[39msetCollideWorldBounds(
[36mtrue[39m)[33m;[39m
     [90m 57 |[39m       [3
6mthis[39m[33m.[39mbody[33
m.[39msetGravityY([35m300[3
9m)[33m;[39m [90m// Apply 
gravity[39m
     [90m 58 |[39m       [3
6mthis[39m[33m.[39mbody[33
m.[39msetSize([35m32[39m[3
3m,[39m 
[35m48[39m)[33m;[39m 
[90m// Set collision box 
size[39m[0m

      at new Player (src/game/
entities/Player.ts:55:18)
      at Object.<anonymous> (s
rc/game/entities/__tests__/Pla
yer.test.ts:108:14)

  ÔùÅ Player ÔÇ║ movement ÔÇ║ 
should move right when 
direction is right per 
requirement 3.2

    TypeError: Right-hand 
side of 'instanceof' is not 
an object

    [0m [90m 53 |[39m     
     [90m 54 |[39m     
[90m// Configure physics 
body[39m
    [31m[1m>[22m[39m[90m 
55 |[39m     [36mif[39m ([
36mthis[39m[33m.[39mbody 
[36minstanceof[39m [33mPhas
er[39m[33m.[39m[33mPhysics
[39m[33m.[39m[33mArcade[3
9m[33m.[39m[33mBody[39m) {
     [90m    |[39m          
        [31m[1m^[22m[39m
     [90m 56 |[39m       [3
6mthis[39m[33m.[39mbody[33
m.[39msetCollideWorldBounds(
[36mtrue[39m)[33m;[39m
     [90m 57 |[39m       [3
6mthis[39m[33m.[39mbody[33
m.[39msetGravityY([35m300[3
9m)[33m;[39m [90m// Apply 
gravity[39m
     [90m 58 |[39m       [3
6mthis[39m[33m.[39mbody[33
m.[39msetSize([35m32[39m[3
3m,[39m 
[35m48[39m)[33m;[39m 
[90m// Set collision box 
size[39m[0m

      at new Player (src/game/
entities/Player.ts:55:18)
      at Object.<anonymous> (s
rc/game/entities/__tests__/Pla
yer.test.ts:108:14)

  ÔùÅ Player ÔÇ║ movement ÔÇ║ 
should not move when crouching

    TypeError: Right-hand 
side of 'instanceof' is not 
an object

    [0m [90m 53 |[39m     
     [90m 54 |[39m     
[90m// Configure physics 
body[39m
    [31m[1m>[22m[39m[90m 
55 |[39m     [36mif[39m ([
36mthis[39m[33m.[39mbody 
[36minstanceof[39m [33mPhas
er[39m[33m.[39m[33mPhysics
[39m[33m.[39m[33mArcade[3
9m[33m.[39m[33mBody[39m) {
     [90m    |[39m          
        [31m[1m^[22m[39m
     [90m 56 |[39m       [3
6mthis[39m[33m.[39mbody[33
m.[39msetCollideWorldBounds(
[36mtrue[39m)[33m;[39m
     [90m 57 |[39m       [3
6mthis[39m[33m.[39mbody[33
m.[39msetGravityY([35m300[3
9m)[33m;[39m [90m// Apply 
gravity[39m
     [90m 58 |[39m       [3
6mthis[39m[33m.[39mbody[33
m.[39msetSize([35m32[39m[3
3m,[39m 
[35m48[39m)[33m;[39m 
[90m// Set collision box 
size[39m[0m

      at new Player (src/game/
entities/Player.ts:55:18)
      at Object.<anonymous> (s
rc/game/entities/__tests__/Pla
yer.test.ts:108:14)

  ÔùÅ Player ÔÇ║ movement ÔÇ║ 
should stop movement correctly

    TypeError: Right-hand 
side of 'instanceof' is not 
an object

    [0m [90m 53 |[39m     
     [90m 54 |[39m     
[90m// Configure physics 
body[39m
    [31m[1m>[22m[39m[90m 
55 |[39m     [36mif[39m ([
36mthis[39m[33m.[39mbody 
[36minstanceof[39m [33mPhas
er[39m[33m.[39m[33mPhysics
[39m[33m.[39m[33mArcade[3
9m[33m.[39m[33mBody[39m) {
     [90m    |[39m          
        [31m[1m^[22m[39m
     [90m 56 |[39m       [3
6mthis[39m[33m.[39mbody[33
m.[39msetCollideWorldBounds(
[36mtrue[39m)[33m;[39m
     [90m 57 |[39m       [3
6mthis[39m[33m.[39mbody[33
m.[39msetGravityY([35m300[3
9m)[33m;[39m [90m// Apply 
gravity[39m
     [90m 58 |[39m       [3
6mthis[39m[33m.[39mbody[33
m.[39msetSize([35m32[39m[3
3m,[39m 
[35m48[39m)[33m;[39m 
[90m// Set collision box 
size[39m[0m

      at new Player (src/game/
entities/Player.ts:55:18)
      at Object.<anonymous> (s
rc/game/entities/__tests__/Pla
yer.test.ts:108:14)

  ÔùÅ Player ÔÇ║ jumping ÔÇ║ 
should jump when on ground 
per requirement 3.3

    TypeError: Right-hand 
side of 'instanceof' is not 
an object

    [0m [90m 53 |[39m     
     [90m 54 |[39m     
[90m// Configure physics 
body[39m
    [31m[1m>[22m[39m[90m 
55 |[39m     [36mif[39m ([
36mthis[39m[33m.[39mbody 
[36minstanceof[39m [33mPhas
er[39m[33m.[39m[33mPhysics
[39m[33m.[39m[33mArcade[3
9m[33m.[39m[33mBody[39m) {
     [90m    |[39m          
        [31m[1m^[22m[39m
     [90m 56 |[39m       [3
6mthis[39m[33m.[39mbody[33
m.[39msetCollideWorldBounds(
[36mtrue[39m)[33m;[39m
     [90m 57 |[39m       [3
6mthis[39m[33m.[39mbody[33
m.[39msetGravityY([35m300[3
9m)[33m;[39m [90m// Apply 
gravity[39m
     [90m 58 |[39m       [3
6mthis[39m[33m.[39mbody[33
m.[39msetSize([35m32[39m[3
3m,[39m 
[35m48[39m)[33m;[39m 
[90m// Set collision box 
size[39m[0m

      at new Player (src/game/
entities/Player.ts:55:18)
      at Object.<anonymous> (s
rc/game/entities/__tests__/Pla
yer.test.ts:108:14)

  ÔùÅ Player ÔÇ║ jumping ÔÇ║ 
should not jump when not on 
ground

    TypeError: Right-hand 
side of 'instanceof' is not 
an object

    [0m [90m 53 |[39m     
     [90m 54 |[39m     
[90m// Configure physics 
body[39m
    [31m[1m>[22m[39m[90m 
55 |[39m     [36mif[39m ([
36mthis[39m[33m.[39mbody 
[36minstanceof[39m [33mPhas
er[39m[33m.[39m[33mPhysics
[39m[33m.[39m[33mArcade[3
9m[33m.[39m[33mBody[39m) {
     [90m    |[39m          
        [31m[1m^[22m[39m
     [90m 56 |[39m       [3
6mthis[39m[33m.[39mbody[33
m.[39msetCollideWorldBounds(
[36mtrue[39m)[33m;[39m
     [90m 57 |[39m       [3
6mthis[39m[33m.[39mbody[33
m.[39msetGravityY([35m300[3
9m)[33m;[39m [90m// Apply 
gravity[39m
     [90m 58 |[39m       [3
6mthis[39m[33m.[39mbody[33
m.[39msetSize([35m32[39m[3
3m,[39m 
[35m48[39m)[33m;[39m 
[90m// Set collision box 
size[39m[0m

      at new Player (src/game/
entities/Player.ts:55:18)
      at Object.<anonymous> (s
rc/game/entities/__tests__/Pla
yer.test.ts:108:14)

  ÔùÅ Player ÔÇ║ jumping ÔÇ║ 
should not jump when crouching

    TypeError: Right-hand 
side of 'instanceof' is not 
an object

    [0m [90m 53 |[39m     
     [90m 54 |[39m     
[90m// Configure physics 
body[39m
    [31m[1m>[22m[39m[90m 
55 |[39m     [36mif[39m ([
36mthis[39m[33m.[39mbody 
[36minstanceof[39m [33mPhas
er[39m[33m.[39m[33mPhysics
[39m[33m.[39m[33mArcade[3
9m[33m.[39m[33mBody[39m) {
     [90m    |[39m          
        [31m[1m^[22m[39m
     [90m 56 |[39m       [3
6mthis[39m[33m.[39mbody[33
m.[39msetCollideWorldBounds(
[36mtrue[39m)[33m;[39m
     [90m 57 |[39m       [3
6mthis[39m[33m.[39mbody[33
m.[39msetGravityY([35m300[3
9m)[33m;[39m [90m// Apply 
gravity[39m
     [90m 58 |[39m       [3
6mthis[39m[33m.[39mbody[33
m.[39msetSize([35m32[39m[3
3m,[39m 
[35m48[39m)[33m;[39m 
[90m// Set collision box 
size[39m[0m

      at new Player (src/game/
entities/Player.ts:55:18)
      at Object.<anonymous> (s
rc/game/entities/__tests__/Pla
yer.test.ts:108:14)

  ÔùÅ Player ÔÇ║ jumping ÔÇ║ 
should play jump sound when 
jumping

    TypeError: Right-hand 
side of 'instanceof' is not 
an object

    [0m [90m 53 |[39m     
     [90m 54 |[39m     
[90m// Configure physics 
body[39m
    [31m[1m>[22m[39m[90m 
55 |[39m     [36mif[39m ([
36mthis[39m[33m.[39mbody 
[36minstanceof[39m [33mPhas
er[39m[33m.[39m[33mPhysics
[39m[33m.[39m[33mArcade[3
9m[33m.[39m[33mBody[39m) {
     [90m    |[39m          
        [31m[1m^[22m[39m
     [90m 56 |[39m       [3
6mthis[39m[33m.[39mbody[33
m.[39msetCollideWorldBounds(
[36mtrue[39m)[33m;[39m
     [90m 57 |[39m       [3
6mthis[39m[33m.[39mbody[33
m.[39msetGravityY([35m300[3
9m)[33m;[39m [90m// Apply 
gravity[39m
     [90m 58 |[39m       [3
6mthis[39m[33m.[39mbody[33
m.[39msetSize([35m32[39m[3
3m,[39m 
[35m48[39m)[33m;[39m 
[90m// Set collision box 
size[39m[0m

      at new Player (src/game/
entities/Player.ts:55:18)
      at Object.<anonymous> (s
rc/game/entities/__tests__/Pla
yer.test.ts:108:14)

  ÔùÅ Player ÔÇ║ crouching 
ÔÇ║ should crouch and modify 
collision box per requirement 
3.4

    TypeError: Right-hand 
side of 'instanceof' is not 
an object

    [0m [90m 53 |[39m     
     [90m 54 |[39m     
[90m// Configure physics 
body[39m
    [31m[1m>[22m[39m[90m 
55 |[39m     [36mif[39m ([
36mthis[39m[33m.[39mbody 
[36minstanceof[39m [33mPhas
er[39m[33m.[39m[33mPhysics
[39m[33m.[39m[33mArcade[3
9m[33m.[39m[33mBody[39m) {
     [90m    |[39m          
        [31m[1m^[22m[39m
     [90m 56 |[39m       [3
6mthis[39m[33m.[39mbody[33
m.[39msetCollideWorldBounds(
[36mtrue[39m)[33m;[39m
     [90m 57 |[39m       [3
6mthis[39m[33m.[39mbody[33
m.[39msetGravityY([35m300[3
9m)[33m;[39m [90m// Apply 
gravity[39m
     [90m 58 |[39m       [3
6mthis[39m[33m.[39mbody[33
m.[39msetSize([35m32[39m[3
3m,[39m 
[35m48[39m)[33m;[39m 
[90m// Set collision box 
size[39m[0m

      at new Player (src/game/
entities/Player.ts:55:18)
      at Object.<anonymous> (s
rc/game/entities/__tests__/Pla
yer.test.ts:108:14)

  ÔùÅ Player ÔÇ║ crouching 
ÔÇ║ should stop crouching and 
restore collision box

    TypeError: Right-hand 
side of 'instanceof' is not 
an object

    [0m [90m 53 |[39m     
     [90m 54 |[39m     
[90m// Configure physics 
body[39m
    [31m[1m>[22m[39m[90m 
55 |[39m     [36mif[39m ([
36mthis[39m[33m.[39mbody 
[36minstanceof[39m [33mPhas
er[39m[33m.[39m[33mPhysics
[39m[33m.[39m[33mArcade[3
9m[33m.[39m[33mBody[39m) {
     [90m    |[39m          
        [31m[1m^[22m[39m
     [90m 56 |[39m       [3
6mthis[39m[33m.[39mbody[33
m.[39msetCollideWorldBounds(
[36mtrue[39m)[33m;[39m
     [90m 57 |[39m       [3
6mthis[39m[33m.[39mbody[33
m.[39msetGravityY([35m300[3
9m)[33m;[39m [90m// Apply 
gravity[39m
     [90m 58 |[39m       [3
6mthis[39m[33m.[39mbody[33
m.[39msetSize([35m32[39m[3
3m,[39m 
[35m48[39m)[33m;[39m 
[90m// Set collision box 
size[39m[0m

      at new Player (src/game/
entities/Player.ts:55:18)
      at Object.<anonymous> (s
rc/game/entities/__tests__/Pla
yer.test.ts:108:14)

  ÔùÅ Player ÔÇ║ attacking 
ÔÇ║ should attack with weapon 
when available per 
requirement 3.5

    TypeError: Right-hand 
side of 'instanceof' is not 
an object

    [0m [90m 53 |[39m     
     [90m 54 |[39m     
[90m// Configure physics 
body[39m
    [31m[1m>[22m[39m[90m 
55 |[39m     [36mif[39m ([
36mthis[39m[33m.[39mbody 
[36minstanceof[39m [33mPhas
er[39m[33m.[39m[33mPhysics
[39m[33m.[39m[33mArcade[3
9m[33m.[39m[33mBody[39m) {
     [90m    |[39m          
        [31m[1m^[22m[39m
     [90m 56 |[39m       [3
6mthis[39m[33m.[39mbody[33
m.[39msetCollideWorldBounds(
[36mtrue[39m)[33m;[39m
     [90m 57 |[39m       [3
6mthis[39m[33m.[39mbody[33
m.[39msetGravityY([35m300[3
9m)[33m;[39m [90m// Apply 
gravity[39m
     [90m 58 |[39m       [3
6mthis[39m[33m.[39mbody[33
m.[39msetSize([35m32[39m[3
3m,[39m 
[35m48[39m)[33m;[39m 
[90m// Set collision box 
size[39m[0m

      at new Player (src/game/
entities/Player.ts:55:18)
      at Object.<anonymous> (s
rc/game/entities/__tests__/Pla
yer.test.ts:108:14)

  ÔùÅ Player ÔÇ║ attacking 
ÔÇ║ should not attack when no 
weapon is set

    TypeError: Right-hand 
side of 'instanceof' is not 
an object

    [0m [90m 53 |[39m     
     [90m 54 |[39m     
[90m// Configure physics 
body[39m
    [31m[1m>[22m[39m[90m 
55 |[39m     [36mif[39m ([
36mthis[39m[33m.[39mbody 
[36minstanceof[39m [33mPhas
er[39m[33m.[39m[33mPhysics
[39m[33m.[39m[33mArcade[3
9m[33m.[39m[33mBody[39m) {
     [90m    |[39m          
        [31m[1m^[22m[39m
     [90m 56 |[39m       [3
6mthis[39m[33m.[39mbody[33
m.[39msetCollideWorldBounds(
[36mtrue[39m)[33m;[39m
     [90m 57 |[39m       [3
6mthis[39m[33m.[39mbody[33
m.[39msetGravityY([35m300[3
9m)[33m;[39m [90m// Apply 
gravity[39m
     [90m 58 |[39m       [3
6mthis[39m[33m.[39mbody[33
m.[39msetSize([35m32[39m[3
3m,[39m 
[35m48[39m)[33m;[39m 
[90m// Set collision box 
size[39m[0m

      at new Player (src/game/
entities/Player.ts:55:18)
      at Object.<anonymous> (s
rc/game/entities/__tests__/Pla
yer.test.ts:108:14)

  ÔùÅ Player ÔÇ║ attacking 
ÔÇ║ should not attack when 
crouching

    TypeError: Right-hand 
side of 'instanceof' is not 
an object

    [0m [90m 53 |[39m     
     [90m 54 |[39m     
[90m// Configure physics 
body[39m
    [31m[1m>[22m[39m[90m 
55 |[39m     [36mif[39m ([
36mthis[39m[33m.[39mbody 
[36minstanceof[39m [33mPhas
er[39m[33m.[39m[33mPhysics
[39m[33m.[39m[33mArcade[3
9m[33m.[39m[33mBody[39m) {
     [90m    |[39m          
        [31m[1m^[22m[39m
     [90m 56 |[39m       [3
6mthis[39m[33m.[39mbody[33
m.[39msetCollideWorldBounds(
[36mtrue[39m)[33m;[39m
     [90m 57 |[39m       [3
6mthis[39m[33m.[39mbody[33
m.[39msetGravityY([35m300[3
9m)[33m;[39m [90m// Apply 
gravity[39m
     [90m 58 |[39m       [3
6mthis[39m[33m.[39mbody[33
m.[39msetSize([35m32[39m[3
3m,[39m 
[35m48[39m)[33m;[39m 
[90m// Set collision box 
size[39m[0m

      at new Player (src/game/
entities/Player.ts:55:18)
      at Object.<anonymous> (s
rc/game/entities/__tests__/Pla
yer.test.ts:108:14)

  ÔùÅ Player ÔÇ║ attacking 
ÔÇ║ should not attack when 
weapon cooldown is not ready

    TypeError: Right-hand 
side of 'instanceof' is not 
an object

    [0m [90m 53 |[39m     
     [90m 54 |[39m     
[90m// Configure physics 
body[39m
    [31m[1m>[22m[39m[90m 
55 |[39m     [36mif[39m ([
36mthis[39m[33m.[39mbody 
[36minstanceof[39m [33mPhas
er[39m[33m.[39m[33mPhysics
[39m[33m.[39m[33mArcade[3
9m[33m.[39m[33mBody[39m) {
     [90m    |[39m          
        [31m[1m^[22m[39m
     [90m 56 |[39m       [3
6mthis[39m[33m.[39mbody[33
m.[39msetCollideWorldBounds(
[36mtrue[39m)[33m;[39m
     [90m 57 |[39m       [3
6mthis[39m[33m.[39mbody[33
m.[39msetGravityY([35m300[3
9m)[33m;[39m [90m// Apply 
gravity[39m
     [90m 58 |[39m       [3
6mthis[39m[33m.[39mbody[33
m.[39msetSize([35m32[39m[3
3m,[39m 
[35m48[39m)[33m;[39m 
[90m// Set collision box 
size[39m[0m

      at new Player (src/game/
entities/Player.ts:55:18)
      at Object.<anonymous> (s
rc/game/entities/__tests__/Pla
yer.test.ts:108:14)

  ÔùÅ Player ÔÇ║ attacking 
ÔÇ║ should calculate attack 
position based on facing 
direction

    TypeError: Right-hand 
side of 'instanceof' is not 
an object

    [0m [90m 53 |[39m     
     [90m 54 |[39m     
[90m// Configure physics 
body[39m
    [31m[1m>[22m[39m[90m 
55 |[39m     [36mif[39m ([
36mthis[39m[33m.[39mbody 
[36minstanceof[39m [33mPhas
er[39m[33m.[39m[33mPhysics
[39m[33m.[39m[33mArcade[3
9m[33m.[39m[33mBody[39m) {
     [90m    |[39m          
        [31m[1m^[22m[39m
     [90m 56 |[39m       [3
6mthis[39m[33m.[39mbody[33
m.[39msetCollideWorldBounds(
[36mtrue[39m)[33m;[39m
     [90m 57 |[39m       [3
6mthis[39m[33m.[39mbody[33
m.[39msetGravityY([35m300[3
9m)[33m;[39m [90m// Apply 
gravity[39m
     [90m 58 |[39m       [3
6mthis[39m[33m.[39mbody[33
m.[39msetSize([35m32[39m[3
3m,[39m 
[35m48[39m)[33m;[39m 
[90m// Set collision box 
size[39m[0m

      at new Player (src/game/
entities/Player.ts:55:18)
      at Object.<anonymous> (s
rc/game/entities/__tests__/Pla
yer.test.ts:108:14)

  ÔùÅ Player ÔÇ║ attacking 
ÔÇ║ should play 
weapon-specific sound per 
requirement 11.5

    TypeError: Right-hand 
side of 'instanceof' is not 
an object

    [0m [90m 53 |[39m     
     [90m 54 |[39m     
[90m// Configure physics 
body[39m
    [31m[1m>[22m[39m[90m 
55 |[39m     [36mif[39m ([
36mthis[39m[33m.[39mbody 
[36minstanceof[39m [33mPhas
er[39m[33m.[39m[33mPhysics
[39m[33m.[39m[33mArcade[3
9m[33m.[39m[33mBody[39m) {
     [90m    |[39m          
        [31m[1m^[22m[39m
     [90m 56 |[39m       [3
6mthis[39m[33m.[39mbody[33
m.[39msetCollideWorldBounds(
[36mtrue[39m)[33m;[39m
     [90m 57 |[39m       [3
6mthis[39m[33m.[39mbody[33
m.[39msetGravityY([35m300[3
9m)[33m;[39m [90m// Apply 
gravity[39m
     [90m 58 |[39m       [3
6mthis[39m[33m.[39mbody[33
m.[39msetSize([35m32[39m[3
3m,[39m 
[35m48[39m)[33m;[39m 
[90m// Set collision box 
size[39m[0m

      at new Player (src/game/
entities/Player.ts:55:18)
      at Object.<anonymous> (s
rc/game/entities/__tests__/Pla
yer.test.ts:108:14)

  ÔùÅ Player ÔÇ║ damage and 
invulnerability ÔÇ║ should 
take damage and lose life per 
requirement 7.3

    TypeError: Right-hand 
side of 'instanceof' is not 
an object

    [0m [90m 53 |[39m     
     [90m 54 |[39m     
[90m// Configure physics 
body[39m
    [31m[1m>[22m[39m[90m 
55 |[39m     [36mif[39m ([
36mthis[39m[33m.[39mbody 
[36minstanceof[39m [33mPhas
er[39m[33m.[39m[33mPhysics
[39m[33m.[39m[33mArcade[3
9m[33m.[39m[33mBody[39m) {
     [90m    |[39m          
        [31m[1m^[22m[39m
     [90m 56 |[39m       [3
6mthis[39m[33m.[39mbody[33
m.[39msetCollideWorldBounds(
[36mtrue[39m)[33m;[39m
     [90m 57 |[39m       [3
6mthis[39m[33m.[39mbody[33
m.[39msetGravityY([35m300[3
9m)[33m;[39m [90m// Apply 
gravity[39m
     [90m 58 |[39m       [3
6mthis[39m[33m.[39mbody[33
m.[39msetSize([35m32[39m[3
3m,[39m 
[35m48[39m)[33m;[39m 
[90m// Set collision box 
size[39m[0m

      at new Player (src/game/
entities/Player.ts:55:18)
      at Object.<anonymous> (s
rc/game/entities/__tests__/Pla
yer.test.ts:108:14)

  ÔùÅ Player ÔÇ║ damage and 
invulnerability ÔÇ║ should 
not take damage when already 
invulnerable

    TypeError: Right-hand 
side of 'instanceof' is not 
an object

    [0m [90m 53 |[39m     
     [90m 54 |[39m     
[90m// Configure physics 
body[39m
    [31m[1m>[22m[39m[90m 
55 |[39m     [36mif[39m ([
36mthis[39m[33m.[39mbody 
[36minstanceof[39m [33mPhas
er[39m[33m.[39m[33mPhysics
[39m[33m.[39m[33mArcade[3
9m[33m.[39m[33mBody[39m) {
     [90m    |[39m          
        [31m[1m^[22m[39m
     [90m 56 |[39m       [3
6mthis[39m[33m.[39mbody[33
m.[39msetCollideWorldBounds(
[36mtrue[39m)[33m;[39m
     [90m 57 |[39m       [3
6mthis[39m[33m.[39mbody[33
m.[39msetGravityY([35m300[3
9m)[33m;[39m [90m// Apply 
gravity[39m
     [90m 58 |[39m       [3
6mthis[39m[33m.[39mbody[33
m.[39msetSize([35m32[39m[3
3m,[39m 
[35m48[39m)[33m;[39m 
[90m// Set collision box 
size[39m[0m

      at new Player (src/game/
entities/Player.ts:55:18)
      at Object.<anonymous> (s
rc/game/entities/__tests__/Pla
yer.test.ts:108:14)

  ÔùÅ Player ÔÇ║ damage and 
invulnerability ÔÇ║ should 
not take damage when lives 
are 0

    TypeError: Right-hand 
side of 'instanceof' is not 
an object

    [0m [90m 53 |[39m     
     [90m 54 |[39m     
[90m// Configure physics 
body[39m
    [31m[1m>[22m[39m[90m 
55 |[39m     [36mif[39m ([
36mthis[39m[33m.[39mbody 
[36minstanceof[39m [33mPhas
er[39m[33m.[39m[33mPhysics
[39m[33m.[39m[33mArcade[3
9m[33m.[39m[33mBody[39m) {
     [90m    |[39m          
        [31m[1m^[22m[39m
     [90m 56 |[39m       [3
6mthis[39m[33m.[39mbody[33
m.[39msetCollideWorldBounds(
[36mtrue[39m)[33m;[39m
     [90m 57 |[39m       [3
6mthis[39m[33m.[39mbody[33
m.[39msetGravityY([35m300[3
9m)[33m;[39m [90m// Apply 
gravity[39m
     [90m 58 |[39m       [3
6mthis[39m[33m.[39mbody[33
m.[39msetSize([35m32[39m[3
3m,[39m 
[35m48[39m)[33m;[39m 
[90m// Set collision box 
size[39m[0m

      at new Player (src/game/
entities/Player.ts:55:18)
      at Object.<anonymous> (s
rc/game/entities/__tests__/Pla
yer.test.ts:108:14)

  ÔùÅ Player ÔÇ║ damage and 
invulnerability ÔÇ║ should 
play damage sound when taking 
damage per requirement 11.3

    TypeError: Right-hand 
side of 'instanceof' is not 
an object

    [0m [90m 53 |[39m     
     [90m 54 |[39m     
[90m// Configure physics 
body[39m
    [31m[1m>[22m[39m[90m 
55 |[39m     [36mif[39m ([
36mthis[39m[33m.[39mbody 
[36minstanceof[39m [33mPhas
er[39m[33m.[39m[33mPhysics
[39m[33m.[39m[33mArcade[3
9m[33m.[39m[33mBody[39m) {
     [90m    |[39m          
        [31m[1m^[22m[39m
     [90m 56 |[39m       [3
6mthis[39m[33m.[39mbody[33
m.[39msetCollideWorldBounds(
[36mtrue[39m)[33m;[39m
     [90m 57 |[39m       [3
6mthis[39m[33m.[39mbody[33
m.[39msetGravityY([35m300[3
9m)[33m;[39m [90m// Apply 
gravity[39m
     [90m 58 |[39m       [3
6mthis[39m[33m.[39mbody[33
m.[39msetSize([35m32[39m[3
3m,[39m 
[35m48[39m)[33m;[39m 
[90m// Set collision box 
size[39m[0m

      at new Player (src/game/
entities/Player.ts:55:18)
      at Object.<anonymous> (s
rc/game/entities/__tests__/Pla
yer.test.ts:108:14)

  ÔùÅ Player ÔÇ║ damage and 
invulnerability ÔÇ║ should 
have 800ms invulnerability 
duration per requirement 7.4

    TypeError: Right-hand 
side of 'instanceof' is not 
an object

    [0m [90m 53 |[39m     
     [90m 54 |[39m     
[90m// Configure physics 
body[39m
    [31m[1m>[22m[39m[90m 
55 |[39m     [36mif[39m ([
36mthis[39m[33m.[39mbody 
[36minstanceof[39m [33mPhas
er[39m[33m.[39m[33mPhysics
[39m[33m.[39m[33mArcade[3
9m[33m.[39m[33mBody[39m) {
     [90m    |[39m          
        [31m[1m^[22m[39m
     [90m 56 |[39m       [3
6mthis[39m[33m.[39mbody[33
m.[39msetCollideWorldBounds(
[36mtrue[39m)[33m;[39m
     [90m 57 |[39m       [3
6mthis[39m[33m.[39mbody[33
m.[39msetGravityY([35m300[3
9m)[33m;[39m [90m// Apply 
gravity[39m
     [90m 58 |[39m       [3
6mthis[39m[33m.[39mbody[33
m.[39msetSize([35m32[39m[3
3m,[39m 
[35m48[39m)[33m;[39m 
[90m// Set collision box 
size[39m[0m

      at new Player (src/game/
entities/Player.ts:55:18)
      at Object.<anonymous> (s
rc/game/entities/__tests__/Pla
yer.test.ts:108:14)

  ÔùÅ Player ÔÇ║ scoring and 
lives ÔÇ║ should add score 
correctly

    TypeError: Right-hand 
side of 'instanceof' is not 
an object

    [0m [90m 53 |[39m     
     [90m 54 |[39m     
[90m// Configure physics 
body[39m
    [31m[1m>[22m[39m[90m 
55 |[39m     [36mif[39m ([
36mthis[39m[33m.[39mbody 
[36minstanceof[39m [33mPhas
er[39m[33m.[39m[33mPhysics
[39m[33m.[39m[33mArcade[3
9m[33m.[39m[33mBody[39m) {
     [90m    |[39m          
        [31m[1m^[22m[39m
     [90m 56 |[39m       [3
6mthis[39m[33m.[39mbody[33
m.[39msetCollideWorldBounds(
[36mtrue[39m)[33m;[39m
     [90m 57 |[39m       [3
6mthis[39m[33m.[39mbody[33
m.[39msetGravityY([35m300[3
9m)[33m;[39m [90m// Apply 
gravity[39m
     [90m 58 |[39m       [3
6mthis[39m[33m.[39mbody[33
m.[39msetSize([35m32[39m[3
3m,[39m 
[35m48[39m)[33m;[39m 
[90m// Set collision box 
size[39m[0m

      at new Player (src/game/
entities/Player.ts:55:18)
      at Object.<anonymous> (s
rc/game/entities/__tests__/Pla
yer.test.ts:108:14)

  ÔùÅ Player ÔÇ║ scoring and 
lives ÔÇ║ should add life up 
to maximum of 10 per 
requirement 6.2

    TypeError: Right-hand 
side of 'instanceof' is not 
an object

    [0m [90m 53 |[39m     
     [90m 54 |[39m     
[90m// Configure physics 
body[39m
    [31m[1m>[22m[39m[90m 
55 |[39m     [36mif[39m ([
36mthis[39m[33m.[39mbody 
[36minstanceof[39m [33mPhas
er[39m[33m.[39m[33mPhysics
[39m[33m.[39m[33mArcade[3
9m[33m.[39m[33mBody[39m) {
     [90m    |[39m          
        [31m[1m^[22m[39m
     [90m 56 |[39m       [3
6mthis[39m[33m.[39mbody[33
m.[39msetCollideWorldBounds(
[36mtrue[39m)[33m;[39m
     [90m 57 |[39m       [3
6mthis[39m[33m.[39mbody[33
m.[39msetGravityY([35m300[3
9m)[33m;[39m [90m// Apply 
gravity[39m
     [90m 58 |[39m       [3
6mthis[39m[33m.[39mbody[33
m.[39msetSize([35m32[39m[3
3m,[39m 
[35m48[39m)[33m;[39m 
[90m// Set collision box 
size[39m[0m

      at new Player (src/game/
entities/Player.ts:55:18)
      at Object.<anonymous> (s
rc/game/entities/__tests__/Pla
yer.test.ts:108:14)

  ÔùÅ Player ÔÇ║ update 
method ÔÇ║ should update 
invulnerability timer

    TypeError: Right-hand 
side of 'instanceof' is not 
an object

    [0m [90m 53 |[39m     
     [90m 54 |[39m     
[90m// Configure physics 
body[39m
    [31m[1m>[22m[39m[90m 
55 |[39m     [36mif[39m ([
36mthis[39m[33m.[39mbody 
[36minstanceof[39m [33mPhas
er[39m[33m.[39m[33mPhysics
[39m[33m.[39m[33mArcade[3
9m[33m.[39m[33mBody[39m) {
     [90m    |[39m          
        [31m[1m^[22m[39m
     [90m 56 |[39m       [3
6mthis[39m[33m.[39mbody[33
m.[39msetCollideWorldBounds(
[36mtrue[39m)[33m;[39m
     [90m 57 |[39m       [3
6mthis[39m[33m.[39mbody[33
m.[39msetGravityY([35m300[3
9m)[33m;[39m [90m// Apply 
gravity[39m
     [90m 58 |[39m       [3
6mthis[39m[33m.[39mbody[33
m.[39msetSize([35m32[39m[3
3m,[39m 
[35m48[39m)[33m;[39m 
[90m// Set collision box 
size[39m[0m

      at new Player (src/game/
entities/Player.ts:55:18)
      at Object.<anonymous> (s
rc/game/entities/__tests__/Pla
yer.test.ts:108:14)

  ÔùÅ Player ÔÇ║ update 
method ÔÇ║ should end 
invulnerability when timer 
expires

    TypeError: Right-hand 
side of 'instanceof' is not 
an object

    [0m [90m 53 |[39m     
     [90m 54 |[39m     
[90m// Configure physics 
body[39m
    [31m[1m>[22m[39m[90m 
55 |[39m     [36mif[39m ([
36mthis[39m[33m.[39mbody 
[36minstanceof[39m [33mPhas
er[39m[33m.[39m[33mPhysics
[39m[33m.[39m[33mArcade[3
9m[33m.[39m[33mBody[39m) {
     [90m    |[39m          
        [31m[1m^[22m[39m
     [90m 56 |[39m       [3
6mthis[39m[33m.[39mbody[33
m.[39msetCollideWorldBounds(
[36mtrue[39m)[33m;[39m
     [90m 57 |[39m       [3
6mthis[39m[33m.[39mbody[33
m.[39msetGravityY([35m300[3
9m)[33m;[39m [90m// Apply 
gravity[39m
     [90m 58 |[39m       [3
6mthis[39m[33m.[39mbody[33
m.[39msetSize([35m32[39m[3
3m,[39m 
[35m48[39m)[33m;[39m 
[90m// Set collision box 
size[39m[0m

      at new Player (src/game/
entities/Player.ts:55:18)
      at Object.<anonymous> (s
rc/game/entities/__tests__/Pla
yer.test.ts:108:14)

  ÔùÅ Player ÔÇ║ update 
method ÔÇ║ should create 
flashing effect during 
invulnerability

    TypeError: Right-hand 
side of 'instanceof' is not 
an object

    [0m [90m 53 |[39m     
     [90m 54 |[39m     
[90m// Configure physics 
body[39m
    [31m[1m>[22m[39m[90m 
55 |[39m     [36mif[39m ([
36mthis[39m[33m.[39mbody 
[36minstanceof[39m [33mPhas
er[39m[33m.[39m[33mPhysics
[39m[33m.[39m[33mArcade[3
9m[33m.[39m[33mBody[39m) {
     [90m    |[39m          
        [31m[1m^[22m[39m
     [90m 56 |[39m       [3
6mthis[39m[33m.[39mbody[33
m.[39msetCollideWorldBounds(
[36mtrue[39m)[33m;[39m
     [90m 57 |[39m       [3
6mthis[39m[33m.[39mbody[33
m.[39msetGravityY([35m300[3
9m)[33m;[39m [90m// Apply 
gravity[39m
     [90m 58 |[39m       [3
6mthis[39m[33m.[39mbody[33
m.[39msetSize([35m32[39m[3
3m,[39m 
[35m48[39m)[33m;[39m 
[90m// Set collision box 
size[39m[0m

      at new Player (src/game/
entities/Player.ts:55:18)
      at Object.<anonymous> (s
rc/game/entities/__tests__/Pla
yer.test.ts:108:14)

  ÔùÅ Player ÔÇ║ update 
method ÔÇ║ should update 
jumping state when landing

    TypeError: Right-hand 
side of 'instanceof' is not 
an object

    [0m [90m 53 |[39m     
     [90m 54 |[39m     
[90m// Configure physics 
body[39m
    [31m[1m>[22m[39m[90m 
55 |[39m     [36mif[39m ([
36mthis[39m[33m.[39mbody 
[36minstanceof[39m [33mPhas
er[39m[33m.[39m[33mPhysics
[39m[33m.[39m[33mArcade[3
9m[33m.[39m[33mBody[39m) {
     [90m    |[39m          
        [31m[1m^[22m[39m
     [90m 56 |[39m       [3
6mthis[39m[33m.[39mbody[33
m.[39msetCollideWorldBounds(
[36mtrue[39m)[33m;[39m
     [90m 57 |[39m       [3
6mthis[39m[33m.[39mbody[33
m.[39msetGravityY([35m300[3
9m)[33m;[39m [90m// Apply 
gravity[39m
     [90m 58 |[39m       [3
6mthis[39m[33m.[39mbody[33
m.[39msetSize([35m32[39m[3
3m,[39m 
[35m48[39m)[33m;[39m 
[90m// Set collision box 
size[39m[0m

      at new Player (src/game/
entities/Player.ts:55:18)
      at Object.<anonymous> (s
rc/game/entities/__tests__/Pla
yer.test.ts:108:14)

  ÔùÅ Player ÔÇ║ utility 
methods ÔÇ║ should check if 
player is on ground correctly

    TypeError: Right-hand 
side of 'instanceof' is not 
an object

    [0m [90m 53 |[39m     
     [90m 54 |[39m     
[90m// Configure physics 
body[39m
    [31m[1m>[22m[39m[90m 
55 |[39m     [36mif[39m ([
36mthis[39m[33m.[39mbody 
[36minstanceof[39m [33mPhas
er[39m[33m.[39m[33mPhysics
[39m[33m.[39m[33mArcade[3
9m[33m.[39m[33mBody[39m) {
     [90m    |[39m          
        [31m[1m^[22m[39m
     [90m 56 |[39m       [3
6mthis[39m[33m.[39mbody[33
m.[39msetCollideWorldBounds(
[36mtrue[39m)[33m;[39m
     [90m 57 |[39m       [3
6mthis[39m[33m.[39mbody[33
m.[39msetGravityY([35m300[3
9m)[33m;[39m [90m// Apply 
gravity[39m
     [90m 58 |[39m       [3
6mthis[39m[33m.[39mbody[33
m.[39msetSize([35m32[39m[3
3m,[39m 
[35m48[39m)[33m;[39m 
[90m// Set collision box 
size[39m[0m

      at new Player (src/game/
entities/Player.ts:55:18)
      at Object.<anonymous> (s
rc/game/entities/__tests__/Pla
yer.test.ts:108:14)

  ÔùÅ Player ÔÇ║ utility 
methods ÔÇ║ should check if 
player is attacking correctly

    TypeError: Right-hand 
side of 'instanceof' is not 
an object

    [0m [90m 53 |[39m     
     [90m 54 |[39m     
[90m// Configure physics 
body[39m
    [31m[1m>[22m[39m[90m 
55 |[39m     [36mif[39m ([
36mthis[39m[33m.[39mbody 
[36minstanceof[39m [33mPhas
er[39m[33m.[39m[33mPhysics
[39m[33m.[39m[33mArcade[3
9m[33m.[39m[33mBody[39m) {
     [90m    |[39m          
        [31m[1m^[22m[39m
     [90m 56 |[39m       [3
6mthis[39m[33m.[39mbody[33
m.[39msetCollideWorldBounds(
[36mtrue[39m)[33m;[39m
     [90m 57 |[39m       [3
6mthis[39m[33m.[39mbody[33
m.[39msetGravityY([35m300[3
9m)[33m;[39m [90m// Apply 
gravity[39m
     [90m 58 |[39m       [3
6mthis[39m[33m.[39mbody[33
m.[39msetSize([35m32[39m[3
3m,[39m 
[35m48[39m)[33m;[39m 
[90m// Set collision box 
size[39m[0m

      at new Player (src/game/
entities/Player.ts:55:18)
      at Object.<anonymous> (s
rc/game/entities/__tests__/Pla
yer.test.ts:108:14)

  ÔùÅ Player ÔÇ║ utility 
methods ÔÇ║ should return 
correct state information

    TypeError: Right-hand 
side of 'instanceof' is not 
an object

    [0m [90m 53 |[39m     
     [90m 54 |[39m     
[90m// Configure physics 
body[39m
    [31m[1m>[22m[39m[90m 
55 |[39m     [36mif[39m ([
36mthis[39m[33m.[39mbody 
[36minstanceof[39m [33mPhas
er[39m[33m.[39m[33mPhysics
[39m[33m.[39m[33mArcade[3
9m[33m.[39m[33mBody[39m) {
     [90m    |[39m          
        [31m[1m^[22m[39m
     [90m 56 |[39m       [3
6mthis[39m[33m.[39mbody[33
m.[39msetCollideWorldBounds(
[36mtrue[39m)[33m;[39m
     [90m 57 |[39m       [3
6mthis[39m[33m.[39mbody[33
m.[39msetGravityY([35m300[3
9m)[33m;[39m [90m// Apply 
gravity[39m
     [90m 58 |[39m       [3
6mthis[39m[33m.[39mbody[33
m.[39msetSize([35m32[39m[3
3m,[39m 
[35m48[39m)[33m;[39m 
[90m// Set collision box 
size[39m[0m

      at new Player (src/game/
entities/Player.ts:55:18)
      at Object.<anonymous> (s
rc/game/entities/__tests__/Pla
yer.test.ts:108:14)

FAIL src/game/scenes/__tests__
/CollisionDetection.test.ts
  ÔùÅ Collision Detection 
System ÔÇ║ Player-Enemy 
Collision ÔÇ║ should detect 
collision between player and 
enemy

    expect(received).toBe(expe
cted) // Object.is equality

    Expected: true
    Received: false

    [0m [90m 132 |[39m     
  )[33m;[39m
     [90m 133 |[39m       
    [31m[1m>[22m[39m[90m 
134 |[39m       expect(isColl
iding)[33m.[39mtoBe([36mtru
e[39m)[33m;[39m
     [90m     |[39m         
                  
[31m[1m^[22m[39m
     [90m 135 |[39m     
})[33m;[39m
     [90m 136 |[39m     
     [90m 137 |[39m     
it([32m'should handle player 
damage when colliding with 
enemy per requirement 
7.3'[39m[33m,[39m () 
[33m=>[39m {[0m

      at Object.<anonymous> (s
rc/game/scenes/__tests__/Colli
sionDetection.test.ts:134:27)

  ÔùÅ Collision Detection 
System ÔÇ║ Projectile 
Collision ÔÇ║ should detect 
laser projectile collision 
with enemy

    expect(received).toBe(expe
cted) // Object.is equality

    Expected: true
    Received: false

    [0m [90m 311 |[39m     
  )[33m;[39m
     [90m 312 |[39m       
    [31m[1m>[22m[39m[90m 
313 |[39m       expect(isColl
iding)[33m.[39mtoBe([36mtru
e[39m)[33m;[39m
     [90m     |[39m         
                  
[31m[1m^[22m[39m
     [90m 314 |[39m     
})[33m;[39m
     [90m 315 |[39m     
     [90m 316 |[39m     
it([32m'should deactivate 
projectile after hitting 
enemy'[39m[33m,[39m () 
[33m=>[39m {[0m

      at Object.<anonymous> (s
rc/game/scenes/__tests__/Colli
sionDetection.test.ts:313:27)

PASS src/store/__tests__/achie
vementStore.test.ts
PASS src/utils/__tests__/perfo
rmance.test.ts
  ÔùÅ Console

    console.log
      [0.00ms] Test log

      at 
PerformanceDebugger.log (src/u
tils/performance.ts:925:17)

    console.log
      [0.00ms] Test

      at 
PerformanceDebugger.log (src/u
tils/performance.ts:925:17)

    console.error
      Error: Not implemented: 
HTMLCanvasElement.prototype.ge
tContext (without installing 
the canvas npm package)
          at module.exports (C
:\Code\Personal\jogos\OCaminho
AssombradoDaEscola\node_module
s\jsdom\lib\jsdom\browser\not-
implemented.js:9:17)
          at HTMLCanvasElement
Impl.getContext (C:\Code\Perso
nal\jogos\OCaminhoAssombradoDa
Escola\node_modules\jsdom\lib\
jsdom\living\nodes\HTMLCanvasE
lement-impl.js:42:5)
          at 
HTMLCanvasElement.getContext (
C:\Code\Personal\jogos\OCaminh
oAssombradoDaEscola\node_modul
es\jsdom\lib\jsdom\living\gene
rated\HTMLCanvasElement.js:131
:58)
          at 
getDeviceCapabilities (C:\Code
\Personal\jogos\OCaminhoAssomb
radoDaEscola\src\utils\perform
ance.ts:748:25)
          at 
Object.<anonymous> (C:\Code\Pe
rsonal\jogos\OCaminhoAssombrad
oDaEscola\src\utils\__tests__\
performance.test.ts:483:47)
          at 
Promise.finally.completed (C:\
Code\Personal\jogos\OCaminhoAs
sombradoDaEscola\node_modules\
jest-circus\build\jestAdapterI
nit.js:1557:28)
          at new Promise 
(<anonymous>)
          at 
callAsyncCircusFn (C:\Code\Per
sonal\jogos\OCaminhoAssombrado
DaEscola\node_modules\jest-cir
cus\build\jestAdapterInit.js:1
497:10)
          at _callCircusTest (
C:\Code\Personal\jogos\OCaminh
oAssombradoDaEscola\node_modul
es\jest-circus\build\jestAdapt
erInit.js:1007:40)
          at 
processTicksAndRejections (nod
e:internal/process/task_queues
:103:5)
          at _runTest (C:\Code
\Personal\jogos\OCaminhoAssomb
radoDaEscola\node_modules\jest
-circus\build\jestAdapterInit.
js:947:3)
          at C:\Code\Personal\
jogos\OCaminhoAssombradoDaEsco
la\node_modules\jest-circus\bu
ild\jestAdapterInit.js:849:7
          at 
_runTestsForDescribeBlock (C:\
Code\Personal\jogos\OCaminhoAs
sombradoDaEscola\node_modules\
jest-circus\build\jestAdapterI
nit.js:862:11)
          at 
_runTestsForDescribeBlock (C:\
Code\Personal\jogos\OCaminhoAs
sombradoDaEscola\node_modules\
jest-circus\build\jestAdapterI
nit.js:857:11)
          at run (C:\Code\Pers
onal\jogos\OCaminhoAssombradoD
aEscola\node_modules\jest-circ
us\build\jestAdapterInit.js:76
1:3)
          at runAndTransformRe
sultsToJestFormat (C:\Code\Per
sonal\jogos\OCaminhoAssombrado
DaEscola\node_modules\jest-cir
cus\build\jestAdapterInit.js:1
918:21)
          at jestAdapter (C:\C
ode\Personal\jogos\OCaminhoAss
ombradoDaEscola\node_modules\j
est-circus\build\runner.js:101
:19)
          at runTestInternal (
C:\Code\Personal\jogos\OCaminh
oAssombradoDaEscola\node_modul
es\jest-runner\build\testWorke
r.js:275:16)
          at runTest (C:\Code\
Personal\jogos\OCaminhoAssombr
adoDaEscola\node_modules\jest-
runner\build\testWorker.js:343
:7)
          at Object.worker (C:
\Code\Personal\jogos\OCaminhoA
ssombradoDaEscola\node_modules
\jest-runner\build\testWorker.
js:497:12) {
        type: 'not 
implemented'
      }

    [0m [90m 746 |[39m     
[36mtry[39m {
     [90m 747 |[39m       
[36mconst[39m canvas 
[33m=[39m document[33m.[39
mcreateElement([32m'canvas'[
39m)[33m;[39m
    [31m[1m>[22m[39m[90m 
748 |[39m       
[36mconst[39m gl 
[33m=[39m canvas[33m.[39mg
etContext([32m'webgl'[39m) 
[33m||[39m canvas[33m.[39m
getContext([32m'experimental-
webgl'[39m) [36mas[39m [33
mWebGLRenderingContext[39m 
[33m|[39m 
[36mnull[39m[33m;[39m
     [90m     |[39m         
                
[31m[1m^[22m[39m
     [90m 749 |[39m       
     [90m 750 |[39m       
webGL [33m=[39m [33m![39m
[33m![39mgl[33m;[39m
     [90m 751 |[39m       
webGL2 [33m=[39m [33m![39m
[33m![39mcanvas[33m.[39mge
tContext([32m'webgl2'[39m)[
33m;[39m[0m

      at 
VirtualConsole.<anonymous> (no
de_modules/@jest/environment-j
sdom-abstract/build/index.js:8
7:23)
      at module.exports (node_
modules/jsdom/lib/jsdom/browse
r/not-implemented.js:12:26)
      at HTMLCanvasElementImpl
.getContext (node_modules/jsdo
m/lib/jsdom/living/nodes/HTMLC
anvasElement-impl.js:42:5)
      at 
HTMLCanvasElement.getContext (
node_modules/jsdom/lib/jsdom/l
iving/generated/HTMLCanvasElem
ent.js:131:58)
      at 
getDeviceCapabilities (src/uti
ls/performance.ts:748:25)
      at Object.<anonymous> (s
rc/utils/__tests__/performance
.test.ts:483:47)

    console.error
      Error: Not implemented: 
HTMLCanvasElement.prototype.ge
tContext (without installing 
the canvas npm package)
          at module.exports (C
:\Code\Personal\jogos\OCaminho
AssombradoDaEscola\node_module
s\jsdom\lib\jsdom\browser\not-
implemented.js:9:17)
          at HTMLCanvasElement
Impl.getContext (C:\Code\Perso
nal\jogos\OCaminhoAssombradoDa
Escola\node_modules\jsdom\lib\
jsdom\living\nodes\HTMLCanvasE
lement-impl.js:42:5)
          at 
HTMLCanvasElement.getContext (
C:\Code\Personal\jogos\OCaminh
oAssombradoDaEscola\node_modul
es\jsdom\lib\jsdom\living\gene
rated\HTMLCanvasElement.js:131
:58)
          at 
getDeviceCapabilities (C:\Code
\Personal\jogos\OCaminhoAssomb
radoDaEscola\src\utils\perform
ance.ts:748:55)
          at 
Object.<anonymous> (C:\Code\Pe
rsonal\jogos\OCaminhoAssombrad
oDaEscola\src\utils\__tests__\
performance.test.ts:483:47)
          at 
Promise.finally.completed (C:\
Code\Personal\jogos\OCaminhoAs
sombradoDaEscola\node_modules\
jest-circus\build\jestAdapterI
nit.js:1557:28)
          at new Promise 
(<anonymous>)
          at 
callAsyncCircusFn (C:\Code\Per
sonal\jogos\OCaminhoAssombrado
DaEscola\node_modules\jest-cir
cus\build\jestAdapterInit.js:1
497:10)
          at _callCircusTest (
C:\Code\Personal\jogos\OCaminh
oAssombradoDaEscola\node_modul
es\jest-circus\build\jestAdapt
erInit.js:1007:40)
          at 
processTicksAndRejections (nod
e:internal/process/task_queues
:103:5)
          at _runTest (C:\Code
\Personal\jogos\OCaminhoAssomb
radoDaEscola\node_modules\jest
-circus\build\jestAdapterInit.
js:947:3)
          at C:\Code\Personal\
jogos\OCaminhoAssombradoDaEsco
la\node_modules\jest-circus\bu
ild\jestAdapterInit.js:849:7
          at 
_runTestsForDescribeBlock (C:\
Code\Personal\jogos\OCaminhoAs
sombradoDaEscola\node_modules\
jest-circus\build\jestAdapterI
nit.js:862:11)
          at 
_runTestsForDescribeBlock (C:\
Code\Personal\jogos\OCaminhoAs
sombradoDaEscola\node_modules\
jest-circus\build\jestAdapterI
nit.js:857:11)
          at run (C:\Code\Pers
onal\jogos\OCaminhoAssombradoD
aEscola\node_modules\jest-circ
us\build\jestAdapterInit.js:76
1:3)
          at runAndTransformRe
sultsToJestFormat (C:\Code\Per
sonal\jogos\OCaminhoAssombrado
DaEscola\node_modules\jest-cir
cus\build\jestAdapterInit.js:1
918:21)
          at jestAdapter (C:\C
ode\Personal\jogos\OCaminhoAss
ombradoDaEscola\node_modules\j
est-circus\build\runner.js:101
:19)
          at runTestInternal (
C:\Code\Personal\jogos\OCaminh
oAssombradoDaEscola\node_modul
es\jest-runner\build\testWorke
r.js:275:16)
          at runTest (C:\Code\
Personal\jogos\OCaminhoAssombr
adoDaEscola\node_modules\jest-
runner\build\testWorker.js:343
:7)
          at Object.worker (C:
\Code\Personal\jogos\OCaminhoA
ssombradoDaEscola\node_modules
\jest-runner\build\testWorker.
js:497:12) {
        type: 'not 
implemented'
      }

    [0m [90m 746 |[39m     
[36mtry[39m {
     [90m 747 |[39m       
[36mconst[39m canvas 
[33m=[39m document[33m.[39
mcreateElement([32m'canvas'[
39m)[33m;[39m
    [31m[1m>[22m[39m[90m 
748 |[39m       
[36mconst[39m gl 
[33m=[39m canvas[33m.[39mg
etContext([32m'webgl'[39m) 
[33m||[39m canvas[33m.[39m
getContext([32m'experimental-
webgl'[39m) [36mas[39m [33
mWebGLRenderingContext[39m 
[33m|[39m 
[36mnull[39m[33m;[39m
     [90m     |[39m         
                              
                
[31m[1m^[22m[39m
     [90m 749 |[39m       
     [90m 750 |[39m       
webGL [33m=[39m [33m![39m
[33m![39mgl[33m;[39m
     [90m 751 |[39m       
webGL2 [33m=[39m [33m![39m
[33m![39mcanvas[33m.[39mge
tContext([32m'webgl2'[39m)[
33m;[39m[0m

      at 
VirtualConsole.<anonymous> (no
de_modules/@jest/environment-j
sdom-abstract/build/index.js:8
7:23)
      at module.exports (node_
modules/jsdom/lib/jsdom/browse
r/not-implemented.js:12:26)
      at HTMLCanvasElementImpl
.getContext (node_modules/jsdo
m/lib/jsdom/living/nodes/HTMLC
anvasElement-impl.js:42:5)
      at 
HTMLCanvasElement.getContext (
node_modules/jsdom/lib/jsdom/l
iving/generated/HTMLCanvasElem
ent.js:131:58)
      at 
getDeviceCapabilities (src/uti
ls/performance.ts:748:55)
      at Object.<anonymous> (s
rc/utils/__tests__/performance
.test.ts:483:47)

    console.error
      Error: Not implemented: 
HTMLCanvasElement.prototype.ge
tContext (without installing 
the canvas npm package)
          at module.exports (C
:\Code\Personal\jogos\OCaminho
AssombradoDaEscola\node_module
s\jsdom\lib\jsdom\browser\not-
implemented.js:9:17)
          at HTMLCanvasElement
Impl.getContext (C:\Code\Perso
nal\jogos\OCaminhoAssombradoDa
Escola\node_modules\jsdom\lib\
jsdom\living\nodes\HTMLCanvasE
lement-impl.js:42:5)
          at 
HTMLCanvasElement.getContext (
C:\Code\Personal\jogos\OCaminh
oAssombradoDaEscola\node_modul
es\jsdom\lib\jsdom\living\gene
rated\HTMLCanvasElement.js:131
:58)
          at 
getDeviceCapabilities (C:\Code
\Personal\jogos\OCaminhoAssomb
radoDaEscola\src\utils\perform
ance.ts:751:25)
          at 
Object.<anonymous> (C:\Code\Pe
rsonal\jogos\OCaminhoAssombrad
oDaEscola\src\utils\__tests__\
performance.test.ts:483:47)
          at 
Promise.finally.completed (C:\
Code\Personal\jogos\OCaminhoAs
sombradoDaEscola\node_modules\
jest-circus\build\jestAdapterI
nit.js:1557:28)
          at new Promise 
(<anonymous>)
          at 
callAsyncCircusFn (C:\Code\Per
sonal\jogos\OCaminhoAssombrado
DaEscola\node_modules\jest-cir
cus\build\jestAdapterInit.js:1
497:10)
          at _callCircusTest (
C:\Code\Personal\jogos\OCaminh
oAssombradoDaEscola\node_modul
es\jest-circus\build\jestAdapt
erInit.js:1007:40)
          at 
processTicksAndRejections (nod
e:internal/process/task_queues
:103:5)
          at _runTest (C:\Code
\Personal\jogos\OCaminhoAssomb
radoDaEscola\node_modules\jest
-circus\build\jestAdapterInit.
js:947:3)
          at C:\Code\Personal\
jogos\OCaminhoAssombradoDaEsco
la\node_modules\jest-circus\bu
ild\jestAdapterInit.js:849:7
          at 
_runTestsForDescribeBlock (C:\
Code\Personal\jogos\OCaminhoAs
sombradoDaEscola\node_modules\
jest-circus\build\jestAdapterI
nit.js:862:11)
          at 
_runTestsForDescribeBlock (C:\
Code\Personal\jogos\OCaminhoAs
sombradoDaEscola\node_modules\
jest-circus\build\jestAdapterI
nit.js:857:11)
          at run (C:\Code\Pers
onal\jogos\OCaminhoAssombradoD
aEscola\node_modules\jest-circ
us\build\jestAdapterInit.js:76
1:3)
          at runAndTransformRe
sultsToJestFormat (C:\Code\Per
sonal\jogos\OCaminhoAssombrado
DaEscola\node_modules\jest-cir
cus\build\jestAdapterInit.js:1
918:21)
          at jestAdapter (C:\C
ode\Personal\jogos\OCaminhoAss
ombradoDaEscola\node_modules\j
est-circus\build\runner.js:101
:19)
          at runTestInternal (
C:\Code\Personal\jogos\OCaminh
oAssombradoDaEscola\node_modul
es\jest-runner\build\testWorke
r.js:275:16)
          at runTest (C:\Code\
Personal\jogos\OCaminhoAssombr
adoDaEscola\node_modules\jest-
runner\build\testWorker.js:343
:7)
          at Object.worker (C:
\Code\Personal\jogos\OCaminhoA
ssombradoDaEscola\node_modules
\jest-runner\build\testWorker.
js:497:12) {
        type: 'not 
implemented'
      }

    [0m [90m 749 |[39m     
  
     [90m 750 |[39m       
webGL [33m=[39m [33m![39m
[33m![39mgl[33m;[39m
    [31m[1m>[22m[39m[90m 
751 |[39m       webGL2 
[33m=[39m [33m![39m[33m!
[39mcanvas[33m.[39mgetContex
t([32m'webgl2'[39m)[33m;[3
9m
     [90m     |[39m         
                
[31m[1m^[22m[39m
     [90m 752 |[39m       
maxTextureSize [33m=[39m gl 
[33m?[39m gl[33m.[39mgetPa
rameter(gl[33m.[39m[33mMAX_
TEXTURE_SIZE[39m) 
[33m:[39m 
[35m2048[39m[33m;[39m
     [90m 753 |[39m     } 
[36mcatch[39m (error) {
     [90m 754 |[39m       
[90m// Canvas not supported 
or other error[39m[0m

      at 
VirtualConsole.<anonymous> (no
de_modules/@jest/environment-j
sdom-abstract/build/index.js:8
7:23)
      at module.exports (node_
modules/jsdom/lib/jsdom/browse
r/not-implemented.js:12:26)
      at HTMLCanvasElementImpl
.getContext (node_modules/jsdo
m/lib/jsdom/living/nodes/HTMLC
anvasElement-impl.js:42:5)
      at 
HTMLCanvasElement.getContext (
node_modules/jsdom/lib/jsdom/l
iving/generated/HTMLCanvasElem
ent.js:131:58)
      at 
getDeviceCapabilities (src/uti
ls/performance.ts:751:25)
      at Object.<anonymous> (s
rc/utils/__tests__/performance
.test.ts:483:47)

FAIL src/game/weapons/__tests_
_/WeaponMechanics.test.ts
  ÔùÅ Test suite failed to run

    TypeError: Cannot read 
properties of undefined 
(reading 'Arcade')

    [0m [90m 57 |[39m 
[90m * Laser projectile 
class[39m
     [90m 58 |[39m [90m 
*/[39m
    [31m[1m>[22m[39m[90m 
59 |[39m [36mclass[39m 
[33mLaserProjectile[39m 
[36mextends[39m [33mPhaser
[39m[33m.[39m[33mPhysics[3
9m[33m.[39m[33mArcade[39m
[33m.[39m[33mSprite[39m {
     [90m    |[39m          
                              
      [31m[1m^[22m[39m
     [90m 60 |[39m   
constructor(scene[33m:[39m 
[33mPhaser[39m[33m.[39m[33
mScene[39m[33m,[39m 
x[33m:[39m 
number[33m,[39m 
y[33m:[39m number) {
     [90m 61 |[39m     [36m
super[39m(scene[33m,[39m 
x[33m,[39m y[33m,[39m [32
m'laser-projectile'[39m)[33m
;[39m [90m// Texture will 
be loaded separately[39m
     [90m 62 |[39m     [0m

      at Object.<anonymous> (s
rc/game/weapons/LaserGun.ts:59
:46)
      at Object.<anonymous> (s
rc/game/weapons/__tests__/Weap
onMechanics.test.ts:5:1)

PASS src/game/__tests__/Scorin
gSystem.test.ts
PASS src/__tests__/analytics.t
est.ts
  ÔùÅ Console

    console.warn
      Failed to send 
analytics to API: 
ReferenceError: fetch is not 
defined
          at 
AnalyticsService.sendToAPI (C:
\Code\Personal\jogos\OCaminhoA
ssombradoDaEscola\src\lib\anal
ytics.ts:322:7)
          at AnalyticsService.
trackProgression (C:\Code\Pers
onal\jogos\OCaminhoAssombradoD
aEscola\src\lib\analytics.ts:1
38:10)
          at 
Object.trackProgression (C:\Co
de\Personal\jogos\OCaminhoAsso
mbradoDaEscola\src\lib\analyti
cs.ts:372:38)
          at 
Object.<anonymous> (C:\Code\Pe
rsonal\jogos\OCaminhoAssombrad
oDaEscola\src\__tests__\analyt
ics.test.ts:36:24)
          at 
Promise.finally.completed (C:\
Code\Personal\jogos\OCaminhoAs
sombradoDaEscola\node_modules\
jest-circus\build\jestAdapterI
nit.js:1557:28)
          at new Promise 
(<anonymous>)
          at 
callAsyncCircusFn (C:\Code\Per
sonal\jogos\OCaminhoAssombrado
DaEscola\node_modules\jest-cir
cus\build\jestAdapterInit.js:1
497:10)
          at _callCircusTest (
C:\Code\Personal\jogos\OCaminh
oAssombradoDaEscola\node_modul
es\jest-circus\build\jestAdapt
erInit.js:1007:40)
          at 
processTicksAndRejections (nod
e:internal/process/task_queues
:103:5)
          at _runTest (C:\Code
\Personal\jogos\OCaminhoAssomb
radoDaEscola\node_modules\jest
-circus\build\jestAdapterInit.
js:947:3)
          at C:\Code\Personal\
jogos\OCaminhoAssombradoDaEsco
la\node_modules\jest-circus\bu
ild\jestAdapterInit.js:849:7
          at 
_runTestsForDescribeBlock (C:\
Code\Personal\jogos\OCaminhoAs
sombradoDaEscola\node_modules\
jest-circus\build\jestAdapterI
nit.js:862:11)
          at 
_runTestsForDescribeBlock (C:\
Code\Personal\jogos\OCaminhoAs
sombradoDaEscola\node_modules\
jest-circus\build\jestAdapterI
nit.js:857:11)
          at 
_runTestsForDescribeBlock (C:\
Code\Personal\jogos\OCaminhoAs
sombradoDaEscola\node_modules\
jest-circus\build\jestAdapterI
nit.js:857:11)
          at run (C:\Code\Pers
onal\jogos\OCaminhoAssombradoD
aEscola\node_modules\jest-circ
us\build\jestAdapterInit.js:76
1:3)
          at runAndTransformRe
sultsToJestFormat (C:\Code\Per
sonal\jogos\OCaminhoAssombrado
DaEscola\node_modules\jest-cir
cus\build\jestAdapterInit.js:1
918:21)
          at jestAdapter (C:\C
ode\Personal\jogos\OCaminhoAss
ombradoDaEscola\node_modules\j
est-circus\build\runner.js:101
:19)
          at runTestInternal (
C:\Code\Personal\jogos\OCaminh
oAssombradoDaEscola\node_modul
es\jest-runner\build\testWorke
r.js:275:16)
          at runTest (C:\Code\
Personal\jogos\OCaminhoAssombr
adoDaEscola\node_modules\jest-
runner\build\testWorker.js:343
:7)
          at Object.worker (C:
\Code\Personal\jogos\OCaminhoA
ssombradoDaEscola\node_modules
\jest-runner\build\testWorker.
js:497:12)

    [0m [90m 329 |[39m     
} [36mcatch[39m (error) {
     [90m 330 |[39m       
[90m// Silently fail - 
analytics shouldn't break the 
game[39m
    [31m[1m>[22m[39m[90m 
331 |[39m       console[33m.
[39mwarn([32m'Failed to 
send analytics to 
API:'[39m[33m,[39m 
error)[33m;[39m
     [90m     |[39m         
      [31m[1m^[22m[39m
     [90m 332 |[39m     }
     [90m 333 |[39m   }
     [90m 334 |[39m[0m

      at 
AnalyticsService.sendToAPI 
(src/lib/analytics.ts:331:15)
      at AnalyticsService.trac
kProgression 
(src/lib/analytics.ts:138:10)
      at 
Object.trackProgression 
(src/lib/analytics.ts:372:38)
      at Object.<anonymous> (s
rc/__tests__/analytics.test.ts
:36:24)

    console.warn
      Failed to send 
analytics to API: 
ReferenceError: fetch is not 
defined
          at 
AnalyticsService.sendToAPI (C:
\Code\Personal\jogos\OCaminhoA
ssombradoDaEscola\src\lib\anal
ytics.ts:322:7)
          at AnalyticsService.
trackGameCompletion (C:\Code\P
ersonal\jogos\OCaminhoAssombra
doDaEscola\src\lib\analytics.t
s:175:10)
          at 
Object.trackGameCompletion (C:
\Code\Personal\jogos\OCaminhoA
ssombradoDaEscola\src\lib\anal
ytics.ts:384:38)
          at 
Object.<anonymous> (C:\Code\Pe
rsonal\jogos\OCaminhoAssombrad
oDaEscola\src\__tests__\analyt
ics.test.ts:43:24)
          at 
Promise.finally.completed (C:\
Code\Personal\jogos\OCaminhoAs
sombradoDaEscola\node_modules\
jest-circus\build\jestAdapterI
nit.js:1557:28)
          at new Promise 
(<anonymous>)
          at 
callAsyncCircusFn (C:\Code\Per
sonal\jogos\OCaminhoAssombrado
DaEscola\node_modules\jest-cir
cus\build\jestAdapterInit.js:1
497:10)
          at _callCircusTest (
C:\Code\Personal\jogos\OCaminh
oAssombradoDaEscola\node_modul
es\jest-circus\build\jestAdapt
erInit.js:1007:40)
          at 
processTicksAndRejections (nod
e:internal/process/task_queues
:103:5)
          at _runTest (C:\Code
\Personal\jogos\OCaminhoAssomb
radoDaEscola\node_modules\jest
-circus\build\jestAdapterInit.
js:947:3)
          at C:\Code\Personal\
jogos\OCaminhoAssombradoDaEsco
la\node_modules\jest-circus\bu
ild\jestAdapterInit.js:849:7
          at 
_runTestsForDescribeBlock (C:\
Code\Personal\jogos\OCaminhoAs
sombradoDaEscola\node_modules\
jest-circus\build\jestAdapterI
nit.js:862:11)
          at 
_runTestsForDescribeBlock (C:\
Code\Personal\jogos\OCaminhoAs
sombradoDaEscola\node_modules\
jest-circus\build\jestAdapterI
nit.js:857:11)
          at 
_runTestsForDescribeBlock (C:\
Code\Personal\jogos\OCaminhoAs
sombradoDaEscola\node_modules\
jest-circus\build\jestAdapterI
nit.js:857:11)
          at run (C:\Code\Pers
onal\jogos\OCaminhoAssombradoD
aEscola\node_modules\jest-circ
us\build\jestAdapterInit.js:76
1:3)
          at runAndTransformRe
sultsToJestFormat (C:\Code\Per
sonal\jogos\OCaminhoAssombrado
DaEscola\node_modules\jest-cir
cus\build\jestAdapterInit.js:1
918:21)
          at jestAdapter (C:\C
ode\Personal\jogos\OCaminhoAss
ombradoDaEscola\node_modules\j
est-circus\build\runner.js:101
:19)
          at runTestInternal (
C:\Code\Personal\jogos\OCaminh
oAssombradoDaEscola\node_modul
es\jest-runner\build\testWorke
r.js:275:16)
          at runTest (C:\Code\
Personal\jogos\OCaminhoAssombr
adoDaEscola\node_modules\jest-
runner\build\testWorker.js:343
:7)
          at Object.worker (C:
\Code\Personal\jogos\OCaminhoA
ssombradoDaEscola\node_modules
\jest-runner\build\testWorker.
js:497:12)

    [0m [90m 329 |[39m     
} [36mcatch[39m (error) {
     [90m 330 |[39m       
[90m// Silently fail - 
analytics shouldn't break the 
game[39m
    [31m[1m>[22m[39m[90m 
331 |[39m       console[33m.
[39mwarn([32m'Failed to 
send analytics to 
API:'[39m[33m,[39m 
error)[33m;[39m
     [90m     |[39m         
      [31m[1m^[22m[39m
     [90m 332 |[39m     }
     [90m 333 |[39m   }
     [90m 334 |[39m[0m

      at 
AnalyticsService.sendToAPI 
(src/lib/analytics.ts:331:15)
      at AnalyticsService.trac
kGameCompletion 
(src/lib/analytics.ts:175:10)
      at 
Object.trackGameCompletion 
(src/lib/analytics.ts:384:38)
      at Object.<anonymous> (s
rc/__tests__/analytics.test.ts
:43:24)

    console.warn
      Failed to send 
analytics to API: 
ReferenceError: fetch is not 
defined
          at 
AnalyticsService.sendToAPI (C:
\Code\Personal\jogos\OCaminhoA
ssombradoDaEscola\src\lib\anal
ytics.ts:322:7)
          at AnalyticsService.
trackGameCompletion (C:\Code\P
ersonal\jogos\OCaminhoAssombra
doDaEscola\src\lib\analytics.t
s:175:10)
          at 
Object.trackGameCompletion (C:
\Code\Personal\jogos\OCaminhoA
ssombradoDaEscola\src\lib\anal
ytics.ts:384:38)
          at 
Object.<anonymous> (C:\Code\Pe
rsonal\jogos\OCaminhoAssombrad
oDaEscola\src\__tests__\analyt
ics.test.ts:44:24)
          at 
Promise.finally.completed (C:\
Code\Personal\jogos\OCaminhoAs
sombradoDaEscola\node_modules\
jest-circus\build\jestAdapterI
nit.js:1557:28)
          at new Promise 
(<anonymous>)
          at 
callAsyncCircusFn (C:\Code\Per
sonal\jogos\OCaminhoAssombrado
DaEscola\node_modules\jest-cir
cus\build\jestAdapterInit.js:1
497:10)
          at _callCircusTest (
C:\Code\Personal\jogos\OCaminh
oAssombradoDaEscola\node_modul
es\jest-circus\build\jestAdapt
erInit.js:1007:40)
          at 
processTicksAndRejections (nod
e:internal/process/task_queues
:103:5)
          at _runTest (C:\Code
\Personal\jogos\OCaminhoAssomb
radoDaEscola\node_modules\jest
-circus\build\jestAdapterInit.
js:947:3)
          at C:\Code\Personal\
jogos\OCaminhoAssombradoDaEsco
la\node_modules\jest-circus\bu
ild\jestAdapterInit.js:849:7
          at 
_runTestsForDescribeBlock (C:\
Code\Personal\jogos\OCaminhoAs
sombradoDaEscola\node_modules\
jest-circus\build\jestAdapterI
nit.js:862:11)
          at 
_runTestsForDescribeBlock (C:\
Code\Personal\jogos\OCaminhoAs
sombradoDaEscola\node_modules\
jest-circus\build\jestAdapterI
nit.js:857:11)
          at 
_runTestsForDescribeBlock (C:\
Code\Personal\jogos\OCaminhoAs
sombradoDaEscola\node_modules\
jest-circus\build\jestAdapterI
nit.js:857:11)
          at run (C:\Code\Pers
onal\jogos\OCaminhoAssombradoD
aEscola\node_modules\jest-circ
us\build\jestAdapterInit.js:76
1:3)
          at runAndTransformRe
sultsToJestFormat (C:\Code\Per
sonal\jogos\OCaminhoAssombrado
DaEscola\node_modules\jest-cir
cus\build\jestAdapterInit.js:1
918:21)
          at jestAdapter (C:\C
ode\Personal\jogos\OCaminhoAss
ombradoDaEscola\node_modules\j
est-circus\build\runner.js:101
:19)
          at runTestInternal (
C:\Code\Personal\jogos\OCaminh
oAssombradoDaEscola\node_modul
es\jest-runner\build\testWorke
r.js:275:16)
          at runTest (C:\Code\
Personal\jogos\OCaminhoAssombr
adoDaEscola\node_modules\jest-
runner\build\testWorker.js:343
:7)
          at Object.worker (C:
\Code\Personal\jogos\OCaminhoA
ssombradoDaEscola\node_modules
\jest-runner\build\testWorker.
js:497:12)

    [0m [90m 329 |[39m     
} [36mcatch[39m (error) {
     [90m 330 |[39m       
[90m// Silently fail - 
analytics shouldn't break the 
game[39m
    [31m[1m>[22m[39m[90m 
331 |[39m       console[33m.
[39mwarn([32m'Failed to 
send analytics to 
API:'[39m[33m,[39m 
error)[33m;[39m
     [90m     |[39m         
      [31m[1m^[22m[39m
     [90m 332 |[39m     }
     [90m 333 |[39m   }
     [90m 334 |[39m[0m

      at 
AnalyticsService.sendToAPI 
(src/lib/analytics.ts:331:15)
      at AnalyticsService.trac
kGameCompletion 
(src/lib/analytics.ts:175:10)
      at 
Object.trackGameCompletion 
(src/lib/analytics.ts:384:38)
      at Object.<anonymous> (s
rc/__tests__/analytics.test.ts
:44:24)

    console.warn
      Failed to send 
analytics to API: 
ReferenceError: fetch is not 
defined
          at 
AnalyticsService.sendToAPI (C:
\Code\Personal\jogos\OCaminhoA
ssombradoDaEscola\src\lib\anal
ytics.ts:322:7)
          at AnalyticsService.
trackWeaponUsage (C:\Code\Pers
onal\jogos\OCaminhoAssombradoD
aEscola\src\lib\analytics.ts:1
56:10)
          at 
Object.trackWeaponUsage (C:\Co
de\Personal\jogos\OCaminhoAsso
mbradoDaEscola\src\lib\analyti
cs.ts:378:38)
          at 
Object.<anonymous> (C:\Code\Pe
rsonal\jogos\OCaminhoAssombrad
oDaEscola\src\__tests__\analyt
ics.test.ts:53:24)
          at 
Promise.finally.completed (C:\
Code\Personal\jogos\OCaminhoAs
sombradoDaEscola\node_modules\
jest-circus\build\jestAdapterI
nit.js:1557:28)
          at new Promise 
(<anonymous>)
          at 
callAsyncCircusFn (C:\Code\Per
sonal\jogos\OCaminhoAssombrado
DaEscola\node_modules\jest-cir
cus\build\jestAdapterInit.js:1
497:10)
          at _callCircusTest (
C:\Code\Personal\jogos\OCaminh
oAssombradoDaEscola\node_modul
es\jest-circus\build\jestAdapt
erInit.js:1007:40)
          at 
processTicksAndRejections (nod
e:internal/process/task_queues
:103:5)
          at _runTest (C:\Code
\Personal\jogos\OCaminhoAssomb
radoDaEscola\node_modules\jest
-circus\build\jestAdapterInit.
js:947:3)
          at C:\Code\Personal\
jogos\OCaminhoAssombradoDaEsco
la\node_modules\jest-circus\bu
ild\jestAdapterInit.js:849:7
          at 
_runTestsForDescribeBlock (C:\
Code\Personal\jogos\OCaminhoAs
sombradoDaEscola\node_modules\
jest-circus\build\jestAdapterI
nit.js:862:11)
          at 
_runTestsForDescribeBlock (C:\
Code\Personal\jogos\OCaminhoAs
sombradoDaEscola\node_modules\
jest-circus\build\jestAdapterI
nit.js:857:11)
          at 
_runTestsForDescribeBlock (C:\
Code\Personal\jogos\OCaminhoAs
sombradoDaEscola\node_modules\
jest-circus\build\jestAdapterI
nit.js:857:11)
          at run (C:\Code\Pers
onal\jogos\OCaminhoAssombradoD
aEscola\node_modules\jest-circ
us\build\jestAdapterInit.js:76
1:3)
          at runAndTransformRe
sultsToJestFormat (C:\Code\Per
sonal\jogos\OCaminhoAssombrado
DaEscola\node_modules\jest-cir
cus\build\jestAdapterInit.js:1
918:21)
          at jestAdapter (C:\C
ode\Personal\jogos\OCaminhoAss
ombradoDaEscola\node_modules\j
est-circus\build\runner.js:101
:19)
          at runTestInternal (
C:\Code\Personal\jogos\OCaminh
oAssombradoDaEscola\node_modul
es\jest-runner\build\testWorke
r.js:275:16)
          at runTest (C:\Code\
Personal\jogos\OCaminhoAssombr
adoDaEscola\node_modules\jest-
runner\build\testWorker.js:343
:7)
          at Object.worker (C:
\Code\Personal\jogos\OCaminhoA
ssombradoDaEscola\node_modules
\jest-runner\build\testWorker.
js:497:12)

    [0m [90m 329 |[39m     
} [36mcatch[39m (error) {
     [90m 330 |[39m       
[90m// Silently fail - 
analytics shouldn't break the 
game[39m
    [31m[1m>[22m[39m[90m 
331 |[39m       console[33m.
[39mwarn([32m'Failed to 
send analytics to 
API:'[39m[33m,[39m 
error)[33m;[39m
     [90m     |[39m         
      [31m[1m^[22m[39m
     [90m 332 |[39m     }
     [90m 333 |[39m   }
     [90m 334 |[39m[0m

      at 
AnalyticsService.sendToAPI 
(src/lib/analytics.ts:331:15)
      at AnalyticsService.trac
kWeaponUsage 
(src/lib/analytics.ts:156:10)
      at 
Object.trackWeaponUsage 
(src/lib/analytics.ts:378:38)
      at Object.<anonymous> (s
rc/__tests__/analytics.test.ts
:53:24)

    console.warn
      Failed to send 
analytics to API: 
ReferenceError: fetch is not 
defined
          at 
AnalyticsService.sendToAPI (C:
\Code\Personal\jogos\OCaminhoA
ssombradoDaEscola\src\lib\anal
ytics.ts:322:7)
          at AnalyticsService.
trackWeaponUsage (C:\Code\Pers
onal\jogos\OCaminhoAssombradoD
aEscola\src\lib\analytics.ts:1
56:10)
          at 
Object.trackWeaponUsage (C:\Co
de\Personal\jogos\OCaminhoAsso
mbradoDaEscola\src\lib\analyti
cs.ts:378:38)
          at 
Object.<anonymous> (C:\Code\Pe
rsonal\jogos\OCaminhoAssombrad
oDaEscola\src\__tests__\analyt
ics.test.ts:54:24)
          at 
Promise.finally.completed (C:\
Code\Personal\jogos\OCaminhoAs
sombradoDaEscola\node_modules\
jest-circus\build\jestAdapterI
nit.js:1557:28)
          at new Promise 
(<anonymous>)
          at 
callAsyncCircusFn (C:\Code\Per
sonal\jogos\OCaminhoAssombrado
DaEscola\node_modules\jest-cir
cus\build\jestAdapterInit.js:1
497:10)
          at _callCircusTest (
C:\Code\Personal\jogos\OCaminh
oAssombradoDaEscola\node_modul
es\jest-circus\build\jestAdapt
erInit.js:1007:40)
          at 
processTicksAndRejections (nod
e:internal/process/task_queues
:103:5)
          at _runTest (C:\Code
\Personal\jogos\OCaminhoAssomb
radoDaEscola\node_modules\jest
-circus\build\jestAdapterInit.
js:947:3)
          at C:\Code\Personal\
jogos\OCaminhoAssombradoDaEsco
la\node_modules\jest-circus\bu
ild\jestAdapterInit.js:849:7
          at 
_runTestsForDescribeBlock (C:\
Code\Personal\jogos\OCaminhoAs
sombradoDaEscola\node_modules\
jest-circus\build\jestAdapterI
nit.js:862:11)
          at 
_runTestsForDescribeBlock (C:\
Code\Personal\jogos\OCaminhoAs
sombradoDaEscola\node_modules\
jest-circus\build\jestAdapterI
nit.js:857:11)
          at 
_runTestsForDescribeBlock (C:\
Code\Personal\jogos\OCaminhoAs
sombradoDaEscola\node_modules\
jest-circus\build\jestAdapterI
nit.js:857:11)
          at run (C:\Code\Pers
onal\jogos\OCaminhoAssombradoD
aEscola\node_modules\jest-circ
us\build\jestAdapterInit.js:76
1:3)
          at runAndTransformRe
sultsToJestFormat (C:\Code\Per
sonal\jogos\OCaminhoAssombrado
DaEscola\node_modules\jest-cir
cus\build\jestAdapterInit.js:1
918:21)
          at jestAdapter (C:\C
ode\Personal\jogos\OCaminhoAss
ombradoDaEscola\node_modules\j
est-circus\build\runner.js:101
:19)
          at runTestInternal (
C:\Code\Personal\jogos\OCaminh
oAssombradoDaEscola\node_modul
es\jest-runner\build\testWorke
r.js:275:16)
          at runTest (C:\Code\
Personal\jogos\OCaminhoAssombr
adoDaEscola\node_modules\jest-
runner\build\testWorker.js:343
:7)
          at Object.worker (C:
\Code\Personal\jogos\OCaminhoA
ssombradoDaEscola\node_modules
\jest-runner\build\testWorker.
js:497:12)

    [0m [90m 329 |[39m     
} [36mcatch[39m (error) {
     [90m 330 |[39m       
[90m// Silently fail - 
analytics shouldn't break the 
game[39m
    [31m[1m>[22m[39m[90m 
331 |[39m       console[33m.
[39mwarn([32m'Failed to 
send analytics to 
API:'[39m[33m,[39m 
error)[33m;[39m
     [90m     |[39m         
      [31m[1m^[22m[39m
     [90m 332 |[39m     }
     [90m 333 |[39m   }
     [90m 334 |[39m[0m

      at 
AnalyticsService.sendToAPI 
(src/lib/analytics.ts:331:15)
      at AnalyticsService.trac
kWeaponUsage 
(src/lib/analytics.ts:156:10)
      at 
Object.trackWeaponUsage 
(src/lib/analytics.ts:378:38)
      at Object.<anonymous> (s
rc/__tests__/analytics.test.ts
:54:24)

    console.warn
      Failed to send 
analytics to API: 
ReferenceError: fetch is not 
defined
          at 
AnalyticsService.sendToAPI (C:
\Code\Personal\jogos\OCaminhoA
ssombradoDaEscola\src\lib\anal
ytics.ts:322:7)
          at AnalyticsService.
trackWeaponUsage (C:\Code\Pers
onal\jogos\OCaminhoAssombradoD
aEscola\src\lib\analytics.ts:1
56:10)
          at 
Object.trackWeaponUsage (C:\Co
de\Personal\jogos\OCaminhoAsso
mbradoDaEscola\src\lib\analyti
cs.ts:378:38)
          at 
Object.<anonymous> (C:\Code\Pe
rsonal\jogos\OCaminhoAssombrad
oDaEscola\src\__tests__\analyt
ics.test.ts:55:24)
          at 
Promise.finally.completed (C:\
Code\Personal\jogos\OCaminhoAs
sombradoDaEscola\node_modules\
jest-circus\build\jestAdapterI
nit.js:1557:28)
          at new Promise 
(<anonymous>)
          at 
callAsyncCircusFn (C:\Code\Per
sonal\jogos\OCaminhoAssombrado
DaEscola\node_modules\jest-cir
cus\build\jestAdapterInit.js:1
497:10)
          at _callCircusTest (
C:\Code\Personal\jogos\OCaminh
oAssombradoDaEscola\node_modul
es\jest-circus\build\jestAdapt
erInit.js:1007:40)
          at 
processTicksAndRejections (nod
e:internal/process/task_queues
:103:5)
          at _runTest (C:\Code
\Personal\jogos\OCaminhoAssomb
radoDaEscola\node_modules\jest
-circus\build\jestAdapterInit.
js:947:3)
          at C:\Code\Personal\
jogos\OCaminhoAssombradoDaEsco
la\node_modules\jest-circus\bu
ild\jestAdapterInit.js:849:7
          at 
_runTestsForDescribeBlock (C:\
Code\Personal\jogos\OCaminhoAs
sombradoDaEscola\node_modules\
jest-circus\build\jestAdapterI
nit.js:862:11)
          at 
_runTestsForDescribeBlock (C:\
Code\Personal\jogos\OCaminhoAs
sombradoDaEscola\node_modules\
jest-circus\build\jestAdapterI
nit.js:857:11)
          at 
_runTestsForDescribeBlock (C:\
Code\Personal\jogos\OCaminhoAs
sombradoDaEscola\node_modules\
jest-circus\build\jestAdapterI
nit.js:857:11)
          at run (C:\Code\Pers
onal\jogos\OCaminhoAssombradoD
aEscola\node_modules\jest-circ
us\build\jestAdapterInit.js:76
1:3)
          at runAndTransformRe
sultsToJestFormat (C:\Code\Per
sonal\jogos\OCaminhoAssombrado
DaEscola\node_modules\jest-cir
cus\build\jestAdapterInit.js:1
918:21)
          at jestAdapter (C:\C
ode\Personal\jogos\OCaminhoAss
ombradoDaEscola\node_modules\j
est-circus\build\runner.js:101
:19)
          at runTestInternal (
C:\Code\Personal\jogos\OCaminh
oAssombradoDaEscola\node_modul
es\jest-runner\build\testWorke
r.js:275:16)
          at runTest (C:\Code\
Personal\jogos\OCaminhoAssombr
adoDaEscola\node_modules\jest-
runner\build\testWorker.js:343
:7)
          at Object.worker (C:
\Code\Personal\jogos\OCaminhoA
ssombradoDaEscola\node_modules
\jest-runner\build\testWorker.
js:497:12)

    [0m [90m 329 |[39m     
} [36mcatch[39m (error) {
     [90m 330 |[39m       
[90m// Silently fail - 
analytics shouldn't break the 
game[39m
    [31m[1m>[22m[39m[90m 
331 |[39m       console[33m.
[39mwarn([32m'Failed to 
send analytics to 
API:'[39m[33m,[39m 
error)[33m;[39m
     [90m     |[39m         
      [31m[1m^[22m[39m
     [90m 332 |[39m     }
     [90m 333 |[39m   }
     [90m 334 |[39m[0m

      at 
AnalyticsService.sendToAPI 
(src/lib/analytics.ts:331:15)
      at AnalyticsService.trac
kWeaponUsage 
(src/lib/analytics.ts:156:10)
      at 
Object.trackWeaponUsage 
(src/lib/analytics.ts:378:38)
      at Object.<anonymous> (s
rc/__tests__/analytics.test.ts
:55:24)

    console.warn
      Failed to send 
analytics to API: 
ReferenceError: fetch is not 
defined
          at 
AnalyticsService.sendToAPI (C:
\Code\Personal\jogos\OCaminhoA
ssombradoDaEscola\src\lib\anal
ytics.ts:322:7)
          at AnalyticsService.
trackGameCompletion (C:\Code\P
ersonal\jogos\OCaminhoAssombra
doDaEscola\src\lib\analytics.t
s:175:10)
          at 
Object.trackGameCompletion (C:
\Code\Personal\jogos\OCaminhoA
ssombradoDaEscola\src\lib\anal
ytics.ts:384:38)
          at 
Object.<anonymous> (C:\Code\Pe
rsonal\jogos\OCaminhoAssombrad
oDaEscola\src\__tests__\analyt
ics.test.ts:70:24)
          at 
Promise.finally.completed (C:\
Code\Personal\jogos\OCaminhoAs
sombradoDaEscola\node_modules\
jest-circus\build\jestAdapterI
nit.js:1557:28)
          at new Promise 
(<anonymous>)
          at 
callAsyncCircusFn (C:\Code\Per
sonal\jogos\OCaminhoAssombrado
DaEscola\node_modules\jest-cir
cus\build\jestAdapterInit.js:1
497:10)
          at _callCircusTest (
C:\Code\Personal\jogos\OCaminh
oAssombradoDaEscola\node_modul
es\jest-circus\build\jestAdapt
erInit.js:1007:40)
          at 
processTicksAndRejections (nod
e:internal/process/task_queues
:103:5)
          at _runTest (C:\Code
\Personal\jogos\OCaminhoAssomb
radoDaEscola\node_modules\jest
-circus\build\jestAdapterInit.
js:947:3)
          at C:\Code\Personal\
jogos\OCaminhoAssombradoDaEsco
la\node_modules\jest-circus\bu
ild\jestAdapterInit.js:849:7
          at 
_runTestsForDescribeBlock (C:\
Code\Personal\jogos\OCaminhoAs
sombradoDaEscola\node_modules\
jest-circus\build\jestAdapterI
nit.js:862:11)
          at 
_runTestsForDescribeBlock (C:\
Code\Personal\jogos\OCaminhoAs
sombradoDaEscola\node_modules\
jest-circus\build\jestAdapterI
nit.js:857:11)
          at 
_runTestsForDescribeBlock (C:\
Code\Personal\jogos\OCaminhoAs
sombradoDaEscola\node_modules\
jest-circus\build\jestAdapterI
nit.js:857:11)
          at run (C:\Code\Pers
onal\jogos\OCaminhoAssombradoD
aEscola\node_modules\jest-circ
us\build\jestAdapterInit.js:76
1:3)
          at runAndTransformRe
sultsToJestFormat (C:\Code\Per
sonal\jogos\OCaminhoAssombrado
DaEscola\node_modules\jest-cir
cus\build\jestAdapterInit.js:1
918:21)
          at jestAdapter (C:\C
ode\Personal\jogos\OCaminhoAss
ombradoDaEscola\node_modules\j
est-circus\build\runner.js:101
:19)
          at runTestInternal (
C:\Code\Personal\jogos\OCaminh
oAssombradoDaEscola\node_modul
es\jest-runner\build\testWorke
r.js:275:16)
          at runTest (C:\Code\
Personal\jogos\OCaminhoAssombr
adoDaEscola\node_modules\jest-
runner\build\testWorker.js:343
:7)
          at Object.worker (C:
\Code\Personal\jogos\OCaminhoA
ssombradoDaEscola\node_modules
\jest-runner\build\testWorker.
js:497:12)

    [0m [90m 329 |[39m     
} [36mcatch[39m (error) {
     [90m 330 |[39m       
[90m// Silently fail - 
analytics shouldn't break the 
game[39m
    [31m[1m>[22m[39m[90m 
331 |[39m       console[33m.
[39mwarn([32m'Failed to 
send analytics to 
API:'[39m[33m,[39m 
error)[33m;[39m
     [90m     |[39m         
      [31m[1m^[22m[39m
     [90m 332 |[39m     }
     [90m 333 |[39m   }
     [90m 334 |[39m[0m

      at 
AnalyticsService.sendToAPI 
(src/lib/analytics.ts:331:15)
      at AnalyticsService.trac
kGameCompletion 
(src/lib/analytics.ts:175:10)
      at 
Object.trackGameCompletion 
(src/lib/analytics.ts:384:38)
      at Object.<anonymous> (s
rc/__tests__/analytics.test.ts
:70:24)

    console.warn
      Failed to send 
analytics to API: 
ReferenceError: fetch is not 
defined
          at 
AnalyticsService.sendToAPI (C:
\Code\Personal\jogos\OCaminhoA
ssombradoDaEscola\src\lib\anal
ytics.ts:322:7)
          at AnalyticsService.
trackGameCompletion (C:\Code\P
ersonal\jogos\OCaminhoAssombra
doDaEscola\src\lib\analytics.t
s:175:10)
          at 
Object.trackGameCompletion (C:
\Code\Personal\jogos\OCaminhoA
ssombradoDaEscola\src\lib\anal
ytics.ts:384:38)
          at 
Object.<anonymous> (C:\Code\Pe
rsonal\jogos\OCaminhoAssombrad
oDaEscola\src\__tests__\analyt
ics.test.ts:71:24)
          at 
Promise.finally.completed (C:\
Code\Personal\jogos\OCaminhoAs
sombradoDaEscola\node_modules\
jest-circus\build\jestAdapterI
nit.js:1557:28)
          at new Promise 
(<anonymous>)
          at 
callAsyncCircusFn (C:\Code\Per
sonal\jogos\OCaminhoAssombrado
DaEscola\node_modules\jest-cir
cus\build\jestAdapterInit.js:1
497:10)
          at _callCircusTest (
C:\Code\Personal\jogos\OCaminh
oAssombradoDaEscola\node_modul
es\jest-circus\build\jestAdapt
erInit.js:1007:40)
          at 
processTicksAndRejections (nod
e:internal/process/task_queues
:103:5)
          at _runTest (C:\Code
\Personal\jogos\OCaminhoAssomb
radoDaEscola\node_modules\jest
-circus\build\jestAdapterInit.
js:947:3)
          at C:\Code\Personal\
jogos\OCaminhoAssombradoDaEsco
la\node_modules\jest-circus\bu
ild\jestAdapterInit.js:849:7
          at 
_runTestsForDescribeBlock (C:\
Code\Personal\jogos\OCaminhoAs
sombradoDaEscola\node_modules\
jest-circus\build\jestAdapterI
nit.js:862:11)
          at 
_runTestsForDescribeBlock (C:\
Code\Personal\jogos\OCaminhoAs
sombradoDaEscola\node_modules\
jest-circus\build\jestAdapterI
nit.js:857:11)
          at 
_runTestsForDescribeBlock (C:\
Code\Personal\jogos\OCaminhoAs
sombradoDaEscola\node_modules\
jest-circus\build\jestAdapterI
nit.js:857:11)
          at run (C:\Code\Pers
onal\jogos\OCaminhoAssombradoD
aEscola\node_modules\jest-circ
us\build\jestAdapterInit.js:76
1:3)
          at runAndTransformRe
sultsToJestFormat (C:\Code\Per
sonal\jogos\OCaminhoAssombrado
DaEscola\node_modules\jest-cir
cus\build\jestAdapterInit.js:1
918:21)
          at jestAdapter (C:\C
ode\Personal\jogos\OCaminhoAss
ombradoDaEscola\node_modules\j
est-circus\build\runner.js:101
:19)
          at runTestInternal (
C:\Code\Personal\jogos\OCaminh
oAssombradoDaEscola\node_modul
es\jest-runner\build\testWorke
r.js:275:16)
          at runTest (C:\Code\
Personal\jogos\OCaminhoAssombr
adoDaEscola\node_modules\jest-
runner\build\testWorker.js:343
:7)
          at Object.worker (C:
\Code\Personal\jogos\OCaminhoA
ssombradoDaEscola\node_modules
\jest-runner\build\testWorker.
js:497:12)

    [0m [90m 329 |[39m     
} [36mcatch[39m (error) {
     [90m 330 |[39m       
[90m// Silently fail - 
analytics shouldn't break the 
game[39m
    [31m[1m>[22m[39m[90m 
331 |[39m       console[33m.
[39mwarn([32m'Failed to 
send analytics to 
API:'[39m[33m,[39m 
error)[33m;[39m
     [90m     |[39m         
      [31m[1m^[22m[39m
     [90m 332 |[39m     }
     [90m 333 |[39m   }
     [90m 334 |[39m[0m

      at 
AnalyticsService.sendToAPI 
(src/lib/analytics.ts:331:15)
      at AnalyticsService.trac
kGameCompletion 
(src/lib/analytics.ts:175:10)
      at 
Object.trackGameCompletion 
(src/lib/analytics.ts:384:38)
      at Object.<anonymous> (s
rc/__tests__/analytics.test.ts
:71:24)

    console.warn
      Failed to send 
analytics to API: 
ReferenceError: fetch is not 
defined
          at 
AnalyticsService.sendToAPI (C:
\Code\Personal\jogos\OCaminhoA
ssombradoDaEscola\src\lib\anal
ytics.ts:322:7)
          at AnalyticsService.
trackGameCompletion (C:\Code\P
ersonal\jogos\OCaminhoAssombra
doDaEscola\src\lib\analytics.t
s:175:10)
          at 
Object.trackGameCompletion (C:
\Code\Personal\jogos\OCaminhoA
ssombradoDaEscola\src\lib\anal
ytics.ts:384:38)
          at 
Object.<anonymous> (C:\Code\Pe
rsonal\jogos\OCaminhoAssombrad
oDaEscola\src\__tests__\analyt
ics.test.ts:72:24)
          at 
Promise.finally.completed (C:\
Code\Personal\jogos\OCaminhoAs
sombradoDaEscola\node_modules\
jest-circus\build\jestAdapterI
nit.js:1557:28)
          at new Promise 
(<anonymous>)
          at 
callAsyncCircusFn (C:\Code\Per
sonal\jogos\OCaminhoAssombrado
DaEscola\node_modules\jest-cir
cus\build\jestAdapterInit.js:1
497:10)
          at _callCircusTest (
C:\Code\Personal\jogos\OCaminh
oAssombradoDaEscola\node_modul
es\jest-circus\build\jestAdapt
erInit.js:1007:40)
          at 
processTicksAndRejections (nod
e:internal/process/task_queues
:103:5)
          at _runTest (C:\Code
\Personal\jogos\OCaminhoAssomb
radoDaEscola\node_modules\jest
-circus\build\jestAdapterInit.
js:947:3)
          at C:\Code\Personal\
jogos\OCaminhoAssombradoDaEsco
la\node_modules\jest-circus\bu
ild\jestAdapterInit.js:849:7
          at 
_runTestsForDescribeBlock (C:\
Code\Personal\jogos\OCaminhoAs
sombradoDaEscola\node_modules\
jest-circus\build\jestAdapterI
nit.js:862:11)
          at 
_runTestsForDescribeBlock (C:\
Code\Personal\jogos\OCaminhoAs
sombradoDaEscola\node_modules\
jest-circus\build\jestAdapterI
nit.js:857:11)
          at 
_runTestsForDescribeBlock (C:\
Code\Personal\jogos\OCaminhoAs
sombradoDaEscola\node_modules\
jest-circus\build\jestAdapterI
nit.js:857:11)
          at run (C:\Code\Pers
onal\jogos\OCaminhoAssombradoD
aEscola\node_modules\jest-circ
us\build\jestAdapterInit.js:76
1:3)
          at runAndTransformRe
sultsToJestFormat (C:\Code\Per
sonal\jogos\OCaminhoAssombrado
DaEscola\node_modules\jest-cir
cus\build\jestAdapterInit.js:1
918:21)
          at jestAdapter (C:\C
ode\Personal\jogos\OCaminhoAss
ombradoDaEscola\node_modules\j
est-circus\build\runner.js:101
:19)
          at runTestInternal (
C:\Code\Personal\jogos\OCaminh
oAssombradoDaEscola\node_modul
es\jest-runner\build\testWorke
r.js:275:16)
          at runTest (C:\Code\
Personal\jogos\OCaminhoAssombr
adoDaEscola\node_modules\jest-
runner\build\testWorker.js:343
:7)
          at Object.worker (C:
\Code\Personal\jogos\OCaminhoA
ssombradoDaEscola\node_modules
\jest-runner\build\testWorker.
js:497:12)

    [0m [90m 329 |[39m     
} [36mcatch[39m (error) {
     [90m 330 |[39m       
[90m// Silently fail - 
analytics shouldn't break the 
game[39m
    [31m[1m>[22m[39m[90m 
331 |[39m       console[33m.
[39mwarn([32m'Failed to 
send analytics to 
API:'[39m[33m,[39m 
error)[33m;[39m
     [90m     |[39m         
      [31m[1m^[22m[39m
     [90m 332 |[39m     }
     [90m 333 |[39m   }
     [90m 334 |[39m[0m

      at 
AnalyticsService.sendToAPI 
(src/lib/analytics.ts:331:15)
      at AnalyticsService.trac
kGameCompletion 
(src/lib/analytics.ts:175:10)
      at 
Object.trackGameCompletion 
(src/lib/analytics.ts:384:38)
      at Object.<anonymous> (s
rc/__tests__/analytics.test.ts
:72:24)

    console.warn
      Failed to send 
analytics to API: 
ReferenceError: fetch is not 
defined
          at 
AnalyticsService.sendToAPI (C:
\Code\Personal\jogos\OCaminhoA
ssombradoDaEscola\src\lib\anal
ytics.ts:322:7)
          at AnalyticsService.
trackPerformanceMetrics (C:\Co
de\Personal\jogos\OCaminhoAsso
mbradoDaEscola\src\lib\analyti
cs.ts:193:10)
          at Object.trackPerfo
rmanceMetrics (C:\Code\Persona
l\jogos\OCaminhoAssombradoDaEs
cola\src\lib\analytics.ts:390:
38)
          at 
Object.<anonymous> (C:\Code\Pe
rsonal\jogos\OCaminhoAssombrad
oDaEscola\src\__tests__\analyt
ics.test.ts:81:24)
          at 
Promise.finally.completed (C:\
Code\Personal\jogos\OCaminhoAs
sombradoDaEscola\node_modules\
jest-circus\build\jestAdapterI
nit.js:1557:28)
          at new Promise 
(<anonymous>)
          at 
callAsyncCircusFn (C:\Code\Per
sonal\jogos\OCaminhoAssombrado
DaEscola\node_modules\jest-cir
cus\build\jestAdapterInit.js:1
497:10)
          at _callCircusTest (
C:\Code\Personal\jogos\OCaminh
oAssombradoDaEscola\node_modul
es\jest-circus\build\jestAdapt
erInit.js:1007:40)
          at 
processTicksAndRejections (nod
e:internal/process/task_queues
:103:5)
          at _runTest (C:\Code
\Personal\jogos\OCaminhoAssomb
radoDaEscola\node_modules\jest
-circus\build\jestAdapterInit.
js:947:3)
          at C:\Code\Personal\
jogos\OCaminhoAssombradoDaEsco
la\node_modules\jest-circus\bu
ild\jestAdapterInit.js:849:7
          at 
_runTestsForDescribeBlock (C:\
Code\Personal\jogos\OCaminhoAs
sombradoDaEscola\node_modules\
jest-circus\build\jestAdapterI
nit.js:862:11)
          at 
_runTestsForDescribeBlock (C:\
Code\Personal\jogos\OCaminhoAs
sombradoDaEscola\node_modules\
jest-circus\build\jestAdapterI
nit.js:857:11)
          at 
_runTestsForDescribeBlock (C:\
Code\Personal\jogos\OCaminhoAs
sombradoDaEscola\node_modules\
jest-circus\build\jestAdapterI
nit.js:857:11)
          at run (C:\Code\Pers
onal\jogos\OCaminhoAssombradoD
aEscola\node_modules\jest-circ
us\build\jestAdapterInit.js:76
1:3)
          at runAndTransformRe
sultsToJestFormat (C:\Code\Per
sonal\jogos\OCaminhoAssombrado
DaEscola\node_modules\jest-cir
cus\build\jestAdapterInit.js:1
918:21)
          at jestAdapter (C:\C
ode\Personal\jogos\OCaminhoAss
ombradoDaEscola\node_modules\j
est-circus\build\runner.js:101
:19)
          at runTestInternal (
C:\Code\Personal\jogos\OCaminh
oAssombradoDaEscola\node_modul
es\jest-runner\build\testWorke
r.js:275:16)
          at runTest (C:\Code\
Personal\jogos\OCaminhoAssombr
adoDaEscola\node_modules\jest-
runner\build\testWorker.js:343
:7)
          at Object.worker (C:
\Code\Personal\jogos\OCaminhoA
ssombradoDaEscola\node_modules
\jest-runner\build\testWorker.
js:497:12)

    [0m [90m 329 |[39m     
} [36mcatch[39m (error) {
     [90m 330 |[39m       
[90m// Silently fail - 
analytics shouldn't break the 
game[39m
    [31m[1m>[22m[39m[90m 
331 |[39m       console[33m.
[39mwarn([32m'Failed to 
send analytics to 
API:'[39m[33m,[39m 
error)[33m;[39m
     [90m     |[39m         
      [31m[1m^[22m[39m
     [90m 332 |[39m     }
     [90m 333 |[39m   }
     [90m 334 |[39m[0m

      at 
AnalyticsService.sendToAPI 
(src/lib/analytics.ts:331:15)
      at AnalyticsService.trac
kPerformanceMetrics 
(src/lib/analytics.ts:193:10)
      at Object.trackPerforman
ceMetrics 
(src/lib/analytics.ts:390:38)
      at Object.<anonymous> (s
rc/__tests__/analytics.test.ts
:81:24)

    console.warn
      Failed to send 
analytics to API: 
ReferenceError: fetch is not 
defined
          at 
AnalyticsService.sendToAPI (C:
\Code\Personal\jogos\OCaminhoA
ssombradoDaEscola\src\lib\anal
ytics.ts:322:7)
          at AnalyticsService.
trackProgression (C:\Code\Pers
onal\jogos\OCaminhoAssombradoD
aEscola\src\lib\analytics.ts:1
38:10)
          at 
Object.trackProgression (C:\Co
de\Personal\jogos\OCaminhoAsso
mbradoDaEscola\src\lib\analyti
cs.ts:372:38)
          at 
Object.<anonymous> (C:\Code\Pe
rsonal\jogos\OCaminhoAssombrad
oDaEscola\src\__tests__\analyt
ics.test.ts:101:24)
          at 
Promise.finally.completed (C:\
Code\Personal\jogos\OCaminhoAs
sombradoDaEscola\node_modules\
jest-circus\build\jestAdapterI
nit.js:1557:28)
          at new Promise 
(<anonymous>)
          at 
callAsyncCircusFn (C:\Code\Per
sonal\jogos\OCaminhoAssombrado
DaEscola\node_modules\jest-cir
cus\build\jestAdapterInit.js:1
497:10)
          at _callCircusTest (
C:\Code\Personal\jogos\OCaminh
oAssombradoDaEscola\node_modul
es\jest-circus\build\jestAdapt
erInit.js:1007:40)
          at 
processTicksAndRejections (nod
e:internal/process/task_queues
:103:5)
          at _runTest (C:\Code
\Personal\jogos\OCaminhoAssomb
radoDaEscola\node_modules\jest
-circus\build\jestAdapterInit.
js:947:3)
          at C:\Code\Personal\
jogos\OCaminhoAssombradoDaEsco
la\node_modules\jest-circus\bu
ild\jestAdapterInit.js:849:7
          at 
_runTestsForDescribeBlock (C:\
Code\Personal\jogos\OCaminhoAs
sombradoDaEscola\node_modules\
jest-circus\build\jestAdapterI
nit.js:862:11)
          at 
_runTestsForDescribeBlock (C:\
Code\Personal\jogos\OCaminhoAs
sombradoDaEscola\node_modules\
jest-circus\build\jestAdapterI
nit.js:857:11)
          at 
_runTestsForDescribeBlock (C:\
Code\Personal\jogos\OCaminhoAs
sombradoDaEscola\node_modules\
jest-circus\build\jestAdapterI
nit.js:857:11)
          at run (C:\Code\Pers
onal\jogos\OCaminhoAssombradoD
aEscola\node_modules\jest-circ
us\build\jestAdapterInit.js:76
1:3)
          at runAndTransformRe
sultsToJestFormat (C:\Code\Per
sonal\jogos\OCaminhoAssombrado
DaEscola\node_modules\jest-cir
cus\build\jestAdapterInit.js:1
918:21)
          at jestAdapter (C:\C
ode\Personal\jogos\OCaminhoAss
ombradoDaEscola\node_modules\j
est-circus\build\runner.js:101
:19)
          at runTestInternal (
C:\Code\Personal\jogos\OCaminh
oAssombradoDaEscola\node_modul
es\jest-runner\build\testWorke
r.js:275:16)
          at runTest (C:\Code\
Personal\jogos\OCaminhoAssombr
adoDaEscola\node_modules\jest-
runner\build\testWorker.js:343
:7)
          at Object.worker (C:
\Code\Personal\jogos\OCaminhoA
ssombradoDaEscola\node_modules
\jest-runner\build\testWorker.
js:497:12)

    [0m [90m 329 |[39m     
} [36mcatch[39m (error) {
     [90m 330 |[39m       
[90m// Silently fail - 
analytics shouldn't break the 
game[39m
    [31m[1m>[22m[39m[90m 
331 |[39m       console[33m.
[39mwarn([32m'Failed to 
send analytics to 
API:'[39m[33m,[39m 
error)[33m;[39m
     [90m     |[39m         
      [31m[1m^[22m[39m
     [90m 332 |[39m     }
     [90m 333 |[39m   }
     [90m 334 |[39m[0m

      at 
AnalyticsService.sendToAPI 
(src/lib/analytics.ts:331:15)
      at AnalyticsService.trac
kProgression 
(src/lib/analytics.ts:138:10)
      at 
Object.trackProgression 
(src/lib/analytics.ts:372:38)
      at Object.<anonymous> (s
rc/__tests__/analytics.test.ts
:101:24)

    console.warn
      Failed to send 
analytics to API: 
ReferenceError: fetch is not 
defined
          at 
AnalyticsService.sendToAPI (C:
\Code\Personal\jogos\OCaminhoA
ssombradoDaEscola\src\lib\anal
ytics.ts:322:7)
          at AnalyticsService.
trackWeaponUsage (C:\Code\Pers
onal\jogos\OCaminhoAssombradoD
aEscola\src\lib\analytics.ts:1
56:10)
          at 
Object.trackWeaponUsage (C:\Co
de\Personal\jogos\OCaminhoAsso
mbradoDaEscola\src\lib\analyti
cs.ts:378:38)
          at 
Object.<anonymous> (C:\Code\Pe
rsonal\jogos\OCaminhoAssombrad
oDaEscola\src\__tests__\analyt
ics.test.ts:102:24)
          at 
Promise.finally.completed (C:\
Code\Personal\jogos\OCaminhoAs
sombradoDaEscola\node_modules\
jest-circus\build\jestAdapterI
nit.js:1557:28)
          at new Promise 
(<anonymous>)
          at 
callAsyncCircusFn (C:\Code\Per
sonal\jogos\OCaminhoAssombrado
DaEscola\node_modules\jest-cir
cus\build\jestAdapterInit.js:1
497:10)
          at _callCircusTest (
C:\Code\Personal\jogos\OCaminh
oAssombradoDaEscola\node_modul
es\jest-circus\build\jestAdapt
erInit.js:1007:40)
          at 
processTicksAndRejections (nod
e:internal/process/task_queues
:103:5)
          at _runTest (C:\Code
\Personal\jogos\OCaminhoAssomb
radoDaEscola\node_modules\jest
-circus\build\jestAdapterInit.
js:947:3)
          at C:\Code\Personal\
jogos\OCaminhoAssombradoDaEsco
la\node_modules\jest-circus\bu
ild\jestAdapterInit.js:849:7
          at 
_runTestsForDescribeBlock (C:\
Code\Personal\jogos\OCaminhoAs
sombradoDaEscola\node_modules\
jest-circus\build\jestAdapterI
nit.js:862:11)
          at 
_runTestsForDescribeBlock (C:\
Code\Personal\jogos\OCaminhoAs
sombradoDaEscola\node_modules\
jest-circus\build\jestAdapterI
nit.js:857:11)
          at 
_runTestsForDescribeBlock (C:\
Code\Personal\jogos\OCaminhoAs
sombradoDaEscola\node_modules\
jest-circus\build\jestAdapterI
nit.js:857:11)
          at run (C:\Code\Pers
onal\jogos\OCaminhoAssombradoD
aEscola\node_modules\jest-circ
us\build\jestAdapterInit.js:76
1:3)
          at runAndTransformRe
sultsToJestFormat (C:\Code\Per
sonal\jogos\OCaminhoAssombrado
DaEscola\node_modules\jest-cir
cus\build\jestAdapterInit.js:1
918:21)
          at jestAdapter (C:\C
ode\Personal\jogos\OCaminhoAss
ombradoDaEscola\node_modules\j
est-circus\build\runner.js:101
:19)
          at runTestInternal (
C:\Code\Personal\jogos\OCaminh
oAssombradoDaEscola\node_modul
es\jest-runner\build\testWorke
r.js:275:16)
          at runTest (C:\Code\
Personal\jogos\OCaminhoAssombr
adoDaEscola\node_modules\jest-
runner\build\testWorker.js:343
:7)
          at Object.worker (C:
\Code\Personal\jogos\OCaminhoA
ssombradoDaEscola\node_modules
\jest-runner\build\testWorker.
js:497:12)

    [0m [90m 329 |[39m     
} [36mcatch[39m (error) {
     [90m 330 |[39m       
[90m// Silently fail - 
analytics shouldn't break the 
game[39m
    [31m[1m>[22m[39m[90m 
331 |[39m       console[33m.
[39mwarn([32m'Failed to 
send analytics to 
API:'[39m[33m,[39m 
error)[33m;[39m
     [90m     |[39m         
      [31m[1m^[22m[39m
     [90m 332 |[39m     }
     [90m 333 |[39m   }
     [90m 334 |[39m[0m

      at 
AnalyticsService.sendToAPI 
(src/lib/analytics.ts:331:15)
      at AnalyticsService.trac
kWeaponUsage 
(src/lib/analytics.ts:156:10)
      at 
Object.trackWeaponUsage 
(src/lib/analytics.ts:378:38)
      at Object.<anonymous> (s
rc/__tests__/analytics.test.ts
:102:24)

    console.warn
      Failed to send 
analytics to API: 
ReferenceError: fetch is not 
defined
          at 
AnalyticsService.sendToAPI (C:
\Code\Personal\jogos\OCaminhoA
ssombradoDaEscola\src\lib\anal
ytics.ts:322:7)
          at AnalyticsService.
trackProgression (C:\Code\Pers
onal\jogos\OCaminhoAssombradoD
aEscola\src\lib\analytics.ts:1
38:10)
          at 
Object.trackProgression (C:\Co
de\Personal\jogos\OCaminhoAsso
mbradoDaEscola\src\lib\analyti
cs.ts:372:38)
          at 
Object.<anonymous> (C:\Code\Pe
rsonal\jogos\OCaminhoAssombrad
oDaEscola\src\__tests__\analyt
ics.test.ts:110:24)
          at 
Promise.finally.completed (C:\
Code\Personal\jogos\OCaminhoAs
sombradoDaEscola\node_modules\
jest-circus\build\jestAdapterI
nit.js:1557:28)
          at new Promise 
(<anonymous>)
          at 
callAsyncCircusFn (C:\Code\Per
sonal\jogos\OCaminhoAssombrado
DaEscola\node_modules\jest-cir
cus\build\jestAdapterInit.js:1
497:10)
          at _callCircusTest (
C:\Code\Personal\jogos\OCaminh
oAssombradoDaEscola\node_modul
es\jest-circus\build\jestAdapt
erInit.js:1007:40)
          at 
processTicksAndRejections (nod
e:internal/process/task_queues
:103:5)
          at _runTest (C:\Code
\Personal\jogos\OCaminhoAssomb
radoDaEscola\node_modules\jest
-circus\build\jestAdapterInit.
js:947:3)
          at C:\Code\Personal\
jogos\OCaminhoAssombradoDaEsco
la\node_modules\jest-circus\bu
ild\jestAdapterInit.js:849:7
          at 
_runTestsForDescribeBlock (C:\
Code\Personal\jogos\OCaminhoAs
sombradoDaEscola\node_modules\
jest-circus\build\jestAdapterI
nit.js:862:11)
          at 
_runTestsForDescribeBlock (C:\
Code\Personal\jogos\OCaminhoAs
sombradoDaEscola\node_modules\
jest-circus\build\jestAdapterI
nit.js:857:11)
          at 
_runTestsForDescribeBlock (C:\
Code\Personal\jogos\OCaminhoAs
sombradoDaEscola\node_modules\
jest-circus\build\jestAdapterI
nit.js:857:11)
          at run (C:\Code\Pers
onal\jogos\OCaminhoAssombradoD
aEscola\node_modules\jest-circ
us\build\jestAdapterInit.js:76
1:3)
          at runAndTransformRe
sultsToJestFormat (C:\Code\Per
sonal\jogos\OCaminhoAssombrado
DaEscola\node_modules\jest-cir
cus\build\jestAdapterInit.js:1
918:21)
          at jestAdapter (C:\C
ode\Personal\jogos\OCaminhoAss
ombradoDaEscola\node_modules\j
est-circus\build\runner.js:101
:19)
          at runTestInternal (
C:\Code\Personal\jogos\OCaminh
oAssombradoDaEscola\node_modul
es\jest-runner\build\testWorke
r.js:275:16)
          at runTest (C:\Code\
Personal\jogos\OCaminhoAssombr
adoDaEscola\node_modules\jest-
runner\build\testWorker.js:343
:7)
          at Object.worker (C:
\Code\Personal\jogos\OCaminhoA
ssombradoDaEscola\node_modules
\jest-runner\build\testWorker.
js:497:12)

    [0m [90m 329 |[39m     
} [36mcatch[39m (error) {
     [90m 330 |[39m       
[90m// Silently fail - 
analytics shouldn't break the 
game[39m
    [31m[1m>[22m[39m[90m 
331 |[39m       console[33m.
[39mwarn([32m'Failed to 
send analytics to 
API:'[39m[33m,[39m 
error)[33m;[39m
     [90m     |[39m         
      [31m[1m^[22m[39m
     [90m 332 |[39m     }
     [90m 333 |[39m   }
     [90m 334 |[39m[0m

      at 
AnalyticsService.sendToAPI 
(src/lib/analytics.ts:331:15)
      at AnalyticsService.trac
kProgression 
(src/lib/analytics.ts:138:10)
      at 
Object.trackProgression 
(src/lib/analytics.ts:372:38)
      at Object.<anonymous> (s
rc/__tests__/analytics.test.ts
:110:24)

    console.warn
      Failed to send 
analytics to API: 
ReferenceError: fetch is not 
defined
          at 
AnalyticsService.sendToAPI (C:
\Code\Personal\jogos\OCaminhoA
ssombradoDaEscola\src\lib\anal
ytics.ts:322:7)
          at AnalyticsService.
trackWeaponUsage (C:\Code\Pers
onal\jogos\OCaminhoAssombradoD
aEscola\src\lib\analytics.ts:1
56:10)
          at 
Object.trackWeaponUsage (C:\Co
de\Personal\jogos\OCaminhoAsso
mbradoDaEscola\src\lib\analyti
cs.ts:378:38)
          at 
Object.<anonymous> (C:\Code\Pe
rsonal\jogos\OCaminhoAssombrad
oDaEscola\src\__tests__\analyt
ics.test.ts:111:24)
          at 
Promise.finally.completed (C:\
Code\Personal\jogos\OCaminhoAs
sombradoDaEscola\node_modules\
jest-circus\build\jestAdapterI
nit.js:1557:28)
          at new Promise 
(<anonymous>)
          at 
callAsyncCircusFn (C:\Code\Per
sonal\jogos\OCaminhoAssombrado
DaEscola\node_modules\jest-cir
cus\build\jestAdapterInit.js:1
497:10)
          at _callCircusTest (
C:\Code\Personal\jogos\OCaminh
oAssombradoDaEscola\node_modul
es\jest-circus\build\jestAdapt
erInit.js:1007:40)
          at 
processTicksAndRejections (nod
e:internal/process/task_queues
:103:5)
          at _runTest (C:\Code
\Personal\jogos\OCaminhoAssomb
radoDaEscola\node_modules\jest
-circus\build\jestAdapterInit.
js:947:3)
          at C:\Code\Personal\
jogos\OCaminhoAssombradoDaEsco
la\node_modules\jest-circus\bu
ild\jestAdapterInit.js:849:7
          at 
_runTestsForDescribeBlock (C:\
Code\Personal\jogos\OCaminhoAs
sombradoDaEscola\node_modules\
jest-circus\build\jestAdapterI
nit.js:862:11)
          at 
_runTestsForDescribeBlock (C:\
Code\Personal\jogos\OCaminhoAs
sombradoDaEscola\node_modules\
jest-circus\build\jestAdapterI
nit.js:857:11)
          at 
_runTestsForDescribeBlock (C:\
Code\Personal\jogos\OCaminhoAs
sombradoDaEscola\node_modules\
jest-circus\build\jestAdapterI
nit.js:857:11)
          at run (C:\Code\Pers
onal\jogos\OCaminhoAssombradoD
aEscola\node_modules\jest-circ
us\build\jestAdapterInit.js:76
1:3)
          at runAndTransformRe
sultsToJestFormat (C:\Code\Per
sonal\jogos\OCaminhoAssombrado
DaEscola\node_modules\jest-cir
cus\build\jestAdapterInit.js:1
918:21)
          at jestAdapter (C:\C
ode\Personal\jogos\OCaminhoAss
ombradoDaEscola\node_modules\j
est-circus\build\runner.js:101
:19)
          at runTestInternal (
C:\Code\Personal\jogos\OCaminh
oAssombradoDaEscola\node_modul
es\jest-runner\build\testWorke
r.js:275:16)
          at runTest (C:\Code\
Personal\jogos\OCaminhoAssombr
adoDaEscola\node_modules\jest-
runner\build\testWorker.js:343
:7)
          at Object.worker (C:
\Code\Personal\jogos\OCaminhoA
ssombradoDaEscola\node_modules
\jest-runner\build\testWorker.
js:497:12)

    [0m [90m 329 |[39m     
} [36mcatch[39m (error) {
     [90m 330 |[39m       
[90m// Silently fail - 
analytics shouldn't break the 
game[39m
    [31m[1m>[22m[39m[90m 
331 |[39m       console[33m.
[39mwarn([32m'Failed to 
send analytics to 
API:'[39m[33m,[39m 
error)[33m;[39m
     [90m     |[39m         
      [31m[1m^[22m[39m
     [90m 332 |[39m     }
     [90m 333 |[39m   }
     [90m 334 |[39m[0m

      at 
AnalyticsService.sendToAPI 
(src/lib/analytics.ts:331:15)
      at AnalyticsService.trac
kWeaponUsage 
(src/lib/analytics.ts:156:10)
      at 
Object.trackWeaponUsage 
(src/lib/analytics.ts:378:38)
      at Object.<anonymous> (s
rc/__tests__/analytics.test.ts
:111:24)

FAIL src/game/scenes/__tests__
/GameScene.keyboard.test.ts
  ÔùÅ Console

    console.log
      Setting up keyboard 
controls...

      at 
GameScene.setupControls (src/g
ame/scenes/GameScene.ts:1703:1
3)

    console.log
      Keys created: {
        left: true,
        right: true,
        a: true,
        d: true,
        w: true,
        s: true,
        space: true
      }

      at 
GameScene.setupControls (src/g
ame/scenes/GameScene.ts:1718:1
3)

    console.warn
      Keyboard input not 
available

    [0m [90m 1697 |[39m    
 [90m// Ensure keyboard 
input is available[39m
     [90m 1698 |[39m     
[36mif[39m ([33m![39m[36m
this[39m[33m.[39minput[33m
.[39mkeyboard) {
    [31m[1m>[22m[39m[90m 
1699 |[39m       console[33m
.[39mwarn([32m'Keyboard 
input not 
available'[39m)[33m;[39m
     [90m      |[39m        
       [31m[1m^[22m[39m
     [90m 1700 |[39m       
[36mreturn[39m[33m;[39m
     [90m 1701 |[39m     }
     [90m 1702 |[39m[0m

      at 
GameScene.setupControls (src/g
ame/scenes/GameScene.ts:1699:1
5)
      at src/game/scenes/__tes
ts__/GameScene.keyboard.test.t
s:169:39
      at Object.<anonymous> (n
ode_modules/expect/build/index
.js:1824:9)
      at 
Object.throwingMatcher [as 
toThrow] (node_modules/expect/
build/index.js:2235:93)
      at Object.<anonymous> (s
rc/game/scenes/__tests__/GameS
cene.keyboard.test.ts:169:60)

    console.log
      Setting up keyboard 
controls...

      at 
GameScene.setupControls (src/g
ame/scenes/GameScene.ts:1703:1
3)

    console.log
      Keys created: {
        left: true,
        right: true,
        a: true,
        d: true,
        w: true,
        s: true,
        space: true
      }

      at 
GameScene.setupControls (src/g
ame/scenes/GameScene.ts:1718:1
3)

    console.log
      Setting up keyboard 
controls...

      at 
GameScene.setupControls (src/g
ame/scenes/GameScene.ts:1703:1
3)

    console.log
      Keys created: {
        left: true,
        right: true,
        a: true,
        d: true,
        w: true,
        s: true,
        space: true
      }

      at 
GameScene.setupControls (src/g
ame/scenes/GameScene.ts:1718:1
3)

    console.log
      Setting up keyboard 
controls...

      at 
GameScene.setupControls (src/g
ame/scenes/GameScene.ts:1703:1
3)

    console.log
      Keys created: {
        left: true,
        right: true,
        a: true,
        d: true,
        w: true,
        s: true,
        space: true
      }

      at 
GameScene.setupControls (src/g
ame/scenes/GameScene.ts:1718:1
3)

    console.log
      Setting up keyboard 
controls...

      at 
GameScene.setupControls (src/g
ame/scenes/GameScene.ts:1703:1
3)

    console.log
      Keys created: {
        left: true,
        right: true,
        a: true,
        d: true,
        w: true,
        s: true,
        space: true
      }

      at 
GameScene.setupControls (src/g
ame/scenes/GameScene.ts:1718:1
3)

    console.log
      Setting up keyboard 
controls...

      at 
GameScene.setupControls (src/g
ame/scenes/GameScene.ts:1703:1
3)

    console.log
      Keys created: {
        left: true,
        right: true,
        a: true,
        d: true,
        w: true,
        s: true,
        space: true
      }

      at 
GameScene.setupControls (src/g
ame/scenes/GameScene.ts:1718:1
3)

    console.log
      Setting up keyboard 
controls...

      at 
GameScene.setupControls (src/g
ame/scenes/GameScene.ts:1703:1
3)

    console.log
      Keys created: {
        left: true,
        right: true,
        a: true,
        d: true,
        w: true,
        s: true,
        space: true
      }

      at 
GameScene.setupControls (src/g
ame/scenes/GameScene.ts:1718:1
3)

    console.log
      Setting up keyboard 
controls...

      at 
GameScene.setupControls (src/g
ame/scenes/GameScene.ts:1703:1
3)

    console.log
      Keys created: {
        left: true,
        right: true,
        a: true,
        d: true,
        w: true,
        s: true,
        space: true
      }

      at 
GameScene.setupControls (src/g
ame/scenes/GameScene.ts:1718:1
3)

    console.log
      Setting up keyboard 
controls...

      at 
GameScene.setupControls (src/g
ame/scenes/GameScene.ts:1703:1
3)

    console.log
      Keys created: {
        left: true,
        right: true,
        a: true,
        d: true,
        w: true,
        s: true,
        space: true
      }

      at 
GameScene.setupControls (src/g
ame/scenes/GameScene.ts:1718:1
3)

    console.log
      Setting up keyboard 
controls...

      at 
GameScene.setupControls (src/g
ame/scenes/GameScene.ts:1703:1
3)

    console.log
      Keys created: {
        left: true,
        right: true,
        a: true,
        d: true,
        w: true,
        s: true,
        space: true
      }

      at 
GameScene.setupControls (src/g
ame/scenes/GameScene.ts:1718:1
3)

    console.log
      Setting up keyboard 
controls...

      at 
GameScene.setupControls (src/g
ame/scenes/GameScene.ts:1703:1
3)

    console.log
      Keys created: {
        left: true,
        right: true,
        a: true,
        d: true,
        w: true,
        s: true,
        space: true
      }

      at 
GameScene.setupControls (src/g
ame/scenes/GameScene.ts:1718:1
3)

    console.log
      Setting up keyboard 
controls...

      at 
GameScene.setupControls (src/g
ame/scenes/GameScene.ts:1703:1
3)

    console.log
      Keys created: {
        left: true,
        right: true,
        a: true,
        d: true,
        w: true,
        s: true,
        space: true
      }

      at 
GameScene.setupControls (src/g
ame/scenes/GameScene.ts:1718:1
3)

    console.log
      Setting up keyboard 
controls...

      at 
GameScene.setupControls (src/g
ame/scenes/GameScene.ts:1703:1
3)

    console.log
      Keys created: {
        left: true,
        right: true,
        a: true,
        d: true,
        w: true,
        s: true,
        space: true
      }

      at 
GameScene.setupControls (src/g
ame/scenes/GameScene.ts:1718:1
3)

  ÔùÅ GameScene Keyboard 
Input ÔÇ║ setupControls ÔÇ║ 
should initialize keyboard 
controls correctly

    TypeError: 
this.input.keyboard.on is not 
a function

    [0m [90m 1727 |[39m
     [90m 1728 |[39m     
[90m// Add debug logging for 
key presses[39m
    [31m[1m>[22m[39m[90m 
1729 |[39m     [36mthis[39m
[33m.[39minput[33m.[39mkey
board[33m.[39mon([32m'keydo
wn'[39m[33m,[39m 
(event[33m:[39m 
[33mKeyboardEvent[39m) 
[33m=>[39m {
     [90m      |[39m        
                 
[31m[1m^[22m[39m
     [90m 1730 |[39m       c
onsole[33m.[39mlog([32m'Key
 pressed:'[39m[33m,[39m eve
nt[33m.[39mcode)[33m;[39m
     [90m 1731 |[39m     
})[33m;[39m
     [90m 1732 |[39m[0m

      at 
GameScene.setupControls (src/g
ame/scenes/GameScene.ts:1729:2
5)
      at Object.<anonymous> (s
rc/game/scenes/__tests__/GameS
cene.keyboard.test.ts:153:26)

  ÔùÅ GameScene Keyboard 
Input ÔÇ║ handleInput ÔÇ║ 
should handle WASD movement 
keys

    TypeError: 
this.input.keyboard.on is not 
a function

    [0m [90m 1727 |[39m
     [90m 1728 |[39m     
[90m// Add debug logging for 
key presses[39m
    [31m[1m>[22m[39m[90m 
1729 |[39m     [36mthis[39m
[33m.[39minput[33m.[39mkey
board[33m.[39mon([32m'keydo
wn'[39m[33m,[39m 
(event[33m:[39m 
[33mKeyboardEvent[39m) 
[33m=>[39m {
     [90m      |[39m        
                 
[31m[1m^[22m[39m
     [90m 1730 |[39m       c
onsole[33m.[39mlog([32m'Key
 pressed:'[39m[33m,[39m eve
nt[33m.[39mcode)[33m;[39m
     [90m 1731 |[39m     
})[33m;[39m
     [90m 1732 |[39m[0m

      at 
GameScene.setupControls (src/g
ame/scenes/GameScene.ts:1729:2
5)
      at Object.<anonymous> (s
rc/game/scenes/__tests__/GameS
cene.keyboard.test.ts:176:26)

  ÔùÅ GameScene Keyboard 
Input ÔÇ║ handleInput ÔÇ║ 
should handle arrow keys 
movement

    TypeError: 
this.input.keyboard.on is not 
a function

    [0m [90m 1727 |[39m
     [90m 1728 |[39m     
[90m// Add debug logging for 
key presses[39m
    [31m[1m>[22m[39m[90m 
1729 |[39m     [36mthis[39m
[33m.[39minput[33m.[39mkey
board[33m.[39mon([32m'keydo
wn'[39m[33m,[39m 
(event[33m:[39m 
[33mKeyboardEvent[39m) 
[33m=>[39m {
     [90m      |[39m        
                 
[31m[1m^[22m[39m
     [90m 1730 |[39m       c
onsole[33m.[39mlog([32m'Key
 pressed:'[39m[33m,[39m eve
nt[33m.[39mcode)[33m;[39m
     [90m 1731 |[39m     
})[33m;[39m
     [90m 1732 |[39m[0m

      at 
GameScene.setupControls (src/g
ame/scenes/GameScene.ts:1729:2
5)
      at Object.<anonymous> (s
rc/game/scenes/__tests__/GameS
cene.keyboard.test.ts:176:26)

  ÔùÅ GameScene Keyboard 
Input ÔÇ║ handleInput ÔÇ║ 
should handle jump with W key

    TypeError: 
this.input.keyboard.on is not 
a function

    [0m [90m 1727 |[39m
     [90m 1728 |[39m     
[90m// Add debug logging for 
key presses[39m
    [31m[1m>[22m[39m[90m 
1729 |[39m     [36mthis[39m
[33m.[39minput[33m.[39mkey
board[33m.[39mon([32m'keydo
wn'[39m[33m,[39m 
(event[33m:[39m 
[33mKeyboardEvent[39m) 
[33m=>[39m {
     [90m      |[39m        
                 
[31m[1m^[22m[39m
     [90m 1730 |[39m       c
onsole[33m.[39mlog([32m'Key
 pressed:'[39m[33m,[39m eve
nt[33m.[39mcode)[33m;[39m
     [90m 1731 |[39m     
})[33m;[39m
     [90m 1732 |[39m[0m

      at 
GameScene.setupControls (src/g
ame/scenes/GameScene.ts:1729:2
5)
      at Object.<anonymous> (s
rc/game/scenes/__tests__/GameS
cene.keyboard.test.ts:176:26)

  ÔùÅ GameScene Keyboard 
Input ÔÇ║ handleInput ÔÇ║ 
should handle jump with up 
arrow

    TypeError: 
this.input.keyboard.on is not 
a function

    [0m [90m 1727 |[39m
     [90m 1728 |[39m     
[90m// Add debug logging for 
key presses[39m
    [31m[1m>[22m[39m[90m 
1729 |[39m     [36mthis[39m
[33m.[39minput[33m.[39mkey
board[33m.[39mon([32m'keydo
wn'[39m[33m,[39m 
(event[33m:[39m 
[33mKeyboardEvent[39m) 
[33m=>[39m {
     [90m      |[39m        
                 
[31m[1m^[22m[39m
     [90m 1730 |[39m       c
onsole[33m.[39mlog([32m'Key
 pressed:'[39m[33m,[39m eve
nt[33m.[39mcode)[33m;[39m
     [90m 1731 |[39m     
})[33m;[39m
     [90m 1732 |[39m[0m

      at 
GameScene.setupControls (src/g
ame/scenes/GameScene.ts:1729:2
5)
      at Object.<anonymous> (s
rc/game/scenes/__tests__/GameS
cene.keyboard.test.ts:176:26)

  ÔùÅ GameScene Keyboard 
Input ÔÇ║ handleInput ÔÇ║ 
should handle crouch with S 
key

    TypeError: 
this.input.keyboard.on is not 
a function

    [0m [90m 1727 |[39m
     [90m 1728 |[39m     
[90m// Add debug logging for 
key presses[39m
    [31m[1m>[22m[39m[90m 
1729 |[39m     [36mthis[39m
[33m.[39minput[33m.[39mkey
board[33m.[39mon([32m'keydo
wn'[39m[33m,[39m 
(event[33m:[39m 
[33mKeyboardEvent[39m) 
[33m=>[39m {
     [90m      |[39m        
                 
[31m[1m^[22m[39m
     [90m 1730 |[39m       c
onsole[33m.[39mlog([32m'Key
 pressed:'[39m[33m,[39m eve
nt[33m.[39mcode)[33m;[39m
     [90m 1731 |[39m     
})[33m;[39m
     [90m 1732 |[39m[0m

      at 
GameScene.setupControls (src/g
ame/scenes/GameScene.ts:1729:2
5)
      at Object.<anonymous> (s
rc/game/scenes/__tests__/GameS
cene.keyboard.test.ts:176:26)

  ÔùÅ GameScene Keyboard 
Input ÔÇ║ handleInput ÔÇ║ 
should handle crouch with 
down arrow

    TypeError: 
this.input.keyboard.on is not 
a function

    [0m [90m 1727 |[39m
     [90m 1728 |[39m     
[90m// Add debug logging for 
key presses[39m
    [31m[1m>[22m[39m[90m 
1729 |[39m     [36mthis[39m
[33m.[39minput[33m.[39mkey
board[33m.[39mon([32m'keydo
wn'[39m[33m,[39m 
(event[33m:[39m 
[33mKeyboardEvent[39m) 
[33m=>[39m {
     [90m      |[39m        
                 
[31m[1m^[22m[39m
     [90m 1730 |[39m       c
onsole[33m.[39mlog([32m'Key
 pressed:'[39m[33m,[39m eve
nt[33m.[39mcode)[33m;[39m
     [90m 1731 |[39m     
})[33m;[39m
     [90m 1732 |[39m[0m

      at 
GameScene.setupControls (src/g
ame/scenes/GameScene.ts:1729:2
5)
      at Object.<anonymous> (s
rc/game/scenes/__tests__/GameS
cene.keyboard.test.ts:176:26)

  ÔùÅ GameScene Keyboard 
Input ÔÇ║ handleInput ÔÇ║ 
should handle attack with 
space key

    TypeError: 
this.input.keyboard.on is not 
a function

    [0m [90m 1727 |[39m
     [90m 1728 |[39m     
[90m// Add debug logging for 
key presses[39m
    [31m[1m>[22m[39m[90m 
1729 |[39m     [36mthis[39m
[33m.[39minput[33m.[39mkey
board[33m.[39mon([32m'keydo
wn'[39m[33m,[39m 
(event[33m:[39m 
[33mKeyboardEvent[39m) 
[33m=>[39m {
     [90m      |[39m        
                 
[31m[1m^[22m[39m
     [90m 1730 |[39m       c
onsole[33m.[39mlog([32m'Key
 pressed:'[39m[33m,[39m eve
nt[33m.[39mcode)[33m;[39m
     [90m 1731 |[39m     
})[33m;[39m
     [90m 1732 |[39m[0m

      at 
GameScene.setupControls (src/g
ame/scenes/GameScene.ts:1729:2
5)
      at Object.<anonymous> (s
rc/game/scenes/__tests__/GameS
cene.keyboard.test.ts:176:26)

  ÔùÅ GameScene Keyboard 
Input ÔÇ║ handleInput ÔÇ║ 
should combine keyboard and 
touch controls

    TypeError: 
this.input.keyboard.on is not 
a function

    [0m [90m 1727 |[39m
     [90m 1728 |[39m     
[90m// Add debug logging for 
key presses[39m
    [31m[1m>[22m[39m[90m 
1729 |[39m     [36mthis[39m
[33m.[39minput[33m.[39mkey
board[33m.[39mon([32m'keydo
wn'[39m[33m,[39m 
(event[33m:[39m 
[33mKeyboardEvent[39m) 
[33m=>[39m {
     [90m      |[39m        
                 
[31m[1m^[22m[39m
     [90m 1730 |[39m       c
onsole[33m.[39mlog([32m'Key
 pressed:'[39m[33m,[39m eve
nt[33m.[39mcode)[33m;[39m
     [90m 1731 |[39m     
})[33m;[39m
     [90m 1732 |[39m[0m

      at 
GameScene.setupControls (src/g
ame/scenes/GameScene.ts:1729:2
5)
      at Object.<anonymous> (s
rc/game/scenes/__tests__/GameS
cene.keyboard.test.ts:176:26)

  ÔùÅ GameScene Keyboard 
Input ÔÇ║ handleInput ÔÇ║ 
should stop movement when no 
movement keys are pressed

    TypeError: 
this.input.keyboard.on is not 
a function

    [0m [90m 1727 |[39m
     [90m 1728 |[39m     
[90m// Add debug logging for 
key presses[39m
    [31m[1m>[22m[39m[90m 
1729 |[39m     [36mthis[39m
[33m.[39minput[33m.[39mkey
board[33m.[39mon([32m'keydo
wn'[39m[33m,[39m 
(event[33m:[39m 
[33mKeyboardEvent[39m) 
[33m=>[39m {
     [90m      |[39m        
                 
[31m[1m^[22m[39m
     [90m 1730 |[39m       c
onsole[33m.[39mlog([32m'Key
 pressed:'[39m[33m,[39m eve
nt[33m.[39mcode)[33m;[39m
     [90m 1731 |[39m     
})[33m;[39m
     [90m 1732 |[39m[0m

      at 
GameScene.setupControls (src/g
ame/scenes/GameScene.ts:1729:2
5)
      at Object.<anonymous> (s
rc/game/scenes/__tests__/GameS
cene.keyboard.test.ts:176:26)

  ÔùÅ GameScene Keyboard 
Input ÔÇ║ handleInput ÔÇ║ 
should stop crouching when 
crouch keys are released

    TypeError: 
this.input.keyboard.on is not 
a function

    [0m [90m 1727 |[39m
     [90m 1728 |[39m     
[90m// Add debug logging for 
key presses[39m
    [31m[1m>[22m[39m[90m 
1729 |[39m     [36mthis[39m
[33m.[39minput[33m.[39mkey
board[33m.[39mon([32m'keydo
wn'[39m[33m,[39m 
(event[33m:[39m 
[33mKeyboardEvent[39m) 
[33m=>[39m {
     [90m      |[39m        
                 
[31m[1m^[22m[39m
     [90m 1730 |[39m       c
onsole[33m.[39mlog([32m'Key
 pressed:'[39m[33m,[39m eve
nt[33m.[39mcode)[33m;[39m
     [90m 1731 |[39m     
})[33m;[39m
     [90m 1732 |[39m[0m

      at 
GameScene.setupControls (src/g
ame/scenes/GameScene.ts:1729:2
5)
      at Object.<anonymous> (s
rc/game/scenes/__tests__/GameS
cene.keyboard.test.ts:176:26)

  ÔùÅ GameScene Keyboard 
Input ÔÇ║ pause functionality 
ÔÇ║ should handle pause with 
ESC key

    TypeError: 
this.input.keyboard.on is not 
a function

    [0m [90m 1727 |[39m
     [90m 1728 |[39m     
[90m// Add debug logging for 
key presses[39m
    [31m[1m>[22m[39m[90m 
1729 |[39m     [36mthis[39m
[33m.[39minput[33m.[39mkey
board[33m.[39mon([32m'keydo
wn'[39m[33m,[39m 
(event[33m:[39m 
[33mKeyboardEvent[39m) 
[33m=>[39m {
     [90m      |[39m        
                 
[31m[1m^[22m[39m
     [90m 1730 |[39m       c
onsole[33m.[39mlog([32m'Key
 pressed:'[39m[33m,[39m eve
nt[33m.[39mcode)[33m;[39m
     [90m 1731 |[39m     
})[33m;[39m
     [90m 1732 |[39m[0m

      at 
GameScene.setupControls (src/g
ame/scenes/GameScene.ts:1729:2
5)
      at Object.<anonymous> (s
rc/game/scenes/__tests__/GameS
cene.keyboard.test.ts:339:26)

  ÔùÅ GameScene Keyboard 
Input ÔÇ║ pause functionality 
ÔÇ║ should skip input 
processing when game is paused

    TypeError: 
this.input.keyboard.on is not 
a function

    [0m [90m 1727 |[39m
     [90m 1728 |[39m     
[90m// Add debug logging for 
key presses[39m
    [31m[1m>[22m[39m[90m 
1729 |[39m     [36mthis[39m
[33m.[39minput[33m.[39mkey
board[33m.[39mon([32m'keydo
wn'[39m[33m,[39m 
(event[33m:[39m 
[33mKeyboardEvent[39m) 
[33m=>[39m {
     [90m      |[39m        
                 
[31m[1m^[22m[39m
     [90m 1730 |[39m       c
onsole[33m.[39mlog([32m'Key
 pressed:'[39m[33m,[39m eve
nt[33m.[39mcode)[33m;[39m
     [90m 1731 |[39m     
})[33m;[39m
     [90m 1732 |[39m[0m

      at 
GameScene.setupControls (src/g
ame/scenes/GameScene.ts:1729:2
5)
      at Object.<anonymous> (s
rc/game/scenes/__tests__/GameS
cene.keyboard.test.ts:339:26)

PASS src/game/weapons/__tests_
_/WeaponSounds.test.ts
FAIL src/components/game/__tes
ts__/TouchControls.test.tsx
  ÔùÅ TouchControls ÔÇ║ 
should render on mobile 
devices

    
TestingLibraryElementError: 
Unable to find a label with 
the text of: Move Left

    Ignored nodes: comments, 
script, style
    [36m<body>[39m
      [36m<div>[39m
        [36m<div[39m
          
[33mclass[39m=[32m"fixed 
inset-0 pointer-events-none 
z-20 "[39m
        [36m>[39m
          [36m<div[39m
            [33mclass[39m=[
32m"absolute left-[8px] 
bottom-[32px] flex flex-col 
space-x-4 space-y-4 
pointer-events-auto"[39m
            [33mdata-touch-co
ntrol[39m=[32m"movement"[39
m
          [36m>[39m
            [36m<div[39m
              
[33mclass[39m=[32m"flex 
space-x-4 space-y-4"[39m
            [36m>[39m
              
[36m<button[39m
                [33maria-labe
l[39m=[32m"Mover para a 
esquerda"[39m
                
[33mclass[39m=[32m"w-20 
h-20 bg-black/50 
backdrop-blur-sm border-2 
border-white/30 rounded-xl 
flex items-center 
justify-center text-white 
text-2xl font-bold 
hover:bg-black/70 
active:bg-black/80 
transition-all duration-150 
select-none scale-100 
opacity-90 shadow-lg "[39m
                [33mdata-touc
h-control[39m=[32m"true"[39
m
                [33mtabindex
[39m=[32m"0"[39m
              [36m>[39m
                [0mÔåÉ[0m
              
[36m</button>[39m
              
[36m<button[39m
                [33maria-labe
l[39m=[32m"Mover para a 
direita"[39m
                
[33mclass[39m=[32m"w-20 
h-20 bg-black/50 
backdrop-blur-sm border-2 
border-white/30 rounded-xl 
flex items-center 
justify-center text-white 
text-2xl font-bold 
hover:bg-black/70 
active:bg-black/80 
transition-all duration-150 
select-none scale-100 
opacity-90 shadow-lg "[39m
                [33mdata-touc
h-control[39m=[32m"true"[39
m
                [33mtabindex
[39m=[32m"0"[39m
              [36m>[39m
                [0mÔåÆ[0m
              
[36m</button>[39m
            [36m</div>[39m
          [36m</div>[39m
          [36m<div[39m
            [33mclass[39m=[
32m"absolute right-[8px] 
bottom-[32px] flex flex-col 
space-x-4 space-y-4 
pointer-events-auto"[39m
            [33mdata-touch-co
ntrol[39m=[32m"actions"[39m
          [36m>[39m
            [36m<div[39m
              
[33mclass[39m=[32m"flex 
justify-center"[39m
            [36m>[39m
              
[36m<button[39m
                [33maria-labe
l[39m=[32m"Saltar"[39m
                
[33mclass[39m=[32m"w-20 
h-20 bg-black/50 
backdrop-blur-sm border-2 
border-white/30 rounded-xl 
flex items-center 
justify-center text-white 
text-base font-bold 
hover:bg-black/70 
active:bg-black/80 
transition-all duration-150 
select-none scale-100 
opacity-90 shadow-lg "[39m
                [33mdata-touc
h-control[39m=[32m"true"[39
m
                [33mtabindex
[39m=[32m"0"[39m
              [36m>[39m
                [0mÔåæ[0m
                [36m<br 
/>[39m
                [0mSALTAR[0m
              
[36m</button>[39m
            [36m</div>[39m
            [36m<div[39m
              
[33mclass[39m=[32m"flex 
space-x-4 space-y-4"[39m
            [36m>[39m
              
[36m<button[39m
                [33maria-labe
l[39m=[32m"Agachar"[39m
                
[33mclass[39m=[32m"w-20 
h-20 bg-black/50 
backdrop-blur-sm border-2 
border-white/30 rounded-xl 
flex items-center 
justify-center text-white 
text-base font-bold 
hover:bg-black/70 
active:bg-black/80 
transition-all duration-150 
select-none scale-100 
opacity-90 shadow-lg "[39m
                [33mdata-touc
h-control[39m=[32m"true"[39
m
                [33mtabindex
[39m=[32m"0"[39m
              [36m>[39m
                [0mÔåô[0m
                [36m<br 
/>[39m
                
[0mAGACHAR[0m
              
[36m</button>[39m
              
[36m<button[39m
                [33maria-labe
l[39m=[32m"Atacar"[39m
                
[33mclass[39m=[32m"w-20 
h-20 bg-red-600/70 
backdrop-blur-sm border-2 
border-red-400/50 rounded-xl 
flex items-center 
justify-center text-white 
text-base font-bold 
hover:bg-red-600/90 
active:bg-red-700/90 
transition-all duration-150 
select-none scale-100 
opacity-90 shadow-lg "[39m
                [33mdata-touc
h-control[39m=[32m"true"[39
m
                [33mtabindex
[39m=[32m"0"[39m
              [36m>[39m
                [0mÔÜö[0m
                [36m<br 
/>[39m
                [0mATACAR[0m
              
[36m</button>[39m
            [36m</div>[39m
          [36m</div>[39m
          [36m<div[39m
            [33mclass[39m=[
32m"absolute top-4 left-1/2 
transform -translate-x-1/2 
pointer-events-none"[39m
          [36m>[39m
            [36m<div[39m
              [33mclass[39m=
[32m"bg-black/60 
backdrop-blur-sm rounded-lg 
px-3 py-2 text-white text-xs 
text-center 
animate-fade-in-out"[39m
            [36m>[39m
              [36m<p>[39m
                [0mSwipe 
gestures: ÔåÉ ÔåÆ Ôåæ Ôåô[0m
              [36m</p>[39m
              [36m<p[39m
                [33mclass[39
m=[32m"text-gray-300"[39m
              [36m>[39m
                [0mOr use 
touch controls[0m
              [36m</p>[39m
            [36m</div>[39m
          [36m</div>[39m
        [36m</div>[39m
      [36m</div>[39m
    [36m</body>[39m

    [0m [90m 59 |[39m     r
ender([33m<[39m[33mTouchCon
trols[39m 
{[33m...[39mmockHandlers} [
33m/[39m[33m>[39m)[33m;[3
9m
     [90m 60 |[39m     
    [31m[1m>[22m[39m[90m 
61 |[39m     expect(screen[3
3m.[39mgetByLabelText([32m'M
ove Left'[39m))[33m.[39mtoB
eInTheDocument()[33m;[39m
     [90m    |[39m          
         [31m[1m^[22m[39m
     [90m 62 |[39m     expec
t(screen[33m.[39mgetByLabelT
ext([32m'Move Right'[39m))[
33m.[39mtoBeInTheDocument()[
33m;[39m
     [90m 63 |[39m     expec
t(screen[33m.[39mgetByLabelT
ext([32m'Jump'[39m))[33m.[
39mtoBeInTheDocument()[33m;[
39m
     [90m 64 |[39m     expec
t(screen[33m.[39mgetByLabelT
ext([32m'Crouch'[39m))[33m.
[39mtoBeInTheDocument()[33m;
[39m[0m

      at 
Object.getElementError (node_m
odules/@testing-library/dom/di
st/config.js:37:19)
      at getAllByLabelText (no
de_modules/@testing-library/do
m/dist/queries/label-text.js:1
11:38)
      at node_modules/@testing
-library/dom/dist/query-helper
s.js:52:17
      at node_modules/@testing
-library/dom/dist/query-helper
s.js:95:19
      at Object.<anonymous> (s
rc/components/game/__tests__/T
ouchControls.test.tsx:61:19)

  ÔùÅ TouchControls ÔÇ║ 
should handle touch events 
correctly

    
TestingLibraryElementError: 
Unable to find a label with 
the text of: Move Left

    Ignored nodes: comments, 
script, style
    [36m<body>[39m
      [36m<div>[39m
        [36m<div[39m
          
[33mclass[39m=[32m"fixed 
inset-0 pointer-events-none 
z-20 "[39m
        [36m>[39m
          [36m<div[39m
            [33mclass[39m=[
32m"absolute left-[8px] 
bottom-[32px] flex flex-col 
space-x-4 space-y-4 
pointer-events-auto"[39m
            [33mdata-touch-co
ntrol[39m=[32m"movement"[39
m
          [36m>[39m
            [36m<div[39m
              
[33mclass[39m=[32m"flex 
space-x-4 space-y-4"[39m
            [36m>[39m
              
[36m<button[39m
                [33maria-labe
l[39m=[32m"Mover para a 
esquerda"[39m
                
[33mclass[39m=[32m"w-20 
h-20 bg-black/50 
backdrop-blur-sm border-2 
border-white/30 rounded-xl 
flex items-center 
justify-center text-white 
text-2xl font-bold 
hover:bg-black/70 
active:bg-black/80 
transition-all duration-150 
select-none scale-100 
opacity-90 shadow-lg "[39m
                [33mdata-touc
h-control[39m=[32m"true"[39
m
                [33mtabindex
[39m=[32m"0"[39m
              [36m>[39m
                [0mÔåÉ[0m
              
[36m</button>[39m
              
[36m<button[39m
                [33maria-labe
l[39m=[32m"Mover para a 
direita"[39m
                
[33mclass[39m=[32m"w-20 
h-20 bg-black/50 
backdrop-blur-sm border-2 
border-white/30 rounded-xl 
flex items-center 
justify-center text-white 
text-2xl font-bold 
hover:bg-black/70 
active:bg-black/80 
transition-all duration-150 
select-none scale-100 
opacity-90 shadow-lg "[39m
                [33mdata-touc
h-control[39m=[32m"true"[39
m
                [33mtabindex
[39m=[32m"0"[39m
              [36m>[39m
                [0mÔåÆ[0m
              
[36m</button>[39m
            [36m</div>[39m
          [36m</div>[39m
          [36m<div[39m
            [33mclass[39m=[
32m"absolute right-[8px] 
bottom-[32px] flex flex-col 
space-x-4 space-y-4 
pointer-events-auto"[39m
            [33mdata-touch-co
ntrol[39m=[32m"actions"[39m
          [36m>[39m
            [36m<div[39m
              
[33mclass[39m=[32m"flex 
justify-center"[39m
            [36m>[39m
              
[36m<button[39m
                [33maria-labe
l[39m=[32m"Saltar"[39m
                
[33mclass[39m=[32m"w-20 
h-20 bg-black/50 
backdrop-blur-sm border-2 
border-white/30 rounded-xl 
flex items-center 
justify-center text-white 
text-base font-bold 
hover:bg-black/70 
active:bg-black/80 
transition-all duration-150 
select-none scale-100 
opacity-90 shadow-lg "[39m
                [33mdata-touc
h-control[39m=[32m"true"[39
m
                [33mtabindex
[39m=[32m"0"[39m
              [36m>[39m
                [0mÔåæ[0m
                [36m<br 
/>[39m
                [0mSALTAR[0m
              
[36m</button>[39m
            [36m</div>[39m
            [36m<div[39m
              
[33mclass[39m=[32m"flex 
space-x-4 space-y-4"[39m
            [36m>[39m
              
[36m<button[39m
                [33maria-labe
l[39m=[32m"Agachar"[39m
                
[33mclass[39m=[32m"w-20 
h-20 bg-black/50 
backdrop-blur-sm border-2 
border-white/30 rounded-xl 
flex items-center 
justify-center text-white 
text-base font-bold 
hover:bg-black/70 
active:bg-black/80 
transition-all duration-150 
select-none scale-100 
opacity-90 shadow-lg "[39m
                [33mdata-touc
h-control[39m=[32m"true"[39
m
                [33mtabindex
[39m=[32m"0"[39m
              [36m>[39m
                [0mÔåô[0m
                [36m<br 
/>[39m
                
[0mAGACHAR[0m
              
[36m</button>[39m
              
[36m<button[39m
                [33maria-labe
l[39m=[32m"Atacar"[39m
                
[33mclass[39m=[32m"w-20 
h-20 bg-red-600/70 
backdrop-blur-sm border-2 
border-red-400/50 rounded-xl 
flex items-center 
justify-center text-white 
text-base font-bold 
hover:bg-red-600/90 
active:bg-red-700/90 
transition-all duration-150 
select-none scale-100 
opacity-90 shadow-lg "[39m
                [33mdata-touc
h-control[39m=[32m"true"[39
m
                [33mtabindex
[39m=[32m"0"[39m
              [36m>[39m
                [0mÔÜö[0m
                [36m<br 
/>[39m
                [0mATACAR[0m
              
[36m</button>[39m
            [36m</div>[39m
          [36m</div>[39m
          [36m<div[39m
            [33mclass[39m=[
32m"absolute top-4 left-1/2 
transform -translate-x-1/2 
pointer-events-none"[39m
          [36m>[39m
            [36m<div[39m
              [33mclass[39m=
[32m"bg-black/60 
backdrop-blur-sm rounded-lg 
px-3 py-2 text-white text-xs 
text-center 
animate-fade-in-out"[39m
            [36m>[39m
              [36m<p>[39m
                [0mSwipe 
gestures: ÔåÉ ÔåÆ Ôåæ Ôåô[0m
              [36m</p>[39m
              [36m<p[39m
                [33mclass[39
m=[32m"text-gray-300"[39m
              [36m>[39m
                [0mOr use 
touch controls[0m
              [36m</p>[39m
            [36m</div>[39m
          [36m</div>[39m
        [36m</div>[39m
      [36m</div>[39m
    [36m</body>[39m

    [0m [90m 71 |[39m     r
ender([33m<[39m[33mTouchCon
trols[39m 
{[33m...[39mmockHandlers} [
33m/[39m[33m>[39m)[33m;[3
9m
     [90m 72 |[39m     
    [31m[1m>[22m[39m[90m 
73 |[39m     [36mconst[39m 
moveLeftButton [33m=[39m scr
een[33m.[39mgetByLabelText(
[32m'Move 
Left'[39m)[33m;[39m
     [90m    |[39m          
                         
[31m[1m^[22m[39m
     [90m 74 |[39m     
     [90m 75 |[39m     
[90m// Test touch start[39m
     [90m 76 |[39m     fireE
vent[33m.[39mtouchStart(move
LeftButton)[33m;[39m[0m

      at 
Object.getElementError (node_m
odules/@testing-library/dom/di
st/config.js:37:19)
      at getAllByLabelText (no
de_modules/@testing-library/do
m/dist/queries/label-text.js:1
11:38)
      at node_modules/@testing
-library/dom/dist/query-helper
s.js:52:17
      at node_modules/@testing
-library/dom/dist/query-helper
s.js:95:19
      at Object.<anonymous> (s
rc/components/game/__tests__/T
ouchControls.test.tsx:73:35)

  ÔùÅ TouchControls ÔÇ║ 
should handle mouse events 
for testing

    
TestingLibraryElementError: 
Unable to find a label with 
the text of: Jump

    Ignored nodes: comments, 
script, style
    [36m<body>[39m
      [36m<div>[39m
        [36m<div[39m
          
[33mclass[39m=[32m"fixed 
inset-0 pointer-events-none 
z-20 "[39m
        [36m>[39m
          [36m<div[39m
            [33mclass[39m=[
32m"absolute left-[8px] 
bottom-[32px] flex flex-col 
space-x-4 space-y-4 
pointer-events-auto"[39m
            [33mdata-touch-co
ntrol[39m=[32m"movement"[39
m
          [36m>[39m
            [36m<div[39m
              
[33mclass[39m=[32m"flex 
space-x-4 space-y-4"[39m
            [36m>[39m
              
[36m<button[39m
                [33maria-labe
l[39m=[32m"Mover para a 
esquerda"[39m
                
[33mclass[39m=[32m"w-20 
h-20 bg-black/50 
backdrop-blur-sm border-2 
border-white/30 rounded-xl 
flex items-center 
justify-center text-white 
text-2xl font-bold 
hover:bg-black/70 
active:bg-black/80 
transition-all duration-150 
select-none scale-100 
opacity-90 shadow-lg "[39m
                [33mdata-touc
h-control[39m=[32m"true"[39
m
                [33mtabindex
[39m=[32m"0"[39m
              [36m>[39m
                [0mÔåÉ[0m
              
[36m</button>[39m
              
[36m<button[39m
                [33maria-labe
l[39m=[32m"Mover para a 
direita"[39m
                
[33mclass[39m=[32m"w-20 
h-20 bg-black/50 
backdrop-blur-sm border-2 
border-white/30 rounded-xl 
flex items-center 
justify-center text-white 
text-2xl font-bold 
hover:bg-black/70 
active:bg-black/80 
transition-all duration-150 
select-none scale-100 
opacity-90 shadow-lg "[39m
                [33mdata-touc
h-control[39m=[32m"true"[39
m
                [33mtabindex
[39m=[32m"0"[39m
              [36m>[39m
                [0mÔåÆ[0m
              
[36m</button>[39m
            [36m</div>[39m
          [36m</div>[39m
          [36m<div[39m
            [33mclass[39m=[
32m"absolute right-[8px] 
bottom-[32px] flex flex-col 
space-x-4 space-y-4 
pointer-events-auto"[39m
            [33mdata-touch-co
ntrol[39m=[32m"actions"[39m
          [36m>[39m
            [36m<div[39m
              
[33mclass[39m=[32m"flex 
justify-center"[39m
            [36m>[39m
              
[36m<button[39m
                [33maria-labe
l[39m=[32m"Saltar"[39m
                
[33mclass[39m=[32m"w-20 
h-20 bg-black/50 
backdrop-blur-sm border-2 
border-white/30 rounded-xl 
flex items-center 
justify-center text-white 
text-base font-bold 
hover:bg-black/70 
active:bg-black/80 
transition-all duration-150 
select-none scale-100 
opacity-90 shadow-lg "[39m
                [33mdata-touc
h-control[39m=[32m"true"[39
m
                [33mtabindex
[39m=[32m"0"[39m
              [36m>[39m
                [0mÔåæ[0m
                [36m<br 
/>[39m
                [0mSALTAR[0m
              
[36m</button>[39m
            [36m</div>[39m
            [36m<div[39m
              
[33mclass[39m=[32m"flex 
space-x-4 space-y-4"[39m
            [36m>[39m
              
[36m<button[39m
                [33maria-labe
l[39m=[32m"Agachar"[39m
                
[33mclass[39m=[32m"w-20 
h-20 bg-black/50 
backdrop-blur-sm border-2 
border-white/30 rounded-xl 
flex items-center 
justify-center text-white 
text-base font-bold 
hover:bg-black/70 
active:bg-black/80 
transition-all duration-150 
select-none scale-100 
opacity-90 shadow-lg "[39m
                [33mdata-touc
h-control[39m=[32m"true"[39
m
                [33mtabindex
[39m=[32m"0"[39m
              [36m>[39m
                [0mÔåô[0m
                [36m<br 
/>[39m
                
[0mAGACHAR[0m
              
[36m</button>[39m
              
[36m<button[39m
                [33maria-labe
l[39m=[32m"Atacar"[39m
                
[33mclass[39m=[32m"w-20 
h-20 bg-red-600/70 
backdrop-blur-sm border-2 
border-red-400/50 rounded-xl 
flex items-center 
justify-center text-white 
text-base font-bold 
hover:bg-red-600/90 
active:bg-red-700/90 
transition-all duration-150 
select-none scale-100 
opacity-90 shadow-lg "[39m
                [33mdata-touc
h-control[39m=[32m"true"[39
m
                [33mtabindex
[39m=[32m"0"[39m
              [36m>[39m
                [0mÔÜö[0m
                [36m<br 
/>[39m
                [0mATACAR[0m
              
[36m</button>[39m
            [36m</div>[39m
          [36m</div>[39m
          [36m<div[39m
            [33mclass[39m=[
32m"absolute top-4 left-1/2 
transform -translate-x-1/2 
pointer-events-none"[39m
          [36m>[39m
            [36m<div[39m
              [33mclass[39m=
[32m"bg-black/60 
backdrop-blur-sm rounded-lg 
px-3 py-2 text-white text-xs 
text-center 
animate-fade-in-out"[39m
            [36m>[39m
              [36m<p>[39m
                [0mSwipe 
gestures: ÔåÉ ÔåÆ Ôåæ Ôåô[0m
              [36m</p>[39m
              [36m<p[39m
                [33mclass[39
m=[32m"text-gray-300"[39m
              [36m>[39m
                [0mOr use 
touch controls[0m
              [36m</p>[39m
            [36m</div>[39m
          [36m</div>[39m
        [36m</div>[39m
      [36m</div>[39m
    [36m</body>[39m

    [0m [90m 87 |[39m     r
ender([33m<[39m[33mTouchCon
trols[39m 
{[33m...[39mmockHandlers} [
33m/[39m[33m>[39m)[33m;[3
9m
     [90m 88 |[39m     
    [31m[1m>[22m[39m[90m 
89 |[39m     [36mconst[39m 
jumpButton [33m=[39m screen
[33m.[39mgetByLabelText([32m
'Jump'[39m)[33m;[39m
     [90m    |[39m          
                     
[31m[1m^[22m[39m
     [90m 90 |[39m     
     [90m 91 |[39m     
[90m// Test mouse down[39m
     [90m 92 |[39m     fireE
vent[33m.[39mmouseDown(jumpB
utton)[33m;[39m[0m

      at 
Object.getElementError (node_m
odules/@testing-library/dom/di
st/config.js:37:19)
      at getAllByLabelText (no
de_modules/@testing-library/do
m/dist/queries/label-text.js:1
11:38)
      at node_modules/@testing
-library/dom/dist/query-helper
s.js:52:17
      at node_modules/@testing
-library/dom/dist/query-helper
s.js:95:19
      at Object.<anonymous> (s
rc/components/game/__tests__/T
ouchControls.test.tsx:89:31)

  ÔùÅ TouchControls ÔÇ║ 
should handle all control 
buttons

    
TestingLibraryElementError: 
Unable to find a label with 
the text of: Move Left

    Ignored nodes: comments, 
script, style
    [36m<body>[39m
      [36m<div>[39m
        [36m<div[39m
          
[33mclass[39m=[32m"fixed 
inset-0 pointer-events-none 
z-20 "[39m
        [36m>[39m
          [36m<div[39m
            [33mclass[39m=[
32m"absolute left-[8px] 
bottom-[32px] flex flex-col 
space-x-4 space-y-4 
pointer-events-auto"[39m
            [33mdata-touch-co
ntrol[39m=[32m"movement"[39
m
          [36m>[39m
            [36m<div[39m
              
[33mclass[39m=[32m"flex 
space-x-4 space-y-4"[39m
            [36m>[39m
              
[36m<button[39m
                [33maria-labe
l[39m=[32m"Mover para a 
esquerda"[39m
                
[33mclass[39m=[32m"w-20 
h-20 bg-black/50 
backdrop-blur-sm border-2 
border-white/30 rounded-xl 
flex items-center 
justify-center text-white 
text-2xl font-bold 
hover:bg-black/70 
active:bg-black/80 
transition-all duration-150 
select-none scale-100 
opacity-90 shadow-lg "[39m
                [33mdata-touc
h-control[39m=[32m"true"[39
m
                [33mtabindex
[39m=[32m"0"[39m
              [36m>[39m
                [0mÔåÉ[0m
              
[36m</button>[39m
              
[36m<button[39m
                [33maria-labe
l[39m=[32m"Mover para a 
direita"[39m
                
[33mclass[39m=[32m"w-20 
h-20 bg-black/50 
backdrop-blur-sm border-2 
border-white/30 rounded-xl 
flex items-center 
justify-center text-white 
text-2xl font-bold 
hover:bg-black/70 
active:bg-black/80 
transition-all duration-150 
select-none scale-100 
opacity-90 shadow-lg "[39m
                [33mdata-touc
h-control[39m=[32m"true"[39
m
                [33mtabindex
[39m=[32m"0"[39m
              [36m>[39m
                [0mÔåÆ[0m
              
[36m</button>[39m
            [36m</div>[39m
          [36m</div>[39m
          [36m<div[39m
            [33mclass[39m=[
32m"absolute right-[8px] 
bottom-[32px] flex flex-col 
space-x-4 space-y-4 
pointer-events-auto"[39m
            [33mdata-touch-co
ntrol[39m=[32m"actions"[39m
          [36m>[39m
            [36m<div[39m
              
[33mclass[39m=[32m"flex 
justify-center"[39m
            [36m>[39m
              
[36m<button[39m
                [33maria-labe
l[39m=[32m"Saltar"[39m
                
[33mclass[39m=[32m"w-20 
h-20 bg-black/50 
backdrop-blur-sm border-2 
border-white/30 rounded-xl 
flex items-center 
justify-center text-white 
text-base font-bold 
hover:bg-black/70 
active:bg-black/80 
transition-all duration-150 
select-none scale-100 
opacity-90 shadow-lg "[39m
                [33mdata-touc
h-control[39m=[32m"true"[39
m
                [33mtabindex
[39m=[32m"0"[39m
              [36m>[39m
                [0mÔåæ[0m
                [36m<br 
/>[39m
                [0mSALTAR[0m
              
[36m</button>[39m
            [36m</div>[39m
            [36m<div[39m
              
[33mclass[39m=[32m"flex 
space-x-4 space-y-4"[39m
            [36m>[39m
              
[36m<button[39m
                [33maria-labe
l[39m=[32m"Agachar"[39m
                
[33mclass[39m=[32m"w-20 
h-20 bg-black/50 
backdrop-blur-sm border-2 
border-white/30 rounded-xl 
flex items-center 
justify-center text-white 
text-base font-bold 
hover:bg-black/70 
active:bg-black/80 
transition-all duration-150 
select-none scale-100 
opacity-90 shadow-lg "[39m
                [33mdata-touc
h-control[39m=[32m"true"[39
m
                [33mtabindex
[39m=[32m"0"[39m
              [36m>[39m
                [0mÔåô[0m
                [36m<br 
/>[39m
                
[0mAGACHAR[0m
              
[36m</button>[39m
              
[36m<button[39m
                [33maria-labe
l[39m=[32m"Atacar"[39m
                
[33mclass[39m=[32m"w-20 
h-20 bg-red-600/70 
backdrop-blur-sm border-2 
border-red-400/50 rounded-xl 
flex items-center 
justify-center text-white 
text-base font-bold 
hover:bg-red-600/90 
active:bg-red-700/90 
transition-all duration-150 
select-none scale-100 
opacity-90 shadow-lg "[39m
                [33mdata-touc
h-control[39m=[32m"true"[39
m
                [33mtabindex
[39m=[32m"0"[39m
              [36m>[39m
                [0mÔÜö[0m
                [36m<br 
/>[39m
                [0mATACAR[0m
              
[36m</button>[39m
            [36m</div>[39m
          [36m</div>[39m
          [36m<div[39m
            [33mclass[39m=[
32m"absolute top-4 left-1/2 
transform -translate-x-1/2 
pointer-events-none"[39m
          [36m>[39m
            [36m<div[39m
              [33mclass[39m=
[32m"bg-black/60 
backdrop-blur-sm rounded-lg 
px-3 py-2 text-white text-xs 
text-center 
animate-fade-in-out"[39m
            [36m>[39m
              [36m<p>[39m
                [0mSwipe 
gestures: ÔåÉ ÔåÆ Ôåæ Ôåô[0m
              [36m</p>[39m
              [36m<p[39m
                [33mclass[39
m=[32m"text-gray-300"[39m
              [36m>[39m
                [0mOr use 
touch controls[0m
              [36m</p>[39m
            [36m</div>[39m
          [36m</div>[39m
        [36m</div>[39m
      [36m</div>[39m
    [36m</body>[39m

    [0m [90m 108 |[39m     
     [90m 109 |[39m     
[90m// Test all buttons[39m
    [31m[1m>[22m[39m[90m 
110 |[39m     fireEvent[33m.
[39mtouchStart(screen[33m.[
39mgetByLabelText([32m'Move 
Left'[39m))[33m;[39m
     [90m     |[39m         
                        
[31m[1m^[22m[39m
     [90m 111 |[39m     expe
ct(mockHandlers[33m.[39monMo
veLeft)[33m.[39mtoHaveBeenCa
lledWith([36mtrue[39m)[33m;
[39m
     [90m 112 |[39m     
     [90m 113 |[39m     fire
Event[33m.[39mtouchStart(scr
een[33m.[39mgetByLabelText(
[32m'Move 
Right'[39m))[33m;[39m[0m

      at 
Object.getElementError (node_m
odules/@testing-library/dom/di
st/config.js:37:19)
      at getAllByLabelText (no
de_modules/@testing-library/do
m/dist/queries/label-text.js:1
11:38)
      at node_modules/@testing
-library/dom/dist/query-helper
s.js:52:17
      at node_modules/@testing
-library/dom/dist/query-helper
s.js:95:19
      at Object.<anonymous> (s
rc/components/game/__tests__/T
ouchControls.test.tsx:110:33)

  ÔùÅ TouchControls ÔÇ║ 
should prevent default on 
touch events

    
TestingLibraryElementError: 
Unable to find a label with 
the text of: Move Left

    Ignored nodes: comments, 
script, style
    [36m<body>[39m
      [36m<div>[39m
        [36m<div[39m
          
[33mclass[39m=[32m"fixed 
inset-0 pointer-events-none 
z-20 "[39m
        [36m>[39m
          [36m<div[39m
            [33mclass[39m=[
32m"absolute left-[8px] 
bottom-[32px] flex flex-col 
space-x-4 space-y-4 
pointer-events-auto"[39m
            [33mdata-touch-co
ntrol[39m=[32m"movement"[39
m
          [36m>[39m
            [36m<div[39m
              
[33mclass[39m=[32m"flex 
space-x-4 space-y-4"[39m
            [36m>[39m
              
[36m<button[39m
                [33maria-labe
l[39m=[32m"Mover para a 
esquerda"[39m
                
[33mclass[39m=[32m"w-20 
h-20 bg-black/50 
backdrop-blur-sm border-2 
border-white/30 rounded-xl 
flex items-center 
justify-center text-white 
text-2xl font-bold 
hover:bg-black/70 
active:bg-black/80 
transition-all duration-150 
select-none scale-100 
opacity-90 shadow-lg "[39m
                [33mdata-touc
h-control[39m=[32m"true"[39
m
                [33mtabindex
[39m=[32m"0"[39m
              [36m>[39m
                [0mÔåÉ[0m
              
[36m</button>[39m
              
[36m<button[39m
                [33maria-labe
l[39m=[32m"Mover para a 
direita"[39m
                
[33mclass[39m=[32m"w-20 
h-20 bg-black/50 
backdrop-blur-sm border-2 
border-white/30 rounded-xl 
flex items-center 
justify-center text-white 
text-2xl font-bold 
hover:bg-black/70 
active:bg-black/80 
transition-all duration-150 
select-none scale-100 
opacity-90 shadow-lg "[39m
                [33mdata-touc
h-control[39m=[32m"true"[39
m
                [33mtabindex
[39m=[32m"0"[39m
              [36m>[39m
                [0mÔåÆ[0m
              
[36m</button>[39m
            [36m</div>[39m
          [36m</div>[39m
          [36m<div[39m
            [33mclass[39m=[
32m"absolute right-[8px] 
bottom-[32px] flex flex-col 
space-x-4 space-y-4 
pointer-events-auto"[39m
            [33mdata-touch-co
ntrol[39m=[32m"actions"[39m
          [36m>[39m
            [36m<div[39m
              
[33mclass[39m=[32m"flex 
justify-center"[39m
            [36m>[39m
              
[36m<button[39m
                [33maria-labe
l[39m=[32m"Saltar"[39m
                
[33mclass[39m=[32m"w-20 
h-20 bg-black/50 
backdrop-blur-sm border-2 
border-white/30 rounded-xl 
flex items-center 
justify-center text-white 
text-base font-bold 
hover:bg-black/70 
active:bg-black/80 
transition-all duration-150 
select-none scale-100 
opacity-90 shadow-lg "[39m
                [33mdata-touc
h-control[39m=[32m"true"[39
m
                [33mtabindex
[39m=[32m"0"[39m
              [36m>[39m
                [0mÔåæ[0m
                [36m<br 
/>[39m
                [0mSALTAR[0m
              
[36m</button>[39m
            [36m</div>[39m
            [36m<div[39m
              
[33mclass[39m=[32m"flex 
space-x-4 space-y-4"[39m
            [36m>[39m
              
[36m<button[39m
                [33maria-labe
l[39m=[32m"Agachar"[39m
                
[33mclass[39m=[32m"w-20 
h-20 bg-black/50 
backdrop-blur-sm border-2 
border-white/30 rounded-xl 
flex items-center 
justify-center text-white 
text-base font-bold 
hover:bg-black/70 
active:bg-black/80 
transition-all duration-150 
select-none scale-100 
opacity-90 shadow-lg "[39m
                [33mdata-touc
h-control[39m=[32m"true"[39
m
                [33mtabindex
[39m=[32m"0"[39m
              [36m>[39m
                [0mÔåô[0m
                [36m<br 
/>[39m
                
[0mAGACHAR[0m
              
[36m</button>[39m
              
[36m<button[39m
                [33maria-labe
l[39m=[32m"Atacar"[39m
                
[33mclass[39m=[32m"w-20 
h-20 bg-red-600/70 
backdrop-blur-sm border-2 
border-red-400/50 rounded-xl 
flex items-center 
justify-center text-white 
text-base font-bold 
hover:bg-red-600/90 
active:bg-red-700/90 
transition-all duration-150 
select-none scale-100 
opacity-90 shadow-lg "[39m
                [33mdata-touc
h-control[39m=[32m"true"[39
m
                [33mtabindex
[39m=[32m"0"[39m
              [36m>[39m
                [0mÔÜö[0m
                [36m<br 
/>[39m
                [0mATACAR[0m
              
[36m</button>[39m
            [36m</div>[39m
          [36m</div>[39m
          [36m<div[39m
            [33mclass[39m=[
32m"absolute top-4 left-1/2 
transform -translate-x-1/2 
pointer-events-none"[39m
          [36m>[39m
            [36m<div[39m
              [33mclass[39m=
[32m"bg-black/60 
backdrop-blur-sm rounded-lg 
px-3 py-2 text-white text-xs 
text-center 
animate-fade-in-out"[39m
            [36m>[39m
              [36m<p>[39m
                [0mSwipe 
gestures: ÔåÉ ÔåÆ Ôåæ Ôåô[0m
              [36m</p>[39m
              [36m<p[39m
                [33mclass[39
m=[32m"text-gray-300"[39m
              [36m>[39m
                [0mOr use 
touch controls[0m
              [36m</p>[39m
            [36m</div>[39m
          [36m</div>[39m
        [36m</div>[39m
      [36m</div>[39m
    [36m</body>[39m

    [0m [90m 129 |[39m     
render([33m<[39m[33mTouchCo
ntrols[39m 
{[33m...[39mmockHandlers} [
33m/[39m[33m>[39m)[33m;[3
9m
     [90m 130 |[39m     
    [31m[1m>[22m[39m[90m 
131 |[39m     
[36mconst[39m 
moveLeftButton [33m=[39m scr
een[33m.[39mgetByLabelText(
[32m'Move 
Left'[39m)[33m;[39m
     [90m     |[39m         
                          
[31m[1m^[22m[39m
     [90m 132 |[39m     
     [90m 133 |[39m     
[36mconst[39m 
touchStartEvent [33m=[39m 
[36mnew[39m [33mTouchEvent
[39m([32m'touchstart'[39m[3
3m,[39m { bubbles[33m:[39m 
[36mtrue[39m })[33m;[39m
     [90m 134 |[39m     
[36mconst[39m 
preventDefaultSpy [33m=[39m 
jest[33m.[39mspyOn(touchStar
tEvent[33m,[39m [32m'preven
tDefault'[39m)[33m;[39m[0m

      at 
Object.getElementError (node_m
odules/@testing-library/dom/di
st/config.js:37:19)
      at getAllByLabelText (no
de_modules/@testing-library/do
m/dist/queries/label-text.js:1
11:38)
      at node_modules/@testing
-library/dom/dist/query-helper
s.js:52:17
      at node_modules/@testing
-library/dom/dist/query-helper
s.js:95:19
      at Object.<anonymous> (s
rc/components/game/__tests__/T
ouchControls.test.tsx:131:35)

PASS src/test/integration/stat
e-persistence.test.tsx
  ÔùÅ Console

    console.error
      An update to Home 
inside a test was not wrapped 
in act(...).
      
      When testing, code that 
causes React state updates 
should be wrapped into 
act(...):
      
      act(() => {
        /* fire events that 
update state */
      });
      /* assert on the output 
*/
      
      This ensures that 
you're testing the behavior 
the user would see in the 
browser. Learn more at https:/
/react.dev/link/wrap-tests-wit
h-act

    [0m [90m 17 |[39m      
   setError([36mnull[39m)[3
3m;[39m
     [90m 18 |[39m         
[36mconst[39m response 
[33m=[39m [36mawait[39m ap
iClient[33m.[39mgetTop10Scor
es()[33m;[39m
    [31m[1m>[22m[39m[90m 
19 |[39m         setScores(re
sponse[33m.[39mscores)[33m;
[39m
     [90m    |[39m         
[31m[1m^[22m[39m
     [90m 20 |[39m       } 
[36mcatch[39m (err) {
     [90m 21 |[39m         
setError([32m'Erro ao 
carregar o leaderboard. Tente 
novamente mais 
tarde.'[39m)[33m;[39m
     [90m 22 |[39m         c
onsole[33m.[39merror([32m'F
ailed to load 
leaderboard:'[39m[33m,[39m 
err)[33m;[39m[0m

      at node_modules/react-do
m/cjs/react-dom-client.develop
ment.js:18758:19
      at runWithFiberInDEV (no
de_modules/react-dom/cjs/react
-dom-client.development.js:874
:13)
      at warnIfUpdatesNotWrapp
edWithActDEV (node_modules/rea
ct-dom/cjs/react-dom-client.de
velopment.js:18757:9)
      at 
scheduleUpdateOnFiber (node_mo
dules/react-dom/cjs/react-dom-
client.development.js:16409:11
)
      at 
dispatchSetStateInternal (node
_modules/react-dom/cjs/react-d
om-client.development.js:9170:
13)
      at dispatchSetState (nod
e_modules/react-dom/cjs/react-
dom-client.development.js:9127
:7)
      at fetchLeaderboard 
(src/app/page.tsx:19:9)

    console.error
      An update to Home 
inside a test was not wrapped 
in act(...).
      
      When testing, code that 
causes React state updates 
should be wrapped into 
act(...):
      
      act(() => {
        /* fire events that 
update state */
      });
      /* assert on the output 
*/
      
      This ensures that 
you're testing the behavior 
the user would see in the 
browser. Learn more at https:/
/react.dev/link/wrap-tests-wit
h-act

    [0m [90m 22 |[39m      
   console[33m.[39merror([3
2m'Failed to load 
leaderboard:'[39m[33m,[39m 
err)[33m;[39m
     [90m 23 |[39m       } 
[36mfinally[39m {
    [31m[1m>[22m[39m[90m 
24 |[39m         setLoading(
[36mfalse[39m)[33m;[39m
     [90m    |[39m         
[31m[1m^[22m[39m
     [90m 25 |[39m       }
     [90m 26 |[39m     
}[33m;[39m
     [90m 27 |[39m[0m

      at node_modules/react-do
m/cjs/react-dom-client.develop
ment.js:18758:19
      at runWithFiberInDEV (no
de_modules/react-dom/cjs/react
-dom-client.development.js:874
:13)
      at warnIfUpdatesNotWrapp
edWithActDEV (node_modules/rea
ct-dom/cjs/react-dom-client.de
velopment.js:18757:9)
      at 
scheduleUpdateOnFiber (node_mo
dules/react-dom/cjs/react-dom-
client.development.js:16409:11
)
      at 
dispatchSetStateInternal (node
_modules/react-dom/cjs/react-d
om-client.development.js:9170:
13)
      at dispatchSetState (nod
e_modules/react-dom/cjs/react-
dom-client.development.js:9127
:7)
      at fetchLeaderboard 
(src/app/page.tsx:24:9)

FAIL src/store/__tests__/perfo
rmanceStore.test.ts
  ÔùÅ Console

    console.log
      Performance: 
Auto-adjusting quality from 
high to medium (FPS: 20.0)

      at adjustQualityBasedOnP
erformance (src/store/performa
nceStore.ts:196:19)

  ÔùÅ Performance Store ÔÇ║ 
Lightweight Mode ÔÇ║ should 
enable lightweight mode and 
apply optimizations

    expect(received).toBe(expe
cted) // Object.is equality

    Expected: true
    Received: false

    [0m [90m 57 |[39m      
 setLightweightMode([36mtrue
[39m)[33m;[39m
     [90m 58 |[39m       
    [31m[1m>[22m[39m[90m 
59 |[39m       expect(setting
s[33m.[39mlightweightMode)[
33m.[39mtoBe([36mtrue[39m)
[33m;[39m
     [90m    |[39m          
                              
[31m[1m^[22m[39m
     [90m 60 |[39m       exp
ect(settings[33m.[39mparticl
eEffects)[33m.[39mtoBe([36m
false[39m)[33m;[39m
     [90m 61 |[39m       exp
ect(settings[33m.[39mshadows
)[33m.[39mtoBe([36mfalse[3
9m)[33m;[39m
     [90m 62 |[39m       exp
ect(settings[33m.[39mantiali
asing)[33m.[39mtoBe([36mfal
se[39m)[33m;[39m[0m

      at Object.<anonymous> (s
rc/store/__tests__/performance
Store.test.ts:59:40)

  ÔùÅ Performance Store ÔÇ║ 
Lightweight Mode ÔÇ║ should 
disable lightweight mode

    expect(received).toBe(expe
cted) // Object.is equality

    Expected: true
    Received: false

    [0m [90m 70 |[39m      
 [90m// First enable it[39m
     [90m 71 |[39m       set
LightweightMode([36mtrue[39m
)[33m;[39m
    [31m[1m>[22m[39m[90m 
72 |[39m       expect(setting
s[33m.[39mlightweightMode)[
33m.[39mtoBe([36mtrue[39m)
[33m;[39m
     [90m    |[39m          
                              
[31m[1m^[22m[39m
     [90m 73 |[39m       
     [90m 74 |[39m       
[90m// Then disable it[39m
     [90m 75 |[39m       set
LightweightMode([36mfalse[39
m)[33m;[39m[0m

      at Object.<anonymous> (s
rc/store/__tests__/performance
Store.test.ts:72:40)

  ÔùÅ Performance Store ÔÇ║ 
Individual Settings ÔÇ║ 
should toggle particle effects

    expect(received).toBe(expe
cted) // Object.is equality

    Expected: false
    Received: true

    [0m [90m 83 |[39m      
 
     [90m 84 |[39m       set
ParticleEffects([36mfalse[39
m)[33m;[39m
    [31m[1m>[22m[39m[90m 
85 |[39m       expect(setting
s[33m.[39mparticleEffects)[
33m.[39mtoBe([36mfalse[39m)
[33m;[39m
     [90m    |[39m          
                              
[31m[1m^[22m[39m
     [90m 86 |[39m       
     [90m 87 |[39m       set
ParticleEffects([36mtrue[39m
)[33m;[39m
     [90m 88 |[39m       exp
ect(settings[33m.[39mparticl
eEffects)[33m.[39mtoBe([36m
true[39m)[33m;[39m[0m

      at Object.<anonymous> (s
rc/store/__tests__/performance
Store.test.ts:85:40)

  ÔùÅ Performance Store ÔÇ║ 
Individual Settings ÔÇ║ 
should toggle animations

    expect(received).toBe(expe
cted) // Object.is equality

    Expected: false
    Received: true

    [0m [90m 93 |[39m      
 
     [90m 94 |[39m       set
Animations([36mfalse[39m)[3
3m;[39m
    [31m[1m>[22m[39m[90m 
95 |[39m       expect(setting
s[33m.[39manimations)[33m.
[39mtoBe([36mfalse[39m)[33m
;[39m
     [90m    |[39m          
                         
[31m[1m^[22m[39m
     [90m 96 |[39m       
     [90m 97 |[39m       set
Animations([36mtrue[39m)[33
m;[39m
     [90m 98 |[39m       exp
ect(settings[33m.[39manimati
ons)[33m.[39mtoBe([36mtrue
[39m)[33m;[39m[0m

      at Object.<anonymous> (s
rc/store/__tests__/performance
Store.test.ts:95:35)

  ÔùÅ Performance Store ÔÇ║ 
Individual Settings ÔÇ║ 
should set frame rate limit

    expect(received).toBe(expe
cted) // Object.is equality

    Expected: 30
    Received: 0

    [0m [90m 103 |[39m     
  
     [90m 104 |[39m       se
tFrameRateLimit([35m30[39m)
[33m;[39m
    [31m[1m>[22m[39m[90m 
105 |[39m       expect(settin
gs[33m.[39mframeRateLimit)[
33m.[39mtoBe([35m30[39m)[3
3m;[39m
     [90m     |[39m         
                              
[31m[1m^[22m[39m
     [90m 106 |[39m       
     [90m 107 |[39m       se
tFrameRateLimit([35m0[39m)[
33m;[39m
     [90m 108 |[39m       ex
pect(settings[33m.[39mframeR
ateLimit)[33m.[39mtoBe([35m
0[39m)[33m;[39m[0m

      at Object.<anonymous> (s
rc/store/__tests__/performance
Store.test.ts:105:39)

  ÔùÅ Performance Store ÔÇ║ 
Auto Quality Adjustment ÔÇ║ 
should enable auto quality 
adjustment

    expect(received).toBe(expe
cted) // Object.is equality

    Expected: false
    Received: true

    [0m [90m 118 |[39m     
  
     [90m 119 |[39m       se
tAutoAdjustQuality([36mfalse
[39m)[33m;[39m
    [31m[1m>[22m[39m[90m 
120 |[39m       expect(settin
gs[33m.[39mautoAdjustQuality
)[33m.[39mtoBe([36mfalse[3
9m)[33m;[39m
     [90m     |[39m         
                              
   [31m[1m^[22m[39m
     [90m 121 |[39m     
})[33m;[39m
     [90m 122 |[39m
     [90m 123 |[39m     
it([32m'should adjust 
quality based on performance 
when enabled'[39m[33m,[39m 
() [33m=>[39m {[0m

      at Object.<anonymous> (s
rc/store/__tests__/performance
Store.test.ts:120:42)

  ÔùÅ Performance Store ÔÇ║ 
Auto Quality Adjustment ÔÇ║ 
should adjust quality based 
on performance when enabled

    expect(received).toBe(expe
cted) // Object.is equality

    Expected: "medium"
    Received: "high"

    [0m [90m 146 |[39m     
  
     [90m 147 |[39m       
[90m// Should reduce 
quality[39m
    [31m[1m>[22m[39m[90m 
148 |[39m       expect(settin
gs[33m.[39mgraphicsQuality)
[33m.[39mtoBe([32m'medium'[
39m)[33m;[39m
     [90m     |[39m         
                              
 [31m[1m^[22m[39m
     [90m 149 |[39m     
})[33m;[39m
     [90m 150 |[39m
     [90m 151 |[39m     
it([32m'should not adjust 
quality when auto adjustment 
is disabled'[39m[33m,[39m 
() [33m=>[39m {[0m

      at Object.<anonymous> (s
rc/store/__tests__/performance
Store.test.ts:148:40)

  ÔùÅ Performance Store ÔÇ║ 
Metrics Update ÔÇ║ should 
update performance metrics

    expect(received).toBe(expe
cted) // Object.is equality

    Expected: 45
    Received: 60

    [0m [90m 192 |[39m     
  updateMetrics(newMetrics)[3
3m;[39m
     [90m 193 |[39m       
    [31m[1m>[22m[39m[90m 
194 |[39m       expect(metric
s[33m.[39mcurrentFPS)[33m.
[39mtoBe([35m45[39m)[33m;[
39m
     [90m     |[39m         
                         
[31m[1m^[22m[39m
     [90m 195 |[39m       ex
pect(metrics[33m.[39maverage
FPS)[33m.[39mtoBe([35m50[3
9m)[33m;[39m
     [90m 196 |[39m       ex
pect(metrics[33m.[39mframeTi
me)[33m.[39mtoBe([35m22[39
m)[33m;[39m
     [90m 197 |[39m       ex
pect(metrics[33m.[39misLowPe
rformance)[33m.[39mtoBe([36
mfalse[39m)[33m;[39m[0m

      at Object.<anonymous> (s
rc/store/__tests__/performance
Store.test.ts:194:34)

  ÔùÅ Performance Store ÔÇ║ 
Reset to Defaults ÔÇ║ should 
reset all settings to defaults

    expect(received).toBe(expe
cted) // Object.is equality

    Expected: "high"
    Received: "low"

    [0m [90m 219 |[39m     
  
     [90m 220 |[39m       
[90m// Should be back to 
defaults[39m
    [31m[1m>[22m[39m[90m 
221 |[39m       expect(settin
gs[33m.[39mgraphicsQuality)
[33m.[39mtoBe([32m'high'[39
m)[33m;[39m
     [90m     |[39m         
                              
 [31m[1m^[22m[39m
     [90m 222 |[39m       ex
pect(settings[33m.[39mlightw
eightMode)[33m.[39mtoBe([36
mfalse[39m)[33m;[39m
     [90m 223 |[39m       ex
pect(settings[33m.[39mframeR
ateLimit)[33m.[39mtoBe([35m
0[39m)[33m;[39m
     [90m 224 |[39m       ex
pect(settings[33m.[39mautoAd
justQuality)[33m.[39mtoBe([
36mtrue[39m)[33m;[39m[0m

      at Object.<anonymous> (s
rc/store/__tests__/performance
Store.test.ts:221:40)

PASS src/test/audio-integratio
n.test.ts
  ÔùÅ Console

    console.log
      Loading real background 
ambient music...

      at AudioManager.loadBack
groundMusic (src/game/utils/Au
dioManager.ts:63:15)

    console.log
      Loading real audio file 
for: jump

      at src/game/utils/AudioM
anager.ts:112:17
          at Array.forEach 
(<anonymous>)

    console.log
      Loading real audio file 
for: damage

      at src/game/utils/AudioM
anager.ts:112:17
          at Array.forEach 
(<anonymous>)

    console.log
      Loading real audio file 
for: item_collect

      at src/game/utils/AudioM
anager.ts:112:17
          at Array.forEach 
(<anonymous>)

    console.log
      Loading real audio file 
for: slash

      at src/game/utils/AudioM
anager.ts:112:17
          at Array.forEach 
(<anonymous>)

    console.log
      Loading real audio file 
for: laser

      at src/game/utils/AudioM
anager.ts:112:17
          at Array.forEach 
(<anonymous>)

    console.log
      Loading real audio file 
for: explosion

      at src/game/utils/AudioM
anager.ts:112:17
          at Array.forEach 
(<anonymous>)

    console.log
      AudioManager 
initialized successfully

      at 
AudioManager.initialize (src/g
ame/utils/AudioManager.ts:50:1
5)

    console.log
      AudioManager destroyed

      at AudioManager.destroy 
(src/game/utils/AudioManager.t
s:416:13)

    console.log
      Loading real background 
ambient music...

      at AudioManager.loadBack
groundMusic (src/game/utils/Au
dioManager.ts:63:15)

    console.log
      Loading real audio file 
for: jump

      at src/game/utils/AudioM
anager.ts:112:17
          at Array.forEach 
(<anonymous>)

    console.log
      Loading real audio file 
for: damage

      at src/game/utils/AudioM
anager.ts:112:17
          at Array.forEach 
(<anonymous>)

    console.log
      Loading real audio file 
for: item_collect

      at src/game/utils/AudioM
anager.ts:112:17
          at Array.forEach 
(<anonymous>)

    console.log
      Loading real audio file 
for: slash

      at src/game/utils/AudioM
anager.ts:112:17
          at Array.forEach 
(<anonymous>)

    console.log
      Loading real audio file 
for: laser

      at src/game/utils/AudioM
anager.ts:112:17
          at Array.forEach 
(<anonymous>)

    console.log
      Loading real audio file 
for: explosion

      at src/game/utils/AudioM
anager.ts:112:17
          at Array.forEach 
(<anonymous>)

    console.log
      AudioManager 
initialized successfully

      at 
AudioManager.initialize (src/g
ame/utils/AudioManager.ts:50:1
5)

    console.log
      Background music started

      at AudioManager.playBack
groundMusic (src/game/utils/Au
dioManager.ts:231:17)

    console.log
      AudioManager destroyed

      at AudioManager.destroy 
(src/game/utils/AudioManager.t
s:416:13)

    console.log
      Loading real background 
ambient music...

      at AudioManager.loadBack
groundMusic (src/game/utils/Au
dioManager.ts:63:15)

    console.log
      Loading real audio file 
for: jump

      at src/game/utils/AudioM
anager.ts:112:17
          at Array.forEach 
(<anonymous>)

    console.log
      Loading real audio file 
for: damage

      at src/game/utils/AudioM
anager.ts:112:17
          at Array.forEach 
(<anonymous>)

    console.log
      Loading real audio file 
for: item_collect

      at src/game/utils/AudioM
anager.ts:112:17
          at Array.forEach 
(<anonymous>)

    console.log
      Loading real audio file 
for: slash

      at src/game/utils/AudioM
anager.ts:112:17
          at Array.forEach 
(<anonymous>)

    console.log
      Loading real audio file 
for: laser

      at src/game/utils/AudioM
anager.ts:112:17
          at Array.forEach 
(<anonymous>)

    console.log
      Loading real audio file 
for: explosion

      at src/game/utils/AudioM
anager.ts:112:17
          at Array.forEach 
(<anonymous>)

    console.log
      AudioManager 
initialized successfully

      at 
AudioManager.initialize (src/g
ame/utils/AudioManager.ts:50:1
5)

    console.log
      AudioManager destroyed

      at AudioManager.destroy 
(src/game/utils/AudioManager.t
s:416:13)

    console.log
      Loading real background 
ambient music...

      at AudioManager.loadBack
groundMusic (src/game/utils/Au
dioManager.ts:63:15)

    console.log
      Loading real audio file 
for: jump

      at src/game/utils/AudioM
anager.ts:112:17
          at Array.forEach 
(<anonymous>)

    console.log
      Loading real audio file 
for: damage

      at src/game/utils/AudioM
anager.ts:112:17
          at Array.forEach 
(<anonymous>)

    console.log
      Loading real audio file 
for: item_collect

      at src/game/utils/AudioM
anager.ts:112:17
          at Array.forEach 
(<anonymous>)

    console.log
      Loading real audio file 
for: slash

      at src/game/utils/AudioM
anager.ts:112:17
          at Array.forEach 
(<anonymous>)

    console.log
      Loading real audio file 
for: laser

      at src/game/utils/AudioM
anager.ts:112:17
          at Array.forEach 
(<anonymous>)

    console.log
      Loading real audio file 
for: explosion

      at src/game/utils/AudioM
anager.ts:112:17
          at Array.forEach 
(<anonymous>)

    console.log
      AudioManager 
initialized successfully

      at 
AudioManager.initialize (src/g
ame/utils/AudioManager.ts:50:1
5)

    console.log
      AudioManager destroyed

      at AudioManager.destroy 
(src/game/utils/AudioManager.t
s:416:13)

    console.log
      Loading real background 
ambient music...

      at AudioManager.loadBack
groundMusic (src/game/utils/Au
dioManager.ts:63:15)

    console.log
      Loading real audio file 
for: jump

      at src/game/utils/AudioM
anager.ts:112:17
          at Array.forEach 
(<anonymous>)

    console.log
      Loading real audio file 
for: damage

      at src/game/utils/AudioM
anager.ts:112:17
          at Array.forEach 
(<anonymous>)

    console.log
      Loading real audio file 
for: item_collect

      at src/game/utils/AudioM
anager.ts:112:17
          at Array.forEach 
(<anonymous>)

    console.log
      Loading real audio file 
for: slash

      at src/game/utils/AudioM
anager.ts:112:17
          at Array.forEach 
(<anonymous>)

    console.log
      Loading real audio file 
for: laser

      at src/game/utils/AudioM
anager.ts:112:17
          at Array.forEach 
(<anonymous>)

    console.log
      Loading real audio file 
for: explosion

      at src/game/utils/AudioM
anager.ts:112:17
          at Array.forEach 
(<anonymous>)

    console.log
      AudioManager 
initialized successfully

      at 
AudioManager.initialize (src/g
ame/utils/AudioManager.ts:50:1
5)

    console.log
      AudioManager destroyed

      at AudioManager.destroy 
(src/game/utils/AudioManager.t
s:416:13)

    console.log
      Loading real background 
ambient music...

      at AudioManager.loadBack
groundMusic (src/game/utils/Au
dioManager.ts:63:15)

    console.log
      Loading real audio file 
for: jump

      at src/game/utils/AudioM
anager.ts:112:17
          at Array.forEach 
(<anonymous>)

    console.log
      Loading real audio file 
for: damage

      at src/game/utils/AudioM
anager.ts:112:17
          at Array.forEach 
(<anonymous>)

    console.log
      Loading real audio file 
for: item_collect

      at src/game/utils/AudioM
anager.ts:112:17
          at Array.forEach 
(<anonymous>)

    console.log
      Loading real audio file 
for: slash

      at src/game/utils/AudioM
anager.ts:112:17
          at Array.forEach 
(<anonymous>)

    console.log
      Loading real audio file 
for: laser

      at src/game/utils/AudioM
anager.ts:112:17
          at Array.forEach 
(<anonymous>)

    console.log
      Loading real audio file 
for: explosion

      at src/game/utils/AudioM
anager.ts:112:17
          at Array.forEach 
(<anonymous>)

    console.log
      AudioManager 
initialized successfully

      at 
AudioManager.initialize (src/g
ame/utils/AudioManager.ts:50:1
5)

    console.log
      AudioManager destroyed

      at AudioManager.destroy 
(src/game/utils/AudioManager.t
s:416:13)

PASS src/game/weapons/__tests_
_/BaseWeapon.test.ts
PASS 
src/test/audio-loading.test.ts
  ÔùÅ Console

    console.log
      Loading real background 
ambient music...

      at AudioManager.loadBack
groundMusic (src/game/utils/Au
dioManager.ts:63:15)

    console.log
      Loading real audio file 
for: jump

      at src/game/utils/AudioM
anager.ts:112:17
          at Array.forEach 
(<anonymous>)

    console.log
      Loading real audio file 
for: damage

      at src/game/utils/AudioM
anager.ts:112:17
          at Array.forEach 
(<anonymous>)

    console.log
      Loading real audio file 
for: item_collect

      at src/game/utils/AudioM
anager.ts:112:17
          at Array.forEach 
(<anonymous>)

    console.log
      Loading real audio file 
for: slash

      at src/game/utils/AudioM
anager.ts:112:17
          at Array.forEach 
(<anonymous>)

    console.log
      Loading real audio file 
for: laser

      at src/game/utils/AudioM
anager.ts:112:17
          at Array.forEach 
(<anonymous>)

    console.log
      Loading real audio file 
for: explosion

      at src/game/utils/AudioM
anager.ts:112:17
          at Array.forEach 
(<anonymous>)

    console.log
      AudioManager 
initialized successfully

      at 
AudioManager.initialize (src/g
ame/utils/AudioManager.ts:50:1
5)

    console.log
      AudioManager destroyed

      at AudioManager.destroy 
(src/game/utils/AudioManager.t
s:416:13)

    console.log
      Loading real background 
ambient music...

      at AudioManager.loadBack
groundMusic (src/game/utils/Au
dioManager.ts:63:15)

    console.log
      Loading real audio file 
for: jump

      at src/game/utils/AudioM
anager.ts:112:17
          at Array.forEach 
(<anonymous>)

    console.log
      Loading real audio file 
for: damage

      at src/game/utils/AudioM
anager.ts:112:17
          at Array.forEach 
(<anonymous>)

    console.log
      Loading real audio file 
for: item_collect

      at src/game/utils/AudioM
anager.ts:112:17
          at Array.forEach 
(<anonymous>)

    console.log
      Loading real audio file 
for: slash

      at src/game/utils/AudioM
anager.ts:112:17
          at Array.forEach 
(<anonymous>)

    console.log
      Loading real audio file 
for: laser

      at src/game/utils/AudioM
anager.ts:112:17
          at Array.forEach 
(<anonymous>)

    console.log
      Loading real audio file 
for: explosion

      at src/game/utils/AudioM
anager.ts:112:17
          at Array.forEach 
(<anonymous>)

    console.log
      AudioManager 
initialized successfully

      at 
AudioManager.initialize (src/g
ame/utils/AudioManager.ts:50:1
5)

    console.log
      AudioManager destroyed

      at AudioManager.destroy 
(src/game/utils/AudioManager.t
s:416:13)

    console.log
      Loading real background 
ambient music...

      at AudioManager.loadBack
groundMusic (src/game/utils/Au
dioManager.ts:63:15)

    console.log
      Loading real audio file 
for: jump

      at src/game/utils/AudioM
anager.ts:112:17
          at Array.forEach 
(<anonymous>)

    console.log
      Loading real audio file 
for: damage

      at src/game/utils/AudioM
anager.ts:112:17
          at Array.forEach 
(<anonymous>)

    console.log
      Loading real audio file 
for: item_collect

      at src/game/utils/AudioM
anager.ts:112:17
          at Array.forEach 
(<anonymous>)

    console.log
      Loading real audio file 
for: slash

      at src/game/utils/AudioM
anager.ts:112:17
          at Array.forEach 
(<anonymous>)

    console.log
      Loading real audio file 
for: laser

      at src/game/utils/AudioM
anager.ts:112:17
          at Array.forEach 
(<anonymous>)

    console.log
      Loading real audio file 
for: explosion

      at src/game/utils/AudioM
anager.ts:112:17
          at Array.forEach 
(<anonymous>)

    console.log
      AudioManager 
initialized successfully

      at 
AudioManager.initialize (src/g
ame/utils/AudioManager.ts:50:1
5)

    console.log
      AudioManager destroyed

      at AudioManager.destroy 
(src/game/utils/AudioManager.t
s:416:13)

    console.log
      Loading real background 
ambient music...

      at AudioManager.loadBack
groundMusic (src/game/utils/Au
dioManager.ts:63:15)

    console.log
      Loading real audio file 
for: jump

      at src/game/utils/AudioM
anager.ts:112:17
          at Array.forEach 
(<anonymous>)

    console.log
      Loading real audio file 
for: damage

      at src/game/utils/AudioM
anager.ts:112:17
          at Array.forEach 
(<anonymous>)

    console.log
      Loading real audio file 
for: item_collect

      at src/game/utils/AudioM
anager.ts:112:17
          at Array.forEach 
(<anonymous>)

    console.log
      Loading real audio file 
for: slash

      at src/game/utils/AudioM
anager.ts:112:17
          at Array.forEach 
(<anonymous>)

    console.log
      Loading real audio file 
for: laser

      at src/game/utils/AudioM
anager.ts:112:17
          at Array.forEach 
(<anonymous>)

    console.log
      Loading real audio file 
for: explosion

      at src/game/utils/AudioM
anager.ts:112:17
          at Array.forEach 
(<anonymous>)

    console.log
      AudioManager 
initialized successfully

      at 
AudioManager.initialize (src/g
ame/utils/AudioManager.ts:50:1
5)

    console.log
      Background music started

      at AudioManager.playBack
groundMusic (src/game/utils/Au
dioManager.ts:231:17)

    console.log
      AudioManager destroyed

      at AudioManager.destroy 
(src/game/utils/AudioManager.t
s:416:13)

    console.log
      Loading real background 
ambient music...

      at AudioManager.loadBack
groundMusic (src/game/utils/Au
dioManager.ts:63:15)

    console.log
      Loading real audio file 
for: jump

      at src/game/utils/AudioM
anager.ts:112:17
          at Array.forEach 
(<anonymous>)

    console.log
      Loading real audio file 
for: damage

      at src/game/utils/AudioM
anager.ts:112:17
          at Array.forEach 
(<anonymous>)

    console.log
      Loading real audio file 
for: item_collect

      at src/game/utils/AudioM
anager.ts:112:17
          at Array.forEach 
(<anonymous>)

    console.log
      Loading real audio file 
for: slash

      at src/game/utils/AudioM
anager.ts:112:17
          at Array.forEach 
(<anonymous>)

    console.log
      Loading real audio file 
for: laser

      at src/game/utils/AudioM
anager.ts:112:17
          at Array.forEach 
(<anonymous>)

    console.log
      Loading real audio file 
for: explosion

      at src/game/utils/AudioM
anager.ts:112:17
          at Array.forEach 
(<anonymous>)

    console.log
      AudioManager 
initialized successfully

      at 
AudioManager.initialize (src/g
ame/utils/AudioManager.ts:50:1
5)

    console.log
      AudioManager destroyed

      at AudioManager.destroy 
(src/game/utils/AudioManager.t
s:416:13)

    console.log
      Loading real background 
ambient music...

      at AudioManager.loadBack
groundMusic (src/game/utils/Au
dioManager.ts:63:15)

    console.log
      Loading real audio file 
for: jump

      at src/game/utils/AudioM
anager.ts:112:17
          at Array.forEach 
(<anonymous>)

    console.log
      Loading real audio file 
for: damage

      at src/game/utils/AudioM
anager.ts:112:17
          at Array.forEach 
(<anonymous>)

    console.log
      Loading real audio file 
for: item_collect

      at src/game/utils/AudioM
anager.ts:112:17
          at Array.forEach 
(<anonymous>)

    console.log
      Loading real audio file 
for: slash

      at src/game/utils/AudioM
anager.ts:112:17
          at Array.forEach 
(<anonymous>)

    console.log
      Loading real audio file 
for: laser

      at src/game/utils/AudioM
anager.ts:112:17
          at Array.forEach 
(<anonymous>)

    console.log
      Loading real audio file 
for: explosion

      at src/game/utils/AudioM
anager.ts:112:17
          at Array.forEach 
(<anonymous>)

    console.log
      AudioManager 
initialized successfully

      at 
AudioManager.initialize (src/g
ame/utils/AudioManager.ts:50:1
5)

    console.log
      AudioManager destroyed

      at AudioManager.destroy 
(src/game/utils/AudioManager.t
s:416:13)

    console.log
      Loading real background 
ambient music...

      at AudioManager.loadBack
groundMusic (src/game/utils/Au
dioManager.ts:63:15)

    console.log
      Loading real audio file 
for: jump

      at src/game/utils/AudioM
anager.ts:112:17
          at Array.forEach 
(<anonymous>)

    console.log
      Loading real audio file 
for: damage

      at src/game/utils/AudioM
anager.ts:112:17
          at Array.forEach 
(<anonymous>)

    console.log
      Loading real audio file 
for: item_collect

      at src/game/utils/AudioM
anager.ts:112:17
          at Array.forEach 
(<anonymous>)

    console.log
      Loading real audio file 
for: slash

      at src/game/utils/AudioM
anager.ts:112:17
          at Array.forEach 
(<anonymous>)

    console.log
      Loading real audio file 
for: laser

      at src/game/utils/AudioM
anager.ts:112:17
          at Array.forEach 
(<anonymous>)

    console.log
      Loading real audio file 
for: explosion

      at src/game/utils/AudioM
anager.ts:112:17
          at Array.forEach 
(<anonymous>)

    console.log
      AudioManager 
initialized successfully

      at 
AudioManager.initialize (src/g
ame/utils/AudioManager.ts:50:1
5)

    console.log
      AudioManager destroyed

      at AudioManager.destroy 
(src/game/utils/AudioManager.t
s:416:13)

FAIL src/test/integration/game
-flow.test.tsx
  ÔùÅ Console

    console.log
      Auto-submitting score: {
        firstName: 'Test',
        lastName: 'User',
        score: 1000,
        character: 'boy',
        weapon: 'katana',
        difficulty: 'easy'
      }

      at autoSubmitScore 
(src/app/final/page.tsx:60:15)

    console.error
      An update to 
FinalPageContent inside a 
test was not wrapped in 
act(...).
      
      When testing, code that 
causes React state updates 
should be wrapped into 
act(...):
      
      act(() => {
        /* fire events that 
update state */
      });
      /* assert on the output 
*/
      
      This ensures that 
you're testing the behavior 
the user would see in the 
browser. Learn more at https:/
/react.dev/link/wrap-tests-wit
h-act

    [0m [90m 60 |[39m      
 console[33m.[39mlog([32m'A
uto-submitting 
score:'[39m[33m,[39m 
scoreData)[33m;[39m
     [90m 61 |[39m       
[36mawait[39m apiClient[33m
.[39msubmitScore(scoreData)[
33m;[39m
    [31m[1m>[22m[39m[90m 
62 |[39m       setScoreSubmit
ted([36mtrue[39m)[33m;[39m
     [90m    |[39m       
[31m[1m^[22m[39m
     [90m 63 |[39m       
     [90m 64 |[39m       
[90m// Load leaderboard to 
show the new score[39m
     [90m 65 |[39m       
[36mawait[39m 
loadAllScores()[33m;[39m[0m

      at node_modules/react-do
m/cjs/react-dom-client.develop
ment.js:18758:19
      at runWithFiberInDEV (no
de_modules/react-dom/cjs/react
-dom-client.development.js:874
:13)
      at warnIfUpdatesNotWrapp
edWithActDEV (node_modules/rea
ct-dom/cjs/react-dom-client.de
velopment.js:18757:9)
      at 
scheduleUpdateOnFiber (node_mo
dules/react-dom/cjs/react-dom-
client.development.js:16409:11
)
      at 
dispatchSetStateInternal (node
_modules/react-dom/cjs/react-d
om-client.development.js:9170:
13)
      at dispatchSetState (nod
e_modules/react-dom/cjs/react-
dom-client.development.js:9127
:7)
      at autoSubmitScore 
(src/app/final/page.tsx:62:7)

    console.error
      An update to 
FinalPageContent inside a 
test was not wrapped in 
act(...).
      
      When testing, code that 
causes React state updates 
should be wrapped into 
act(...):
      
      act(() => {
        /* fire events that 
update state */
      });
      /* assert on the output 
*/
      
      This ensures that 
you're testing the behavior 
the user would see in the 
browser. Learn more at https:/
/react.dev/link/wrap-tests-wit
h-act

    [0m [90m 75 |[39m   
[36mconst[39m loadAllScores 
[33m=[39m [36masync[39m 
(token[33m?[39m[33m:[39m 
string) [33m=>[39m {
     [90m 76 |[39m     
[36mtry[39m {
    [31m[1m>[22m[39m[90m 
77 |[39m       setLoadingScor
es([36mtrue[39m)[33m;[39m
     [90m    |[39m       
[31m[1m^[22m[39m
     [90m 78 |[39m       
[36mconst[39m response 
[33m=[39m [36mawait[39m ap
iClient[33m.[39mgetAllScores
(token)[33m;[39m
     [90m 79 |[39m       
     [90m 80 |[39m       
[36mif[39m (token) {[0m

      at node_modules/react-do
m/cjs/react-dom-client.develop
ment.js:18758:19
      at runWithFiberInDEV (no
de_modules/react-dom/cjs/react
-dom-client.development.js:874
:13)
      at warnIfUpdatesNotWrapp
edWithActDEV (node_modules/rea
ct-dom/cjs/react-dom-client.de
velopment.js:18757:9)
      at 
scheduleUpdateOnFiber (node_mo
dules/react-dom/cjs/react-dom-
client.development.js:16409:11
)
      at 
dispatchSetStateInternal (node
_modules/react-dom/cjs/react-d
om-client.development.js:9170:
13)
      at dispatchSetState (nod
e_modules/react-dom/cjs/react-
dom-client.development.js:9127
:7)
      at loadAllScores 
(src/app/final/page.tsx:77:7)
      at autoSubmitScore 
(src/app/final/page.tsx:65:13)

    console.error
      An update to 
FinalPageContent inside a 
test was not wrapped in 
act(...).
      
      When testing, code that 
causes React state updates 
should be wrapped into 
act(...):
      
      act(() => {
        /* fire events that 
update state */
      });
      /* assert on the output 
*/
      
      This ensures that 
you're testing the behavior 
the user would see in the 
browser. Learn more at https:/
/react.dev/link/wrap-tests-wit
h-act

    [0m [90m 83 |[39m      
 } [36melse[39m {
     [90m 84 |[39m         
[90m// Replace scores for 
initial load[39m
    [31m[1m>[22m[39m[90m 
85 |[39m         setAllScores
(response[33m.[39mscores)[3
3m;[39m
     [90m    |[39m         
[31m[1m^[22m[39m
     [90m 86 |[39m       }
     [90m 87 |[39m       
     [90m 88 |[39m       set
NextToken(response[33m.[39mn
extToken)[33m;[39m[0m

      at node_modules/react-do
m/cjs/react-dom-client.develop
ment.js:18758:19
      at runWithFiberInDEV (no
de_modules/react-dom/cjs/react
-dom-client.development.js:874
:13)
      at warnIfUpdatesNotWrapp
edWithActDEV (node_modules/rea
ct-dom/cjs/react-dom-client.de
velopment.js:18757:9)
      at 
scheduleUpdateOnFiber (node_mo
dules/react-dom/cjs/react-dom-
client.development.js:16409:11
)
      at 
dispatchSetStateInternal (node
_modules/react-dom/cjs/react-d
om-client.development.js:9170:
13)
      at dispatchSetState (nod
e_modules/react-dom/cjs/react-
dom-client.development.js:9127
:7)
      at loadAllScores 
(src/app/final/page.tsx:85:9)
      at autoSubmitScore 
(src/app/final/page.tsx:65:7)

    console.error
      An update to 
FinalPageContent inside a 
test was not wrapped in 
act(...).
      
      When testing, code that 
causes React state updates 
should be wrapped into 
act(...):
      
      act(() => {
        /* fire events that 
update state */
      });
      /* assert on the output 
*/
      
      This ensures that 
you're testing the behavior 
the user would see in the 
browser. Learn more at https:/
/react.dev/link/wrap-tests-wit
h-act

    [0m [90m 86 |[39m      
 }
     [90m 87 |[39m       
    [31m[1m>[22m[39m[90m 
88 |[39m       setNextToken(r
esponse[33m.[39mnextToken)[
33m;[39m
     [90m    |[39m       
[31m[1m^[22m[39m
     [90m 89 |[39m       set
HasMoreScores(response[33m.[
39mhasMore)[33m;[39m
     [90m 90 |[39m     } 
[36mcatch[39m (error) {
     [90m 91 |[39m       con
sole[33m.[39merror([32m'Fai
led to load 
scores:'[39m[33m,[39m 
error)[33m;[39m[0m

      at node_modules/react-do
m/cjs/react-dom-client.develop
ment.js:18758:19
      at runWithFiberInDEV (no
de_modules/react-dom/cjs/react
-dom-client.development.js:874
:13)
      at warnIfUpdatesNotWrapp
edWithActDEV (node_modules/rea
ct-dom/cjs/react-dom-client.de
velopment.js:18757:9)
      at 
scheduleUpdateOnFiber (node_mo
dules/react-dom/cjs/react-dom-
client.development.js:16409:11
)
      at 
dispatchSetStateInternal (node
_modules/react-dom/cjs/react-d
om-client.development.js:9170:
13)
      at dispatchSetState (nod
e_modules/react-dom/cjs/react-
dom-client.development.js:9127
:7)
      at loadAllScores 
(src/app/final/page.tsx:88:7)
      at autoSubmitScore 
(src/app/final/page.tsx:65:7)

    console.error
      An update to 
FinalPageContent inside a 
test was not wrapped in 
act(...).
      
      When testing, code that 
causes React state updates 
should be wrapped into 
act(...):
      
      act(() => {
        /* fire events that 
update state */
      });
      /* assert on the output 
*/
      
      This ensures that 
you're testing the behavior 
the user would see in the 
browser. Learn more at https:/
/react.dev/link/wrap-tests-wit
h-act

    [0m [90m 87 |[39m      
 
     [90m 88 |[39m       set
NextToken(response[33m.[39mn
extToken)[33m;[39m
    [31m[1m>[22m[39m[90m 
89 |[39m       setHasMoreScor
es(response[33m.[39mhasMore)
[33m;[39m
     [90m    |[39m       
[31m[1m^[22m[39m
     [90m 90 |[39m     } 
[36mcatch[39m (error) {
     [90m 91 |[39m       con
sole[33m.[39merror([32m'Fai
led to load 
scores:'[39m[33m,[39m 
error)[33m;[39m
     [90m 92 |[39m       
setSubmitError([32m'Falha ao 
carregar leaderboard.'[39m)[
33m;[39m[0m

      at node_modules/react-do
m/cjs/react-dom-client.develop
ment.js:18758:19
      at runWithFiberInDEV (no
de_modules/react-dom/cjs/react
-dom-client.development.js:874
:13)
      at warnIfUpdatesNotWrapp
edWithActDEV (node_modules/rea
ct-dom/cjs/react-dom-client.de
velopment.js:18757:9)
      at 
scheduleUpdateOnFiber (node_mo
dules/react-dom/cjs/react-dom-
client.development.js:16409:11
)
      at 
dispatchSetStateInternal (node
_modules/react-dom/cjs/react-d
om-client.development.js:9170:
13)
      at dispatchSetState (nod
e_modules/react-dom/cjs/react-
dom-client.development.js:9127
:7)
      at loadAllScores 
(src/app/final/page.tsx:89:7)
      at autoSubmitScore 
(src/app/final/page.tsx:65:7)

    console.error
      An update to 
FinalPageContent inside a 
test was not wrapped in 
act(...).
      
      When testing, code that 
causes React state updates 
should be wrapped into 
act(...):
      
      act(() => {
        /* fire events that 
update state */
      });
      /* assert on the output 
*/
      
      This ensures that 
you're testing the behavior 
the user would see in the 
browser. Learn more at https:/
/react.dev/link/wrap-tests-wit
h-act

    [0m [90m 92 |[39m      
 setSubmitError([32m'Falha 
ao carregar 
leaderboard.'[39m)[33m;[39m
     [90m 93 |[39m     } 
[36mfinally[39m {
    [31m[1m>[22m[39m[90m 
94 |[39m       setLoadingScor
es([36mfalse[39m)[33m;[39m
     [90m    |[39m       
[31m[1m^[22m[39m
     [90m 95 |[39m     }
     [90m 96 |[39m   
}[33m;[39m
     [90m 97 |[39m[0m

      at node_modules/react-do
m/cjs/react-dom-client.develop
ment.js:18758:19
      at runWithFiberInDEV (no
de_modules/react-dom/cjs/react
-dom-client.development.js:874
:13)
      at warnIfUpdatesNotWrapp
edWithActDEV (node_modules/rea
ct-dom/cjs/react-dom-client.de
velopment.js:18757:9)
      at 
scheduleUpdateOnFiber (node_mo
dules/react-dom/cjs/react-dom-
client.development.js:16409:11
)
      at 
dispatchSetStateInternal (node
_modules/react-dom/cjs/react-d
om-client.development.js:9170:
13)
      at dispatchSetState (nod
e_modules/react-dom/cjs/react-
dom-client.development.js:9127
:7)
      at loadAllScores 
(src/app/final/page.tsx:94:7)
      at autoSubmitScore 
(src/app/final/page.tsx:65:7)

    console.error
      An update to 
FinalPageContent inside a 
test was not wrapped in 
act(...).
      
      When testing, code that 
causes React state updates 
should be wrapped into 
act(...):
      
      act(() => {
        /* fire events that 
update state */
      });
      /* assert on the output 
*/
      
      This ensures that 
you're testing the behavior 
the user would see in the 
browser. Learn more at https:/
/react.dev/link/wrap-tests-wit
h-act

    [0m [90m 69 |[39m      
 setSubmitError([32m'Falha 
ao enviar pontua├º├úo automati
camente.'[39m)[33m;[39m
     [90m 70 |[39m     } 
[36mfinally[39m {
    [31m[1m>[22m[39m[90m 
71 |[39m       setIsSubmittin
g([36mfalse[39m)[33m;[39m
     [90m    |[39m       
[31m[1m^[22m[39m
     [90m 72 |[39m     }
     [90m 73 |[39m   
}[33m;[39m
     [90m 74 |[39m[0m

      at node_modules/react-do
m/cjs/react-dom-client.develop
ment.js:18758:19
      at runWithFiberInDEV (no
de_modules/react-dom/cjs/react
-dom-client.development.js:874
:13)
      at warnIfUpdatesNotWrapp
edWithActDEV (node_modules/rea
ct-dom/cjs/react-dom-client.de
velopment.js:18757:9)
      at 
scheduleUpdateOnFiber (node_mo
dules/react-dom/cjs/react-dom-
client.development.js:16409:11
)
      at 
dispatchSetStateInternal (node
_modules/react-dom/cjs/react-d
om-client.development.js:9170:
13)
      at dispatchSetState (nod
e_modules/react-dom/cjs/react-
dom-client.development.js:9127
:7)
      at autoSubmitScore 
(src/app/final/page.tsx:71:7)

    console.error
      Failed to load 
leaderboard: Error: Network 
error
          at 
Object.<anonymous> (C:\Code\Pe
rsonal\jogos\OCaminhoAssombrad
oDaEscola\src\test\integration
\game-flow.test.tsx:403:54)
          at 
Promise.finally.completed (C:\
Code\Personal\jogos\OCaminhoAs
sombradoDaEscola\node_modules\
jest-circus\build\jestAdapterI
nit.js:1557:28)
          at new Promise 
(<anonymous>)
          at 
callAsyncCircusFn (C:\Code\Per
sonal\jogos\OCaminhoAssombrado
DaEscola\node_modules\jest-cir
cus\build\jestAdapterInit.js:1
497:10)
          at _callCircusTest (
C:\Code\Personal\jogos\OCaminh
oAssombradoDaEscola\node_modul
es\jest-circus\build\jestAdapt
erInit.js:1007:40)
          at _runTest (C:\Code
\Personal\jogos\OCaminhoAssomb
radoDaEscola\node_modules\jest
-circus\build\jestAdapterInit.
js:947:3)
          at C:\Code\Personal\
jogos\OCaminhoAssombradoDaEsco
la\node_modules\jest-circus\bu
ild\jestAdapterInit.js:849:7
          at 
_runTestsForDescribeBlock (C:\
Code\Personal\jogos\OCaminhoAs
sombradoDaEscola\node_modules\
jest-circus\build\jestAdapterI
nit.js:862:11)
          at 
_runTestsForDescribeBlock (C:\
Code\Personal\jogos\OCaminhoAs
sombradoDaEscola\node_modules\
jest-circus\build\jestAdapterI
nit.js:857:11)
          at 
_runTestsForDescribeBlock (C:\
Code\Personal\jogos\OCaminhoAs
sombradoDaEscola\node_modules\
jest-circus\build\jestAdapterI
nit.js:857:11)
          at run (C:\Code\Pers
onal\jogos\OCaminhoAssombradoD
aEscola\node_modules\jest-circ
us\build\jestAdapterInit.js:76
1:3)
          at runAndTransformRe
sultsToJestFormat (C:\Code\Per
sonal\jogos\OCaminhoAssombrado
DaEscola\node_modules\jest-cir
cus\build\jestAdapterInit.js:1
918:21)
          at jestAdapter (C:\C
ode\Personal\jogos\OCaminhoAss
ombradoDaEscola\node_modules\j
est-circus\build\runner.js:101
:19)
          at runTestInternal (
C:\Code\Personal\jogos\OCaminh
oAssombradoDaEscola\node_modul
es\jest-runner\build\testWorke
r.js:275:16)
          at runTest (C:\Code\
Personal\jogos\OCaminhoAssombr
adoDaEscola\node_modules\jest-
runner\build\testWorker.js:343
:7)
          at Object.worker (C:
\Code\Personal\jogos\OCaminhoA
ssombradoDaEscola\node_modules
\jest-runner\build\testWorker.
js:497:12)

    [0m [90m 20 |[39m      
 } [36mcatch[39m (err) {
     [90m 21 |[39m         
setError([32m'Erro ao 
carregar o leaderboard. Tente 
novamente mais 
tarde.'[39m)[33m;[39m
    [31m[1m>[22m[39m[90m 
22 |[39m         console[33m
.[39merror([32m'Failed to 
load 
leaderboard:'[39m[33m,[39m 
err)[33m;[39m
     [90m    |[39m          
       [31m[1m^[22m[39m
     [90m 23 |[39m       } 
[36mfinally[39m {
     [90m 24 |[39m         s
etLoading([36mfalse[39m)[33
m;[39m
     [90m 25 |[39m       
}[0m

      at fetchLeaderboard 
(src/app/page.tsx:22:17)

    console.log
      Auto-submitting score: {
        firstName: 'Ana',
        lastName: 'Costa',
        score: 4500,
        character: 'girl',
        weapon: 'baseball',
        difficulty: 'hard'
      }

      at autoSubmitScore 
(src/app/final/page.tsx:60:15)

    console.log
      Auto-submitting score: {
        firstName: 'Error',
        lastName: 'Test',
        score: 1000,
        character: 'boy',
        weapon: 'katana',
        difficulty: 'easy'
      }

      at autoSubmitScore 
(src/app/final/page.tsx:60:15)

    console.error
      Failed to auto-submit 
score: Error: Submission 
failed
          at 
Object.<anonymous> (C:\Code\Pe
rsonal\jogos\OCaminhoAssombrad
oDaEscola\src\test\integration
\game-flow.test.tsx:480:51)
          at 
Promise.finally.completed (C:\
Code\Personal\jogos\OCaminhoAs
sombradoDaEscola\node_modules\
jest-circus\build\jestAdapterI
nit.js:1557:28)
          at new Promise 
(<anonymous>)
          at 
callAsyncCircusFn (C:\Code\Per
sonal\jogos\OCaminhoAssombrado
DaEscola\node_modules\jest-cir
cus\build\jestAdapterInit.js:1
497:10)
          at _callCircusTest (
C:\Code\Personal\jogos\OCaminh
oAssombradoDaEscola\node_modul
es\jest-circus\build\jestAdapt
erInit.js:1007:40)
          at _runTest (C:\Code
\Personal\jogos\OCaminhoAssomb
radoDaEscola\node_modules\jest
-circus\build\jestAdapterInit.
js:947:3)
          at C:\Code\Personal\
jogos\OCaminhoAssombradoDaEsco
la\node_modules\jest-circus\bu
ild\jestAdapterInit.js:849:7
          at 
_runTestsForDescribeBlock (C:\
Code\Personal\jogos\OCaminhoAs
sombradoDaEscola\node_modules\
jest-circus\build\jestAdapterI
nit.js:862:11)
          at 
_runTestsForDescribeBlock (C:\
Code\Personal\jogos\OCaminhoAs
sombradoDaEscola\node_modules\
jest-circus\build\jestAdapterI
nit.js:857:11)
          at 
_runTestsForDescribeBlock (C:\
Code\Personal\jogos\OCaminhoAs
sombradoDaEscola\node_modules\
jest-circus\build\jestAdapterI
nit.js:857:11)
          at run (C:\Code\Pers
onal\jogos\OCaminhoAssombradoD
aEscola\node_modules\jest-circ
us\build\jestAdapterInit.js:76
1:3)
          at runAndTransformRe
sultsToJestFormat (C:\Code\Per
sonal\jogos\OCaminhoAssombrado
DaEscola\node_modules\jest-cir
cus\build\jestAdapterInit.js:1
918:21)
          at jestAdapter (C:\C
ode\Personal\jogos\OCaminhoAss
ombradoDaEscola\node_modules\j
est-circus\build\runner.js:101
:19)
          at runTestInternal (
C:\Code\Personal\jogos\OCaminh
oAssombradoDaEscola\node_modul
es\jest-runner\build\testWorke
r.js:275:16)
          at runTest (C:\Code\
Personal\jogos\OCaminhoAssombr
adoDaEscola\node_modules\jest-
runner\build\testWorker.js:343
:7)
          at Object.worker (C:
\Code\Personal\jogos\OCaminhoA
ssombradoDaEscola\node_modules
\jest-runner\build\testWorker.
js:497:12)

    [0m [90m 66 |[39m      
 
     [90m 67 |[39m     } 
[36mcatch[39m (error) {
    [31m[1m>[22m[39m[90m 
68 |[39m       console[33m.
[39merror([32m'Failed to 
auto-submit 
score:'[39m[33m,[39m 
error)[33m;[39m
     [90m    |[39m          
     [31m[1m^[22m[39m
     [90m 69 |[39m       
setSubmitError([32m'Falha ao 
enviar pontua├º├úo automaticam
ente.'[39m)[33m;[39m
     [90m 70 |[39m     } 
[36mfinally[39m {
     [90m 71 |[39m       set
IsSubmitting([36mfalse[39m)
[33m;[39m[0m

      at autoSubmitScore 
(src/app/final/page.tsx:68:15)

    console.log
      Auto-submitting score: {
        firstName: 'Test',
        lastName: 'User',
        score: 800,
        character: 'boy',
        weapon: 'katana',
        difficulty: 'easy'
      }

      at autoSubmitScore 
(src/app/final/page.tsx:60:15)

  ÔùÅ Game Flow Integration 
Tests ÔÇ║ Complete Game Flow 
- Happy Path ÔÇ║ should 
complete full game flow from 
home to results

    expect(jest.fn()).toHaveBe
enCalledWith(...expected)

    Expected: "/jogar"
    Received
           1: "/personagem"
           2: "/arma"
           3: "/dificuldade"

    Number of calls: 4

    [0m [90m 204 |[39m
     [90m 205 |[39m       ex
pect(mockStoreActions[33m.[3
9msetDifficulty)[33m.[39mtoH
aveBeenCalledWith([32m'easy'
[39m)[33m;[39m
    [31m[1m>[22m[39m[90m 
206 |[39m       expect(mockPu
sh)[33m.[39mtoHaveBeenCalled
With([32m'/jogar'[39m)[33m;
[39m
     [90m     |[39m         
               
[31m[1m^[22m[39m
     [90m 207 |[39m
     [90m 208 |[39m       
[90m// Step 6: Game 
completion and results[39m
     [90m 209 |[39m       mo
ckUseGameStore[33m.[39mmockR
eturnValue({[0m

      at Object.<anonymous> (s
rc/test/integration/game-flow.
test.tsx:206:24)

PASS src/game/utils/__tests__/
AudioManager.test.ts
  ÔùÅ Console

    console.log
      Loading real background 
ambient music...

      at AudioManager.loadBack
groundMusic (src/game/utils/Au
dioManager.ts:63:15)

    console.log
      Loading real audio file 
for: jump

      at src/game/utils/AudioM
anager.ts:112:17
          at Array.forEach 
(<anonymous>)

    console.log
      Loading real audio file 
for: damage

      at src/game/utils/AudioM
anager.ts:112:17
          at Array.forEach 
(<anonymous>)

    console.log
      Loading real audio file 
for: item_collect

      at src/game/utils/AudioM
anager.ts:112:17
          at Array.forEach 
(<anonymous>)

    console.log
      Loading real audio file 
for: slash

      at src/game/utils/AudioM
anager.ts:112:17
          at Array.forEach 
(<anonymous>)

    console.log
      Loading real audio file 
for: laser

      at src/game/utils/AudioM
anager.ts:112:17
          at Array.forEach 
(<anonymous>)

    console.log
      Loading real audio file 
for: explosion

      at src/game/utils/AudioM
anager.ts:112:17
          at Array.forEach 
(<anonymous>)

    console.log
      AudioManager 
initialized successfully

      at 
AudioManager.initialize (src/g
ame/utils/AudioManager.ts:50:1
5)

    console.log
      Loading real background 
ambient music...

      at AudioManager.loadBack
groundMusic (src/game/utils/Au
dioManager.ts:63:15)

    console.log
      Loading real audio file 
for: jump

      at src/game/utils/AudioM
anager.ts:112:17
          at Array.forEach 
(<anonymous>)

    console.log
      Loading real audio file 
for: damage

      at src/game/utils/AudioM
anager.ts:112:17
          at Array.forEach 
(<anonymous>)

    console.log
      Loading real audio file 
for: item_collect

      at src/game/utils/AudioM
anager.ts:112:17
          at Array.forEach 
(<anonymous>)

    console.log
      Loading real audio file 
for: slash

      at src/game/utils/AudioM
anager.ts:112:17
          at Array.forEach 
(<anonymous>)

    console.log
      Loading real audio file 
for: laser

      at src/game/utils/AudioM
anager.ts:112:17
          at Array.forEach 
(<anonymous>)

    console.log
      Loading real audio file 
for: explosion

      at src/game/utils/AudioM
anager.ts:112:17
          at Array.forEach 
(<anonymous>)

    console.log
      AudioManager 
initialized successfully

      at 
AudioManager.initialize (src/g
ame/utils/AudioManager.ts:50:1
5)

    console.log
      Loading real background 
ambient music...

      at AudioManager.loadBack
groundMusic (src/game/utils/Au
dioManager.ts:63:15)

    console.log
      Loading real audio file 
for: jump

      at src/game/utils/AudioM
anager.ts:112:17
          at Array.forEach 
(<anonymous>)

    console.log
      Loading real audio file 
for: damage

      at src/game/utils/AudioM
anager.ts:112:17
          at Array.forEach 
(<anonymous>)

    console.log
      Loading real audio file 
for: item_collect

      at src/game/utils/AudioM
anager.ts:112:17
          at Array.forEach 
(<anonymous>)

    console.log
      Loading real audio file 
for: slash

      at src/game/utils/AudioM
anager.ts:112:17
          at Array.forEach 
(<anonymous>)

    console.log
      Loading real audio file 
for: laser

      at src/game/utils/AudioM
anager.ts:112:17
          at Array.forEach 
(<anonymous>)

    console.log
      Loading real audio file 
for: explosion

      at src/game/utils/AudioM
anager.ts:112:17
          at Array.forEach 
(<anonymous>)

    console.log
      AudioManager 
initialized successfully

      at 
AudioManager.initialize (src/g
ame/utils/AudioManager.ts:50:1
5)

    console.log
      Loading real background 
ambient music...

      at AudioManager.loadBack
groundMusic (src/game/utils/Au
dioManager.ts:63:15)

    console.log
      Loading real audio file 
for: jump

      at src/game/utils/AudioM
anager.ts:112:17
          at Array.forEach 
(<anonymous>)

    console.log
      Loading real audio file 
for: damage

      at src/game/utils/AudioM
anager.ts:112:17
          at Array.forEach 
(<anonymous>)

    console.log
      Loading real audio file 
for: item_collect

      at src/game/utils/AudioM
anager.ts:112:17
          at Array.forEach 
(<anonymous>)

    console.log
      Loading real audio file 
for: slash

      at src/game/utils/AudioM
anager.ts:112:17
          at Array.forEach 
(<anonymous>)

    console.log
      Loading real audio file 
for: laser

      at src/game/utils/AudioM
anager.ts:112:17
          at Array.forEach 
(<anonymous>)

    console.log
      Loading real audio file 
for: explosion

      at src/game/utils/AudioM
anager.ts:112:17
          at Array.forEach 
(<anonymous>)

    console.log
      AudioManager 
initialized successfully

      at 
AudioManager.initialize (src/g
ame/utils/AudioManager.ts:50:1
5)

    console.log
      Loading real background 
ambient music...

      at AudioManager.loadBack
groundMusic (src/game/utils/Au
dioManager.ts:63:15)

    console.log
      Loading real audio file 
for: jump

      at src/game/utils/AudioM
anager.ts:112:17
          at Array.forEach 
(<anonymous>)

    console.log
      Loading real audio file 
for: damage

      at src/game/utils/AudioM
anager.ts:112:17
          at Array.forEach 
(<anonymous>)

    console.log
      Loading real audio file 
for: item_collect

      at src/game/utils/AudioM
anager.ts:112:17
          at Array.forEach 
(<anonymous>)

    console.log
      Loading real audio file 
for: slash

      at src/game/utils/AudioM
anager.ts:112:17
          at Array.forEach 
(<anonymous>)

    console.log
      Loading real audio file 
for: laser

      at src/game/utils/AudioM
anager.ts:112:17
          at Array.forEach 
(<anonymous>)

    console.log
      Loading real audio file 
for: explosion

      at src/game/utils/AudioM
anager.ts:112:17
          at Array.forEach 
(<anonymous>)

    console.log
      AudioManager 
initialized successfully

      at 
AudioManager.initialize (src/g
ame/utils/AudioManager.ts:50:1
5)

    console.log
      Loading real background 
ambient music...

      at AudioManager.loadBack
groundMusic (src/game/utils/Au
dioManager.ts:63:15)

    console.log
      Loading real audio file 
for: jump

      at src/game/utils/AudioM
anager.ts:112:17
          at Array.forEach 
(<anonymous>)

    console.log
      Loading real audio file 
for: damage

      at src/game/utils/AudioM
anager.ts:112:17
          at Array.forEach 
(<anonymous>)

    console.log
      Loading real audio file 
for: item_collect

      at src/game/utils/AudioM
anager.ts:112:17
          at Array.forEach 
(<anonymous>)

    console.log
      Loading real audio file 
for: slash

      at src/game/utils/AudioM
anager.ts:112:17
          at Array.forEach 
(<anonymous>)

    console.log
      Loading real audio file 
for: laser

      at src/game/utils/AudioM
anager.ts:112:17
          at Array.forEach 
(<anonymous>)

    console.log
      Loading real audio file 
for: explosion

      at src/game/utils/AudioM
anager.ts:112:17
          at Array.forEach 
(<anonymous>)

    console.log
      AudioManager 
initialized successfully

      at 
AudioManager.initialize (src/g
ame/utils/AudioManager.ts:50:1
5)

    console.log
      Loading real background 
ambient music...

      at AudioManager.loadBack
groundMusic (src/game/utils/Au
dioManager.ts:63:15)

    console.log
      Loading real audio file 
for: jump

      at src/game/utils/AudioM
anager.ts:112:17
          at Array.forEach 
(<anonymous>)

    console.log
      Loading real audio file 
for: damage

      at src/game/utils/AudioM
anager.ts:112:17
          at Array.forEach 
(<anonymous>)

    console.log
      Loading real audio file 
for: item_collect

      at src/game/utils/AudioM
anager.ts:112:17
          at Array.forEach 
(<anonymous>)

    console.log
      Loading real audio file 
for: slash

      at src/game/utils/AudioM
anager.ts:112:17
          at Array.forEach 
(<anonymous>)

    console.log
      Loading real audio file 
for: laser

      at src/game/utils/AudioM
anager.ts:112:17
          at Array.forEach 
(<anonymous>)

    console.log
      Loading real audio file 
for: explosion

      at src/game/utils/AudioM
anager.ts:112:17
          at Array.forEach 
(<anonymous>)

    console.log
      AudioManager 
initialized successfully

      at 
AudioManager.initialize (src/g
ame/utils/AudioManager.ts:50:1
5)

    console.log
      Loading real background 
ambient music...

      at AudioManager.loadBack
groundMusic (src/game/utils/Au
dioManager.ts:63:15)

    console.log
      Loading real audio file 
for: jump

      at src/game/utils/AudioM
anager.ts:112:17
          at Array.forEach 
(<anonymous>)

    console.log
      Loading real audio file 
for: damage

      at src/game/utils/AudioM
anager.ts:112:17
          at Array.forEach 
(<anonymous>)

    console.log
      Loading real audio file 
for: item_collect

      at src/game/utils/AudioM
anager.ts:112:17
          at Array.forEach 
(<anonymous>)

    console.log
      Loading real audio file 
for: slash

      at src/game/utils/AudioM
anager.ts:112:17
          at Array.forEach 
(<anonymous>)

    console.log
      Loading real audio file 
for: laser

      at src/game/utils/AudioM
anager.ts:112:17
          at Array.forEach 
(<anonymous>)

    console.log
      Loading real audio file 
for: explosion

      at src/game/utils/AudioM
anager.ts:112:17
          at Array.forEach 
(<anonymous>)

    console.log
      AudioManager 
initialized successfully

      at 
AudioManager.initialize (src/g
ame/utils/AudioManager.ts:50:1
5)

    console.log
      Loading real background 
ambient music...

      at AudioManager.loadBack
groundMusic (src/game/utils/Au
dioManager.ts:63:15)

    console.log
      Loading real audio file 
for: jump

      at src/game/utils/AudioM
anager.ts:112:17
          at Array.forEach 
(<anonymous>)

    console.log
      Loading real audio file 
for: damage

      at src/game/utils/AudioM
anager.ts:112:17
          at Array.forEach 
(<anonymous>)

    console.log
      Loading real audio file 
for: item_collect

      at src/game/utils/AudioM
anager.ts:112:17
          at Array.forEach 
(<anonymous>)

    console.log
      Loading real audio file 
for: slash

      at src/game/utils/AudioM
anager.ts:112:17
          at Array.forEach 
(<anonymous>)

    console.log
      Loading real audio file 
for: laser

      at src/game/utils/AudioM
anager.ts:112:17
          at Array.forEach 
(<anonymous>)

    console.log
      Loading real audio file 
for: explosion

      at src/game/utils/AudioM
anager.ts:112:17
          at Array.forEach 
(<anonymous>)

    console.log
      AudioManager 
initialized successfully

      at 
AudioManager.initialize (src/g
ame/utils/AudioManager.ts:50:1
5)

    console.log
      Loading real background 
ambient music...

      at AudioManager.loadBack
groundMusic (src/game/utils/Au
dioManager.ts:63:15)

    console.log
      Loading real audio file 
for: jump

      at src/game/utils/AudioM
anager.ts:112:17
          at Array.forEach 
(<anonymous>)

    console.log
      Loading real audio file 
for: damage

      at src/game/utils/AudioM
anager.ts:112:17
          at Array.forEach 
(<anonymous>)

    console.log
      Loading real audio file 
for: item_collect

      at src/game/utils/AudioM
anager.ts:112:17
          at Array.forEach 
(<anonymous>)

    console.log
      Loading real audio file 
for: slash

      at src/game/utils/AudioM
anager.ts:112:17
          at Array.forEach 
(<anonymous>)

    console.log
      Loading real audio file 
for: laser

      at src/game/utils/AudioM
anager.ts:112:17
          at Array.forEach 
(<anonymous>)

    console.log
      Loading real audio file 
for: explosion

      at src/game/utils/AudioM
anager.ts:112:17
          at Array.forEach 
(<anonymous>)

    console.log
      AudioManager 
initialized successfully

      at 
AudioManager.initialize (src/g
ame/utils/AudioManager.ts:50:1
5)

    console.log
      Loading real background 
ambient music...

      at AudioManager.loadBack
groundMusic (src/game/utils/Au
dioManager.ts:63:15)

    console.log
      Loading real audio file 
for: jump

      at src/game/utils/AudioM
anager.ts:112:17
          at Array.forEach 
(<anonymous>)

    console.log
      Loading real audio file 
for: damage

      at src/game/utils/AudioM
anager.ts:112:17
          at Array.forEach 
(<anonymous>)

    console.log
      Loading real audio file 
for: item_collect

      at src/game/utils/AudioM
anager.ts:112:17
          at Array.forEach 
(<anonymous>)

    console.log
      Loading real audio file 
for: slash

      at src/game/utils/AudioM
anager.ts:112:17
          at Array.forEach 
(<anonymous>)

    console.log
      Loading real audio file 
for: laser

      at src/game/utils/AudioM
anager.ts:112:17
          at Array.forEach 
(<anonymous>)

    console.log
      Loading real audio file 
for: explosion

      at src/game/utils/AudioM
anager.ts:112:17
          at Array.forEach 
(<anonymous>)

    console.log
      AudioManager 
initialized successfully

      at 
AudioManager.initialize (src/g
ame/utils/AudioManager.ts:50:1
5)

    console.log
      Loading real background 
ambient music...

      at AudioManager.loadBack
groundMusic (src/game/utils/Au
dioManager.ts:63:15)

    console.log
      Loading real audio file 
for: jump

      at src/game/utils/AudioM
anager.ts:112:17
          at Array.forEach 
(<anonymous>)

    console.log
      Loading real audio file 
for: damage

      at src/game/utils/AudioM
anager.ts:112:17
          at Array.forEach 
(<anonymous>)

    console.log
      Loading real audio file 
for: item_collect

      at src/game/utils/AudioM
anager.ts:112:17
          at Array.forEach 
(<anonymous>)

    console.log
      Loading real audio file 
for: slash

      at src/game/utils/AudioM
anager.ts:112:17
          at Array.forEach 
(<anonymous>)

    console.log
      Loading real audio file 
for: laser

      at src/game/utils/AudioM
anager.ts:112:17
          at Array.forEach 
(<anonymous>)

    console.log
      Loading real audio file 
for: explosion

      at src/game/utils/AudioM
anager.ts:112:17
          at Array.forEach 
(<anonymous>)

    console.log
      AudioManager 
initialized successfully

      at 
AudioManager.initialize (src/g
ame/utils/AudioManager.ts:50:1
5)

    console.log
      Audio muted

      at AudioManager.mute (sr
c/game/utils/AudioManager.ts:3
27:13)

    console.log
      Audio unmuted

      at AudioManager.unmute (
src/game/utils/AudioManager.ts
:336:13)

    console.log
      Loading real background 
ambient music...

      at AudioManager.loadBack
groundMusic (src/game/utils/Au
dioManager.ts:63:15)

    console.log
      Loading real audio file 
for: jump

      at src/game/utils/AudioM
anager.ts:112:17
          at Array.forEach 
(<anonymous>)

    console.log
      Loading real audio file 
for: damage

      at src/game/utils/AudioM
anager.ts:112:17
          at Array.forEach 
(<anonymous>)

    console.log
      Loading real audio file 
for: item_collect

      at src/game/utils/AudioM
anager.ts:112:17
          at Array.forEach 
(<anonymous>)

    console.log
      Loading real audio file 
for: slash

      at src/game/utils/AudioM
anager.ts:112:17
          at Array.forEach 
(<anonymous>)

    console.log
      Loading real audio file 
for: laser

      at src/game/utils/AudioM
anager.ts:112:17
          at Array.forEach 
(<anonymous>)

    console.log
      Loading real audio file 
for: explosion

      at src/game/utils/AudioM
anager.ts:112:17
          at Array.forEach 
(<anonymous>)

    console.log
      AudioManager 
initialized successfully

      at 
AudioManager.initialize (src/g
ame/utils/AudioManager.ts:50:1
5)

    console.log
      Loading real background 
ambient music...

      at AudioManager.loadBack
groundMusic (src/game/utils/Au
dioManager.ts:63:15)

    console.log
      Loading real audio file 
for: jump

      at src/game/utils/AudioM
anager.ts:112:17
          at Array.forEach 
(<anonymous>)

    console.log
      Loading real audio file 
for: damage

      at src/game/utils/AudioM
anager.ts:112:17
          at Array.forEach 
(<anonymous>)

    console.log
      Loading real audio file 
for: item_collect

      at src/game/utils/AudioM
anager.ts:112:17
          at Array.forEach 
(<anonymous>)

    console.log
      Loading real audio file 
for: slash

      at src/game/utils/AudioM
anager.ts:112:17
          at Array.forEach 
(<anonymous>)

    console.log
      Loading real audio file 
for: laser

      at src/game/utils/AudioM
anager.ts:112:17
          at Array.forEach 
(<anonymous>)

    console.log
      Loading real audio file 
for: explosion

      at src/game/utils/AudioM
anager.ts:112:17
          at Array.forEach 
(<anonymous>)

    console.log
      AudioManager 
initialized successfully

      at 
AudioManager.initialize (src/g
ame/utils/AudioManager.ts:50:1
5)

PASS 
src/test/audioStore.test.ts
FAIL src/game/entities/__tests
__/EnemyBehavior.test.ts
  ÔùÅ Enemy Behavior ÔÇ║ 
BaseEnemy ÔÇ║ should 
initialize with correct 
properties

    TypeError: Right-hand 
side of 'instanceof' is not 
an object

    [0m [90m 26 |[39m     
     [90m 27 |[39m     
[90m// Configure physics 
body[39m
    [31m[1m>[22m[39m[90m 
28 |[39m     [36mif[39m ([
36mthis[39m[33m.[39mbody 
[36minstanceof[39m [33mPhas
er[39m[33m.[39m[33mPhysics
[39m[33m.[39m[33mArcade[3
9m[33m.[39m[33mBody[39m) {
     [90m    |[39m          
        [31m[1m^[22m[39m
     [90m 29 |[39m       [3
6mthis[39m[33m.[39mbody[33
m.[39msetCollideWorldBounds(
[36mtrue[39m)[33m;[39m
     [90m 30 |[39m       [3
6mthis[39m[33m.[39mbody[33
m.[39msetSize([35m32[39m[3
3m,[39m 
[35m32[39m)[33m;[39m 
[90m// Default collision 
box[39m
     [90m 31 |[39m       
[0m

      at new BaseEnemy (src/ga
me/entities/Enemy.ts:28:18)
      at new TestEnemy (src/ga
me/entities/__tests__/EnemyBeh
avior.test.ts:71:5)
      at Object.<anonymous> (s
rc/game/entities/__tests__/Ene
myBehavior.test.ts:83:15)

  ÔùÅ Enemy Behavior ÔÇ║ 
BaseEnemy ÔÇ║ should 
configure physics body on 
creation

    TypeError: Right-hand 
side of 'instanceof' is not 
an object

    [0m [90m 26 |[39m     
     [90m 27 |[39m     
[90m// Configure physics 
body[39m
    [31m[1m>[22m[39m[90m 
28 |[39m     [36mif[39m ([
36mthis[39m[33m.[39mbody 
[36minstanceof[39m [33mPhas
er[39m[33m.[39m[33mPhysics
[39m[33m.[39m[33mArcade[3
9m[33m.[39m[33mBody[39m) {
     [90m    |[39m          
        [31m[1m^[22m[39m
     [90m 29 |[39m       [3
6mthis[39m[33m.[39mbody[33
m.[39msetCollideWorldBounds(
[36mtrue[39m)[33m;[39m
     [90m 30 |[39m       [3
6mthis[39m[33m.[39mbody[33
m.[39msetSize([35m32[39m[3
3m,[39m 
[35m32[39m)[33m;[39m 
[90m// Default collision 
box[39m
     [90m 31 |[39m       
[0m

      at new BaseEnemy (src/ga
me/entities/Enemy.ts:28:18)
      at new TestEnemy (src/ga
me/entities/__tests__/EnemyBeh
avior.test.ts:71:5)
      at Object.<anonymous> (s
rc/game/entities/__tests__/Ene
myBehavior.test.ts:83:15)

  ÔùÅ Enemy Behavior ÔÇ║ 
BaseEnemy ÔÇ║ should set 
gravity based on movement type

    TypeError: Right-hand 
side of 'instanceof' is not 
an object

    [0m [90m 26 |[39m     
     [90m 27 |[39m     
[90m// Configure physics 
body[39m
    [31m[1m>[22m[39m[90m 
28 |[39m     [36mif[39m ([
36mthis[39m[33m.[39mbody 
[36minstanceof[39m [33mPhas
er[39m[33m.[39m[33mPhysics
[39m[33m.[39m[33mArcade[3
9m[33m.[39m[33mBody[39m) {
     [90m    |[39m          
        [31m[1m^[22m[39m
     [90m 29 |[39m       [3
6mthis[39m[33m.[39mbody[33
m.[39msetCollideWorldBounds(
[36mtrue[39m)[33m;[39m
     [90m 30 |[39m       [3
6mthis[39m[33m.[39mbody[33
m.[39msetSize([35m32[39m[3
3m,[39m 
[35m32[39m)[33m;[39m 
[90m// Default collision 
box[39m
     [90m 31 |[39m       
[0m

      at new BaseEnemy (src/ga
me/entities/Enemy.ts:28:18)
      at new TestEnemy (src/ga
me/entities/__tests__/EnemyBeh
avior.test.ts:71:5)
      at Object.<anonymous> (s
rc/game/entities/__tests__/Ene
myBehavior.test.ts:83:15)

  ÔùÅ Enemy Behavior ÔÇ║ 
BaseEnemy ÔÇ║ should handle 
collision correctly

    TypeError: Right-hand 
side of 'instanceof' is not 
an object

    [0m [90m 26 |[39m     
     [90m 27 |[39m     
[90m// Configure physics 
body[39m
    [31m[1m>[22m[39m[90m 
28 |[39m     [36mif[39m ([
36mthis[39m[33m.[39mbody 
[36minstanceof[39m [33mPhas
er[39m[33m.[39m[33mPhysics
[39m[33m.[39m[33mArcade[3
9m[33m.[39m[33mBody[39m) {
     [90m    |[39m          
        [31m[1m^[22m[39m
     [90m 29 |[39m       [3
6mthis[39m[33m.[39mbody[33
m.[39msetCollideWorldBounds(
[36mtrue[39m)[33m;[39m
     [90m 30 |[39m       [3
6mthis[39m[33m.[39mbody[33
m.[39msetSize([35m32[39m[3
3m,[39m 
[35m32[39m)[33m;[39m 
[90m// Default collision 
box[39m
     [90m 31 |[39m       
[0m

      at new BaseEnemy (src/ga
me/entities/Enemy.ts:28:18)
      at new TestEnemy (src/ga
me/entities/__tests__/EnemyBeh
avior.test.ts:71:5)
      at Object.<anonymous> (s
rc/game/entities/__tests__/Ene
myBehavior.test.ts:83:15)

  ÔùÅ Enemy Behavior ÔÇ║ 
BaseEnemy ÔÇ║ should update 
movement when alive

    TypeError: Right-hand 
side of 'instanceof' is not 
an object

    [0m [90m 26 |[39m     
     [90m 27 |[39m     
[90m// Configure physics 
body[39m
    [31m[1m>[22m[39m[90m 
28 |[39m     [36mif[39m ([
36mthis[39m[33m.[39mbody 
[36minstanceof[39m [33mPhas
er[39m[33m.[39m[33mPhysics
[39m[33m.[39m[33mArcade[3
9m[33m.[39m[33mBody[39m) {
     [90m    |[39m          
        [31m[1m^[22m[39m
     [90m 29 |[39m       [3
6mthis[39m[33m.[39mbody[33
m.[39msetCollideWorldBounds(
[36mtrue[39m)[33m;[39m
     [90m 30 |[39m       [3
6mthis[39m[33m.[39mbody[33
m.[39msetSize([35m32[39m[3
3m,[39m 
[35m32[39m)[33m;[39m 
[90m// Default collision 
box[39m
     [90m 31 |[39m       
[0m

      at new BaseEnemy (src/ga
me/entities/Enemy.ts:28:18)
      at new TestEnemy (src/ga
me/entities/__tests__/EnemyBeh
avior.test.ts:71:5)
      at Object.<anonymous> (s
rc/game/entities/__tests__/Ene
myBehavior.test.ts:83:15)

  ÔùÅ Enemy Behavior ÔÇ║ 
BaseEnemy ÔÇ║ should not 
update movement when dead

    TypeError: Right-hand 
side of 'instanceof' is not 
an object

    [0m [90m 26 |[39m     
     [90m 27 |[39m     
[90m// Configure physics 
body[39m
    [31m[1m>[22m[39m[90m 
28 |[39m     [36mif[39m ([
36mthis[39m[33m.[39mbody 
[36minstanceof[39m [33mPhas
er[39m[33m.[39m[33mPhysics
[39m[33m.[39m[33mArcade[3
9m[33m.[39m[33mBody[39m) {
     [90m    |[39m          
        [31m[1m^[22m[39m
     [90m 29 |[39m       [3
6mthis[39m[33m.[39mbody[33
m.[39msetCollideWorldBounds(
[36mtrue[39m)[33m;[39m
     [90m 30 |[39m       [3
6mthis[39m[33m.[39mbody[33
m.[39msetSize([35m32[39m[3
3m,[39m 
[35m32[39m)[33m;[39m 
[90m// Default collision 
box[39m
     [90m 31 |[39m       
[0m

      at new BaseEnemy (src/ga
me/entities/Enemy.ts:28:18)
      at new TestEnemy (src/ga
me/entities/__tests__/EnemyBeh
avior.test.ts:71:5)
      at Object.<anonymous> (s
rc/game/entities/__tests__/Ene
myBehavior.test.ts:83:15)

  ÔùÅ Enemy Behavior ÔÇ║ 
BaseEnemy ÔÇ║ should destroy 
when going off screen

    TypeError: Right-hand 
side of 'instanceof' is not 
an object

    [0m [90m 26 |[39m     
     [90m 27 |[39m     
[90m// Configure physics 
body[39m
    [31m[1m>[22m[39m[90m 
28 |[39m     [36mif[39m ([
36mthis[39m[33m.[39mbody 
[36minstanceof[39m [33mPhas
er[39m[33m.[39m[33mPhysics
[39m[33m.[39m[33mArcade[3
9m[33m.[39m[33mBody[39m) {
     [90m    |[39m          
        [31m[1m^[22m[39m
     [90m 29 |[39m       [3
6mthis[39m[33m.[39mbody[33
m.[39msetCollideWorldBounds(
[36mtrue[39m)[33m;[39m
     [90m 30 |[39m       [3
6mthis[39m[33m.[39mbody[33
m.[39msetSize([35m32[39m[3
3m,[39m 
[35m32[39m)[33m;[39m 
[90m// Default collision 
box[39m
     [90m 31 |[39m       
[0m

      at new BaseEnemy (src/ga
me/entities/Enemy.ts:28:18)
      at new TestEnemy (src/ga
me/entities/__tests__/EnemyBeh
avior.test.ts:71:5)
      at Object.<anonymous> (s
rc/game/entities/__tests__/Ene
myBehavior.test.ts:83:15)

  ÔùÅ Enemy Behavior ÔÇ║ 
BaseEnemy ÔÇ║ should set 
isAlive to false when 
destroyed

    TypeError: Right-hand 
side of 'instanceof' is not 
an object

    [0m [90m 26 |[39m     
     [90m 27 |[39m     
[90m// Configure physics 
body[39m
    [31m[1m>[22m[39m[90m 
28 |[39m     [36mif[39m ([
36mthis[39m[33m.[39mbody 
[36minstanceof[39m [33mPhas
er[39m[33m.[39m[33mPhysics
[39m[33m.[39m[33mArcade[3
9m[33m.[39m[33mBody[39m) {
     [90m    |[39m          
        [31m[1m^[22m[39m
     [90m 29 |[39m       [3
6mthis[39m[33m.[39mbody[33
m.[39msetCollideWorldBounds(
[36mtrue[39m)[33m;[39m
     [90m 30 |[39m       [3
6mthis[39m[33m.[39mbody[33
m.[39msetSize([35m32[39m[3
3m,[39m 
[35m32[39m)[33m;[39m 
[90m// Default collision 
box[39m
     [90m 31 |[39m       
[0m

      at new BaseEnemy (src/ga
me/entities/Enemy.ts:28:18)
      at new TestEnemy (src/ga
me/entities/__tests__/EnemyBeh
avior.test.ts:71:5)
      at Object.<anonymous> (s
rc/game/entities/__tests__/Ene
myBehavior.test.ts:83:15)

  ÔùÅ Enemy Behavior ÔÇ║ 
Ghost ÔÇ║ should have correct 
ghost specifications per 
requirement 4.1

    TypeError: Right-hand 
side of 'instanceof' is not 
an object

    [0m [90m 26 |[39m     
     [90m 27 |[39m     
[90m// Configure physics 
body[39m
    [31m[1m>[22m[39m[90m 
28 |[39m     [36mif[39m ([
36mthis[39m[33m.[39mbody 
[36minstanceof[39m [33mPhas
er[39m[33m.[39m[33mPhysics
[39m[33m.[39m[33mArcade[3
9m[33m.[39m[33mBody[39m) {
     [90m    |[39m          
        [31m[1m^[22m[39m
     [90m 29 |[39m       [3
6mthis[39m[33m.[39mbody[33
m.[39msetCollideWorldBounds(
[36mtrue[39m)[33m;[39m
     [90m 30 |[39m       [3
6mthis[39m[33m.[39mbody[33
m.[39msetSize([35m32[39m[3
3m,[39m 
[35m32[39m)[33m;[39m 
[90m// Default collision 
box[39m
     [90m 31 |[39m       
[0m

      at new BaseEnemy (src/ga
me/entities/Enemy.ts:28:18)
      at new Ghost (src/game/e
ntities/Ghost.ts:13:5)
      at Object.<anonymous> (s
rc/game/entities/__tests__/Ene
myBehavior.test.ts:150:15)

  ÔùÅ Enemy Behavior ÔÇ║ 
Ghost ÔÇ║ should configure 
physics for floating movement

    TypeError: Right-hand 
side of 'instanceof' is not 
an object

    [0m [90m 26 |[39m     
     [90m 27 |[39m     
[90m// Configure physics 
body[39m
    [31m[1m>[22m[39m[90m 
28 |[39m     [36mif[39m ([
36mthis[39m[33m.[39mbody 
[36minstanceof[39m [33mPhas
er[39m[33m.[39m[33mPhysics
[39m[33m.[39m[33mArcade[3
9m[33m.[39m[33mBody[39m) {
     [90m    |[39m          
        [31m[1m^[22m[39m
     [90m 29 |[39m       [3
6mthis[39m[33m.[39mbody[33
m.[39msetCollideWorldBounds(
[36mtrue[39m)[33m;[39m
     [90m 30 |[39m       [3
6mthis[39m[33m.[39mbody[33
m.[39msetSize([35m32[39m[3
3m,[39m 
[35m32[39m)[33m;[39m 
[90m// Default collision 
box[39m
     [90m 31 |[39m       
[0m

      at new BaseEnemy (src/ga
me/entities/Enemy.ts:28:18)
      at new Ghost (src/game/e
ntities/Ghost.ts:13:5)
      at Object.<anonymous> (s
rc/game/entities/__tests__/Ene
myBehavior.test.ts:150:15)

  ÔùÅ Enemy Behavior ÔÇ║ 
Ghost ÔÇ║ should move left 
with constant horizontal 
velocity

    TypeError: Right-hand 
side of 'instanceof' is not 
an object

    [0m [90m 26 |[39m     
     [90m 27 |[39m     
[90m// Configure physics 
body[39m
    [31m[1m>[22m[39m[90m 
28 |[39m     [36mif[39m ([
36mthis[39m[33m.[39mbody 
[36minstanceof[39m [33mPhas
er[39m[33m.[39m[33mPhysics
[39m[33m.[39m[33mArcade[3
9m[33m.[39m[33mBody[39m) {
     [90m    |[39m          
        [31m[1m^[22m[39m
     [90m 29 |[39m       [3
6mthis[39m[33m.[39mbody[33
m.[39msetCollideWorldBounds(
[36mtrue[39m)[33m;[39m
     [90m 30 |[39m       [3
6mthis[39m[33m.[39mbody[33
m.[39msetSize([35m32[39m[3
3m,[39m 
[35m32[39m)[33m;[39m 
[90m// Default collision 
box[39m
     [90m 31 |[39m       
[0m

      at new BaseEnemy (src/ga
me/entities/Enemy.ts:28:18)
      at new Ghost (src/game/e
ntities/Ghost.ts:13:5)
      at Object.<anonymous> (s
rc/game/entities/__tests__/Ene
myBehavior.test.ts:150:15)

  ÔùÅ Enemy Behavior ÔÇ║ 
Ghost ÔÇ║ should have 
floating motion with sine 
wave pattern

    TypeError: Right-hand 
side of 'instanceof' is not 
an object

    [0m [90m 26 |[39m     
     [90m 27 |[39m     
[90m// Configure physics 
body[39m
    [31m[1m>[22m[39m[90m 
28 |[39m     [36mif[39m ([
36mthis[39m[33m.[39mbody 
[36minstanceof[39m [33mPhas
er[39m[33m.[39m[33mPhysics
[39m[33m.[39m[33mArcade[3
9m[33m.[39m[33mBody[39m) {
     [90m    |[39m          
        [31m[1m^[22m[39m
     [90m 29 |[39m       [3
6mthis[39m[33m.[39mbody[33
m.[39msetCollideWorldBounds(
[36mtrue[39m)[33m;[39m
     [90m 30 |[39m       [3
6mthis[39m[33m.[39mbody[33
m.[39msetSize([35m32[39m[3
3m,[39m 
[35m32[39m)[33m;[39m 
[90m// Default collision 
box[39m
     [90m 31 |[39m       
[0m

      at new BaseEnemy (src/ga
me/entities/Enemy.ts:28:18)
      at new Ghost (src/game/e
ntities/Ghost.ts:13:5)
      at Object.<anonymous> (s
rc/game/entities/__tests__/Ene
myBehavior.test.ts:150:15)

  ÔùÅ Enemy Behavior ÔÇ║ 
Ghost ÔÇ║ should have 
transparency effect for 
ghostly appearance

    TypeError: Right-hand 
side of 'instanceof' is not 
an object

    [0m [90m 26 |[39m     
     [90m 27 |[39m     
[90m// Configure physics 
body[39m
    [31m[1m>[22m[39m[90m 
28 |[39m     [36mif[39m ([
36mthis[39m[33m.[39mbody 
[36minstanceof[39m [33mPhas
er[39m[33m.[39m[33mPhysics
[39m[33m.[39m[33mArcade[3
9m[33m.[39m[33mBody[39m) {
     [90m    |[39m          
        [31m[1m^[22m[39m
     [90m 29 |[39m       [3
6mthis[39m[33m.[39mbody[33
m.[39msetCollideWorldBounds(
[36mtrue[39m)[33m;[39m
     [90m 30 |[39m       [3
6mthis[39m[33m.[39mbody[33
m.[39msetSize([35m32[39m[3
3m,[39m 
[35m32[39m)[33m;[39m 
[90m// Default collision 
box[39m
     [90m 31 |[39m       
[0m

      at new BaseEnemy (src/ga
me/entities/Enemy.ts:28:18)
      at new Ghost (src/game/e
ntities/Ghost.ts:13:5)
      at Object.<anonymous> (s
rc/game/entities/__tests__/Ene
myBehavior.test.ts:150:15)

  ÔùÅ Enemy Behavior ÔÇ║ 
Ghost ÔÇ║ should remove 1 
life and disappear on 
collision per requirement 4.1

    TypeError: Right-hand 
side of 'instanceof' is not 
an object

    [0m [90m 26 |[39m     
     [90m 27 |[39m     
[90m// Configure physics 
body[39m
    [31m[1m>[22m[39m[90m 
28 |[39m     [36mif[39m ([
36mthis[39m[33m.[39mbody 
[36minstanceof[39m [33mPhas
er[39m[33m.[39m[33mPhysics
[39m[33m.[39m[33mArcade[3
9m[33m.[39m[33mBody[39m) {
     [90m    |[39m          
        [31m[1m^[22m[39m
     [90m 29 |[39m       [3
6mthis[39m[33m.[39mbody[33
m.[39msetCollideWorldBounds(
[36mtrue[39m)[33m;[39m
     [90m 30 |[39m       [3
6mthis[39m[33m.[39mbody[33
m.[39msetSize([35m32[39m[3
3m,[39m 
[35m32[39m)[33m;[39m 
[90m// Default collision 
box[39m
     [90m 31 |[39m       
[0m

      at new BaseEnemy (src/ga
me/entities/Enemy.ts:28:18)
      at new Ghost (src/game/e
ntities/Ghost.ts:13:5)
      at Object.<anonymous> (s
rc/game/entities/__tests__/Ene
myBehavior.test.ts:150:15)

  ÔùÅ Enemy Behavior ÔÇ║ 
Vampire ÔÇ║ should have 
correct vampire 
specifications per 
requirement 4.3

    TypeError: Right-hand 
side of 'instanceof' is not 
an object

    [0m [90m 26 |[39m     
     [90m 27 |[39m     
[90m// Configure physics 
body[39m
    [31m[1m>[22m[39m[90m 
28 |[39m     [36mif[39m ([
36mthis[39m[33m.[39mbody 
[36minstanceof[39m [33mPhas
er[39m[33m.[39m[33mPhysics
[39m[33m.[39m[33mArcade[3
9m[33m.[39m[33mBody[39m) {
     [90m    |[39m          
        [31m[1m^[22m[39m
     [90m 29 |[39m       [3
6mthis[39m[33m.[39mbody[33
m.[39msetCollideWorldBounds(
[36mtrue[39m)[33m;[39m
     [90m 30 |[39m       [3
6mthis[39m[33m.[39mbody[33
m.[39msetSize([35m32[39m[3
3m,[39m 
[35m32[39m)[33m;[39m 
[90m// Default collision 
box[39m
     [90m 31 |[39m       
[0m

      at new BaseEnemy (src/ga
me/entities/Enemy.ts:28:18)
      at new Vampire (src/game
/entities/Vampire.ts:11:5)
      at Object.<anonymous> (s
rc/game/entities/__tests__/Ene
myBehavior.test.ts:206:17)

  ÔùÅ Enemy Behavior ÔÇ║ 
Vampire ÔÇ║ should configure 
physics for ground movement

    TypeError: Right-hand 
side of 'instanceof' is not 
an object

    [0m [90m 26 |[39m     
     [90m 27 |[39m     
[90m// Configure physics 
body[39m
    [31m[1m>[22m[39m[90m 
28 |[39m     [36mif[39m ([
36mthis[39m[33m.[39mbody 
[36minstanceof[39m [33mPhas
er[39m[33m.[39m[33mPhysics
[39m[33m.[39m[33mArcade[3
9m[33m.[39m[33mBody[39m) {
     [90m    |[39m          
        [31m[1m^[22m[39m
     [90m 29 |[39m       [3
6mthis[39m[33m.[39mbody[33
m.[39msetCollideWorldBounds(
[36mtrue[39m)[33m;[39m
     [90m 30 |[39m       [3
6mthis[39m[33m.[39mbody[33
m.[39msetSize([35m32[39m[3
3m,[39m 
[35m32[39m)[33m;[39m 
[90m// Default collision 
box[39m
     [90m 31 |[39m       
[0m

      at new BaseEnemy (src/ga
me/entities/Enemy.ts:28:18)
      at new Vampire (src/game
/entities/Vampire.ts:11:5)
      at Object.<anonymous> (s
rc/game/entities/__tests__/Ene
myBehavior.test.ts:206:17)

  ÔùÅ Enemy Behavior ÔÇ║ 
Vampire ÔÇ║ should move left 
with constant horizontal 
velocity

    TypeError: Right-hand 
side of 'instanceof' is not 
an object

    [0m [90m 26 |[39m     
     [90m 27 |[39m     
[90m// Configure physics 
body[39m
    [31m[1m>[22m[39m[90m 
28 |[39m     [36mif[39m ([
36mthis[39m[33m.[39mbody 
[36minstanceof[39m [33mPhas
er[39m[33m.[39m[33mPhysics
[39m[33m.[39m[33mArcade[3
9m[33m.[39m[33mBody[39m) {
     [90m    |[39m          
        [31m[1m^[22m[39m
     [90m 29 |[39m       [3
6mthis[39m[33m.[39mbody[33
m.[39msetCollideWorldBounds(
[36mtrue[39m)[33m;[39m
     [90m 30 |[39m       [3
6mthis[39m[33m.[39mbody[33
m.[39msetSize([35m32[39m[3
3m,[39m 
[35m32[39m)[33m;[39m 
[90m// Default collision 
box[39m
     [90m 31 |[39m       
[0m

      at new BaseEnemy (src/ga
me/entities/Enemy.ts:28:18)
      at new Vampire (src/game
/entities/Vampire.ts:11:5)
      at Object.<anonymous> (s
rc/game/entities/__tests__/Ene
myBehavior.test.ts:206:17)

  ÔùÅ Enemy Behavior ÔÇ║ 
Vampire ÔÇ║ should face left 
when moving left

    TypeError: Right-hand 
side of 'instanceof' is not 
an object

    [0m [90m 26 |[39m     
     [90m 27 |[39m     
[90m// Configure physics 
body[39m
    [31m[1m>[22m[39m[90m 
28 |[39m     [36mif[39m ([
36mthis[39m[33m.[39mbody 
[36minstanceof[39m [33mPhas
er[39m[33m.[39m[33mPhysics
[39m[33m.[39m[33mArcade[3
9m[33m.[39m[33mBody[39m) {
     [90m    |[39m          
        [31m[1m^[22m[39m
     [90m 29 |[39m       [3
6mthis[39m[33m.[39mbody[33
m.[39msetCollideWorldBounds(
[36mtrue[39m)[33m;[39m
     [90m 30 |[39m       [3
6mthis[39m[33m.[39mbody[33
m.[39msetSize([35m32[39m[3
3m,[39m 
[35m32[39m)[33m;[39m 
[90m// Default collision 
box[39m
     [90m 31 |[39m       
[0m

      at new BaseEnemy (src/ga
me/entities/Enemy.ts:28:18)
      at new Vampire (src/game
/entities/Vampire.ts:11:5)
      at Object.<anonymous> (s
rc/game/entities/__tests__/Ene
myBehavior.test.ts:206:17)

  ÔùÅ Enemy Behavior ÔÇ║ 
Vampire ÔÇ║ should have 
walking animation with 
bobbing motion

    TypeError: Right-hand 
side of 'instanceof' is not 
an object

    [0m [90m 26 |[39m     
     [90m 27 |[39m     
[90m// Configure physics 
body[39m
    [31m[1m>[22m[39m[90m 
28 |[39m     [36mif[39m ([
36mthis[39m[33m.[39mbody 
[36minstanceof[39m [33mPhas
er[39m[33m.[39m[33mPhysics
[39m[33m.[39m[33mArcade[3
9m[33m.[39m[33mBody[39m) {
     [90m    |[39m          
        [31m[1m^[22m[39m
     [90m 29 |[39m       [3
6mthis[39m[33m.[39mbody[33
m.[39msetCollideWorldBounds(
[36mtrue[39m)[33m;[39m
     [90m 30 |[39m       [3
6mthis[39m[33m.[39mbody[33
m.[39msetSize([35m32[39m[3
3m,[39m 
[35m32[39m)[33m;[39m 
[90m// Default collision 
box[39m
     [90m 31 |[39m       
[0m

      at new BaseEnemy (src/ga
me/entities/Enemy.ts:28:18)
      at new Vampire (src/game
/entities/Vampire.ts:11:5)
      at Object.<anonymous> (s
rc/game/entities/__tests__/Ene
myBehavior.test.ts:206:17)

  ÔùÅ Enemy Behavior ÔÇ║ 
Vampire ÔÇ║ should apply 
walking bob only when on 
ground

    TypeError: Right-hand 
side of 'instanceof' is not 
an object

    [0m [90m 26 |[39m     
     [90m 27 |[39m     
[90m// Configure physics 
body[39m
    [31m[1m>[22m[39m[90m 
28 |[39m     [36mif[39m ([
36mthis[39m[33m.[39mbody 
[36minstanceof[39m [33mPhas
er[39m[33m.[39m[33mPhysics
[39m[33m.[39m[33mArcade[3
9m[33m.[39m[33mBody[39m) {
     [90m    |[39m          
        [31m[1m^[22m[39m
     [90m 29 |[39m       [3
6mthis[39m[33m.[39mbody[33
m.[39msetCollideWorldBounds(
[36mtrue[39m)[33m;[39m
     [90m 30 |[39m       [3
6mthis[39m[33m.[39mbody[33
m.[39msetSize([35m32[39m[3
3m,[39m 
[35m32[39m)[33m;[39m 
[90m// Default collision 
box[39m
     [90m 31 |[39m       
[0m

      at new BaseEnemy (src/ga
me/entities/Enemy.ts:28:18)
      at new Vampire (src/game
/entities/Vampire.ts:11:5)
      at Object.<anonymous> (s
rc/game/entities/__tests__/Ene
myBehavior.test.ts:206:17)

  ÔùÅ Enemy Behavior ÔÇ║ 
Vampire ÔÇ║ should remove 1 
life and disappear on 
collision per requirement 4.3

    TypeError: Right-hand 
side of 'instanceof' is not 
an object

    [0m [90m 26 |[39m     
     [90m 27 |[39m     
[90m// Configure physics 
body[39m
    [31m[1m>[22m[39m[90m 
28 |[39m     [36mif[39m ([
36mthis[39m[33m.[39mbody 
[36minstanceof[39m [33mPhas
er[39m[33m.[39m[33mPhysics
[39m[33m.[39m[33mArcade[3
9m[33m.[39m[33mBody[39m) {
     [90m    |[39m          
        [31m[1m^[22m[39m
     [90m 29 |[39m       [3
6mthis[39m[33m.[39mbody[33
m.[39msetCollideWorldBounds(
[36mtrue[39m)[33m;[39m
     [90m 30 |[39m       [3
6mthis[39m[33m.[39mbody[33
m.[39msetSize([35m32[39m[3
3m,[39m 
[35m32[39m)[33m;[39m 
[90m// Default collision 
box[39m
     [90m 31 |[39m       
[0m

      at new BaseEnemy (src/ga
me/entities/Enemy.ts:28:18)
      at new Vampire (src/game
/entities/Vampire.ts:11:5)
      at Object.<anonymous> (s
rc/game/entities/__tests__/Ene
myBehavior.test.ts:206:17)

  ÔùÅ Enemy Behavior ÔÇ║ 
Enemy Movement Patterns ÔÇ║ 
should have different 
movement speeds for different 
enemy types

    TypeError: Right-hand 
side of 'instanceof' is not 
an object

    [0m [90m 26 |[39m     
     [90m 27 |[39m     
[90m// Configure physics 
body[39m
    [31m[1m>[22m[39m[90m 
28 |[39m     [36mif[39m ([
36mthis[39m[33m.[39mbody 
[36minstanceof[39m [33mPhas
er[39m[33m.[39m[33mPhysics
[39m[33m.[39m[33mArcade[3
9m[33m.[39m[33mBody[39m) {
     [90m    |[39m          
        [31m[1m^[22m[39m
     [90m 29 |[39m       [3
6mthis[39m[33m.[39mbody[33
m.[39msetCollideWorldBounds(
[36mtrue[39m)[33m;[39m
     [90m 30 |[39m       [3
6mthis[39m[33m.[39mbody[33
m.[39msetSize([35m32[39m[3
3m,[39m 
[35m32[39m)[33m;[39m 
[90m// Default collision 
box[39m
     [90m 31 |[39m       
[0m

      at new BaseEnemy (src/ga
me/entities/Enemy.ts:28:18)
      at new Ghost (src/game/e
ntities/Ghost.ts:13:5)
      at Object.<anonymous> (s
rc/game/entities/__tests__/Ene
myBehavior.test.ts:263:21)

  ÔùÅ Enemy Behavior ÔÇ║ 
Enemy Movement Patterns ÔÇ║ 
should have different physics 
configurations for floating 
vs ground enemies

    TypeError: Right-hand 
side of 'instanceof' is not 
an object

    [0m [90m 26 |[39m     
     [90m 27 |[39m     
[90m// Configure physics 
body[39m
    [31m[1m>[22m[39m[90m 
28 |[39m     [36mif[39m ([
36mthis[39m[33m.[39mbody 
[36minstanceof[39m [33mPhas
er[39m[33m.[39m[33mPhysics
[39m[33m.[39m[33mArcade[3
9m[33m.[39m[33mBody[39m) {
     [90m    |[39m          
        [31m[1m^[22m[39m
     [90m 29 |[39m       [3
6mthis[39m[33m.[39mbody[33
m.[39msetCollideWorldBounds(
[36mtrue[39m)[33m;[39m
     [90m 30 |[39m       [3
6mthis[39m[33m.[39mbody[33
m.[39msetSize([35m32[39m[3
3m,[39m 
[35m32[39m)[33m;[39m 
[90m// Default collision 
box[39m
     [90m 31 |[39m       
[0m

      at new BaseEnemy (src/ga
me/entities/Enemy.ts:28:18)
      at new Ghost (src/game/e
ntities/Ghost.ts:13:5)
      at Object.<anonymous> (s
rc/game/entities/__tests__/Ene
myBehavior.test.ts:271:21)

  ÔùÅ Enemy Behavior ÔÇ║ 
Enemy Movement Patterns ÔÇ║ 
should have different 
collision box sizes for 
different enemy types

    TypeError: Right-hand 
side of 'instanceof' is not 
an object

    [0m [90m 26 |[39m     
     [90m 27 |[39m     
[90m// Configure physics 
body[39m
    [31m[1m>[22m[39m[90m 
28 |[39m     [36mif[39m ([
36mthis[39m[33m.[39mbody 
[36minstanceof[39m [33mPhas
er[39m[33m.[39m[33mPhysics
[39m[33m.[39m[33mArcade[3
9m[33m.[39m[33mBody[39m) {
     [90m    |[39m          
        [31m[1m^[22m[39m
     [90m 29 |[39m       [3
6mthis[39m[33m.[39mbody[33
m.[39msetCollideWorldBounds(
[36mtrue[39m)[33m;[39m
     [90m 30 |[39m       [3
6mthis[39m[33m.[39mbody[33
m.[39msetSize([35m32[39m[3
3m,[39m 
[35m32[39m)[33m;[39m 
[90m// Default collision 
box[39m
     [90m 31 |[39m       
[0m

      at new BaseEnemy (src/ga
me/entities/Enemy.ts:28:18)
      at new Ghost (src/game/e
ntities/Ghost.ts:13:5)
      at Object.<anonymous> (s
rc/game/entities/__tests__/Ene
myBehavior.test.ts:282:21)

  ÔùÅ Enemy Behavior ÔÇ║ 
Enemy Collision Behavior ÔÇ║ 
should all enemies remove 1 
life and disappear on contact 
per requirements 4.1-4.4

    TypeError: Right-hand 
side of 'instanceof' is not 
an object

    [0m [90m 26 |[39m     
     [90m 27 |[39m     
[90m// Configure physics 
body[39m
    [31m[1m>[22m[39m[90m 
28 |[39m     [36mif[39m ([
36mthis[39m[33m.[39mbody 
[36minstanceof[39m [33mPhas
er[39m[33m.[39m[33mPhysics
[39m[33m.[39m[33mArcade[3
9m[33m.[39m[33mBody[39m) {
     [90m    |[39m          
        [31m[1m^[22m[39m
     [90m 29 |[39m       [3
6mthis[39m[33m.[39mbody[33
m.[39msetCollideWorldBounds(
[36mtrue[39m)[33m;[39m
     [90m 30 |[39m       [3
6mthis[39m[33m.[39mbody[33
m.[39msetSize([35m32[39m[3
3m,[39m 
[35m32[39m)[33m;[39m 
[90m// Default collision 
box[39m
     [90m 31 |[39m       
[0m

      at new BaseEnemy (src/ga
me/entities/Enemy.ts:28:18)
      at new Ghost (src/game/e
ntities/Ghost.ts:13:5)
      at Object.<anonymous> (s
rc/game/entities/__tests__/Ene
myBehavior.test.ts:295:21)

  ÔùÅ Enemy Behavior ÔÇ║ 
Enemy Collision Behavior ÔÇ║ 
should not process collision 
when already dead

    TypeError: Right-hand 
side of 'instanceof' is not 
an object

    [0m [90m 26 |[39m     
     [90m 27 |[39m     
[90m// Configure physics 
body[39m
    [31m[1m>[22m[39m[90m 
28 |[39m     [36mif[39m ([
36mthis[39m[33m.[39mbody 
[36minstanceof[39m [33mPhas
er[39m[33m.[39m[33mPhysics
[39m[33m.[39m[33mArcade[3
9m[33m.[39m[33mBody[39m) {
     [90m    |[39m          
        [31m[1m^[22m[39m
     [90m 29 |[39m       [3
6mthis[39m[33m.[39mbody[33
m.[39msetCollideWorldBounds(
[36mtrue[39m)[33m;[39m
     [90m 30 |[39m       [3
6mthis[39m[33m.[39mbody[33
m.[39msetSize([35m32[39m[3
3m,[39m 
[35m32[39m)[33m;[39m 
[90m// Default collision 
box[39m
     [90m 31 |[39m       
[0m

      at new BaseEnemy (src/ga
me/entities/Enemy.ts:28:18)
      at new Ghost (src/game/e
ntities/Ghost.ts:13:5)
      at Object.<anonymous> (s
rc/game/entities/__tests__/Ene
myBehavior.test.ts:309:21)

FAIL src/game/scenes/__tests__
/GameScene.collision.test.ts
  ÔùÅ Test suite failed to run

    TypeError: Cannot set 
properties of null (setting 
'fillStyle')

    
[0m[31m[1m>[22m[39m[90m 
1 |[39m [36mimport[39m 
[33m*[39m [36mas[39m 
[33mPhaser[39m 
[36mfrom[39m 
[32m'phaser'[39m[33m;[39m
     [90m   |[39m 
[31m[1m^[22m[39m
     [90m 2 |[39m 
[36mimport[39m { 
[33mPlayer[39m } 
[36mfrom[39m [32m'../entiti
es/Player'[39m[33m;[39m
     [90m 3 |[39m 
[36mimport[39m { 
[33mDifficultyConfig[39m } 
[36mfrom[39m [32m'../../typ
es'[39m[33m;[39m
     [90m 4 |[39m 
[36mimport[39m { [33mEnemyF
actory[39m[33m,[39m 
[33mEnemyType[39m } 
[36mfrom[39m [32m'../entiti
es/EnemyFactory'[39m[33m;[3
9m[0m

      at checkInverseAlpha (no
de_modules/phaser/src/device/C
anvasFeatures.js:74:23)
      at init (node_modules/ph
aser/src/device/CanvasFeatures
.js:106:46)
      at Object.<anonymous> (n
ode_modules/phaser/src/device/
CanvasFeatures.js:112:18)
      at Object.<anonymous> (n
ode_modules/phaser/src/device/
index.js:39:21)
      at Object.<anonymous> (n
ode_modules/phaser/src/utils/a
rray/StableSort.js:8:14)
      at Object.<anonymous> (n
ode_modules/phaser/src/utils/a
rray/index.js:48:17)
      at Object.<anonymous> (n
ode_modules/phaser/src/gameobj
ects/components/Depth.js:15:18
)
      at Object.<anonymous> (n
ode_modules/phaser/src/gameobj
ects/components/index.js:18:12
)
      at Object.<anonymous> (n
ode_modules/phaser/src/gameobj
ects/zone/Zone.js:11:18)
      at Object.<anonymous> (n
ode_modules/phaser/src/actions
/GridAlign.js:11:12)
      at Object.<anonymous> (n
ode_modules/phaser/src/actions
/index.js:18:16)
      at Object.<anonymous> (n
ode_modules/phaser/src/phaser.
js:18:14)
      at Object.<anonymous> (s
rc/game/scenes/GameScene.ts:1:
1)
      at Object.<anonymous> (s
rc/game/scenes/__tests__/GameS
cene.collision.test.ts:1:1)

PASS src/store/__tests__/gameS
tore.test.ts
  ÔùÅ Console

    console.warn
      Failed to send 
analytics to API: 
ReferenceError: fetch is not 
defined
          at 
AnalyticsService.sendToAPI (C:
\Code\Personal\jogos\OCaminhoA
ssombradoDaEscola\src\lib\anal
ytics.ts:322:7)
          at AnalyticsService.
trackWeaponUsage (C:\Code\Pers
onal\jogos\OCaminhoAssombradoD
aEscola\src\lib\analytics.ts:1
56:10)
          at 
Object.trackWeaponUsage (C:\Co
de\Personal\jogos\OCaminhoAsso
mbradoDaEscola\src\lib\analyti
cs.ts:378:38)
          at Object.setWeapon 
(C:\Code\Personal\jogos\OCamin
hoAssombradoDaEscola\src\store
\gameStore.ts:70:22)
          at C:\Code\Personal\
jogos\OCaminhoAssombradoDaEsco
la\src\store\__tests__\gameSto
re.test.ts:51:22
          at C:\Code\Personal\
jogos\OCaminhoAssombradoDaEsco
la\node_modules\@testing-libra
ry\react\dist\act-compat.js:48
:24
          at process.env.NODE_
ENV.exports.act (C:\Code\Perso
nal\jogos\OCaminhoAssombradoDa
Escola\node_modules\react\cjs\
react.development.js:814:22)
          at C:\Code\Personal\
jogos\OCaminhoAssombradoDaEsco
la\node_modules\@testing-libra
ry\react\dist\act-compat.js:47
:25
          at 
Object.<anonymous> (C:\Code\Pe
rsonal\jogos\OCaminhoAssombrad
oDaEscola\src\store\__tests__\
gameStore.test.ts:50:8)
          at 
Promise.finally.completed (C:\
Code\Personal\jogos\OCaminhoAs
sombradoDaEscola\node_modules\
jest-circus\build\jestAdapterI
nit.js:1557:28)
          at new Promise 
(<anonymous>)
          at 
callAsyncCircusFn (C:\Code\Per
sonal\jogos\OCaminhoAssombrado
DaEscola\node_modules\jest-cir
cus\build\jestAdapterInit.js:1
497:10)
          at _callCircusTest (
C:\Code\Personal\jogos\OCaminh
oAssombradoDaEscola\node_modul
es\jest-circus\build\jestAdapt
erInit.js:1007:40)
          at 
processTicksAndRejections (nod
e:internal/process/task_queues
:103:5)
          at _runTest (C:\Code
\Personal\jogos\OCaminhoAssomb
radoDaEscola\node_modules\jest
-circus\build\jestAdapterInit.
js:947:3)
          at C:\Code\Personal\
jogos\OCaminhoAssombradoDaEsco
la\node_modules\jest-circus\bu
ild\jestAdapterInit.js:849:7
          at 
_runTestsForDescribeBlock (C:\
Code\Personal\jogos\OCaminhoAs
sombradoDaEscola\node_modules\
jest-circus\build\jestAdapterI
nit.js:862:11)
          at 
_runTestsForDescribeBlock (C:\
Code\Personal\jogos\OCaminhoAs
sombradoDaEscola\node_modules\
jest-circus\build\jestAdapterI
nit.js:857:11)
          at run (C:\Code\Pers
onal\jogos\OCaminhoAssombradoD
aEscola\node_modules\jest-circ
us\build\jestAdapterInit.js:76
1:3)
          at runAndTransformRe
sultsToJestFormat (C:\Code\Per
sonal\jogos\OCaminhoAssombrado
DaEscola\node_modules\jest-cir
cus\build\jestAdapterInit.js:1
918:21)
          at jestAdapter (C:\C
ode\Personal\jogos\OCaminhoAss
ombradoDaEscola\node_modules\j
est-circus\build\runner.js:101
:19)
          at runTestInternal (
C:\Code\Personal\jogos\OCaminh
oAssombradoDaEscola\node_modul
es\jest-runner\build\testWorke
r.js:275:16)
          at runTest (C:\Code\
Personal\jogos\OCaminhoAssombr
adoDaEscola\node_modules\jest-
runner\build\testWorker.js:343
:7)
          at Object.worker (C:
\Code\Personal\jogos\OCaminhoA
ssombradoDaEscola\node_modules
\jest-runner\build\testWorker.
js:497:12)

    [0m [90m 329 |[39m     
} [36mcatch[39m (error) {
     [90m 330 |[39m       
[90m// Silently fail - 
analytics shouldn't break the 
game[39m
    [31m[1m>[22m[39m[90m 
331 |[39m       console[33m.
[39mwarn([32m'Failed to 
send analytics to 
API:'[39m[33m,[39m 
error)[33m;[39m
     [90m     |[39m         
      [31m[1m^[22m[39m
     [90m 332 |[39m     }
     [90m 333 |[39m   }
     [90m 334 |[39m[0m

      at 
AnalyticsService.sendToAPI 
(src/lib/analytics.ts:331:15)
      at AnalyticsService.trac
kWeaponUsage 
(src/lib/analytics.ts:156:10)
      at 
Object.trackWeaponUsage 
(src/lib/analytics.ts:378:38)
      at Object.setWeapon 
(src/store/gameStore.ts:70:22)
      at src/store/__tests__/g
ameStore.test.ts:51:22
      at node_modules/@testing
-library/react/dist/act-compat
.js:48:24
      at process.env.NODE_ENV.
exports.act (node_modules/reac
t/cjs/react.development.js:814
:22)
      at node_modules/@testing
-library/react/dist/act-compat
.js:47:25
      at Object.<anonymous> (s
rc/store/__tests__/gameStore.t
est.ts:50:8)

    console.warn
      Failed to send 
analytics to API: 
ReferenceError: fetch is not 
defined
          at 
AnalyticsService.sendToAPI (C:
\Code\Personal\jogos\OCaminhoA
ssombradoDaEscola\src\lib\anal
ytics.ts:322:7)
          at AnalyticsService.
trackWeaponUsage (C:\Code\Pers
onal\jogos\OCaminhoAssombradoD
aEscola\src\lib\analytics.ts:1
56:10)
          at 
Object.trackWeaponUsage (C:\Co
de\Personal\jogos\OCaminhoAsso
mbradoDaEscola\src\lib\analyti
cs.ts:378:38)
          at Object.setWeapon 
(C:\Code\Personal\jogos\OCamin
hoAssombradoDaEscola\src\store
\gameStore.ts:70:22)
          at C:\Code\Personal\
jogos\OCaminhoAssombradoDaEsco
la\src\store\__tests__\gameSto
re.test.ts:104:22
          at C:\Code\Personal\
jogos\OCaminhoAssombradoDaEsco
la\node_modules\@testing-libra
ry\react\dist\act-compat.js:48
:24
          at process.env.NODE_
ENV.exports.act (C:\Code\Perso
nal\jogos\OCaminhoAssombradoDa
Escola\node_modules\react\cjs\
react.development.js:814:22)
          at C:\Code\Personal\
jogos\OCaminhoAssombradoDaEsco
la\node_modules\@testing-libra
ry\react\dist\act-compat.js:47
:25
          at 
Object.<anonymous> (C:\Code\Pe
rsonal\jogos\OCaminhoAssombrad
oDaEscola\src\store\__tests__\
gameStore.test.ts:101:8)
          at 
Promise.finally.completed (C:\
Code\Personal\jogos\OCaminhoAs
sombradoDaEscola\node_modules\
jest-circus\build\jestAdapterI
nit.js:1557:28)
          at new Promise 
(<anonymous>)
          at 
callAsyncCircusFn (C:\Code\Per
sonal\jogos\OCaminhoAssombrado
DaEscola\node_modules\jest-cir
cus\build\jestAdapterInit.js:1
497:10)
          at _callCircusTest (
C:\Code\Personal\jogos\OCaminh
oAssombradoDaEscola\node_modul
es\jest-circus\build\jestAdapt
erInit.js:1007:40)
          at 
processTicksAndRejections (nod
e:internal/process/task_queues
:103:5)
          at _runTest (C:\Code
\Personal\jogos\OCaminhoAssomb
radoDaEscola\node_modules\jest
-circus\build\jestAdapterInit.
js:947:3)
          at C:\Code\Personal\
jogos\OCaminhoAssombradoDaEsco
la\node_modules\jest-circus\bu
ild\jestAdapterInit.js:849:7
          at 
_runTestsForDescribeBlock (C:\
Code\Personal\jogos\OCaminhoAs
sombradoDaEscola\node_modules\
jest-circus\build\jestAdapterI
nit.js:862:11)
          at 
_runTestsForDescribeBlock (C:\
Code\Personal\jogos\OCaminhoAs
sombradoDaEscola\node_modules\
jest-circus\build\jestAdapterI
nit.js:857:11)
          at run (C:\Code\Pers
onal\jogos\OCaminhoAssombradoD
aEscola\node_modules\jest-circ
us\build\jestAdapterInit.js:76
1:3)
          at runAndTransformRe
sultsToJestFormat (C:\Code\Per
sonal\jogos\OCaminhoAssombrado
DaEscola\node_modules\jest-cir
cus\build\jestAdapterInit.js:1
918:21)
          at jestAdapter (C:\C
ode\Personal\jogos\OCaminhoAss
ombradoDaEscola\node_modules\j
est-circus\build\runner.js:101
:19)
          at runTestInternal (
C:\Code\Personal\jogos\OCaminh
oAssombradoDaEscola\node_modul
es\jest-runner\build\testWorke
r.js:275:16)
          at runTest (C:\Code\
Personal\jogos\OCaminhoAssombr
adoDaEscola\node_modules\jest-
runner\build\testWorker.js:343
:7)
          at Object.worker (C:
\Code\Personal\jogos\OCaminhoA
ssombradoDaEscola\node_modules
\jest-runner\build\testWorker.
js:497:12)

    [0m [90m 329 |[39m     
} [36mcatch[39m (error) {
     [90m 330 |[39m       
[90m// Silently fail - 
analytics shouldn't break the 
game[39m
    [31m[1m>[22m[39m[90m 
331 |[39m       console[33m.
[39mwarn([32m'Failed to 
send analytics to 
API:'[39m[33m,[39m 
error)[33m;[39m
     [90m     |[39m         
      [31m[1m^[22m[39m
     [90m 332 |[39m     }
     [90m 333 |[39m   }
     [90m 334 |[39m[0m

      at 
AnalyticsService.sendToAPI 
(src/lib/analytics.ts:331:15)
      at AnalyticsService.trac
kWeaponUsage 
(src/lib/analytics.ts:156:10)
      at 
Object.trackWeaponUsage 
(src/lib/analytics.ts:378:38)
      at Object.setWeapon 
(src/store/gameStore.ts:70:22)
      at src/store/__tests__/g
ameStore.test.ts:104:22
      at node_modules/@testing
-library/react/dist/act-compat
.js:48:24
      at process.env.NODE_ENV.
exports.act (node_modules/reac
t/cjs/react.development.js:814
:22)
      at node_modules/@testing
-library/react/dist/act-compat
.js:47:25
      at Object.<anonymous> (s
rc/store/__tests__/gameStore.t
est.ts:101:8)

    console.warn
      Failed to send 
analytics to API: 
ReferenceError: fetch is not 
defined
          at 
AnalyticsService.sendToAPI (C:
\Code\Personal\jogos\OCaminhoA
ssombradoDaEscola\src\lib\anal
ytics.ts:322:7)
          at AnalyticsService.
trackProgression (C:\Code\Pers
onal\jogos\OCaminhoAssombradoD
aEscola\src\lib\analytics.ts:1
38:10)
          at 
Object.trackProgression (C:\Co
de\Personal\jogos\OCaminhoAsso
mbradoDaEscola\src\lib\analyti
cs.ts:372:38)
          at C:\Code\Personal\
jogos\OCaminhoAssombradoDaEsco
la\src\store\gameStore.ts:107:
26
          at setState (C:\Code
\Personal\jogos\OCaminhoAssomb
radoDaEscola\node_modules\zust
and\vanilla.js:7:55)
          at 
Object.updateLives (C:\Code\Pe
rsonal\jogos\OCaminhoAssombrad
oDaEscola\src\store\gameStore.
ts:102:5)
          at C:\Code\Personal\
jogos\OCaminhoAssombradoDaEsco
la\src\store\__tests__\gameSto
re.test.ts:106:22
          at C:\Code\Personal\
jogos\OCaminhoAssombradoDaEsco
la\node_modules\@testing-libra
ry\react\dist\act-compat.js:48
:24
          at process.env.NODE_
ENV.exports.act (C:\Code\Perso
nal\jogos\OCaminhoAssombradoDa
Escola\node_modules\react\cjs\
react.development.js:814:22)
          at C:\Code\Personal\
jogos\OCaminhoAssombradoDaEsco
la\node_modules\@testing-libra
ry\react\dist\act-compat.js:47
:25
          at 
Object.<anonymous> (C:\Code\Pe
rsonal\jogos\OCaminhoAssombrad
oDaEscola\src\store\__tests__\
gameStore.test.ts:101:8)
          at 
Promise.finally.completed (C:\
Code\Personal\jogos\OCaminhoAs
sombradoDaEscola\node_modules\
jest-circus\build\jestAdapterI
nit.js:1557:28)
          at new Promise 
(<anonymous>)
          at 
callAsyncCircusFn (C:\Code\Per
sonal\jogos\OCaminhoAssombrado
DaEscola\node_modules\jest-cir
cus\build\jestAdapterInit.js:1
497:10)
          at _callCircusTest (
C:\Code\Personal\jogos\OCaminh
oAssombradoDaEscola\node_modul
es\jest-circus\build\jestAdapt
erInit.js:1007:40)
          at 
processTicksAndRejections (nod
e:internal/process/task_queues
:103:5)
          at _runTest (C:\Code
\Personal\jogos\OCaminhoAssomb
radoDaEscola\node_modules\jest
-circus\build\jestAdapterInit.
js:947:3)
          at C:\Code\Personal\
jogos\OCaminhoAssombradoDaEsco
la\node_modules\jest-circus\bu
ild\jestAdapterInit.js:849:7
          at 
_runTestsForDescribeBlock (C:\
Code\Personal\jogos\OCaminhoAs
sombradoDaEscola\node_modules\
jest-circus\build\jestAdapterI
nit.js:862:11)
          at 
_runTestsForDescribeBlock (C:\
Code\Personal\jogos\OCaminhoAs
sombradoDaEscola\node_modules\
jest-circus\build\jestAdapterI
nit.js:857:11)
          at run (C:\Code\Pers
onal\jogos\OCaminhoAssombradoD
aEscola\node_modules\jest-circ
us\build\jestAdapterInit.js:76
1:3)
          at runAndTransformRe
sultsToJestFormat (C:\Code\Per
sonal\jogos\OCaminhoAssombrado
DaEscola\node_modules\jest-cir
cus\build\jestAdapterInit.js:1
918:21)
          at jestAdapter (C:\C
ode\Personal\jogos\OCaminhoAss
ombradoDaEscola\node_modules\j
est-circus\build\runner.js:101
:19)
          at runTestInternal (
C:\Code\Personal\jogos\OCaminh
oAssombradoDaEscola\node_modul
es\jest-runner\build\testWorke
r.js:275:16)
          at runTest (C:\Code\
Personal\jogos\OCaminhoAssombr
adoDaEscola\node_modules\jest-
runner\build\testWorker.js:343
:7)
          at Object.worker (C:
\Code\Personal\jogos\OCaminhoA
ssombradoDaEscola\node_modules
\jest-runner\build\testWorker.
js:497:12)

    [0m [90m 329 |[39m     
} [36mcatch[39m (error) {
     [90m 330 |[39m       
[90m// Silently fail - 
analytics shouldn't break the 
game[39m
    [31m[1m>[22m[39m[90m 
331 |[39m       console[33m.
[39mwarn([32m'Failed to 
send analytics to 
API:'[39m[33m,[39m 
error)[33m;[39m
     [90m     |[39m         
      [31m[1m^[22m[39m
     [90m 332 |[39m     }
     [90m 333 |[39m   }
     [90m 334 |[39m[0m

      at 
AnalyticsService.sendToAPI 
(src/lib/analytics.ts:331:15)
      at AnalyticsService.trac
kProgression 
(src/lib/analytics.ts:138:10)
      at 
Object.trackProgression 
(src/lib/analytics.ts:372:38)
      at 
src/store/gameStore.ts:107:26
      at setState (node_module
s/zustand/vanilla.js:7:55)
      at Object.updateLives 
(src/store/gameStore.ts:102:5)
      at src/store/__tests__/g
ameStore.test.ts:106:22
      at node_modules/@testing
-library/react/dist/act-compat
.js:48:24
      at process.env.NODE_ENV.
exports.act (node_modules/reac
t/cjs/react.development.js:814
:22)
      at node_modules/@testing
-library/react/dist/act-compat
.js:47:25
      at Object.<anonymous> (s
rc/store/__tests__/gameStore.t
est.ts:101:8)

    console.warn
      Failed to send 
analytics to API: 
ReferenceError: fetch is not 
defined
          at 
AnalyticsService.sendToAPI (C:
\Code\Personal\jogos\OCaminhoA
ssombradoDaEscola\src\lib\anal
ytics.ts:322:7)
          at AnalyticsService.
trackProgression (C:\Code\Pers
onal\jogos\OCaminhoAssombradoD
aEscola\src\lib\analytics.ts:1
38:10)
          at 
Object.trackProgression (C:\Co
de\Personal\jogos\OCaminhoAsso
mbradoDaEscola\src\lib\analyti
cs.ts:372:38)
          at C:\Code\Personal\
jogos\OCaminhoAssombradoDaEsco
la\src\store\gameStore.ts:141:
26
          at setState (C:\Code
\Personal\jogos\OCaminhoAssomb
radoDaEscola\node_modules\zust
and\vanilla.js:7:55)
          at 
Object.updateScore (C:\Code\Pe
rsonal\jogos\OCaminhoAssombrad
oDaEscola\src\store\gameStore.
ts:136:5)
          at C:\Code\Personal\
jogos\OCaminhoAssombradoDaEsco
la\src\store\__tests__\gameSto
re.test.ts:107:22
          at C:\Code\Personal\
jogos\OCaminhoAssombradoDaEsco
la\node_modules\@testing-libra
ry\react\dist\act-compat.js:48
:24
          at process.env.NODE_
ENV.exports.act (C:\Code\Perso
nal\jogos\OCaminhoAssombradoDa
Escola\node_modules\react\cjs\
react.development.js:814:22)
          at C:\Code\Personal\
jogos\OCaminhoAssombradoDaEsco
la\node_modules\@testing-libra
ry\react\dist\act-compat.js:47
:25
          at 
Object.<anonymous> (C:\Code\Pe
rsonal\jogos\OCaminhoAssombrad
oDaEscola\src\store\__tests__\
gameStore.test.ts:101:8)
          at 
Promise.finally.completed (C:\
Code\Personal\jogos\OCaminhoAs
sombradoDaEscola\node_modules\
jest-circus\build\jestAdapterI
nit.js:1557:28)
          at new Promise 
(<anonymous>)
          at 
callAsyncCircusFn (C:\Code\Per
sonal\jogos\OCaminhoAssombrado
DaEscola\node_modules\jest-cir
cus\build\jestAdapterInit.js:1
497:10)
          at _callCircusTest (
C:\Code\Personal\jogos\OCaminh
oAssombradoDaEscola\node_modul
es\jest-circus\build\jestAdapt
erInit.js:1007:40)
          at 
processTicksAndRejections (nod
e:internal/process/task_queues
:103:5)
          at _runTest (C:\Code
\Personal\jogos\OCaminhoAssomb
radoDaEscola\node_modules\jest
-circus\build\jestAdapterInit.
js:947:3)
          at C:\Code\Personal\
jogos\OCaminhoAssombradoDaEsco
la\node_modules\jest-circus\bu
ild\jestAdapterInit.js:849:7
          at 
_runTestsForDescribeBlock (C:\
Code\Personal\jogos\OCaminhoAs
sombradoDaEscola\node_modules\
jest-circus\build\jestAdapterI
nit.js:862:11)
          at 
_runTestsForDescribeBlock (C:\
Code\Personal\jogos\OCaminhoAs
sombradoDaEscola\node_modules\
jest-circus\build\jestAdapterI
nit.js:857:11)
          at run (C:\Code\Pers
onal\jogos\OCaminhoAssombradoD
aEscola\node_modules\jest-circ
us\build\jestAdapterInit.js:76
1:3)
          at runAndTransformRe
sultsToJestFormat (C:\Code\Per
sonal\jogos\OCaminhoAssombrado
DaEscola\node_modules\jest-cir
cus\build\jestAdapterInit.js:1
918:21)
          at jestAdapter (C:\C
ode\Personal\jogos\OCaminhoAss
ombradoDaEscola\node_modules\j
est-circus\build\runner.js:101
:19)
          at runTestInternal (
C:\Code\Personal\jogos\OCaminh
oAssombradoDaEscola\node_modul
es\jest-runner\build\testWorke
r.js:275:16)
          at runTest (C:\Code\
Personal\jogos\OCaminhoAssombr
adoDaEscola\node_modules\jest-
runner\build\testWorker.js:343
:7)
          at Object.worker (C:
\Code\Personal\jogos\OCaminhoA
ssombradoDaEscola\node_modules
\jest-runner\build\testWorker.
js:497:12)

    [0m [90m 329 |[39m     
} [36mcatch[39m (error) {
     [90m 330 |[39m       
[90m// Silently fail - 
analytics shouldn't break the 
game[39m
    [31m[1m>[22m[39m[90m 
331 |[39m       console[33m.
[39mwarn([32m'Failed to 
send analytics to 
API:'[39m[33m,[39m 
error)[33m;[39m
     [90m     |[39m         
      [31m[1m^[22m[39m
     [90m 332 |[39m     }
     [90m 333 |[39m   }
     [90m 334 |[39m[0m

      at 
AnalyticsService.sendToAPI 
(src/lib/analytics.ts:331:15)
      at AnalyticsService.trac
kProgression 
(src/lib/analytics.ts:138:10)
      at 
Object.trackProgression 
(src/lib/analytics.ts:372:38)
      at 
src/store/gameStore.ts:141:26
      at setState (node_module
s/zustand/vanilla.js:7:55)
      at Object.updateScore 
(src/store/gameStore.ts:136:5)
      at src/store/__tests__/g
ameStore.test.ts:107:22
      at node_modules/@testing
-library/react/dist/act-compat
.js:48:24
      at process.env.NODE_ENV.
exports.act (node_modules/reac
t/cjs/react.development.js:814
:22)
      at node_modules/@testing
-library/react/dist/act-compat
.js:47:25
      at Object.<anonymous> (s
rc/store/__tests__/gameStore.t
est.ts:101:8)

PASS src/test/AudioControls.te
st.tsx
FAIL src/components/game/__tes
ts__/GameHUD.test.tsx
  ÔùÅ Console

    console.log
      GameHUD render - store 
values: {
        firstName: 'Jo├úo',
        lastName: 'Silva',
        lives: 8,
        score: 1250,
        character: null,
        weapon: null,
        difficulty: null,
        isClient: false
      }

      at GameHUD (src/componen
ts/game/GameHUD.tsx:73:11)

    console.log
      GameHUD: Not ready to 
render {
        isClient: false,
        firstName: 'Jo├úo',
        character: null,
        weapon: null,
        difficulty: null,
        gameMode: undefined
      }

      at GameHUD (src/componen
ts/game/GameHUD.tsx:79:13)

    console.log
      GameHUD render - store 
values: {
        firstName: 'Jo├úo',
        lastName: 'Silva',
        lives: 8,
        score: 1250,
        character: null,
        weapon: null,
        difficulty: null,
        isClient: true
      }

      at GameHUD (src/componen
ts/game/GameHUD.tsx:73:11)

    console.log
      GameHUD: Not ready to 
render {
        isClient: true,
        firstName: 'Jo├úo',
        character: null,
        weapon: null,
        difficulty: null,
        gameMode: undefined
      }

      at GameHUD (src/componen
ts/game/GameHUD.tsx:79:13)

    console.log
      GameHUD render - store 
values: {
        firstName: '',
        lastName: '',
        lives: 10,
        score: 0,
        character: null,
        weapon: null,
        difficulty: null,
        isClient: false
      }

      at GameHUD (src/componen
ts/game/GameHUD.tsx:73:11)

    console.log
      GameHUD: Not ready to 
render {
        isClient: false,
        firstName: '',
        character: null,
        weapon: null,
        difficulty: null,
        gameMode: undefined
      }

      at GameHUD (src/componen
ts/game/GameHUD.tsx:79:13)

    console.log
      GameHUD render - store 
values: {
        firstName: '',
        lastName: '',
        lives: 10,
        score: 0,
        character: null,
        weapon: null,
        difficulty: null,
        isClient: true
      }

      at GameHUD (src/componen
ts/game/GameHUD.tsx:73:11)

    console.log
      GameHUD: Not ready to 
render {
        isClient: true,
        firstName: '',
        character: null,
        weapon: null,
        difficulty: null,
        gameMode: undefined
      }

      at GameHUD (src/componen
ts/game/GameHUD.tsx:79:13)

    console.log
      GameHUD render - store 
values: {
        firstName: 'Test',
        lastName: 'User',
        lives: 5,
        score: 123456,
        character: null,
        weapon: null,
        difficulty: null,
        isClient: false
      }

      at GameHUD (src/componen
ts/game/GameHUD.tsx:73:11)

    console.log
      GameHUD: Not ready to 
render {
        isClient: false,
        firstName: 'Test',
        character: null,
        weapon: null,
        difficulty: null,
        gameMode: undefined
      }

      at GameHUD (src/componen
ts/game/GameHUD.tsx:79:13)

    console.log
      GameHUD render - store 
values: {
        firstName: 'Test',
        lastName: 'User',
        lives: 5,
        score: 123456,
        character: null,
        weapon: null,
        difficulty: null,
        isClient: true
      }

      at GameHUD (src/componen
ts/game/GameHUD.tsx:73:11)

    console.log
      GameHUD: Not ready to 
render {
        isClient: true,
        firstName: 'Test',
        character: null,
        weapon: null,
        difficulty: null,
        gameMode: undefined
      }

      at GameHUD (src/componen
ts/game/GameHUD.tsx:79:13)

    console.log
      GameHUD render - store 
values: {
        firstName: 'Test',
        lastName: 'User',
        lives: 10,
        score: 0,
        character: null,
        weapon: null,
        difficulty: null,
        isClient: false
      }

      at GameHUD (src/componen
ts/game/GameHUD.tsx:73:11)

    console.log
      GameHUD: Not ready to 
render {
        isClient: false,
        firstName: 'Test',
        character: null,
        weapon: null,
        difficulty: null,
        gameMode: undefined
      }

      at GameHUD (src/componen
ts/game/GameHUD.tsx:79:13)

    console.log
      GameHUD render - store 
values: {
        firstName: 'Test',
        lastName: 'User',
        lives: 10,
        score: 0,
        character: null,
        weapon: null,
        difficulty: null,
        isClient: true
      }

      at GameHUD (src/componen
ts/game/GameHUD.tsx:73:11)

    console.log
      GameHUD: Not ready to 
render {
        isClient: true,
        firstName: 'Test',
        character: null,
        weapon: null,
        difficulty: null,
        gameMode: undefined
      }

      at GameHUD (src/componen
ts/game/GameHUD.tsx:79:13)

  ÔùÅ GameHUD ÔÇ║ displays 
player name, lives, and score 
correctly

    
TestingLibraryElementError: 
Unable to find an element 
with the text: Jo├úo Silva. 
This could be because the 
text is broken up by multiple 
elements. In this case, you 
can provide a function for 
your text matcher to make 
your matcher more flexible.

    Ignored nodes: comments, 
script, style
    [36m<body>[39m
      [36m<div />[39m
    [36m</body>[39m

    [0m [90m 37 |[39m
     [90m 38 |[39m     
[90m// Check if player name 
is displayed[39m
    [31m[1m>[22m[39m[90m 
39 |[39m     expect(screen[3
3m.[39mgetByText([32m'Jo├úo 
Silva'[39m))[33m.[39mtoBeIn
TheDocument()[33m;[39m
     [90m    |[39m          
         [31m[1m^[22m[39m
     [90m 40 |[39m     
     [90m 41 |[39m     
[90m// Check if lives are 
displayed[39m
     [90m 42 |[39m     expec
t(screen[33m.[39mgetByText(
[32m'Lives'[39m))[33m.[39mt
oBeInTheDocument()[33m;[39m
[0m

      at 
Object.getElementError (node_m
odules/@testing-library/dom/di
st/config.js:37:19)
      at node_modules/@testing
-library/dom/dist/query-helper
s.js:76:38
      at node_modules/@testing
-library/dom/dist/query-helper
s.js:52:17
      at node_modules/@testing
-library/dom/dist/query-helper
s.js:95:19
      at Object.<anonymous> (s
rc/components/game/__tests__/G
ameHUD.test.tsx:39:19)

  ÔùÅ GameHUD ÔÇ║ displays 
"Player" as fallback when no 
name is provided

    
TestingLibraryElementError: 
Unable to find an element 
with the text: Player. This 
could be because the text is 
broken up by multiple 
elements. In this case, you 
can provide a function for 
your text matcher to make 
your matcher more flexible.

    Ignored nodes: comments, 
script, style
    [36m<body>[39m
      [36m<div />[39m
    [36m</body>[39m

    [0m [90m 72 |[39m
     [90m 73 |[39m     
[90m// Check if fallback 
name is displayed (look for 
the specific player name 
element)[39m
    [31m[1m>[22m[39m[90m 
74 |[39m     expect(screen[3
3m.[39mgetAllByText([32m'Pla
yer'[39m))[33m.[39mtoHaveLe
ngth([35m2[39m)[33m;[39m 
[90m// Label and name[39m
     [90m    |[39m          
         [31m[1m^[22m[39m
     [90m 75 |[39m   
})[33m;[39m
     [90m 76 |[39m
     [90m 77 |[39m   
it([32m'displays large 
scores 
correctly'[39m[33m,[39m () 
[33m=>[39m {[0m

      at 
Object.getElementError (node_m
odules/@testing-library/dom/di
st/config.js:37:19)
      at node_modules/@testing
-library/dom/dist/query-helper
s.js:76:38
      at node_modules/@testing
-library/dom/dist/query-helper
s.js:109:15
      at Object.<anonymous> (s
rc/components/game/__tests__/G
ameHUD.test.tsx:74:19)

  ÔùÅ GameHUD ÔÇ║ displays 
large scores correctly

    
TestingLibraryElementError: 
Unable to find an element 
with the text: /123[\s,]456/. 
This could be because the 
text is broken up by multiple 
elements. In this case, you 
can provide a function for 
your text matcher to make 
your matcher more flexible.

    Ignored nodes: comments, 
script, style
    [36m<body>[39m
      [36m<div />[39m
    [36m</body>[39m

    [0m [90m  99 |[39m
     [90m 100 |[39m     
[90m// Check if score is 
displayed (use regex to match 
formatted number)[39m
    [31m[1m>[22m[39m[90m 
101 |[39m     expect(screen[
33m.[39mgetByText([35m/123[\
s,]456/[39m))[33m.[39mtoBeI
nTheDocument()[33m;[39m
     [90m     |[39m         
          [31m[1m^[22m[39m
     [90m 102 |[39m   
})[33m;[39m
     [90m 103 |[39m
     [90m 104 |[39m   
it([32m'has correct CSS 
classes for responsive 
design'[39m[33m,[39m () 
[33m=>[39m {[0m

      at 
Object.getElementError (node_m
odules/@testing-library/dom/di
st/config.js:37:19)
      at node_modules/@testing
-library/dom/dist/query-helper
s.js:76:38
      at node_modules/@testing
-library/dom/dist/query-helper
s.js:52:17
      at node_modules/@testing
-library/dom/dist/query-helper
s.js:95:19
      at Object.<anonymous> (s
rc/components/game/__tests__/G
ameHUD.test.tsx:101:19)

  ÔùÅ GameHUD ÔÇ║ has correct 
CSS classes for responsive 
design

    
expect(received).toHaveClass()

    received value must be an 
HTMLElement or an SVGElement.
    Received has value: null

    [0m [90m 126 |[39m     
[90m// Check if the main 
container has the correct 
positioning classes[39m
     [90m 127 |[39m     
[36mconst[39m hudContainer 
[33m=[39m container[33m.[3
9mfirstChild [36mas[39m [33
mHTMLElement[39m[33m;[39m
    [31m[1m>[22m[39m[90m 
128 |[39m     expect(hudConta
iner)[33m.[39mtoHaveClass([
32m'absolute'[39m[33m,[39m 
[32m'top-0'[39m[33m,[39m 
[32m'left-0'[39m[33m,[39m 
[32m'right-0'[39m[33m,[39m
 [32m'z-20'[39m[33m,[39m 
[32m'pointer-events-none'[39m
)[33m;[39m
     [90m     |[39m         
                 
[31m[1m^[22m[39m
     [90m 129 |[39m   
})[33m;[39m
     [90m 130 |[39m 
})[33m;[39m[0m

      at 
__EXTERNAL_MATCHER_TRAP__ (nod
e_modules/expect/build/index.j
s:2240:22)
      at 
Object.throwingMatcher [as 
toHaveClass] (node_modules/exp
ect/build/index.js:2241:6)
      at Object.<anonymous> (s
rc/components/game/__tests__/G
ameHUD.test.tsx:128:26)

PASS src/test/integration/api-
integration.test.tsx
  ÔùÅ Console

    console.error
      Failed to load 
leaderboard: Error: Network 
error
          at 
Object.<anonymous> (C:\Code\Pe
rsonal\jogos\OCaminhoAssombrad
oDaEscola\src\test\integration
\api-integration.test.tsx:87:5
4)
          at 
Promise.finally.completed (C:\
Code\Personal\jogos\OCaminhoAs
sombradoDaEscola\node_modules\
jest-circus\build\jestAdapterI
nit.js:1557:28)
          at new Promise 
(<anonymous>)
          at 
callAsyncCircusFn (C:\Code\Per
sonal\jogos\OCaminhoAssombrado
DaEscola\node_modules\jest-cir
cus\build\jestAdapterInit.js:1
497:10)
          at _callCircusTest (
C:\Code\Personal\jogos\OCaminh
oAssombradoDaEscola\node_modul
es\jest-circus\build\jestAdapt
erInit.js:1007:40)
          at _runTest (C:\Code
\Personal\jogos\OCaminhoAssomb
radoDaEscola\node_modules\jest
-circus\build\jestAdapterInit.
js:947:3)
          at C:\Code\Personal\
jogos\OCaminhoAssombradoDaEsco
la\node_modules\jest-circus\bu
ild\jestAdapterInit.js:849:7
          at 
_runTestsForDescribeBlock (C:\
Code\Personal\jogos\OCaminhoAs
sombradoDaEscola\node_modules\
jest-circus\build\jestAdapterI
nit.js:862:11)
          at 
_runTestsForDescribeBlock (C:\
Code\Personal\jogos\OCaminhoAs
sombradoDaEscola\node_modules\
jest-circus\build\jestAdapterI
nit.js:857:11)
          at 
_runTestsForDescribeBlock (C:\
Code\Personal\jogos\OCaminhoAs
sombradoDaEscola\node_modules\
jest-circus\build\jestAdapterI
nit.js:857:11)
          at run (C:\Code\Pers
onal\jogos\OCaminhoAssombradoD
aEscola\node_modules\jest-circ
us\build\jestAdapterInit.js:76
1:3)
          at runAndTransformRe
sultsToJestFormat (C:\Code\Per
sonal\jogos\OCaminhoAssombrado
DaEscola\node_modules\jest-cir
cus\build\jestAdapterInit.js:1
918:21)
          at jestAdapter (C:\C
ode\Personal\jogos\OCaminhoAss
ombradoDaEscola\node_modules\j
est-circus\build\runner.js:101
:19)
          at runTestInternal (
C:\Code\Personal\jogos\OCaminh
oAssombradoDaEscola\node_modul
es\jest-runner\build\testWorke
r.js:275:16)
          at runTest (C:\Code\
Personal\jogos\OCaminhoAssombr
adoDaEscola\node_modules\jest-
runner\build\testWorker.js:343
:7)
          at Object.worker (C:
\Code\Personal\jogos\OCaminhoA
ssombradoDaEscola\node_modules
\jest-runner\build\testWorker.
js:497:12)

    [0m [90m 20 |[39m      
 } [36mcatch[39m (err) {
     [90m 21 |[39m         
setError([32m'Erro ao 
carregar o leaderboard. Tente 
novamente mais 
tarde.'[39m)[33m;[39m
    [31m[1m>[22m[39m[90m 
22 |[39m         console[33m
.[39merror([32m'Failed to 
load 
leaderboard:'[39m[33m,[39m 
err)[33m;[39m
     [90m    |[39m          
       [31m[1m^[22m[39m
     [90m 23 |[39m       } 
[36mfinally[39m {
     [90m 24 |[39m         s
etLoading([36mfalse[39m)[33
m;[39m
     [90m 25 |[39m       
}[0m

      at fetchLeaderboard 
(src/app/page.tsx:22:17)

    console.error
      Failed to load 
leaderboard: Error: Request 
timeout
          at 
Object.<anonymous> (C:\Code\Pe
rsonal\jogos\OCaminhoAssombrad
oDaEscola\src\test\integration
\api-integration.test.tsx:250:
54)
          at 
Promise.finally.completed (C:\
Code\Personal\jogos\OCaminhoAs
sombradoDaEscola\node_modules\
jest-circus\build\jestAdapterI
nit.js:1557:28)
          at new Promise 
(<anonymous>)
          at 
callAsyncCircusFn (C:\Code\Per
sonal\jogos\OCaminhoAssombrado
DaEscola\node_modules\jest-cir
cus\build\jestAdapterInit.js:1
497:10)
          at _callCircusTest (
C:\Code\Personal\jogos\OCaminh
oAssombradoDaEscola\node_modul
es\jest-circus\build\jestAdapt
erInit.js:1007:40)
          at _runTest (C:\Code
\Personal\jogos\OCaminhoAssomb
radoDaEscola\node_modules\jest
-circus\build\jestAdapterInit.
js:947:3)
          at C:\Code\Personal\
jogos\OCaminhoAssombradoDaEsco
la\node_modules\jest-circus\bu
ild\jestAdapterInit.js:849:7
          at 
_runTestsForDescribeBlock (C:\
Code\Personal\jogos\OCaminhoAs
sombradoDaEscola\node_modules\
jest-circus\build\jestAdapterI
nit.js:862:11)
          at 
_runTestsForDescribeBlock (C:\
Code\Personal\jogos\OCaminhoAs
sombradoDaEscola\node_modules\
jest-circus\build\jestAdapterI
nit.js:857:11)
          at 
_runTestsForDescribeBlock (C:\
Code\Personal\jogos\OCaminhoAs
sombradoDaEscola\node_modules\
jest-circus\build\jestAdapterI
nit.js:857:11)
          at run (C:\Code\Pers
onal\jogos\OCaminhoAssombradoD
aEscola\node_modules\jest-circ
us\build\jestAdapterInit.js:76
1:3)
          at runAndTransformRe
sultsToJestFormat (C:\Code\Per
sonal\jogos\OCaminhoAssombrado
DaEscola\node_modules\jest-cir
cus\build\jestAdapterInit.js:1
918:21)
          at jestAdapter (C:\C
ode\Personal\jogos\OCaminhoAss
ombradoDaEscola\node_modules\j
est-circus\build\runner.js:101
:19)
          at runTestInternal (
C:\Code\Personal\jogos\OCaminh
oAssombradoDaEscola\node_modul
es\jest-runner\build\testWorke
r.js:275:16)
          at runTest (C:\Code\
Personal\jogos\OCaminhoAssombr
adoDaEscola\node_modules\jest-
runner\build\testWorker.js:343
:7)
          at Object.worker (C:
\Code\Personal\jogos\OCaminhoA
ssombradoDaEscola\node_modules
\jest-runner\build\testWorker.
js:497:12)

    [0m [90m 20 |[39m      
 } [36mcatch[39m (err) {
     [90m 21 |[39m         
setError([32m'Erro ao 
carregar o leaderboard. Tente 
novamente mais 
tarde.'[39m)[33m;[39m
    [31m[1m>[22m[39m[90m 
22 |[39m         console[33m
.[39merror([32m'Failed to 
load 
leaderboard:'[39m[33m,[39m 
err)[33m;[39m
     [90m    |[39m          
       [31m[1m^[22m[39m
     [90m 23 |[39m       } 
[36mfinally[39m {
     [90m 24 |[39m         s
etLoading([36mfalse[39m)[33
m;[39m
     [90m 25 |[39m       
}[0m

      at fetchLeaderboard 
(src/app/page.tsx:22:17)

    console.error
      Failed to load 
leaderboard: Error: Server 
error
          at 
Object.<anonymous> (C:\Code\Pe
rsonal\jogos\OCaminhoAssombrad
oDaEscola\src\test\integration
\api-integration.test.tsx:260:
54)
          at 
Promise.finally.completed (C:\
Code\Personal\jogos\OCaminhoAs
sombradoDaEscola\node_modules\
jest-circus\build\jestAdapterI
nit.js:1557:28)
          at new Promise 
(<anonymous>)
          at 
callAsyncCircusFn (C:\Code\Per
sonal\jogos\OCaminhoAssombrado
DaEscola\node_modules\jest-cir
cus\build\jestAdapterInit.js:1
497:10)
          at _callCircusTest (
C:\Code\Personal\jogos\OCaminh
oAssombradoDaEscola\node_modul
es\jest-circus\build\jestAdapt
erInit.js:1007:40)
          at _runTest (C:\Code
\Personal\jogos\OCaminhoAssomb
radoDaEscola\node_modules\jest
-circus\build\jestAdapterInit.
js:947:3)
          at C:\Code\Personal\
jogos\OCaminhoAssombradoDaEsco
la\node_modules\jest-circus\bu
ild\jestAdapterInit.js:849:7
          at 
_runTestsForDescribeBlock (C:\
Code\Personal\jogos\OCaminhoAs
sombradoDaEscola\node_modules\
jest-circus\build\jestAdapterI
nit.js:862:11)
          at 
_runTestsForDescribeBlock (C:\
Code\Personal\jogos\OCaminhoAs
sombradoDaEscola\node_modules\
jest-circus\build\jestAdapterI
nit.js:857:11)
          at 
_runTestsForDescribeBlock (C:\
Code\Personal\jogos\OCaminhoAs
sombradoDaEscola\node_modules\
jest-circus\build\jestAdapterI
nit.js:857:11)
          at run (C:\Code\Pers
onal\jogos\OCaminhoAssombradoD
aEscola\node_modules\jest-circ
us\build\jestAdapterInit.js:76
1:3)
          at runAndTransformRe
sultsToJestFormat (C:\Code\Per
sonal\jogos\OCaminhoAssombrado
DaEscola\node_modules\jest-cir
cus\build\jestAdapterInit.js:1
918:21)
          at jestAdapter (C:\C
ode\Personal\jogos\OCaminhoAss
ombradoDaEscola\node_modules\j
est-circus\build\runner.js:101
:19)
          at runTestInternal (
C:\Code\Personal\jogos\OCaminh
oAssombradoDaEscola\node_modul
es\jest-runner\build\testWorke
r.js:275:16)
          at runTest (C:\Code\
Personal\jogos\OCaminhoAssombr
adoDaEscola\node_modules\jest-
runner\build\testWorker.js:343
:7)
          at Object.worker (C:
\Code\Personal\jogos\OCaminhoA
ssombradoDaEscola\node_modules
\jest-runner\build\testWorker.
js:497:12)

    [0m [90m 20 |[39m      
 } [36mcatch[39m (err) {
     [90m 21 |[39m         
setError([32m'Erro ao 
carregar o leaderboard. Tente 
novamente mais 
tarde.'[39m)[33m;[39m
    [31m[1m>[22m[39m[90m 
22 |[39m         console[33m
.[39merror([32m'Failed to 
load 
leaderboard:'[39m[33m,[39m 
err)[33m;[39m
     [90m    |[39m          
       [31m[1m^[22m[39m
     [90m 23 |[39m       } 
[36mfinally[39m {
     [90m 24 |[39m         s
etLoading([36mfalse[39m)[33
m;[39m
     [90m 25 |[39m       
}[0m

      at fetchLeaderboard 
(src/app/page.tsx:22:17)

    console.error
      Failed to load 
leaderboard: Error: Network 
error
          at 
Object.<anonymous> (C:\Code\Pe
rsonal\jogos\OCaminhoAssombrad
oDaEscola\src\test\integration
\api-integration.test.tsx:270:
54)
          at 
Promise.finally.completed (C:\
Code\Personal\jogos\OCaminhoAs
sombradoDaEscola\node_modules\
jest-circus\build\jestAdapterI
nit.js:1557:28)
          at new Promise 
(<anonymous>)
          at 
callAsyncCircusFn (C:\Code\Per
sonal\jogos\OCaminhoAssombrado
DaEscola\node_modules\jest-cir
cus\build\jestAdapterInit.js:1
497:10)
          at _callCircusTest (
C:\Code\Personal\jogos\OCaminh
oAssombradoDaEscola\node_modul
es\jest-circus\build\jestAdapt
erInit.js:1007:40)
          at _runTest (C:\Code
\Personal\jogos\OCaminhoAssomb
radoDaEscola\node_modules\jest
-circus\build\jestAdapterInit.
js:947:3)
          at C:\Code\Personal\
jogos\OCaminhoAssombradoDaEsco
la\node_modules\jest-circus\bu
ild\jestAdapterInit.js:849:7
          at 
_runTestsForDescribeBlock (C:\
Code\Personal\jogos\OCaminhoAs
sombradoDaEscola\node_modules\
jest-circus\build\jestAdapterI
nit.js:862:11)
          at 
_runTestsForDescribeBlock (C:\
Code\Personal\jogos\OCaminhoAs
sombradoDaEscola\node_modules\
jest-circus\build\jestAdapterI
nit.js:857:11)
          at 
_runTestsForDescribeBlock (C:\
Code\Personal\jogos\OCaminhoAs
sombradoDaEscola\node_modules\
jest-circus\build\jestAdapterI
nit.js:857:11)
          at run (C:\Code\Pers
onal\jogos\OCaminhoAssombradoD
aEscola\node_modules\jest-circ
us\build\jestAdapterInit.js:76
1:3)
          at runAndTransformRe
sultsToJestFormat (C:\Code\Per
sonal\jogos\OCaminhoAssombrado
DaEscola\node_modules\jest-cir
cus\build\jestAdapterInit.js:1
918:21)
          at jestAdapter (C:\C
ode\Personal\jogos\OCaminhoAss
ombradoDaEscola\node_modules\j
est-circus\build\runner.js:101
:19)
          at runTestInternal (
C:\Code\Personal\jogos\OCaminh
oAssombradoDaEscola\node_modul
es\jest-runner\build\testWorke
r.js:275:16)
          at runTest (C:\Code\
Personal\jogos\OCaminhoAssombr
adoDaEscola\node_modules\jest-
runner\build\testWorker.js:343
:7)
          at Object.worker (C:
\Code\Personal\jogos\OCaminhoA
ssombradoDaEscola\node_modules
\jest-runner\build\testWorker.
js:497:12)

    [0m [90m 20 |[39m      
 } [36mcatch[39m (err) {
     [90m 21 |[39m         
setError([32m'Erro ao 
carregar o leaderboard. Tente 
novamente mais 
tarde.'[39m)[33m;[39m
    [31m[1m>[22m[39m[90m 
22 |[39m         console[33m
.[39merror([32m'Failed to 
load 
leaderboard:'[39m[33m,[39m 
err)[33m;[39m
     [90m    |[39m          
       [31m[1m^[22m[39m
     [90m 23 |[39m       } 
[36mfinally[39m {
     [90m 24 |[39m         s
etLoading([36mfalse[39m)[33
m;[39m
     [90m 25 |[39m       
}[0m

      at fetchLeaderboard 
(src/app/page.tsx:22:17)

FAIL src/components/game/__tes
ts__/TouchControlsEnhanced.tes
t.tsx
  ÔùÅ TouchControls Enhanced 
Features ÔÇ║ should render 
with enhanced visual feedback

    
TestingLibraryElementError: 
Unable to find a label with 
the text of: Move Left

    Ignored nodes: comments, 
script, style
    [36m<body>[39m
      [36m<div>[39m
        [36m<div[39m
          
[33mclass[39m=[32m"fixed 
inset-0 pointer-events-none 
z-20 "[39m
        [36m>[39m
          [36m<div[39m
            [33mclass[39m=[
32m"absolute left-[8px] 
bottom-[32px] flex flex-col 
space-x-4 space-y-4 
pointer-events-auto"[39m
            [33mdata-touch-co
ntrol[39m=[32m"movement"[39
m
          [36m>[39m
            [36m<div[39m
              
[33mclass[39m=[32m"flex 
space-x-4 space-y-4"[39m
            [36m>[39m
              
[36m<button[39m
                [33maria-labe
l[39m=[32m"Mover para a 
esquerda"[39m
                
[33mclass[39m=[32m"w-18 
h-18 bg-black/50 
backdrop-blur-sm border-2 
border-white/30 rounded-xl 
flex items-center 
justify-center text-white 
text-2xl font-bold 
hover:bg-black/70 
active:bg-black/80 
transition-all duration-150 
select-none scale-100 
opacity-90 shadow-lg "[39m
                [33mdata-touc
h-control[39m=[32m"true"[39
m
                [33mtabindex
[39m=[32m"0"[39m
              [36m>[39m
                [0mÔåÉ[0m
              
[36m</button>[39m
              
[36m<button[39m
                [33maria-labe
l[39m=[32m"Mover para a 
direita"[39m
                
[33mclass[39m=[32m"w-18 
h-18 bg-black/50 
backdrop-blur-sm border-2 
border-white/30 rounded-xl 
flex items-center 
justify-center text-white 
text-2xl font-bold 
hover:bg-black/70 
active:bg-black/80 
transition-all duration-150 
select-none scale-100 
opacity-90 shadow-lg "[39m
                [33mdata-touc
h-control[39m=[32m"true"[39
m
                [33mtabindex
[39m=[32m"0"[39m
              [36m>[39m
                [0mÔåÆ[0m
              
[36m</button>[39m
            [36m</div>[39m
          [36m</div>[39m
          [36m<div[39m
            [33mclass[39m=[
32m"absolute right-[8px] 
bottom-[32px] flex flex-col 
space-x-4 space-y-4 
pointer-events-auto"[39m
            [33mdata-touch-co
ntrol[39m=[32m"actions"[39m
          [36m>[39m
            [36m<div[39m
              
[33mclass[39m=[32m"flex 
justify-center"[39m
            [36m>[39m
              
[36m<button[39m
                [33maria-labe
l[39m=[32m"Saltar"[39m
                
[33mclass[39m=[32m"w-18 
h-18 bg-black/50 
backdrop-blur-sm border-2 
border-white/30 rounded-xl 
flex items-center 
justify-center text-white 
text-base font-bold 
hover:bg-black/70 
active:bg-black/80 
transition-all duration-150 
select-none scale-100 
opacity-90 shadow-lg "[39m
                [33mdata-touc
h-control[39m=[32m"true"[39
m
                [33mtabindex
[39m=[32m"0"[39m
              [36m>[39m
                [0mÔåæ[0m
                [36m<br 
/>[39m
                [0mSALTAR[0m
              
[36m</button>[39m
            [36m</div>[39m
            [36m<div[39m
              
[33mclass[39m=[32m"flex 
space-x-4 space-y-4"[39m
            [36m>[39m
              
[36m<button[39m
                [33maria-labe
l[39m=[32m"Agachar"[39m
                
[33mclass[39m=[32m"w-18 
h-18 bg-black/50 
backdrop-blur-sm border-2 
border-white/30 rounded-xl 
flex items-center 
justify-center text-white 
text-base font-bold 
hover:bg-black/70 
active:bg-black/80 
transition-all duration-150 
select-none scale-100 
opacity-90 shadow-lg "[39m
                [33mdata-touc
h-control[39m=[32m"true"[39
m
                [33mtabindex
[39m=[32m"0"[39m
              [36m>[39m
                [0mÔåô[0m
                [36m<br 
/>[39m
                
[0mAGACHAR[0m
              
[36m</button>[39m
              
[36m<button[39m
                [33maria-labe
l[39m=[32m"Atacar"[39m
                
[33mclass[39m=[32m"w-18 
h-18 bg-red-600/70 
backdrop-blur-sm border-2 
border-red-400/50 rounded-xl 
flex items-center 
justify-center text-white 
text-base font-bold 
hover:bg-red-600/90 
active:bg-red-700/90 
transition-all duration-150 
select-none scale-100 
opacity-90 shadow-lg "[39m
                [33mdata-touc
h-control[39m=[32m"true"[39
m
                [33mtabindex
[39m=[32m"0"[39m
              [36m>[39m
                [0mÔÜö[0m
                [36m<br 
/>[39m
                [0mATACAR[0m
              
[36m</button>[39m
            [36m</div>[39m
          [36m</div>[39m
          [36m<div[39m
            [33mclass[39m=[
32m"absolute top-4 left-1/2 
transform -translate-x-1/2 
pointer-events-none"[39m
          [36m>[39m
            [36m<div[39m
              [33mclass[39m=
[32m"bg-black/60 
backdrop-blur-sm rounded-lg 
px-3 py-2 text-white text-xs 
text-center 
animate-fade-in-out"[39m
            [36m>[39m
              [36m<p>[39m
                [0mSwipe 
gestures: ÔåÉ ÔåÆ Ôåæ Ôåô[0m
              [36m</p>[39m
              [36m<p[39m
                [33mclass[39
m=[32m"text-gray-300"[39m
              [36m>[39m
                [0mOr use 
touch controls[0m
              [36m</p>[39m
            [36m</div>[39m
          [36m</div>[39m
        [36m</div>[39m
      [36m</div>[39m
    [36m</body>[39m

    [0m [90m 62 |[39m     
     [90m 63 |[39m     
[90m// Check that buttons 
have the enhanced styling[39m
    [31m[1m>[22m[39m[90m 
64 |[39m     [36mconst[39m 
moveLeftButton [33m=[39m scr
een[33m.[39mgetByLabelText(
[32m'Move 
Left'[39m)[33m;[39m
     [90m    |[39m          
                         
[31m[1m^[22m[39m
     [90m 65 |[39m     expec
t(moveLeftButton)[33m.[39mto
HaveAttribute([32m'data-touch
-control'[39m)[33m;[39m
     [90m 66 |[39m     expec
t(moveLeftButton[33m.[39mcla
ssName)[33m.[39mtoContain([
32m'transition-all'[39m)[33m
;[39m
     [90m 67 |[39m     expec
t(moveLeftButton[33m.[39mcla
ssName)[33m.[39mtoContain([
32m'duration-150'[39m)[33m;
[39m[0m

      at 
Object.getElementError (node_m
odules/@testing-library/dom/di
st/config.js:37:19)
      at getAllByLabelText (no
de_modules/@testing-library/do
m/dist/queries/label-text.js:1
11:38)
      at node_modules/@testing
-library/dom/dist/query-helper
s.js:52:17
      at node_modules/@testing
-library/dom/dist/query-helper
s.js:95:19
      at Object.<anonymous> (s
rc/components/game/__tests__/T
ouchControlsEnhanced.test.tsx:
64:35)

  ÔùÅ TouchControls Enhanced 
Features ÔÇ║ should handle 
touch events with visual 
feedback

    
TestingLibraryElementError: 
Unable to find a label with 
the text of: Move Left

    Ignored nodes: comments, 
script, style
    [36m<body>[39m
      [36m<div>[39m
        [36m<div[39m
          
[33mclass[39m=[32m"fixed 
inset-0 pointer-events-none 
z-20 "[39m
        [36m>[39m
          [36m<div[39m
            [33mclass[39m=[
32m"absolute left-[8px] 
bottom-[32px] flex flex-col 
space-x-4 space-y-4 
pointer-events-auto"[39m
            [33mdata-touch-co
ntrol[39m=[32m"movement"[39
m
          [36m>[39m
            [36m<div[39m
              
[33mclass[39m=[32m"flex 
space-x-4 space-y-4"[39m
            [36m>[39m
              
[36m<button[39m
                [33maria-labe
l[39m=[32m"Mover para a 
esquerda"[39m
                
[33mclass[39m=[32m"w-18 
h-18 bg-black/50 
backdrop-blur-sm border-2 
border-white/30 rounded-xl 
flex items-center 
justify-center text-white 
text-2xl font-bold 
hover:bg-black/70 
active:bg-black/80 
transition-all duration-150 
select-none scale-100 
opacity-90 shadow-lg "[39m
                [33mdata-touc
h-control[39m=[32m"true"[39
m
                [33mtabindex
[39m=[32m"0"[39m
              [36m>[39m
                [0mÔåÉ[0m
              
[36m</button>[39m
              
[36m<button[39m
                [33maria-labe
l[39m=[32m"Mover para a 
direita"[39m
                
[33mclass[39m=[32m"w-18 
h-18 bg-black/50 
backdrop-blur-sm border-2 
border-white/30 rounded-xl 
flex items-center 
justify-center text-white 
text-2xl font-bold 
hover:bg-black/70 
active:bg-black/80 
transition-all duration-150 
select-none scale-100 
opacity-90 shadow-lg "[39m
                [33mdata-touc
h-control[39m=[32m"true"[39
m
                [33mtabindex
[39m=[32m"0"[39m
              [36m>[39m
                [0mÔåÆ[0m
              
[36m</button>[39m
            [36m</div>[39m
          [36m</div>[39m
          [36m<div[39m
            [33mclass[39m=[
32m"absolute right-[8px] 
bottom-[32px] flex flex-col 
space-x-4 space-y-4 
pointer-events-auto"[39m
            [33mdata-touch-co
ntrol[39m=[32m"actions"[39m
          [36m>[39m
            [36m<div[39m
              
[33mclass[39m=[32m"flex 
justify-center"[39m
            [36m>[39m
              
[36m<button[39m
                [33maria-labe
l[39m=[32m"Saltar"[39m
                
[33mclass[39m=[32m"w-18 
h-18 bg-black/50 
backdrop-blur-sm border-2 
border-white/30 rounded-xl 
flex items-center 
justify-center text-white 
text-base font-bold 
hover:bg-black/70 
active:bg-black/80 
transition-all duration-150 
select-none scale-100 
opacity-90 shadow-lg "[39m
                [33mdata-touc
h-control[39m=[32m"true"[39
m
                [33mtabindex
[39m=[32m"0"[39m
              [36m>[39m
                [0mÔåæ[0m
                [36m<br 
/>[39m
                [0mSALTAR[0m
              
[36m</button>[39m
            [36m</div>[39m
            [36m<div[39m
              
[33mclass[39m=[32m"flex 
space-x-4 space-y-4"[39m
            [36m>[39m
              
[36m<button[39m
                [33maria-labe
l[39m=[32m"Agachar"[39m
                
[33mclass[39m=[32m"w-18 
h-18 bg-black/50 
backdrop-blur-sm border-2 
border-white/30 rounded-xl 
flex items-center 
justify-center text-white 
text-base font-bold 
hover:bg-black/70 
active:bg-black/80 
transition-all duration-150 
select-none scale-100 
opacity-90 shadow-lg "[39m
                [33mdata-touc
h-control[39m=[32m"true"[39
m
                [33mtabindex
[39m=[32m"0"[39m
              [36m>[39m
                [0mÔåô[0m
                [36m<br 
/>[39m
                
[0mAGACHAR[0m
              
[36m</button>[39m
              
[36m<button[39m
                [33maria-labe
l[39m=[32m"Atacar"[39m
                
[33mclass[39m=[32m"w-18 
h-18 bg-red-600/70 
backdrop-blur-sm border-2 
border-red-400/50 rounded-xl 
flex items-center 
justify-center text-white 
text-base font-bold 
hover:bg-red-600/90 
active:bg-red-700/90 
transition-all duration-150 
select-none scale-100 
opacity-90 shadow-lg "[39m
                [33mdata-touc
h-control[39m=[32m"true"[39
m
                [33mtabindex
[39m=[32m"0"[39m
              [36m>[39m
                [0mÔÜö[0m
                [36m<br 
/>[39m
                [0mATACAR[0m
              
[36m</button>[39m
            [36m</div>[39m
          [36m</div>[39m
          [36m<div[39m
            [33mclass[39m=[
32m"absolute top-4 left-1/2 
transform -translate-x-1/2 
pointer-events-none"[39m
          [36m>[39m
            [36m<div[39m
              [33mclass[39m=
[32m"bg-black/60 
backdrop-blur-sm rounded-lg 
px-3 py-2 text-white text-xs 
text-center 
animate-fade-in-out"[39m
            [36m>[39m
              [36m<p>[39m
                [0mSwipe 
gestures: ÔåÉ ÔåÆ Ôåæ Ôåô[0m
              [36m</p>[39m
              [36m<p[39m
                [33mclass[39
m=[32m"text-gray-300"[39m
              [36m>[39m
                [0mOr use 
touch controls[0m
              [36m</p>[39m
            [36m</div>[39m
          [36m</div>[39m
        [36m</div>[39m
      [36m</div>[39m
    [36m</body>[39m

    [0m [90m 79 |[39m     r
ender([33m<[39m[33mTouchCon
trols[39m 
{[33m...[39mmockHandlers} [
33m/[39m[33m>[39m)[33m;[3
9m
     [90m 80 |[39m     
    [31m[1m>[22m[39m[90m 
81 |[39m     [36mconst[39m 
moveLeftButton [33m=[39m scr
een[33m.[39mgetByLabelText(
[32m'Move 
Left'[39m)[33m;[39m
     [90m    |[39m          
                         
[31m[1m^[22m[39m
     [90m 82 |[39m     
     [90m 83 |[39m     
[90m// Test touch start - 
should trigger visual 
feedback[39m
     [90m 84 |[39m     fireE
vent[33m.[39mtouchStart(move
LeftButton)[33m;[39m[0m

      at 
Object.getElementError (node_m
odules/@testing-library/dom/di
st/config.js:37:19)
      at getAllByLabelText (no
de_modules/@testing-library/do
m/dist/queries/label-text.js:1
11:38)
      at node_modules/@testing
-library/dom/dist/query-helper
s.js:52:17
      at node_modules/@testing
-library/dom/dist/query-helper
s.js:95:19
      at Object.<anonymous> (s
rc/components/game/__tests__/T
ouchControlsEnhanced.test.tsx:
81:35)

  ÔùÅ TouchControls Enhanced 
Features ÔÇ║ should prevent 
event propagation on touch 
events

    
TestingLibraryElementError: 
Unable to find a label with 
the text of: Move Left

    Ignored nodes: comments, 
script, style
    [36m<body>[39m
      [36m<div>[39m
        [36m<div[39m
          
[33mclass[39m=[32m"fixed 
inset-0 pointer-events-none 
z-20 "[39m
        [36m>[39m
          [36m<div[39m
            [33mclass[39m=[
32m"absolute left-[8px] 
bottom-[32px] flex flex-col 
space-x-4 space-y-4 
pointer-events-auto"[39m
            [33mdata-touch-co
ntrol[39m=[32m"movement"[39
m
          [36m>[39m
            [36m<div[39m
              
[33mclass[39m=[32m"flex 
space-x-4 space-y-4"[39m
            [36m>[39m
              
[36m<button[39m
                [33maria-labe
l[39m=[32m"Mover para a 
esquerda"[39m
                
[33mclass[39m=[32m"w-18 
h-18 bg-black/50 
backdrop-blur-sm border-2 
border-white/30 rounded-xl 
flex items-center 
justify-center text-white 
text-2xl font-bold 
hover:bg-black/70 
active:bg-black/80 
transition-all duration-150 
select-none scale-100 
opacity-90 shadow-lg "[39m
                [33mdata-touc
h-control[39m=[32m"true"[39
m
                [33mtabindex
[39m=[32m"0"[39m
              [36m>[39m
                [0mÔåÉ[0m
              
[36m</button>[39m
              
[36m<button[39m
                [33maria-labe
l[39m=[32m"Mover para a 
direita"[39m
                
[33mclass[39m=[32m"w-18 
h-18 bg-black/50 
backdrop-blur-sm border-2 
border-white/30 rounded-xl 
flex items-center 
justify-center text-white 
text-2xl font-bold 
hover:bg-black/70 
active:bg-black/80 
transition-all duration-150 
select-none scale-100 
opacity-90 shadow-lg "[39m
                [33mdata-touc
h-control[39m=[32m"true"[39
m
                [33mtabindex
[39m=[32m"0"[39m
              [36m>[39m
                [0mÔåÆ[0m
              
[36m</button>[39m
            [36m</div>[39m
          [36m</div>[39m
          [36m<div[39m
            [33mclass[39m=[
32m"absolute right-[8px] 
bottom-[32px] flex flex-col 
space-x-4 space-y-4 
pointer-events-auto"[39m
            [33mdata-touch-co
ntrol[39m=[32m"actions"[39m
          [36m>[39m
            [36m<div[39m
              
[33mclass[39m=[32m"flex 
justify-center"[39m
            [36m>[39m
              
[36m<button[39m
                [33maria-labe
l[39m=[32m"Saltar"[39m
                
[33mclass[39m=[32m"w-18 
h-18 bg-black/50 
backdrop-blur-sm border-2 
border-white/30 rounded-xl 
flex items-center 
justify-center text-white 
text-base font-bold 
hover:bg-black/70 
active:bg-black/80 
transition-all duration-150 
select-none scale-100 
opacity-90 shadow-lg "[39m
                [33mdata-touc
h-control[39m=[32m"true"[39
m
                [33mtabindex
[39m=[32m"0"[39m
              [36m>[39m
                [0mÔåæ[0m
                [36m<br 
/>[39m
                [0mSALTAR[0m
              
[36m</button>[39m
            [36m</div>[39m
            [36m<div[39m
              
[33mclass[39m=[32m"flex 
space-x-4 space-y-4"[39m
            [36m>[39m
              
[36m<button[39m
                [33maria-labe
l[39m=[32m"Agachar"[39m
                
[33mclass[39m=[32m"w-18 
h-18 bg-black/50 
backdrop-blur-sm border-2 
border-white/30 rounded-xl 
flex items-center 
justify-center text-white 
text-base font-bold 
hover:bg-black/70 
active:bg-black/80 
transition-all duration-150 
select-none scale-100 
opacity-90 shadow-lg "[39m
                [33mdata-touc
h-control[39m=[32m"true"[39
m
                [33mtabindex
[39m=[32m"0"[39m
              [36m>[39m
                [0mÔåô[0m
                [36m<br 
/>[39m
                
[0mAGACHAR[0m
              
[36m</button>[39m
              
[36m<button[39m
                [33maria-labe
l[39m=[32m"Atacar"[39m
                
[33mclass[39m=[32m"w-18 
h-18 bg-red-600/70 
backdrop-blur-sm border-2 
border-red-400/50 rounded-xl 
flex items-center 
justify-center text-white 
text-base font-bold 
hover:bg-red-600/90 
active:bg-red-700/90 
transition-all duration-150 
select-none scale-100 
opacity-90 shadow-lg "[39m
                [33mdata-touc
h-control[39m=[32m"true"[39
m
                [33mtabindex
[39m=[32m"0"[39m
              [36m>[39m
                [0mÔÜö[0m
                [36m<br 
/>[39m
                [0mATACAR[0m
              
[36m</button>[39m
            [36m</div>[39m
          [36m</div>[39m
          [36m<div[39m
            [33mclass[39m=[
32m"absolute top-4 left-1/2 
transform -translate-x-1/2 
pointer-events-none"[39m
          [36m>[39m
            [36m<div[39m
              [33mclass[39m=
[32m"bg-black/60 
backdrop-blur-sm rounded-lg 
px-3 py-2 text-white text-xs 
text-center 
animate-fade-in-out"[39m
            [36m>[39m
              [36m<p>[39m
                [0mSwipe 
gestures: ÔåÉ ÔåÆ Ôåæ Ôåô[0m
              [36m</p>[39m
              [36m<p[39m
                [33mclass[39
m=[32m"text-gray-300"[39m
              [36m>[39m
                [0mOr use 
touch controls[0m
              [36m</p>[39m
            [36m</div>[39m
          [36m</div>[39m
        [36m</div>[39m
      [36m</div>[39m
    [36m</body>[39m

    [0m [90m 93 |[39m     r
ender([33m<[39m[33mTouchCon
trols[39m 
{[33m...[39mmockHandlers} [
33m/[39m[33m>[39m)[33m;[3
9m
     [90m 94 |[39m     
    [31m[1m>[22m[39m[90m 
95 |[39m     [36mconst[39m 
moveLeftButton [33m=[39m scr
een[33m.[39mgetByLabelText(
[32m'Move 
Left'[39m)[33m;[39m
     [90m    |[39m          
                         
[31m[1m^[22m[39m
     [90m 96 |[39m     
     [90m 97 |[39m     
[36mconst[39m 
touchStartEvent [33m=[39m 
[36mnew[39m [33mTouchEvent
[39m([32m'touchstart'[39m[3
3m,[39m {
     [90m 98 |[39m       
bubbles[33m:[39m 
[36mtrue[39m[33m,[39m[0m

      at 
Object.getElementError (node_m
odules/@testing-library/dom/di
st/config.js:37:19)
      at getAllByLabelText (no
de_modules/@testing-library/do
m/dist/queries/label-text.js:1
11:38)
      at node_modules/@testing
-library/dom/dist/query-helper
s.js:52:17
      at node_modules/@testing
-library/dom/dist/query-helper
s.js:95:19
      at Object.<anonymous> (s
rc/components/game/__tests__/T
ouchControlsEnhanced.test.tsx:
95:35)

  ÔùÅ TouchControls Enhanced 
Features ÔÇ║ should handle 
different button types with 
appropriate styling

    
TestingLibraryElementError: 
Unable to find a label with 
the text of: Move Left

    Ignored nodes: comments, 
script, style
    [36m<body>[39m
      [36m<div>[39m
        [36m<div[39m
          
[33mclass[39m=[32m"fixed 
inset-0 pointer-events-none 
z-20 "[39m
        [36m>[39m
          [36m<div[39m
            [33mclass[39m=[
32m"absolute left-[8px] 
bottom-[32px] flex flex-col 
space-x-4 space-y-4 
pointer-events-auto"[39m
            [33mdata-touch-co
ntrol[39m=[32m"movement"[39
m
          [36m>[39m
            [36m<div[39m
              
[33mclass[39m=[32m"flex 
space-x-4 space-y-4"[39m
            [36m>[39m
              
[36m<button[39m
                [33maria-labe
l[39m=[32m"Mover para a 
esquerda"[39m
                
[33mclass[39m=[32m"w-18 
h-18 bg-black/50 
backdrop-blur-sm border-2 
border-white/30 rounded-xl 
flex items-center 
justify-center text-white 
text-2xl font-bold 
hover:bg-black/70 
active:bg-black/80 
transition-all duration-150 
select-none scale-100 
opacity-90 shadow-lg "[39m
                [33mdata-touc
h-control[39m=[32m"true"[39
m
                [33mtabindex
[39m=[32m"0"[39m
              [36m>[39m
                [0mÔåÉ[0m
              
[36m</button>[39m
              
[36m<button[39m
                [33maria-labe
l[39m=[32m"Mover para a 
direita"[39m
                
[33mclass[39m=[32m"w-18 
h-18 bg-black/50 
backdrop-blur-sm border-2 
border-white/30 rounded-xl 
flex items-center 
justify-center text-white 
text-2xl font-bold 
hover:bg-black/70 
active:bg-black/80 
transition-all duration-150 
select-none scale-100 
opacity-90 shadow-lg "[39m
                [33mdata-touc
h-control[39m=[32m"true"[39
m
                [33mtabindex
[39m=[32m"0"[39m
              [36m>[39m
                [0mÔåÆ[0m
              
[36m</button>[39m
            [36m</div>[39m
          [36m</div>[39m
          [36m<div[39m
            [33mclass[39m=[
32m"absolute right-[8px] 
bottom-[32px] flex flex-col 
space-x-4 space-y-4 
pointer-events-auto"[39m
            [33mdata-touch-co
ntrol[39m=[32m"actions"[39m
          [36m>[39m
            [36m<div[39m
              
[33mclass[39m=[32m"flex 
justify-center"[39m
            [36m>[39m
              
[36m<button[39m
                [33maria-labe
l[39m=[32m"Saltar"[39m
                
[33mclass[39m=[32m"w-18 
h-18 bg-black/50 
backdrop-blur-sm border-2 
border-white/30 rounded-xl 
flex items-center 
justify-center text-white 
text-base font-bold 
hover:bg-black/70 
active:bg-black/80 
transition-all duration-150 
select-none scale-100 
opacity-90 shadow-lg "[39m
                [33mdata-touc
h-control[39m=[32m"true"[39
m
                [33mtabindex
[39m=[32m"0"[39m
              [36m>[39m
                [0mÔåæ[0m
                [36m<br 
/>[39m
                [0mSALTAR[0m
              
[36m</button>[39m
            [36m</div>[39m
            [36m<div[39m
              
[33mclass[39m=[32m"flex 
space-x-4 space-y-4"[39m
            [36m>[39m
              
[36m<button[39m
                [33maria-labe
l[39m=[32m"Agachar"[39m
                
[33mclass[39m=[32m"w-18 
h-18 bg-black/50 
backdrop-blur-sm border-2 
border-white/30 rounded-xl 
flex items-center 
justify-center text-white 
text-base font-bold 
hover:bg-black/70 
active:bg-black/80 
transition-all duration-150 
select-none scale-100 
opacity-90 shadow-lg "[39m
                [33mdata-touc
h-control[39m=[32m"true"[39
m
                [33mtabindex
[39m=[32m"0"[39m
              [36m>[39m
                [0mÔåô[0m
                [36m<br 
/>[39m
                
[0mAGACHAR[0m
              
[36m</button>[39m
              
[36m<button[39m
                [33maria-labe
l[39m=[32m"Atacar"[39m
                
[33mclass[39m=[32m"w-18 
h-18 bg-red-600/70 
backdrop-blur-sm border-2 
border-red-400/50 rounded-xl 
flex items-center 
justify-center text-white 
text-base font-bold 
hover:bg-red-600/90 
active:bg-red-700/90 
transition-all duration-150 
select-none scale-100 
opacity-90 shadow-lg "[39m
                [33mdata-touc
h-control[39m=[32m"true"[39
m
                [33mtabindex
[39m=[32m"0"[39m
              [36m>[39m
                [0mÔÜö[0m
                [36m<br 
/>[39m
                [0mATACAR[0m
              
[36m</button>[39m
            [36m</div>[39m
          [36m</div>[39m
          [36m<div[39m
            [33mclass[39m=[
32m"absolute top-4 left-1/2 
transform -translate-x-1/2 
pointer-events-none"[39m
          [36m>[39m
            [36m<div[39m
              [33mclass[39m=
[32m"bg-black/60 
backdrop-blur-sm rounded-lg 
px-3 py-2 text-white text-xs 
text-center 
animate-fade-in-out"[39m
            [36m>[39m
              [36m<p>[39m
                [0mSwipe 
gestures: ÔåÉ ÔåÆ Ôåæ Ôåô[0m
              [36m</p>[39m
              [36m<p[39m
                [33mclass[39
m=[32m"text-gray-300"[39m
              [36m>[39m
                [0mOr use 
touch controls[0m
              [36m</p>[39m
            [36m</div>[39m
          [36m</div>[39m
        [36m</div>[39m
      [36m</div>[39m
    [36m</body>[39m

    [0m [90m 114 |[39m     
     [90m 115 |[39m     
[90m// Movement buttons 
should have standard 
styling[39m
    [31m[1m>[22m[39m[90m 
116 |[39m     
[36mconst[39m 
moveLeftButton [33m=[39m scr
een[33m.[39mgetByLabelText(
[32m'Move 
Left'[39m)[33m;[39m
     [90m     |[39m         
                          
[31m[1m^[22m[39m
     [90m 117 |[39m     expe
ct(moveLeftButton[33m.[39mcl
assName)[33m.[39mtoContain(
[32m'bg-black/50'[39m)[33m;
[39m
     [90m 118 |[39m     
     [90m 119 |[39m     
[90m// Attack button should 
have red accent 
styling[39m[0m

      at 
Object.getElementError (node_m
odules/@testing-library/dom/di
st/config.js:37:19)
      at getAllByLabelText (no
de_modules/@testing-library/do
m/dist/queries/label-text.js:1
11:38)
      at node_modules/@testing
-library/dom/dist/query-helper
s.js:52:17
      at node_modules/@testing
-library/dom/dist/query-helper
s.js:95:19
      at Object.<anonymous> (s
rc/components/game/__tests__/T
ouchControlsEnhanced.test.tsx:
116:35)

  ÔùÅ TouchControls Enhanced 
Features ÔÇ║ should render 
with optimized positioning

    
TestingLibraryElementError: 
Unable to find a label with 
the text of: Move Left

    Ignored nodes: comments, 
script, style
    [36m<body>[39m
      [36m<div>[39m
        [36m<div[39m
          
[33mclass[39m=[32m"fixed 
inset-0 pointer-events-none 
z-20 "[39m
        [36m>[39m
          [36m<div[39m
            [33mclass[39m=[
32m"absolute left-[8px] 
bottom-[32px] flex flex-col 
space-x-4 space-y-4 
pointer-events-auto"[39m
            [33mdata-touch-co
ntrol[39m=[32m"movement"[39
m
          [36m>[39m
            [36m<div[39m
              
[33mclass[39m=[32m"flex 
space-x-4 space-y-4"[39m
            [36m>[39m
              
[36m<button[39m
                [33maria-labe
l[39m=[32m"Mover para a 
esquerda"[39m
                
[33mclass[39m=[32m"w-18 
h-18 bg-black/50 
backdrop-blur-sm border-2 
border-white/30 rounded-xl 
flex items-center 
justify-center text-white 
text-2xl font-bold 
hover:bg-black/70 
active:bg-black/80 
transition-all duration-150 
select-none scale-100 
opacity-90 shadow-lg "[39m
                [33mdata-touc
h-control[39m=[32m"true"[39
m
                [33mtabindex
[39m=[32m"0"[39m
              [36m>[39m
                [0mÔåÉ[0m
              
[36m</button>[39m
              
[36m<button[39m
                [33maria-labe
l[39m=[32m"Mover para a 
direita"[39m
                
[33mclass[39m=[32m"w-18 
h-18 bg-black/50 
backdrop-blur-sm border-2 
border-white/30 rounded-xl 
flex items-center 
justify-center text-white 
text-2xl font-bold 
hover:bg-black/70 
active:bg-black/80 
transition-all duration-150 
select-none scale-100 
opacity-90 shadow-lg "[39m
                [33mdata-touc
h-control[39m=[32m"true"[39
m
                [33mtabindex
[39m=[32m"0"[39m
              [36m>[39m
                [0mÔåÆ[0m
              
[36m</button>[39m
            [36m</div>[39m
          [36m</div>[39m
          [36m<div[39m
            [33mclass[39m=[
32m"absolute right-[8px] 
bottom-[32px] flex flex-col 
space-x-4 space-y-4 
pointer-events-auto"[39m
            [33mdata-touch-co
ntrol[39m=[32m"actions"[39m
          [36m>[39m
            [36m<div[39m
              
[33mclass[39m=[32m"flex 
justify-center"[39m
            [36m>[39m
              
[36m<button[39m
                [33maria-labe
l[39m=[32m"Saltar"[39m
                
[33mclass[39m=[32m"w-18 
h-18 bg-black/50 
backdrop-blur-sm border-2 
border-white/30 rounded-xl 
flex items-center 
justify-center text-white 
text-base font-bold 
hover:bg-black/70 
active:bg-black/80 
transition-all duration-150 
select-none scale-100 
opacity-90 shadow-lg "[39m
                [33mdata-touc
h-control[39m=[32m"true"[39
m
                [33mtabindex
[39m=[32m"0"[39m
              [36m>[39m
                [0mÔåæ[0m
                [36m<br 
/>[39m
                [0mSALTAR[0m
              
[36m</button>[39m
            [36m</div>[39m
            [36m<div[39m
              
[33mclass[39m=[32m"flex 
space-x-4 space-y-4"[39m
            [36m>[39m
              
[36m<button[39m
                [33maria-labe
l[39m=[32m"Agachar"[39m
                
[33mclass[39m=[32m"w-18 
h-18 bg-black/50 
backdrop-blur-sm border-2 
border-white/30 rounded-xl 
flex items-center 
justify-center text-white 
text-base font-bold 
hover:bg-black/70 
active:bg-black/80 
transition-all duration-150 
select-none scale-100 
opacity-90 shadow-lg "[39m
                [33mdata-touc
h-control[39m=[32m"true"[39
m
                [33mtabindex
[39m=[32m"0"[39m
              [36m>[39m
                [0mÔåô[0m
                [36m<br 
/>[39m
                
[0mAGACHAR[0m
              
[36m</button>[39m
              
[36m<button[39m
                [33maria-labe
l[39m=[32m"Atacar"[39m
                
[33mclass[39m=[32m"w-18 
h-18 bg-red-600/70 
backdrop-blur-sm border-2 
border-red-400/50 rounded-xl 
flex items-center 
justify-center text-white 
text-base font-bold 
hover:bg-red-600/90 
active:bg-red-700/90 
transition-all duration-150 
select-none scale-100 
opacity-90 shadow-lg "[39m
                [33mdata-touc
h-control[39m=[32m"true"[39
m
                [33mtabindex
[39m=[32m"0"[39m
              [36m>[39m
                [0mÔÜö[0m
                [36m<br 
/>[39m
                [0mATACAR[0m
              
[36m</button>[39m
            [36m</div>[39m
          [36m</div>[39m
          [36m<div[39m
            [33mclass[39m=[
32m"absolute top-4 left-1/2 
transform -translate-x-1/2 
pointer-events-none"[39m
          [36m>[39m
            [36m<div[39m
              [33mclass[39m=
[32m"bg-black/60 
backdrop-blur-sm rounded-lg 
px-3 py-2 text-white text-xs 
text-center 
animate-fade-in-out"[39m
            [36m>[39m
              [36m<p>[39m
                [0mSwipe 
gestures: ÔåÉ ÔåÆ Ôåæ Ôåô[0m
              [36m</p>[39m
              [36m<p[39m
                [33mclass[39
m=[32m"text-gray-300"[39m
              [36m>[39m
                [0mOr use 
touch controls[0m
              [36m</p>[39m
            [36m</div>[39m
          [36m</div>[39m
        [36m</div>[39m
      [36m</div>[39m
    [36m</body>[39m

    [0m [90m 126 |[39m     
     [90m 127 |[39m     
[90m// Check that controls 
have proper positioning 
attributes[39m
    [31m[1m>[22m[39m[90m 
128 |[39m     
[36mconst[39m leftControls 
[33m=[39m screen[33m.[39mg
etByLabelText([32m'Move Left'
[39m)[33m.[39mclosest([32m
'[data-touch-control="movement
"]'[39m)[33m;[39m
     [90m     |[39m         
                        
[31m[1m^[22m[39m
     [90m 129 |[39m     
[36mconst[39m rightControls 
[33m=[39m screen[33m.[39mg
etByLabelText([32m'Attack'[3
9m)[33m.[39mclosest([32m'[d
ata-touch-control="actions"]'
[39m)[33m;[39m
     [90m 130 |[39m     
     [90m 131 |[39m     expe
ct(leftControls)[33m.[39mtoH
aveClass([32m'absolute'[39m)
[33m;[39m[0m

      at 
Object.getElementError (node_m
odules/@testing-library/dom/di
st/config.js:37:19)
      at getAllByLabelText (no
de_modules/@testing-library/do
m/dist/queries/label-text.js:1
11:38)
      at node_modules/@testing
-library/dom/dist/query-helper
s.js:52:17
      at node_modules/@testing
-library/dom/dist/query-helper
s.js:95:19
      at Object.<anonymous> (s
rc/components/game/__tests__/T
ouchControlsEnhanced.test.tsx:
128:33)

FAIL src/test/integration/navi
gation-flow.test.tsx
  ÔùÅ Navigation Flow 
Integration Tests ÔÇ║ Game 
Page Navigation Validation 
ÔÇ║ should render game when 
all required state is present

    
TestingLibraryElementError: 
Unable to find an element by: 
[data-testid="phaser-game"]

    Ignored nodes: comments, 
script, style
    [36m<body>[39m
      [36m<div />[39m
    [36m</body>[39m

    [0m [90m 179 |[39m     
  render([33m<[39m[33mJogar
Page[39m [33m/[39m[33m>[3
9m)[33m;[39m
     [90m 180 |[39m       
    [31m[1m>[22m[39m[90m 
181 |[39m       expect(screen
[33m.[39mgetByTestId([32m'p
haser-game'[39m))[33m.[39mt
oBeInTheDocument()[33m;[39m
     [90m     |[39m         
            
[31m[1m^[22m[39m
     [90m 182 |[39m       ex
pect(screen[33m.[39mgetByTes
tId([32m'responsive-canvas'[
39m))[33m.[39mtoBeInTheDocum
ent()[33m;[39m
     [90m 183 |[39m       ex
pect(screen[33m.[39mgetByTes
tId([32m'performance-indicato
r'[39m))[33m.[39mtoBeInTheD
ocument()[33m;[39m
     [90m 184 |[39m       ex
pect(screen[33m.[39mgetByTex
t([32m'Game running with 
difficulty: easy'[39m))[33m.
[39mtoBeInTheDocument()[33m;
[39m[0m

      at 
Object.getElementError (node_m
odules/@testing-library/dom/di
st/config.js:37:19)
      at node_modules/@testing
-library/dom/dist/query-helper
s.js:76:38
      at node_modules/@testing
-library/dom/dist/query-helper
s.js:52:17
      at node_modules/@testing
-library/dom/dist/query-helper
s.js:95:19
      at Object.<anonymous> (s
rc/test/integration/navigation
-flow.test.tsx:181:21)

  ÔùÅ Navigation Flow 
Integration Tests ÔÇ║ Game 
End Navigation ÔÇ║ should 
navigate to results page with 
victory parameters

    
TestingLibraryElementError: 
Unable to find an element 
with the text: End Game 
(Victory). This could be 
because the text is broken up 
by multiple elements. In this 
case, you can provide a 
function for your text 
matcher to make your matcher 
more flexible.

    Ignored nodes: comments, 
script, style
    [36m<body>[39m
      [36m<div />[39m
    [36m</body>[39m

    [0m [90m 204 |[39m     
  render([33m<[39m[33mJogar
Page[39m [33m/[39m[33m>[3
9m)[33m;[39m
     [90m 205 |[39m       
    [31m[1m>[22m[39m[90m 
206 |[39m       
[36mconst[39m victoryButton 
[33m=[39m screen[33m.[39mg
etByText([32m'End Game 
(Victory)'[39m)[33m;[39m
     [90m     |[39m         
                           
[31m[1m^[22m[39m
     [90m 207 |[39m       fi
reEvent[33m.[39mclick(victor
yButton)[33m;[39m
     [90m 208 |[39m       
     [90m 209 |[39m       ex
pect(mockPush)[33m.[39mtoHav
eBeenCalledWith([32m'/final?s
core=1500&victory=true'[39m)
[33m;[39m[0m

      at 
Object.getElementError (node_m
odules/@testing-library/dom/di
st/config.js:37:19)
      at node_modules/@testing
-library/dom/dist/query-helper
s.js:76:38
      at node_modules/@testing
-library/dom/dist/query-helper
s.js:52:17
      at node_modules/@testing
-library/dom/dist/query-helper
s.js:95:19
      at Object.<anonymous> (s
rc/test/integration/navigation
-flow.test.tsx:206:36)

  ÔùÅ Navigation Flow 
Integration Tests ÔÇ║ Game 
End Navigation ÔÇ║ should 
navigate to results page with 
defeat parameters

    
TestingLibraryElementError: 
Unable to find an element 
with the text: End Game 
(Defeat). This could be 
because the text is broken up 
by multiple elements. In this 
case, you can provide a 
function for your text 
matcher to make your matcher 
more flexible.

    Ignored nodes: comments, 
script, style
    [36m<body>[39m
      [36m<div />[39m
    [36m</body>[39m

    [0m [90m 213 |[39m     
  render([33m<[39m[33mJogar
Page[39m [33m/[39m[33m>[3
9m)[33m;[39m
     [90m 214 |[39m       
    [31m[1m>[22m[39m[90m 
215 |[39m       
[36mconst[39m defeatButton 
[33m=[39m screen[33m.[39mg
etByText([32m'End Game 
(Defeat)'[39m)[33m;[39m
     [90m     |[39m         
                          
[31m[1m^[22m[39m
     [90m 216 |[39m       fi
reEvent[33m.[39mclick(defeat
Button)[33m;[39m
     [90m 217 |[39m       
     [90m 218 |[39m       ex
pect(mockPush)[33m.[39mtoHav
eBeenCalledWith([32m'/final?s
core=800&victory=false'[39m)
[33m;[39m[0m

      at 
Object.getElementError (node_m
odules/@testing-library/dom/di
st/config.js:37:19)
      at node_modules/@testing
-library/dom/dist/query-helper
s.js:76:38
      at node_modules/@testing
-library/dom/dist/query-helper
s.js:52:17
      at node_modules/@testing
-library/dom/dist/query-helper
s.js:95:19
      at Object.<anonymous> (s
rc/test/integration/navigation
-flow.test.tsx:215:35)

  ÔùÅ Navigation Flow 
Integration Tests ÔÇ║ 
Development Mode Features ÔÇ║ 
should show debug info in 
development mode

    
TestingLibraryElementError: 
Unable to find an element 
with the text: Player 
Config:. This could be 
because the text is broken up 
by multiple elements. In this 
case, you can provide a 
function for your text 
matcher to make your matcher 
more flexible.

    Ignored nodes: comments, 
script, style
    [36m<body>[39m
      [36m<div />[39m
    [36m</body>[39m

    [0m [90m 244 |[39m     
  render([33m<[39m[33mJogar
Page[39m [33m/[39m[33m>[3
9m)[33m;[39m
     [90m 245 |[39m       
    [31m[1m>[22m[39m[90m 
246 |[39m       expect(screen
[33m.[39mgetByText([32m'Pla
yer Config:'[39m))[33m.[39m
toBeInTheDocument()[33m;[39m
     [90m     |[39m         
            
[31m[1m^[22m[39m
     [90m 247 |[39m       ex
pect(screen[33m.[39mgetByTex
t([32m'Nome: Debug User'[39m
))[33m.[39mtoBeInTheDocument
()[33m;[39m
     [90m 248 |[39m       ex
pect(screen[33m.[39mgetByTex
t([32m'Personagem: Menina'[3
9m))[33m.[39mtoBeInTheDocume
nt()[33m;[39m
     [90m 249 |[39m       ex
pect(screen[33m.[39mgetByTex
t([32m'Arma: bazooka'[39m))
[33m.[39mtoBeInTheDocument()
[33m;[39m[0m

      at 
Object.getElementError (node_m
odules/@testing-library/dom/di
st/config.js:37:19)
      at node_modules/@testing
-library/dom/dist/query-helper
s.js:76:38
      at node_modules/@testing
-library/dom/dist/query-helper
s.js:52:17
      at node_modules/@testing
-library/dom/dist/query-helper
s.js:95:19
      at Object.<anonymous> (s
rc/test/integration/navigation
-flow.test.tsx:246:21)

PASS src/app/nome/__tests__/pa
ge.test.tsx
FAIL src/components/ui/__tests
__/AccessibilityFeatures.test.
tsx (6.085 s)
  ÔùÅ Accessibility Features 
ÔÇ║ AudioSubtitles ÔÇ║ should 
render when audioSubtitles is 
enabled

    Unable to find role="log"

    Ignored nodes: comments, 
script, style
    [36m<body>[39m
      [36m<div />[39m
    [36m</body>[39m

    [0m [90m 54 |[39m
     [90m 55 |[39m       
[90m// Should show 
subtitle[39m
    [31m[1m>[22m[39m[90m 
56 |[39m       
[36mawait[39m waitFor(() 
[33m=>[39m {
     [90m    |[39m          
          [31m[1m^[22m[39m
     [90m 57 |[39m         e
xpect(screen[33m.[39mgetByRo
le([32m'log'[39m))[33m.[39
mtoBeInTheDocument()[33m;[39
m
     [90m 58 |[39m       
})[33m;[39m
     [90m 59 |[39m     
})[33m;[39m[0m

      at waitForWrapper (node_
modules/@testing-library/dom/d
ist/wait-for.js:163:27)
      at Object.<anonymous> (s
rc/components/ui/__tests__/Acc
essibilityFeatures.test.tsx:56
:20)

  ÔùÅ Accessibility Features 
ÔÇ║ AudioSubtitles ÔÇ║ should 
display correct messages for 
different audio events

    Unable to find an element 
with the text: ƒªÿ Salto. 
This could be because the 
text is broken up by multiple 
elements. In this case, you 
can provide a function for 
your text matcher to make 
your matcher more flexible.

    Ignored nodes: comments, 
script, style
    [36m<body>[39m
      [36m<div />[39m
    [36m</body>[39m

    [0m [90m 83 |[39m      
 }))[33m;[39m
     [90m 84 |[39m
    [31m[1m>[22m[39m[90m 
85 |[39m       
[36mawait[39m waitFor(() 
[33m=>[39m {
     [90m    |[39m          
          [31m[1m^[22m[39m
     [90m 86 |[39m         e
xpect(screen[33m.[39mgetByTe
xt([32m'ƒªÿ Salto'[39m))[33
m.[39mtoBeInTheDocument()[33
m;[39m
     [90m 87 |[39m       
})[33m;[39m
     [90m 88 |[39m[0m

      at waitForWrapper (node_
modules/@testing-library/dom/d
ist/wait-for.js:163:27)
      at Object.<anonymous> (s
rc/components/ui/__tests__/Acc
essibilityFeatures.test.tsx:85
:20)

PASS src/test/api.test.ts 
(37.117 s)

Summary of all failing tests
FAIL src/game/scenes/__tests__
/GameScene.input-integration.t
est.ts
  ÔùÅ Test suite failed to run

    Your test suite must 
contain at least one test.

      at onResult (node_module
s/@jest/core/build/index.js:10
57:18)
      at node_modules/@jest/co
re/build/index.js:1127:165
      at node_modules/emittery
/index.js:363:13
          at Array.map 
(<anonymous>)
      at Emittery.emit (node_m
odules/emittery/index.js:361:2
3)

FAIL src/game/entities/__tests
__/Player.test.ts
  ÔùÅ Player ÔÇ║ constructor 
ÔÇ║ should initialize with 
correct starting values per 
requirement 7.1

    TypeError: Right-hand 
side of 'instanceof' is not 
an object

    [0m [90m 53 |[39m     
     [90m 54 |[39m     
[90m// Configure physics 
body[39m
    [31m[1m>[22m[39m[90m 
55 |[39m     [36mif[39m ([
36mthis[39m[33m.[39mbody 
[36minstanceof[39m [33mPhas
er[39m[33m.[39m[33mPhysics
[39m[33m.[39m[33mArcade[3
9m[33m.[39m[33mBody[39m) {
     [90m    |[39m          
        [31m[1m^[22m[39m
     [90m 56 |[39m       [3
6mthis[39m[33m.[39mbody[33
m.[39msetCollideWorldBounds(
[36mtrue[39m)[33m;[39m
     [90m 57 |[39m       [3
6mthis[39m[33m.[39mbody[33
m.[39msetGravityY([35m300[3
9m)[33m;[39m [90m// Apply 
gravity[39m
     [90m 58 |[39m       [3
6mthis[39m[33m.[39mbody[33
m.[39msetSize([35m32[39m[3
3m,[39m 
[35m48[39m)[33m;[39m 
[90m// Set collision box 
size[39m[0m

      at new Player (src/game/
entities/Player.ts:55:18)
      at Object.<anonymous> (s
rc/game/entities/__tests__/Pla
yer.test.ts:108:14)

  ÔùÅ Player ÔÇ║ constructor 
ÔÇ║ should configure physics 
body correctly

    TypeError: Right-hand 
side of 'instanceof' is not 
an object

    [0m [90m 53 |[39m     
     [90m 54 |[39m     
[90m// Configure physics 
body[39m
    [31m[1m>[22m[39m[90m 
55 |[39m     [36mif[39m ([
36mthis[39m[33m.[39mbody 
[36minstanceof[39m [33mPhas
er[39m[33m.[39m[33mPhysics
[39m[33m.[39m[33mArcade[3
9m[33m.[39m[33mBody[39m) {
     [90m    |[39m          
        [31m[1m^[22m[39m
     [90m 56 |[39m       [3
6mthis[39m[33m.[39mbody[33
m.[39msetCollideWorldBounds(
[36mtrue[39m)[33m;[39m
     [90m 57 |[39m       [3
6mthis[39m[33m.[39mbody[33
m.[39msetGravityY([35m300[3
9m)[33m;[39m [90m// Apply 
gravity[39m
     [90m 58 |[39m       [3
6mthis[39m[33m.[39mbody[33
m.[39msetSize([35m32[39m[3
3m,[39m 
[35m48[39m)[33m;[39m 
[90m// Set collision box 
size[39m[0m

      at new Player (src/game/
entities/Player.ts:55:18)
      at Object.<anonymous> (s
rc/game/entities/__tests__/Pla
yer.test.ts:108:14)

  ÔùÅ Player ÔÇ║ constructor 
ÔÇ║ should select correct 
character texture based on 
registry

    TypeError: Right-hand 
side of 'instanceof' is not 
an object

    [0m [90m 53 |[39m     
     [90m 54 |[39m     
[90m// Configure physics 
body[39m
    [31m[1m>[22m[39m[90m 
55 |[39m     [36mif[39m ([
36mthis[39m[33m.[39mbody 
[36minstanceof[39m [33mPhas
er[39m[33m.[39m[33mPhysics
[39m[33m.[39m[33mArcade[3
9m[33m.[39m[33mBody[39m) {
     [90m    |[39m          
        [31m[1m^[22m[39m
     [90m 56 |[39m       [3
6mthis[39m[33m.[39mbody[33
m.[39msetCollideWorldBounds(
[36mtrue[39m)[33m;[39m
     [90m 57 |[39m       [3
6mthis[39m[33m.[39mbody[33
m.[39msetGravityY([35m300[3
9m)[33m;[39m [90m// Apply 
gravity[39m
     [90m 58 |[39m       [3
6mthis[39m[33m.[39mbody[33
m.[39msetSize([35m32[39m[3
3m,[39m 
[35m48[39m)[33m;[39m 
[90m// Set collision box 
size[39m[0m

      at new Player (src/game/
entities/Player.ts:55:18)
      at Object.<anonymous> (s
rc/game/entities/__tests__/Pla
yer.test.ts:108:14)

  ÔùÅ Player ÔÇ║ movement ÔÇ║ 
should move left when 
direction is left per 
requirement 3.1

    TypeError: Right-hand 
side of 'instanceof' is not 
an object

    [0m [90m 53 |[39m     
     [90m 54 |[39m     
[90m// Configure physics 
body[39m
    [31m[1m>[22m[39m[90m 
55 |[39m     [36mif[39m ([
36mthis[39m[33m.[39mbody 
[36minstanceof[39m [33mPhas
er[39m[33m.[39m[33mPhysics
[39m[33m.[39m[33mArcade[3
9m[33m.[39m[33mBody[39m) {
     [90m    |[39m          
        [31m[1m^[22m[39m
     [90m 56 |[39m       [3
6mthis[39m[33m.[39mbody[33
m.[39msetCollideWorldBounds(
[36mtrue[39m)[33m;[39m
     [90m 57 |[39m       [3
6mthis[39m[33m.[39mbody[33
m.[39msetGravityY([35m300[3
9m)[33m;[39m [90m// Apply 
gravity[39m
     [90m 58 |[39m       [3
6mthis[39m[33m.[39mbody[33
m.[39msetSize([35m32[39m[3
3m,[39m 
[35m48[39m)[33m;[39m 
[90m// Set collision box 
size[39m[0m

      at new Player (src/game/
entities/Player.ts:55:18)
      at Object.<anonymous> (s
rc/game/entities/__tests__/Pla
yer.test.ts:108:14)

  ÔùÅ Player ÔÇ║ movement ÔÇ║ 
should move right when 
direction is right per 
requirement 3.2

    TypeError: Right-hand 
side of 'instanceof' is not 
an object

    [0m [90m 53 |[39m     
     [90m 54 |[39m     
[90m// Configure physics 
body[39m
    [31m[1m>[22m[39m[90m 
55 |[39m     [36mif[39m ([
36mthis[39m[33m.[39mbody 
[36minstanceof[39m [33mPhas
er[39m[33m.[39m[33mPhysics
[39m[33m.[39m[33mArcade[3
9m[33m.[39m[33mBody[39m) {
     [90m    |[39m          
        [31m[1m^[22m[39m
     [90m 56 |[39m       [3
6mthis[39m[33m.[39mbody[33
m.[39msetCollideWorldBounds(
[36mtrue[39m)[33m;[39m
     [90m 57 |[39m       [3
6mthis[39m[33m.[39mbody[33
m.[39msetGravityY([35m300[3
9m)[33m;[39m [90m// Apply 
gravity[39m
     [90m 58 |[39m       [3
6mthis[39m[33m.[39mbody[33
m.[39msetSize([35m32[39m[3
3m,[39m 
[35m48[39m)[33m;[39m 
[90m// Set collision box 
size[39m[0m

      at new Player (src/game/
entities/Player.ts:55:18)
      at Object.<anonymous> (s
rc/game/entities/__tests__/Pla
yer.test.ts:108:14)

  ÔùÅ Player ÔÇ║ movement ÔÇ║ 
should not move when crouching

    TypeError: Right-hand 
side of 'instanceof' is not 
an object

    [0m [90m 53 |[39m     
     [90m 54 |[39m     
[90m// Configure physics 
body[39m
    [31m[1m>[22m[39m[90m 
55 |[39m     [36mif[39m ([
36mthis[39m[33m.[39mbody 
[36minstanceof[39m [33mPhas
er[39m[33m.[39m[33mPhysics
[39m[33m.[39m[33mArcade[3
9m[33m.[39m[33mBody[39m) {
     [90m    |[39m          
        [31m[1m^[22m[39m
     [90m 56 |[39m       [3
6mthis[39m[33m.[39mbody[33
m.[39msetCollideWorldBounds(
[36mtrue[39m)[33m;[39m
     [90m 57 |[39m       [3
6mthis[39m[33m.[39mbody[33
m.[39msetGravityY([35m300[3
9m)[33m;[39m [90m// Apply 
gravity[39m
     [90m 58 |[39m       [3
6mthis[39m[33m.[39mbody[33
m.[39msetSize([35m32[39m[3
3m,[39m 
[35m48[39m)[33m;[39m 
[90m// Set collision box 
size[39m[0m

      at new Player (src/game/
entities/Player.ts:55:18)
      at Object.<anonymous> (s
rc/game/entities/__tests__/Pla
yer.test.ts:108:14)

  ÔùÅ Player ÔÇ║ movement ÔÇ║ 
should stop movement correctly

    TypeError: Right-hand 
side of 'instanceof' is not 
an object

    [0m [90m 53 |[39m     
     [90m 54 |[39m     
[90m// Configure physics 
body[39m
    [31m[1m>[22m[39m[90m 
55 |[39m     [36mif[39m ([
36mthis[39m[33m.[39mbody 
[36minstanceof[39m [33mPhas
er[39m[33m.[39m[33mPhysics
[39m[33m.[39m[33mArcade[3
9m[33m.[39m[33mBody[39m) {
     [90m    |[39m          
        [31m[1m^[22m[39m
     [90m 56 |[39m       [3
6mthis[39m[33m.[39mbody[33
m.[39msetCollideWorldBounds(
[36mtrue[39m)[33m;[39m
     [90m 57 |[39m       [3
6mthis[39m[33m.[39mbody[33
m.[39msetGravityY([35m300[3
9m)[33m;[39m [90m// Apply 
gravity[39m
     [90m 58 |[39m       [3
6mthis[39m[33m.[39mbody[33
m.[39msetSize([35m32[39m[3
3m,[39m 
[35m48[39m)[33m;[39m 
[90m// Set collision box 
size[39m[0m

      at new Player (src/game/
entities/Player.ts:55:18)
      at Object.<anonymous> (s
rc/game/entities/__tests__/Pla
yer.test.ts:108:14)

  ÔùÅ Player ÔÇ║ jumping ÔÇ║ 
should jump when on ground 
per requirement 3.3

    TypeError: Right-hand 
side of 'instanceof' is not 
an object

    [0m [90m 53 |[39m     
     [90m 54 |[39m     
[90m// Configure physics 
body[39m
    [31m[1m>[22m[39m[90m 
55 |[39m     [36mif[39m ([
36mthis[39m[33m.[39mbody 
[36minstanceof[39m [33mPhas
er[39m[33m.[39m[33mPhysics
[39m[33m.[39m[33mArcade[3
9m[33m.[39m[33mBody[39m) {
     [90m    |[39m          
        [31m[1m^[22m[39m
     [90m 56 |[39m       [3
6mthis[39m[33m.[39mbody[33
m.[39msetCollideWorldBounds(
[36mtrue[39m)[33m;[39m
     [90m 57 |[39m       [3
6mthis[39m[33m.[39mbody[33
m.[39msetGravityY([35m300[3
9m)[33m;[39m [90m// Apply 
gravity[39m
     [90m 58 |[39m       [3
6mthis[39m[33m.[39mbody[33
m.[39msetSize([35m32[39m[3
3m,[39m 
[35m48[39m)[33m;[39m 
[90m// Set collision box 
size[39m[0m

      at new Player (src/game/
entities/Player.ts:55:18)
      at Object.<anonymous> (s
rc/game/entities/__tests__/Pla
yer.test.ts:108:14)

  ÔùÅ Player ÔÇ║ jumping ÔÇ║ 
should not jump when not on 
ground

    TypeError: Right-hand 
side of 'instanceof' is not 
an object

    [0m [90m 53 |[39m     
     [90m 54 |[39m     
[90m// Configure physics 
body[39m
    [31m[1m>[22m[39m[90m 
55 |[39m     [36mif[39m ([
36mthis[39m[33m.[39mbody 
[36minstanceof[39m [33mPhas
er[39m[33m.[39m[33mPhysics
[39m[33m.[39m[33mArcade[3
9m[33m.[39m[33mBody[39m) {
     [90m    |[39m          
        [31m[1m^[22m[39m
     [90m 56 |[39m       [3
6mthis[39m[33m.[39mbody[33
m.[39msetCollideWorldBounds(
[36mtrue[39m)[33m;[39m
     [90m 57 |[39m       [3
6mthis[39m[33m.[39mbody[33
m.[39msetGravityY([35m300[3
9m)[33m;[39m [90m// Apply 
gravity[39m
     [90m 58 |[39m       [3
6mthis[39m[33m.[39mbody[33
m.[39msetSize([35m32[39m[3
3m,[39m 
[35m48[39m)[33m;[39m 
[90m// Set collision box 
size[39m[0m

      at new Player (src/game/
entities/Player.ts:55:18)
      at Object.<anonymous> (s
rc/game/entities/__tests__/Pla
yer.test.ts:108:14)

  ÔùÅ Player ÔÇ║ jumping ÔÇ║ 
should not jump when crouching

    TypeError: Right-hand 
side of 'instanceof' is not 
an object

    [0m [90m 53 |[39m     
     [90m 54 |[39m     
[90m// Configure physics 
body[39m
    [31m[1m>[22m[39m[90m 
55 |[39m     [36mif[39m ([
36mthis[39m[33m.[39mbody 
[36minstanceof[39m [33mPhas
er[39m[33m.[39m[33mPhysics
[39m[33m.[39m[33mArcade[3
9m[33m.[39m[33mBody[39m) {
     [90m    |[39m          
        [31m[1m^[22m[39m
     [90m 56 |[39m       [3
6mthis[39m[33m.[39mbody[33
m.[39msetCollideWorldBounds(
[36mtrue[39m)[33m;[39m
     [90m 57 |[39m       [3
6mthis[39m[33m.[39mbody[33
m.[39msetGravityY([35m300[3
9m)[33m;[39m [90m// Apply 
gravity[39m
     [90m 58 |[39m       [3
6mthis[39m[33m.[39mbody[33
m.[39msetSize([35m32[39m[3
3m,[39m 
[35m48[39m)[33m;[39m 
[90m// Set collision box 
size[39m[0m

      at new Player (src/game/
entities/Player.ts:55:18)
      at Object.<anonymous> (s
rc/game/entities/__tests__/Pla
yer.test.ts:108:14)

  ÔùÅ Player ÔÇ║ jumping ÔÇ║ 
should play jump sound when 
jumping

    TypeError: Right-hand 
side of 'instanceof' is not 
an object

    [0m [90m 53 |[39m     
     [90m 54 |[39m     
[90m// Configure physics 
body[39m
    [31m[1m>[22m[39m[90m 
55 |[39m     [36mif[39m ([
36mthis[39m[33m.[39mbody 
[36minstanceof[39m [33mPhas
er[39m[33m.[39m[33mPhysics
[39m[33m.[39m[33mArcade[3
9m[33m.[39m[33mBody[39m) {
     [90m    |[39m          
        [31m[1m^[22m[39m
     [90m 56 |[39m       [3
6mthis[39m[33m.[39mbody[33
m.[39msetCollideWorldBounds(
[36mtrue[39m)[33m;[39m
     [90m 57 |[39m       [3
6mthis[39m[33m.[39mbody[33
m.[39msetGravityY([35m300[3
9m)[33m;[39m [90m// Apply 
gravity[39m
     [90m 58 |[39m       [3
6mthis[39m[33m.[39mbody[33
m.[39msetSize([35m32[39m[3
3m,[39m 
[35m48[39m)[33m;[39m 
[90m// Set collision box 
size[39m[0m

      at new Player (src/game/
entities/Player.ts:55:18)
      at Object.<anonymous> (s
rc/game/entities/__tests__/Pla
yer.test.ts:108:14)

  ÔùÅ Player ÔÇ║ crouching 
ÔÇ║ should crouch and modify 
collision box per requirement 
3.4

    TypeError: Right-hand 
side of 'instanceof' is not 
an object

    [0m [90m 53 |[39m     
     [90m 54 |[39m     
[90m// Configure physics 
body[39m
    [31m[1m>[22m[39m[90m 
55 |[39m     [36mif[39m ([
36mthis[39m[33m.[39mbody 
[36minstanceof[39m [33mPhas
er[39m[33m.[39m[33mPhysics
[39m[33m.[39m[33mArcade[3
9m[33m.[39m[33mBody[39m) {
     [90m    |[39m          
        [31m[1m^[22m[39m
     [90m 56 |[39m       [3
6mthis[39m[33m.[39mbody[33
m.[39msetCollideWorldBounds(
[36mtrue[39m)[33m;[39m
     [90m 57 |[39m       [3
6mthis[39m[33m.[39mbody[33
m.[39msetGravityY([35m300[3
9m)[33m;[39m [90m// Apply 
gravity[39m
     [90m 58 |[39m       [3
6mthis[39m[33m.[39mbody[33
m.[39msetSize([35m32[39m[3
3m,[39m 
[35m48[39m)[33m;[39m 
[90m// Set collision box 
size[39m[0m

      at new Player (src/game/
entities/Player.ts:55:18)
      at Object.<anonymous> (s
rc/game/entities/__tests__/Pla
yer.test.ts:108:14)

  ÔùÅ Player ÔÇ║ crouching 
ÔÇ║ should stop crouching and 
restore collision box

    TypeError: Right-hand 
side of 'instanceof' is not 
an object

    [0m [90m 53 |[39m     
     [90m 54 |[39m     
[90m// Configure physics 
body[39m
    [31m[1m>[22m[39m[90m 
55 |[39m     [36mif[39m ([
36mthis[39m[33m.[39mbody 
[36minstanceof[39m [33mPhas
er[39m[33m.[39m[33mPhysics
[39m[33m.[39m[33mArcade[3
9m[33m.[39m[33mBody[39m) {
     [90m    |[39m          
        [31m[1m^[22m[39m
     [90m 56 |[39m       [3
6mthis[39m[33m.[39mbody[33
m.[39msetCollideWorldBounds(
[36mtrue[39m)[33m;[39m
     [90m 57 |[39m       [3
6mthis[39m[33m.[39mbody[33
m.[39msetGravityY([35m300[3
9m)[33m;[39m [90m// Apply 
gravity[39m
     [90m 58 |[39m       [3
6mthis[39m[33m.[39mbody[33
m.[39msetSize([35m32[39m[3
3m,[39m 
[35m48[39m)[33m;[39m 
[90m// Set collision box 
size[39m[0m

      at new Player (src/game/
entities/Player.ts:55:18)
      at Object.<anonymous> (s
rc/game/entities/__tests__/Pla
yer.test.ts:108:14)

  ÔùÅ Player ÔÇ║ attacking 
ÔÇ║ should attack with weapon 
when available per 
requirement 3.5

    TypeError: Right-hand 
side of 'instanceof' is not 
an object

    [0m [90m 53 |[39m     
     [90m 54 |[39m     
[90m// Configure physics 
body[39m
    [31m[1m>[22m[39m[90m 
55 |[39m     [36mif[39m ([
36mthis[39m[33m.[39mbody 
[36minstanceof[39m [33mPhas
er[39m[33m.[39m[33mPhysics
[39m[33m.[39m[33mArcade[3
9m[33m.[39m[33mBody[39m) {
     [90m    |[39m          
        [31m[1m^[22m[39m
     [90m 56 |[39m       [3
6mthis[39m[33m.[39mbody[33
m.[39msetCollideWorldBounds(
[36mtrue[39m)[33m;[39m
     [90m 57 |[39m       [3
6mthis[39m[33m.[39mbody[33
m.[39msetGravityY([35m300[3
9m)[33m;[39m [90m// Apply 
gravity[39m
     [90m 58 |[39m       [3
6mthis[39m[33m.[39mbody[33
m.[39msetSize([35m32[39m[3
3m,[39m 
[35m48[39m)[33m;[39m 
[90m// Set collision box 
size[39m[0m

      at new Player (src/game/
entities/Player.ts:55:18)
      at Object.<anonymous> (s
rc/game/entities/__tests__/Pla
yer.test.ts:108:14)

  ÔùÅ Player ÔÇ║ attacking 
ÔÇ║ should not attack when no 
weapon is set

    TypeError: Right-hand 
side of 'instanceof' is not 
an object

    [0m [90m 53 |[39m     
     [90m 54 |[39m     
[90m// Configure physics 
body[39m
    [31m[1m>[22m[39m[90m 
55 |[39m     [36mif[39m ([
36mthis[39m[33m.[39mbody 
[36minstanceof[39m [33mPhas
er[39m[33m.[39m[33mPhysics
[39m[33m.[39m[33mArcade[3
9m[33m.[39m[33mBody[39m) {
     [90m    |[39m          
        [31m[1m^[22m[39m
     [90m 56 |[39m       [3
6mthis[39m[33m.[39mbody[33
m.[39msetCollideWorldBounds(
[36mtrue[39m)[33m;[39m
     [90m 57 |[39m       [3
6mthis[39m[33m.[39mbody[33
m.[39msetGravityY([35m300[3
9m)[33m;[39m [90m// Apply 
gravity[39m
     [90m 58 |[39m       [3
6mthis[39m[33m.[39mbody[33
m.[39msetSize([35m32[39m[3
3m,[39m 
[35m48[39m)[33m;[39m 
[90m// Set collision box 
size[39m[0m

      at new Player (src/game/
entities/Player.ts:55:18)
      at Object.<anonymous> (s
rc/game/entities/__tests__/Pla
yer.test.ts:108:14)

  ÔùÅ Player ÔÇ║ attacking 
ÔÇ║ should not attack when 
crouching

    TypeError: Right-hand 
side of 'instanceof' is not 
an object

    [0m [90m 53 |[39m     
     [90m 54 |[39m     
[90m// Configure physics 
body[39m
    [31m[1m>[22m[39m[90m 
55 |[39m     [36mif[39m ([
36mthis[39m[33m.[39mbody 
[36minstanceof[39m [33mPhas
er[39m[33m.[39m[33mPhysics
[39m[33m.[39m[33mArcade[3
9m[33m.[39m[33mBody[39m) {
     [90m    |[39m          
        [31m[1m^[22m[39m
     [90m 56 |[39m       [3
6mthis[39m[33m.[39mbody[33
m.[39msetCollideWorldBounds(
[36mtrue[39m)[33m;[39m
     [90m 57 |[39m       [3
6mthis[39m[33m.[39mbody[33
m.[39msetGravityY([35m300[3
9m)[33m;[39m [90m// Apply 
gravity[39m
     [90m 58 |[39m       [3
6mthis[39m[33m.[39mbody[33
m.[39msetSize([35m32[39m[3
3m,[39m 
[35m48[39m)[33m;[39m 
[90m// Set collision box 
size[39m[0m

      at new Player (src/game/
entities/Player.ts:55:18)
      at Object.<anonymous> (s
rc/game/entities/__tests__/Pla
yer.test.ts:108:14)

  ÔùÅ Player ÔÇ║ attacking 
ÔÇ║ should not attack when 
weapon cooldown is not ready

    TypeError: Right-hand 
side of 'instanceof' is not 
an object

    [0m [90m 53 |[39m     
     [90m 54 |[39m     
[90m// Configure physics 
body[39m
    [31m[1m>[22m[39m[90m 
55 |[39m     [36mif[39m ([
36mthis[39m[33m.[39mbody 
[36minstanceof[39m [33mPhas
er[39m[33m.[39m[33mPhysics
[39m[33m.[39m[33mArcade[3
9m[33m.[39m[33mBody[39m) {
     [90m    |[39m          
        [31m[1m^[22m[39m
     [90m 56 |[39m       [3
6mthis[39m[33m.[39mbody[33
m.[39msetCollideWorldBounds(
[36mtrue[39m)[33m;[39m
     [90m 57 |[39m       [3
6mthis[39m[33m.[39mbody[33
m.[39msetGravityY([35m300[3
9m)[33m;[39m [90m// Apply 
gravity[39m
     [90m 58 |[39m       [3
6mthis[39m[33m.[39mbody[33
m.[39msetSize([35m32[39m[3
3m,[39m 
[35m48[39m)[33m;[39m 
[90m// Set collision box 
size[39m[0m

      at new Player (src/game/
entities/Player.ts:55:18)
      at Object.<anonymous> (s
rc/game/entities/__tests__/Pla
yer.test.ts:108:14)

  ÔùÅ Player ÔÇ║ attacking 
ÔÇ║ should calculate attack 
position based on facing 
direction

    TypeError: Right-hand 
side of 'instanceof' is not 
an object

    [0m [90m 53 |[39m     
     [90m 54 |[39m     
[90m// Configure physics 
body[39m
    [31m[1m>[22m[39m[90m 
55 |[39m     [36mif[39m ([
36mthis[39m[33m.[39mbody 
[36minstanceof[39m [33mPhas
er[39m[33m.[39m[33mPhysics
[39m[33m.[39m[33mArcade[3
9m[33m.[39m[33mBody[39m) {
     [90m    |[39m          
        [31m[1m^[22m[39m
     [90m 56 |[39m       [3
6mthis[39m[33m.[39mbody[33
m.[39msetCollideWorldBounds(
[36mtrue[39m)[33m;[39m
     [90m 57 |[39m       [3
6mthis[39m[33m.[39mbody[33
m.[39msetGravityY([35m300[3
9m)[33m;[39m [90m// Apply 
gravity[39m
     [90m 58 |[39m       [3
6mthis[39m[33m.[39mbody[33
m.[39msetSize([35m32[39m[3
3m,[39m 
[35m48[39m)[33m;[39m 
[90m// Set collision box 
size[39m[0m

      at new Player (src/game/
entities/Player.ts:55:18)
      at Object.<anonymous> (s
rc/game/entities/__tests__/Pla
yer.test.ts:108:14)

  ÔùÅ Player ÔÇ║ attacking 
ÔÇ║ should play 
weapon-specific sound per 
requirement 11.5

    TypeError: Right-hand 
side of 'instanceof' is not 
an object

    [0m [90m 53 |[39m     
     [90m 54 |[39m     
[90m// Configure physics 
body[39m
    [31m[1m>[22m[39m[90m 
55 |[39m     [36mif[39m ([
36mthis[39m[33m.[39mbody 
[36minstanceof[39m [33mPhas
er[39m[33m.[39m[33mPhysics
[39m[33m.[39m[33mArcade[3
9m[33m.[39m[33mBody[39m) {
     [90m    |[39m          
        [31m[1m^[22m[39m
     [90m 56 |[39m       [3
6mthis[39m[33m.[39mbody[33
m.[39msetCollideWorldBounds(
[36mtrue[39m)[33m;[39m
     [90m 57 |[39m       [3
6mthis[39m[33m.[39mbody[33
m.[39msetGravityY([35m300[3
9m)[33m;[39m [90m// Apply 
gravity[39m
     [90m 58 |[39m       [3
6mthis[39m[33m.[39mbody[33
m.[39msetSize([35m32[39m[3
3m,[39m 
[35m48[39m)[33m;[39m 
[90m// Set collision box 
size[39m[0m

      at new Player (src/game/
entities/Player.ts:55:18)
      at Object.<anonymous> (s
rc/game/entities/__tests__/Pla
yer.test.ts:108:14)

  ÔùÅ Player ÔÇ║ damage and 
invulnerability ÔÇ║ should 
take damage and lose life per 
requirement 7.3

    TypeError: Right-hand 
side of 'instanceof' is not 
an object

    [0m [90m 53 |[39m     
     [90m 54 |[39m     
[90m// Configure physics 
body[39m
    [31m[1m>[22m[39m[90m 
55 |[39m     [36mif[39m ([
36mthis[39m[33m.[39mbody 
[36minstanceof[39m [33mPhas
er[39m[33m.[39m[33mPhysics
[39m[33m.[39m[33mArcade[3
9m[33m.[39m[33mBody[39m) {
     [90m    |[39m          
        [31m[1m^[22m[39m
     [90m 56 |[39m       [3
6mthis[39m[33m.[39mbody[33
m.[39msetCollideWorldBounds(
[36mtrue[39m)[33m;[39m
     [90m 57 |[39m       [3
6mthis[39m[33m.[39mbody[33
m.[39msetGravityY([35m300[3
9m)[33m;[39m [90m// Apply 
gravity[39m
     [90m 58 |[39m       [3
6mthis[39m[33m.[39mbody[33
m.[39msetSize([35m32[39m[3
3m,[39m 
[35m48[39m)[33m;[39m 
[90m// Set collision box 
size[39m[0m

      at new Player (src/game/
entities/Player.ts:55:18)
      at Object.<anonymous> (s
rc/game/entities/__tests__/Pla
yer.test.ts:108:14)

  ÔùÅ Player ÔÇ║ damage and 
invulnerability ÔÇ║ should 
not take damage when already 
invulnerable

    TypeError: Right-hand 
side of 'instanceof' is not 
an object

    [0m [90m 53 |[39m     
     [90m 54 |[39m     
[90m// Configure physics 
body[39m
    [31m[1m>[22m[39m[90m 
55 |[39m     [36mif[39m ([
36mthis[39m[33m.[39mbody 
[36minstanceof[39m [33mPhas
er[39m[33m.[39m[33mPhysics
[39m[33m.[39m[33mArcade[3
9m[33m.[39m[33mBody[39m) {
     [90m    |[39m          
        [31m[1m^[22m[39m
     [90m 56 |[39m       [3
6mthis[39m[33m.[39mbody[33
m.[39msetCollideWorldBounds(
[36mtrue[39m)[33m;[39m
     [90m 57 |[39m       [3
6mthis[39m[33m.[39mbody[33
m.[39msetGravityY([35m300[3
9m)[33m;[39m [90m// Apply 
gravity[39m
     [90m 58 |[39m       [3
6mthis[39m[33m.[39mbody[33
m.[39msetSize([35m32[39m[3
3m,[39m 
[35m48[39m)[33m;[39m 
[90m// Set collision box 
size[39m[0m

      at new Player (src/game/
entities/Player.ts:55:18)
      at Object.<anonymous> (s
rc/game/entities/__tests__/Pla
yer.test.ts:108:14)

  ÔùÅ Player ÔÇ║ damage and 
invulnerability ÔÇ║ should 
not take damage when lives 
are 0

    TypeError: Right-hand 
side of 'instanceof' is not 
an object

    [0m [90m 53 |[39m     
     [90m 54 |[39m     
[90m// Configure physics 
body[39m
    [31m[1m>[22m[39m[90m 
55 |[39m     [36mif[39m ([
36mthis[39m[33m.[39mbody 
[36minstanceof[39m [33mPhas
er[39m[33m.[39m[33mPhysics
[39m[33m.[39m[33mArcade[3
9m[33m.[39m[33mBody[39m) {
     [90m    |[39m          
        [31m[1m^[22m[39m
     [90m 56 |[39m       [3
6mthis[39m[33m.[39mbody[33
m.[39msetCollideWorldBounds(
[36mtrue[39m)[33m;[39m
     [90m 57 |[39m       [3
6mthis[39m[33m.[39mbody[33
m.[39msetGravityY([35m300[3
9m)[33m;[39m [90m// Apply 
gravity[39m
     [90m 58 |[39m       [3
6mthis[39m[33m.[39mbody[33
m.[39msetSize([35m32[39m[3
3m,[39m 
[35m48[39m)[33m;[39m 
[90m// Set collision box 
size[39m[0m

      at new Player (src/game/
entities/Player.ts:55:18)
      at Object.<anonymous> (s
rc/game/entities/__tests__/Pla
yer.test.ts:108:14)

  ÔùÅ Player ÔÇ║ damage and 
invulnerability ÔÇ║ should 
play damage sound when taking 
damage per requirement 11.3

    TypeError: Right-hand 
side of 'instanceof' is not 
an object

    [0m [90m 53 |[39m     
     [90m 54 |[39m     
[90m// Configure physics 
body[39m
    [31m[1m>[22m[39m[90m 
55 |[39m     [36mif[39m ([
36mthis[39m[33m.[39mbody 
[36minstanceof[39m [33mPhas
er[39m[33m.[39m[33mPhysics
[39m[33m.[39m[33mArcade[3
9m[33m.[39m[33mBody[39m) {
     [90m    |[39m          
        [31m[1m^[22m[39m
     [90m 56 |[39m       [3
6mthis[39m[33m.[39mbody[33
m.[39msetCollideWorldBounds(
[36mtrue[39m)[33m;[39m
     [90m 57 |[39m       [3
6mthis[39m[33m.[39mbody[33
m.[39msetGravityY([35m300[3
9m)[33m;[39m [90m// Apply 
gravity[39m
     [90m 58 |[39m       [3
6mthis[39m[33m.[39mbody[33
m.[39msetSize([35m32[39m[3
3m,[39m 
[35m48[39m)[33m;[39m 
[90m// Set collision box 
size[39m[0m

      at new Player (src/game/
entities/Player.ts:55:18)
      at Object.<anonymous> (s
rc/game/entities/__tests__/Pla
yer.test.ts:108:14)

  ÔùÅ Player ÔÇ║ damage and 
invulnerability ÔÇ║ should 
have 800ms invulnerability 
duration per requirement 7.4

    TypeError: Right-hand 
side of 'instanceof' is not 
an object

    [0m [90m 53 |[39m     
     [90m 54 |[39m     
[90m// Configure physics 
body[39m
    [31m[1m>[22m[39m[90m 
55 |[39m     [36mif[39m ([
36mthis[39m[33m.[39mbody 
[36minstanceof[39m [33mPhas
er[39m[33m.[39m[33mPhysics
[39m[33m.[39m[33mArcade[3
9m[33m.[39m[33mBody[39m) {
     [90m    |[39m          
        [31m[1m^[22m[39m
     [90m 56 |[39m       [3
6mthis[39m[33m.[39mbody[33
m.[39msetCollideWorldBounds(
[36mtrue[39m)[33m;[39m
     [90m 57 |[39m       [3
6mthis[39m[33m.[39mbody[33
m.[39msetGravityY([35m300[3
9m)[33m;[39m [90m// Apply 
gravity[39m
     [90m 58 |[39m       [3
6mthis[39m[33m.[39mbody[33
m.[39msetSize([35m32[39m[3
3m,[39m 
[35m48[39m)[33m;[39m 
[90m// Set collision box 
size[39m[0m

      at new Player (src/game/
entities/Player.ts:55:18)
      at Object.<anonymous> (s
rc/game/entities/__tests__/Pla
yer.test.ts:108:14)

  ÔùÅ Player ÔÇ║ scoring and 
lives ÔÇ║ should add score 
correctly

    TypeError: Right-hand 
side of 'instanceof' is not 
an object

    [0m [90m 53 |[39m     
     [90m 54 |[39m     
[90m// Configure physics 
body[39m
    [31m[1m>[22m[39m[90m 
55 |[39m     [36mif[39m ([
36mthis[39m[33m.[39mbody 
[36minstanceof[39m [33mPhas
er[39m[33m.[39m[33mPhysics
[39m[33m.[39m[33mArcade[3
9m[33m.[39m[33mBody[39m) {
     [90m    |[39m          
        [31m[1m^[22m[39m
     [90m 56 |[39m       [3
6mthis[39m[33m.[39mbody[33
m.[39msetCollideWorldBounds(
[36mtrue[39m)[33m;[39m
     [90m 57 |[39m       [3
6mthis[39m[33m.[39mbody[33
m.[39msetGravityY([35m300[3
9m)[33m;[39m [90m// Apply 
gravity[39m
     [90m 58 |[39m       [3
6mthis[39m[33m.[39mbody[33
m.[39msetSize([35m32[39m[3
3m,[39m 
[35m48[39m)[33m;[39m 
[90m// Set collision box 
size[39m[0m

      at new Player (src/game/
entities/Player.ts:55:18)
      at Object.<anonymous> (s
rc/game/entities/__tests__/Pla
yer.test.ts:108:14)

  ÔùÅ Player ÔÇ║ scoring and 
lives ÔÇ║ should add life up 
to maximum of 10 per 
requirement 6.2

    TypeError: Right-hand 
side of 'instanceof' is not 
an object

    [0m [90m 53 |[39m     
     [90m 54 |[39m     
[90m// Configure physics 
body[39m
    [31m[1m>[22m[39m[90m 
55 |[39m     [36mif[39m ([
36mthis[39m[33m.[39mbody 
[36minstanceof[39m [33mPhas
er[39m[33m.[39m[33mPhysics
[39m[33m.[39m[33mArcade[3
9m[33m.[39m[33mBody[39m) {
     [90m    |[39m          
        [31m[1m^[22m[39m
     [90m 56 |[39m       [3
6mthis[39m[33m.[39mbody[33
m.[39msetCollideWorldBounds(
[36mtrue[39m)[33m;[39m
     [90m 57 |[39m       [3
6mthis[39m[33m.[39mbody[33
m.[39msetGravityY([35m300[3
9m)[33m;[39m [90m// Apply 
gravity[39m
     [90m 58 |[39m       [3
6mthis[39m[33m.[39mbody[33
m.[39msetSize([35m32[39m[3
3m,[39m 
[35m48[39m)[33m;[39m 
[90m// Set collision box 
size[39m[0m

      at new Player (src/game/
entities/Player.ts:55:18)
      at Object.<anonymous> (s
rc/game/entities/__tests__/Pla
yer.test.ts:108:14)

  ÔùÅ Player ÔÇ║ update 
method ÔÇ║ should update 
invulnerability timer

    TypeError: Right-hand 
side of 'instanceof' is not 
an object

    [0m [90m 53 |[39m     
     [90m 54 |[39m     
[90m// Configure physics 
body[39m
    [31m[1m>[22m[39m[90m 
55 |[39m     [36mif[39m ([
36mthis[39m[33m.[39mbody 
[36minstanceof[39m [33mPhas
er[39m[33m.[39m[33mPhysics
[39m[33m.[39m[33mArcade[3
9m[33m.[39m[33mBody[39m) {
     [90m    |[39m          
        [31m[1m^[22m[39m
     [90m 56 |[39m       [3
6mthis[39m[33m.[39mbody[33
m.[39msetCollideWorldBounds(
[36mtrue[39m)[33m;[39m
     [90m 57 |[39m       [3
6mthis[39m[33m.[39mbody[33
m.[39msetGravityY([35m300[3
9m)[33m;[39m [90m// Apply 
gravity[39m
     [90m 58 |[39m       [3
6mthis[39m[33m.[39mbody[33
m.[39msetSize([35m32[39m[3
3m,[39m 
[35m48[39m)[33m;[39m 
[90m// Set collision box 
size[39m[0m

      at new Player (src/game/
entities/Player.ts:55:18)
      at Object.<anonymous> (s
rc/game/entities/__tests__/Pla
yer.test.ts:108:14)

  ÔùÅ Player ÔÇ║ update 
method ÔÇ║ should end 
invulnerability when timer 
expires

    TypeError: Right-hand 
side of 'instanceof' is not 
an object

    [0m [90m 53 |[39m     
     [90m 54 |[39m     
[90m// Configure physics 
body[39m
    [31m[1m>[22m[39m[90m 
55 |[39m     [36mif[39m ([
36mthis[39m[33m.[39mbody 
[36minstanceof[39m [33mPhas
er[39m[33m.[39m[33mPhysics
[39m[33m.[39m[33mArcade[3
9m[33m.[39m[33mBody[39m) {
     [90m    |[39m          
        [31m[1m^[22m[39m
     [90m 56 |[39m       [3
6mthis[39m[33m.[39mbody[33
m.[39msetCollideWorldBounds(
[36mtrue[39m)[33m;[39m
     [90m 57 |[39m       [3
6mthis[39m[33m.[39mbody[33
m.[39msetGravityY([35m300[3
9m)[33m;[39m [90m// Apply 
gravity[39m
     [90m 58 |[39m       [3
6mthis[39m[33m.[39mbody[33
m.[39msetSize([35m32[39m[3
3m,[39m 
[35m48[39m)[33m;[39m 
[90m// Set collision box 
size[39m[0m

      at new Player (src/game/
entities/Player.ts:55:18)
      at Object.<anonymous> (s
rc/game/entities/__tests__/Pla
yer.test.ts:108:14)

  ÔùÅ Player ÔÇ║ update 
method ÔÇ║ should create 
flashing effect during 
invulnerability

    TypeError: Right-hand 
side of 'instanceof' is not 
an object

    [0m [90m 53 |[39m     
     [90m 54 |[39m     
[90m// Configure physics 
body[39m
    [31m[1m>[22m[39m[90m 
55 |[39m     [36mif[39m ([
36mthis[39m[33m.[39mbody 
[36minstanceof[39m [33mPhas
er[39m[33m.[39m[33mPhysics
[39m[33m.[39m[33mArcade[3
9m[33m.[39m[33mBody[39m) {
     [90m    |[39m          
        [31m[1m^[22m[39m
     [90m 56 |[39m       [3
6mthis[39m[33m.[39mbody[33
m.[39msetCollideWorldBounds(
[36mtrue[39m)[33m;[39m
     [90m 57 |[39m       [3
6mthis[39m[33m.[39mbody[33
m.[39msetGravityY([35m300[3
9m)[33m;[39m [90m// Apply 
gravity[39m
     [90m 58 |[39m       [3
6mthis[39m[33m.[39mbody[33
m.[39msetSize([35m32[39m[3
3m,[39m 
[35m48[39m)[33m;[39m 
[90m// Set collision box 
size[39m[0m

      at new Player (src/game/
entities/Player.ts:55:18)
      at Object.<anonymous> (s
rc/game/entities/__tests__/Pla
yer.test.ts:108:14)

  ÔùÅ Player ÔÇ║ update 
method ÔÇ║ should update 
jumping state when landing

    TypeError: Right-hand 
side of 'instanceof' is not 
an object

    [0m [90m 53 |[39m     
     [90m 54 |[39m     
[90m// Configure physics 
body[39m
    [31m[1m>[22m[39m[90m 
55 |[39m     [36mif[39m ([
36mthis[39m[33m.[39mbody 
[36minstanceof[39m [33mPhas
er[39m[33m.[39m[33mPhysics
[39m[33m.[39m[33mArcade[3
9m[33m.[39m[33mBody[39m) {
     [90m    |[39m          
        [31m[1m^[22m[39m
     [90m 56 |[39m       [3
6mthis[39m[33m.[39mbody[33
m.[39msetCollideWorldBounds(
[36mtrue[39m)[33m;[39m
     [90m 57 |[39m       [3
6mthis[39m[33m.[39mbody[33
m.[39msetGravityY([35m300[3
9m)[33m;[39m [90m// Apply 
gravity[39m
     [90m 58 |[39m       [3
6mthis[39m[33m.[39mbody[33
m.[39msetSize([35m32[39m[3
3m,[39m 
[35m48[39m)[33m;[39m 
[90m// Set collision box 
size[39m[0m

      at new Player (src/game/
entities/Player.ts:55:18)
      at Object.<anonymous> (s
rc/game/entities/__tests__/Pla
yer.test.ts:108:14)

  ÔùÅ Player ÔÇ║ utility 
methods ÔÇ║ should check if 
player is on ground correctly

    TypeError: Right-hand 
side of 'instanceof' is not 
an object

    [0m [90m 53 |[39m     
     [90m 54 |[39m     
[90m// Configure physics 
body[39m
    [31m[1m>[22m[39m[90m 
55 |[39m     [36mif[39m ([
36mthis[39m[33m.[39mbody 
[36minstanceof[39m [33mPhas
er[39m[33m.[39m[33mPhysics
[39m[33m.[39m[33mArcade[3
9m[33m.[39m[33mBody[39m) {
     [90m    |[39m          
        [31m[1m^[22m[39m
     [90m 56 |[39m       [3
6mthis[39m[33m.[39mbody[33
m.[39msetCollideWorldBounds(
[36mtrue[39m)[33m;[39m
     [90m 57 |[39m       [3
6mthis[39m[33m.[39mbody[33
m.[39msetGravityY([35m300[3
9m)[33m;[39m [90m// Apply 
gravity[39m
     [90m 58 |[39m       [3
6mthis[39m[33m.[39mbody[33
m.[39msetSize([35m32[39m[3
3m,[39m 
[35m48[39m)[33m;[39m 
[90m// Set collision box 
size[39m[0m

      at new Player (src/game/
entities/Player.ts:55:18)
      at Object.<anonymous> (s
rc/game/entities/__tests__/Pla
yer.test.ts:108:14)

  ÔùÅ Player ÔÇ║ utility 
methods ÔÇ║ should check if 
player is attacking correctly

    TypeError: Right-hand 
side of 'instanceof' is not 
an object

    [0m [90m 53 |[39m     
     [90m 54 |[39m     
[90m// Configure physics 
body[39m
    [31m[1m>[22m[39m[90m 
55 |[39m     [36mif[39m ([
36mthis[39m[33m.[39mbody 
[36minstanceof[39m [33mPhas
er[39m[33m.[39m[33mPhysics
[39m[33m.[39m[33mArcade[3
9m[33m.[39m[33mBody[39m) {
     [90m    |[39m          
        [31m[1m^[22m[39m
     [90m 56 |[39m       [3
6mthis[39m[33m.[39mbody[33
m.[39msetCollideWorldBounds(
[36mtrue[39m)[33m;[39m
     [90m 57 |[39m       [3
6mthis[39m[33m.[39mbody[33
m.[39msetGravityY([35m300[3
9m)[33m;[39m [90m// Apply 
gravity[39m
     [90m 58 |[39m       [3
6mthis[39m[33m.[39mbody[33
m.[39msetSize([35m32[39m[3
3m,[39m 
[35m48[39m)[33m;[39m 
[90m// Set collision box 
size[39m[0m

      at new Player (src/game/
entities/Player.ts:55:18)
      at Object.<anonymous> (s
rc/game/entities/__tests__/Pla
yer.test.ts:108:14)

  ÔùÅ Player ÔÇ║ utility 
methods ÔÇ║ should return 
correct state information

    TypeError: Right-hand 
side of 'instanceof' is not 
an object

    [0m [90m 53 |[39m     
     [90m 54 |[39m     
[90m// Configure physics 
body[39m
    [31m[1m>[22m[39m[90m 
55 |[39m     [36mif[39m ([
36mthis[39m[33m.[39mbody 
[36minstanceof[39m [33mPhas
er[39m[33m.[39m[33mPhysics
[39m[33m.[39m[33mArcade[3
9m[33m.[39m[33mBody[39m) {
     [90m    |[39m          
        [31m[1m^[22m[39m
     [90m 56 |[39m       [3
6mthis[39m[33m.[39mbody[33
m.[39msetCollideWorldBounds(
[36mtrue[39m)[33m;[39m
     [90m 57 |[39m       [3
6mthis[39m[33m.[39mbody[33
m.[39msetGravityY([35m300[3
9m)[33m;[39m [90m// Apply 
gravity[39m
     [90m 58 |[39m       [3
6mthis[39m[33m.[39mbody[33
m.[39msetSize([35m32[39m[3
3m,[39m 
[35m48[39m)[33m;[39m 
[90m// Set collision box 
size[39m[0m

      at new Player (src/game/
entities/Player.ts:55:18)
      at Object.<anonymous> (s
rc/game/entities/__tests__/Pla
yer.test.ts:108:14)

FAIL src/game/scenes/__tests__
/CollisionDetection.test.ts
  ÔùÅ Collision Detection 
System ÔÇ║ Player-Enemy 
Collision ÔÇ║ should detect 
collision between player and 
enemy

    expect(received).toBe(expe
cted) // Object.is equality

    Expected: true
    Received: false

    [0m [90m 132 |[39m     
  )[33m;[39m
     [90m 133 |[39m       
    [31m[1m>[22m[39m[90m 
134 |[39m       expect(isColl
iding)[33m.[39mtoBe([36mtru
e[39m)[33m;[39m
     [90m     |[39m         
                  
[31m[1m^[22m[39m
     [90m 135 |[39m     
})[33m;[39m
     [90m 136 |[39m     
     [90m 137 |[39m     
it([32m'should handle player 
damage when colliding with 
enemy per requirement 
7.3'[39m[33m,[39m () 
[33m=>[39m {[0m

      at Object.<anonymous> (s
rc/game/scenes/__tests__/Colli
sionDetection.test.ts:134:27)

  ÔùÅ Collision Detection 
System ÔÇ║ Projectile 
Collision ÔÇ║ should detect 
laser projectile collision 
with enemy

    expect(received).toBe(expe
cted) // Object.is equality

    Expected: true
    Received: false

    [0m [90m 311 |[39m     
  )[33m;[39m
     [90m 312 |[39m       
    [31m[1m>[22m[39m[90m 
313 |[39m       expect(isColl
iding)[33m.[39mtoBe([36mtru
e[39m)[33m;[39m
     [90m     |[39m         
                  
[31m[1m^[22m[39m
     [90m 314 |[39m     
})[33m;[39m
     [90m 315 |[39m     
     [90m 316 |[39m     
it([32m'should deactivate 
projectile after hitting 
enemy'[39m[33m,[39m () 
[33m=>[39m {[0m

      at Object.<anonymous> (s
rc/game/scenes/__tests__/Colli
sionDetection.test.ts:313:27)

FAIL src/game/weapons/__tests_
_/WeaponMechanics.test.ts
  ÔùÅ Test suite failed to run

    TypeError: Cannot read 
properties of undefined 
(reading 'Arcade')

    [0m [90m 57 |[39m 
[90m * Laser projectile 
class[39m
     [90m 58 |[39m [90m 
*/[39m
    [31m[1m>[22m[39m[90m 
59 |[39m [36mclass[39m 
[33mLaserProjectile[39m 
[36mextends[39m [33mPhaser
[39m[33m.[39m[33mPhysics[3
9m[33m.[39m[33mArcade[39m
[33m.[39m[33mSprite[39m {
     [90m    |[39m          
                              
      [31m[1m^[22m[39m
     [90m 60 |[39m   
constructor(scene[33m:[39m 
[33mPhaser[39m[33m.[39m[33
mScene[39m[33m,[39m 
x[33m:[39m 
number[33m,[39m 
y[33m:[39m number) {
     [90m 61 |[39m     [36m
super[39m(scene[33m,[39m 
x[33m,[39m y[33m,[39m [32
m'laser-projectile'[39m)[33m
;[39m [90m// Texture will 
be loaded separately[39m
     [90m 62 |[39m     [0m

      at Object.<anonymous> (s
rc/game/weapons/LaserGun.ts:59
:46)
      at Object.<anonymous> (s
rc/game/weapons/__tests__/Weap
onMechanics.test.ts:5:1)

FAIL src/game/scenes/__tests__
/GameScene.keyboard.test.ts
  ÔùÅ GameScene Keyboard 
Input ÔÇ║ setupControls ÔÇ║ 
should initialize keyboard 
controls correctly

    TypeError: 
this.input.keyboard.on is not 
a function

    [0m [90m 1727 |[39m
     [90m 1728 |[39m     
[90m// Add debug logging for 
key presses[39m
    [31m[1m>[22m[39m[90m 
1729 |[39m     [36mthis[39m
[33m.[39minput[33m.[39mkey
board[33m.[39mon([32m'keydo
wn'[39m[33m,[39m 
(event[33m:[39m 
[33mKeyboardEvent[39m) 
[33m=>[39m {
     [90m      |[39m        
                 
[31m[1m^[22m[39m
     [90m 1730 |[39m       c
onsole[33m.[39mlog([32m'Key
 pressed:'[39m[33m,[39m eve
nt[33m.[39mcode)[33m;[39m
     [90m 1731 |[39m     
})[33m;[39m
     [90m 1732 |[39m[0m

      at 
GameScene.setupControls (src/g
ame/scenes/GameScene.ts:1729:2
5)
      at Object.<anonymous> (s
rc/game/scenes/__tests__/GameS
cene.keyboard.test.ts:153:26)

  ÔùÅ GameScene Keyboard 
Input ÔÇ║ handleInput ÔÇ║ 
should handle WASD movement 
keys

    TypeError: 
this.input.keyboard.on is not 
a function

    [0m [90m 1727 |[39m
     [90m 1728 |[39m     
[90m// Add debug logging for 
key presses[39m
    [31m[1m>[22m[39m[90m 
1729 |[39m     [36mthis[39m
[33m.[39minput[33m.[39mkey
board[33m.[39mon([32m'keydo
wn'[39m[33m,[39m 
(event[33m:[39m 
[33mKeyboardEvent[39m) 
[33m=>[39m {
     [90m      |[39m        
                 
[31m[1m^[22m[39m
     [90m 1730 |[39m       c
onsole[33m.[39mlog([32m'Key
 pressed:'[39m[33m,[39m eve
nt[33m.[39mcode)[33m;[39m
     [90m 1731 |[39m     
})[33m;[39m
     [90m 1732 |[39m[0m

      at 
GameScene.setupControls (src/g
ame/scenes/GameScene.ts:1729:2
5)
      at Object.<anonymous> (s
rc/game/scenes/__tests__/GameS
cene.keyboard.test.ts:176:26)

  ÔùÅ GameScene Keyboard 
Input ÔÇ║ handleInput ÔÇ║ 
should handle arrow keys 
movement

    TypeError: 
this.input.keyboard.on is not 
a function

    [0m [90m 1727 |[39m
     [90m 1728 |[39m     
[90m// Add debug logging for 
key presses[39m
    [31m[1m>[22m[39m[90m 
1729 |[39m     [36mthis[39m
[33m.[39minput[33m.[39mkey
board[33m.[39mon([32m'keydo
wn'[39m[33m,[39m 
(event[33m:[39m 
[33mKeyboardEvent[39m) 
[33m=>[39m {
     [90m      |[39m        
                 
[31m[1m^[22m[39m
     [90m 1730 |[39m       c
onsole[33m.[39mlog([32m'Key
 pressed:'[39m[33m,[39m eve
nt[33m.[39mcode)[33m;[39m
     [90m 1731 |[39m     
})[33m;[39m
     [90m 1732 |[39m[0m

      at 
GameScene.setupControls (src/g
ame/scenes/GameScene.ts:1729:2
5)
      at Object.<anonymous> (s
rc/game/scenes/__tests__/GameS
cene.keyboard.test.ts:176:26)

  ÔùÅ GameScene Keyboard 
Input ÔÇ║ handleInput ÔÇ║ 
should handle jump with W key

    TypeError: 
this.input.keyboard.on is not 
a function

    [0m [90m 1727 |[39m
     [90m 1728 |[39m     
[90m// Add debug logging for 
key presses[39m
    [31m[1m>[22m[39m[90m 
1729 |[39m     [36mthis[39m
[33m.[39minput[33m.[39mkey
board[33m.[39mon([32m'keydo
wn'[39m[33m,[39m 
(event[33m:[39m 
[33mKeyboardEvent[39m) 
[33m=>[39m {
     [90m      |[39m        
                 
[31m[1m^[22m[39m
     [90m 1730 |[39m       c
onsole[33m.[39mlog([32m'Key
 pressed:'[39m[33m,[39m eve
nt[33m.[39mcode)[33m;[39m
     [90m 1731 |[39m     
})[33m;[39m
     [90m 1732 |[39m[0m

      at 
GameScene.setupControls (src/g
ame/scenes/GameScene.ts:1729:2
5)
      at Object.<anonymous> (s
rc/game/scenes/__tests__/GameS
cene.keyboard.test.ts:176:26)

  ÔùÅ GameScene Keyboard 
Input ÔÇ║ handleInput ÔÇ║ 
should handle jump with up 
arrow

    TypeError: 
this.input.keyboard.on is not 
a function

    [0m [90m 1727 |[39m
     [90m 1728 |[39m     
[90m// Add debug logging for 
key presses[39m
    [31m[1m>[22m[39m[90m 
1729 |[39m     [36mthis[39m
[33m.[39minput[33m.[39mkey
board[33m.[39mon([32m'keydo
wn'[39m[33m,[39m 
(event[33m:[39m 
[33mKeyboardEvent[39m) 
[33m=>[39m {
     [90m      |[39m        
                 
[31m[1m^[22m[39m
     [90m 1730 |[39m       c
onsole[33m.[39mlog([32m'Key
 pressed:'[39m[33m,[39m eve
nt[33m.[39mcode)[33m;[39m
     [90m 1731 |[39m     
})[33m;[39m
     [90m 1732 |[39m[0m

      at 
GameScene.setupControls (src/g
ame/scenes/GameScene.ts:1729:2
5)
      at Object.<anonymous> (s
rc/game/scenes/__tests__/GameS
cene.keyboard.test.ts:176:26)

  ÔùÅ GameScene Keyboard 
Input ÔÇ║ handleInput ÔÇ║ 
should handle crouch with S 
key

    TypeError: 
this.input.keyboard.on is not 
a function

    [0m [90m 1727 |[39m
     [90m 1728 |[39m     
[90m// Add debug logging for 
key presses[39m
    [31m[1m>[22m[39m[90m 
1729 |[39m     [36mthis[39m
[33m.[39minput[33m.[39mkey
board[33m.[39mon([32m'keydo
wn'[39m[33m,[39m 
(event[33m:[39m 
[33mKeyboardEvent[39m) 
[33m=>[39m {
     [90m      |[39m        
                 
[31m[1m^[22m[39m
     [90m 1730 |[39m       c
onsole[33m.[39mlog([32m'Key
 pressed:'[39m[33m,[39m eve
nt[33m.[39mcode)[33m;[39m
     [90m 1731 |[39m     
})[33m;[39m
     [90m 1732 |[39m[0m

      at 
GameScene.setupControls (src/g
ame/scenes/GameScene.ts:1729:2
5)
      at Object.<anonymous> (s
rc/game/scenes/__tests__/GameS
cene.keyboard.test.ts:176:26)

  ÔùÅ GameScene Keyboard 
Input ÔÇ║ handleInput ÔÇ║ 
should handle crouch with 
down arrow

    TypeError: 
this.input.keyboard.on is not 
a function

    [0m [90m 1727 |[39m
     [90m 1728 |[39m     
[90m// Add debug logging for 
key presses[39m
    [31m[1m>[22m[39m[90m 
1729 |[39m     [36mthis[39m
[33m.[39minput[33m.[39mkey
board[33m.[39mon([32m'keydo
wn'[39m[33m,[39m 
(event[33m:[39m 
[33mKeyboardEvent[39m) 
[33m=>[39m {
     [90m      |[39m        
                 
[31m[1m^[22m[39m
     [90m 1730 |[39m       c
onsole[33m.[39mlog([32m'Key
 pressed:'[39m[33m,[39m eve
nt[33m.[39mcode)[33m;[39m
     [90m 1731 |[39m     
})[33m;[39m
     [90m 1732 |[39m[0m

      at 
GameScene.setupControls (src/g
ame/scenes/GameScene.ts:1729:2
5)
      at Object.<anonymous> (s
rc/game/scenes/__tests__/GameS
cene.keyboard.test.ts:176:26)

  ÔùÅ GameScene Keyboard 
Input ÔÇ║ handleInput ÔÇ║ 
should handle attack with 
space key

    TypeError: 
this.input.keyboard.on is not 
a function

    [0m [90m 1727 |[39m
     [90m 1728 |[39m     
[90m// Add debug logging for 
key presses[39m
    [31m[1m>[22m[39m[90m 
1729 |[39m     [36mthis[39m
[33m.[39minput[33m.[39mkey
board[33m.[39mon([32m'keydo
wn'[39m[33m,[39m 
(event[33m:[39m 
[33mKeyboardEvent[39m) 
[33m=>[39m {
     [90m      |[39m        
                 
[31m[1m^[22m[39m
     [90m 1730 |[39m       c
onsole[33m.[39mlog([32m'Key
 pressed:'[39m[33m,[39m eve
nt[33m.[39mcode)[33m;[39m
     [90m 1731 |[39m     
})[33m;[39m
     [90m 1732 |[39m[0m

      at 
GameScene.setupControls (src/g
ame/scenes/GameScene.ts:1729:2
5)
      at Object.<anonymous> (s
rc/game/scenes/__tests__/GameS
cene.keyboard.test.ts:176:26)

  ÔùÅ GameScene Keyboard 
Input ÔÇ║ handleInput ÔÇ║ 
should combine keyboard and 
touch controls

    TypeError: 
this.input.keyboard.on is not 
a function

    [0m [90m 1727 |[39m
     [90m 1728 |[39m     
[90m// Add debug logging for 
key presses[39m
    [31m[1m>[22m[39m[90m 
1729 |[39m     [36mthis[39m
[33m.[39minput[33m.[39mkey
board[33m.[39mon([32m'keydo
wn'[39m[33m,[39m 
(event[33m:[39m 
[33mKeyboardEvent[39m) 
[33m=>[39m {
     [90m      |[39m        
                 
[31m[1m^[22m[39m
     [90m 1730 |[39m       c
onsole[33m.[39mlog([32m'Key
 pressed:'[39m[33m,[39m eve
nt[33m.[39mcode)[33m;[39m
     [90m 1731 |[39m     
})[33m;[39m
     [90m 1732 |[39m[0m

      at 
GameScene.setupControls (src/g
ame/scenes/GameScene.ts:1729:2
5)
      at Object.<anonymous> (s
rc/game/scenes/__tests__/GameS
cene.keyboard.test.ts:176:26)

  ÔùÅ GameScene Keyboard 
Input ÔÇ║ handleInput ÔÇ║ 
should stop movement when no 
movement keys are pressed

    TypeError: 
this.input.keyboard.on is not 
a function

    [0m [90m 1727 |[39m
     [90m 1728 |[39m     
[90m// Add debug logging for 
key presses[39m
    [31m[1m>[22m[39m[90m 
1729 |[39m     [36mthis[39m
[33m.[39minput[33m.[39mkey
board[33m.[39mon([32m'keydo
wn'[39m[33m,[39m 
(event[33m:[39m 
[33mKeyboardEvent[39m) 
[33m=>[39m {
     [90m      |[39m        
                 
[31m[1m^[22m[39m
     [90m 1730 |[39m       c
onsole[33m.[39mlog([32m'Key
 pressed:'[39m[33m,[39m eve
nt[33m.[39mcode)[33m;[39m
     [90m 1731 |[39m     
})[33m;[39m
     [90m 1732 |[39m[0m

      at 
GameScene.setupControls (src/g
ame/scenes/GameScene.ts:1729:2
5)
      at Object.<anonymous> (s
rc/game/scenes/__tests__/GameS
cene.keyboard.test.ts:176:26)

  ÔùÅ GameScene Keyboard 
Input ÔÇ║ handleInput ÔÇ║ 
should stop crouching when 
crouch keys are released

    TypeError: 
this.input.keyboard.on is not 
a function

    [0m [90m 1727 |[39m
     [90m 1728 |[39m     
[90m// Add debug logging for 
key presses[39m
    [31m[1m>[22m[39m[90m 
1729 |[39m     [36mthis[39m
[33m.[39minput[33m.[39mkey
board[33m.[39mon([32m'keydo
wn'[39m[33m,[39m 
(event[33m:[39m 
[33mKeyboardEvent[39m) 
[33m=>[39m {
     [90m      |[39m        
                 
[31m[1m^[22m[39m
     [90m 1730 |[39m       c
onsole[33m.[39mlog([32m'Key
 pressed:'[39m[33m,[39m eve
nt[33m.[39mcode)[33m;[39m
     [90m 1731 |[39m     
})[33m;[39m
     [90m 1732 |[39m[0m

      at 
GameScene.setupControls (src/g
ame/scenes/GameScene.ts:1729:2
5)
      at Object.<anonymous> (s
rc/game/scenes/__tests__/GameS
cene.keyboard.test.ts:176:26)

  ÔùÅ GameScene Keyboard 
Input ÔÇ║ pause functionality 
ÔÇ║ should handle pause with 
ESC key

    TypeError: 
this.input.keyboard.on is not 
a function

    [0m [90m 1727 |[39m
     [90m 1728 |[39m     
[90m// Add debug logging for 
key presses[39m
    [31m[1m>[22m[39m[90m 
1729 |[39m     [36mthis[39m
[33m.[39minput[33m.[39mkey
board[33m.[39mon([32m'keydo
wn'[39m[33m,[39m 
(event[33m:[39m 
[33mKeyboardEvent[39m) 
[33m=>[39m {
     [90m      |[39m        
                 
[31m[1m^[22m[39m
     [90m 1730 |[39m       c
onsole[33m.[39mlog([32m'Key
 pressed:'[39m[33m,[39m eve
nt[33m.[39mcode)[33m;[39m
     [90m 1731 |[39m     
})[33m;[39m
     [90m 1732 |[39m[0m

      at 
GameScene.setupControls (src/g
ame/scenes/GameScene.ts:1729:2
5)
      at Object.<anonymous> (s
rc/game/scenes/__tests__/GameS
cene.keyboard.test.ts:339:26)

  ÔùÅ GameScene Keyboard 
Input ÔÇ║ pause functionality 
ÔÇ║ should skip input 
processing when game is paused

    TypeError: 
this.input.keyboard.on is not 
a function

    [0m [90m 1727 |[39m
     [90m 1728 |[39m     
[90m// Add debug logging for 
key presses[39m
    [31m[1m>[22m[39m[90m 
1729 |[39m     [36mthis[39m
[33m.[39minput[33m.[39mkey
board[33m.[39mon([32m'keydo
wn'[39m[33m,[39m 
(event[33m:[39m 
[33mKeyboardEvent[39m) 
[33m=>[39m {
     [90m      |[39m        
                 
[31m[1m^[22m[39m
     [90m 1730 |[39m       c
onsole[33m.[39mlog([32m'Key
 pressed:'[39m[33m,[39m eve
nt[33m.[39mcode)[33m;[39m
     [90m 1731 |[39m     
})[33m;[39m
     [90m 1732 |[39m[0m

      at 
GameScene.setupControls (src/g
ame/scenes/GameScene.ts:1729:2
5)
      at Object.<anonymous> (s
rc/game/scenes/__tests__/GameS
cene.keyboard.test.ts:339:26)

FAIL src/components/game/__tes
ts__/TouchControls.test.tsx
  ÔùÅ TouchControls ÔÇ║ 
should render on mobile 
devices

    
TestingLibraryElementError: 
Unable to find a label with 
the text of: Move Left

    Ignored nodes: comments, 
script, style
    [36m<body>[39m
      [36m<div>[39m
        [36m<div[39m
          
[33mclass[39m=[32m"fixed 
inset-0 pointer-events-none 
z-20 "[39m
        [36m>[39m
          [36m<div[39m
            [33mclass[39m=[
32m"absolute left-[8px] 
bottom-[32px] flex flex-col 
space-x-4 space-y-4 
pointer-events-auto"[39m
            [33mdata-touch-co
ntrol[39m=[32m"movement"[39
m
          [36m>[39m
            [36m<div[39m
              
[33mclass[39m=[32m"flex 
space-x-4 space-y-4"[39m
            [36m>[39m
              
[36m<button[39m
                [33maria-labe
l[39m=[32m"Mover para a 
esquerda"[39m
                
[33mclass[39m=[32m"w-20 
h-20 bg-black/50 
backdrop-blur-sm border-2 
border-white/30 rounded-xl 
flex items-center 
justify-center text-white 
text-2xl font-bold 
hover:bg-black/70 
active:bg-black/80 
transition-all duration-150 
select-none scale-100 
opacity-90 shadow-lg "[39m
                [33mdata-touc
h-control[39m=[32m"true"[39
m
                [33mtabindex
[39m=[32m"0"[39m
              [36m>[39m
                [0mÔåÉ[0m
              
[36m</button>[39m
              
[36m<button[39m
                [33maria-labe
l[39m=[32m"Mover para a 
direita"[39m
                
[33mclass[39m=[32m"w-20 
h-20 bg-black/50 
backdrop-blur-sm border-2 
border-white/30 rounded-xl 
flex items-center 
justify-center text-white 
text-2xl font-bold 
hover:bg-black/70 
active:bg-black/80 
transition-all duration-150 
select-none scale-100 
opacity-90 shadow-lg "[39m
                [33mdata-touc
h-control[39m=[32m"true"[39
m
                [33mtabindex
[39m=[32m"0"[39m
              [36m>[39m
                [0mÔåÆ[0m
              
[36m</button>[39m
            [36m</div>[39m
          [36m</div>[39m
          [36m<div[39m
            [33mclass[39m=[
32m"absolute right-[8px] 
bottom-[32px] flex flex-col 
space-x-4 space-y-4 
pointer-events-auto"[39m
            [33mdata-touch-co
ntrol[39m=[32m"actions"[39m
          [36m>[39m
            [36m<div[39m
              
[33mclass[39m=[32m"flex 
justify-center"[39m
            [36m>[39m
              
[36m<button[39m
                [33maria-labe
l[39m=[32m"Saltar"[39m
                
[33mclass[39m=[32m"w-20 
h-20 bg-black/50 
backdrop-blur-sm border-2 
border-white/30 rounded-xl 
flex items-center 
justify-center text-white 
text-base font-bold 
hover:bg-black/70 
active:bg-black/80 
transition-all duration-150 
select-none scale-100 
opacity-90 shadow-lg "[39m
                [33mdata-touc
h-control[39m=[32m"true"[39
m
                [33mtabindex
[39m=[32m"0"[39m
              [36m>[39m
                [0mÔåæ[0m
                [36m<br 
/>[39m
                [0mSALTAR[0m
              
[36m</button>[39m
            [36m</div>[39m
            [36m<div[39m
              
[33mclass[39m=[32m"flex 
space-x-4 space-y-4"[39m
            [36m>[39m
              
[36m<button[39m
                [33maria-labe
l[39m=[32m"Agachar"[39m
                
[33mclass[39m=[32m"w-20 
h-20 bg-black/50 
backdrop-blur-sm border-2 
border-white/30 rounded-xl 
flex items-center 
justify-center text-white 
text-base font-bold 
hover:bg-black/70 
active:bg-black/80 
transition-all duration-150 
select-none scale-100 
opacity-90 shadow-lg "[39m
                [33mdata-touc
h-control[39m=[32m"true"[39
m
                [33mtabindex
[39m=[32m"0"[39m
              [36m>[39m
                [0mÔåô[0m
                [36m<br 
/>[39m
                
[0mAGACHAR[0m
              
[36m</button>[39m
              
[36m<button[39m
                [33maria-labe
l[39m=[32m"Atacar"[39m
                
[33mclass[39m=[32m"w-20 
h-20 bg-red-600/70 
backdrop-blur-sm border-2 
border-red-400/50 rounded-xl 
flex items-center 
justify-center text-white 
text-base font-bold 
hover:bg-red-600/90 
active:bg-red-700/90 
transition-all duration-150 
select-none scale-100 
opacity-90 shadow-lg "[39m
                [33mdata-touc
h-control[39m=[32m"true"[39
m
                [33mtabindex
[39m=[32m"0"[39m
              [36m>[39m
                [0mÔÜö[0m
                [36m<br 
/>[39m
                [0mATACAR[0m
              
[36m</button>[39m
            [36m</div>[39m
          [36m</div>[39m
          [36m<div[39m
            [33mclass[39m=[
32m"absolute top-4 left-1/2 
transform -translate-x-1/2 
pointer-events-none"[39m
          [36m>[39m
            [36m<div[39m
              [33mclass[39m=
[32m"bg-black/60 
backdrop-blur-sm rounded-lg 
px-3 py-2 text-white text-xs 
text-center 
animate-fade-in-out"[39m
            [36m>[39m
              [36m<p>[39m
                [0mSwipe 
gestures: ÔåÉ ÔåÆ Ôåæ Ôåô[0m
              [36m</p>[39m
              [36m<p[39m
                [33mclass[39
m=[32m"text-gray-300"[39m
              [36m>[39m
                [0mOr use 
touch controls[0m
              [36m</p>[39m
            [36m</div>[39m
          [36m</div>[39m
        [36m</div>[39m
      [36m</div>[39m
    [36m</body>[39m

    [0m [90m 59 |[39m     r
ender([33m<[39m[33mTouchCon
trols[39m 
{[33m...[39mmockHandlers} [
33m/[39m[33m>[39m)[33m;[3
9m
     [90m 60 |[39m     
    [31m[1m>[22m[39m[90m 
61 |[39m     expect(screen[3
3m.[39mgetByLabelText([32m'M
ove Left'[39m))[33m.[39mtoB
eInTheDocument()[33m;[39m
     [90m    |[39m          
         [31m[1m^[22m[39m
     [90m 62 |[39m     expec
t(screen[33m.[39mgetByLabelT
ext([32m'Move Right'[39m))[
33m.[39mtoBeInTheDocument()[
33m;[39m
     [90m 63 |[39m     expec
t(screen[33m.[39mgetByLabelT
ext([32m'Jump'[39m))[33m.[
39mtoBeInTheDocument()[33m;[
39m
     [90m 64 |[39m     expec
t(screen[33m.[39mgetByLabelT
ext([32m'Crouch'[39m))[33m.
[39mtoBeInTheDocument()[33m;
[39m[0m

      at 
Object.getElementError (node_m
odules/@testing-library/dom/di
st/config.js:37:19)
      at getAllByLabelText (no
de_modules/@testing-library/do
m/dist/queries/label-text.js:1
11:38)
      at node_modules/@testing
-library/dom/dist/query-helper
s.js:52:17
      at node_modules/@testing
-library/dom/dist/query-helper
s.js:95:19
      at Object.<anonymous> (s
rc/components/game/__tests__/T
ouchControls.test.tsx:61:19)

  ÔùÅ TouchControls ÔÇ║ 
should handle touch events 
correctly

    
TestingLibraryElementError: 
Unable to find a label with 
the text of: Move Left

    Ignored nodes: comments, 
script, style
    [36m<body>[39m
      [36m<div>[39m
        [36m<div[39m
          
[33mclass[39m=[32m"fixed 
inset-0 pointer-events-none 
z-20 "[39m
        [36m>[39m
          [36m<div[39m
            [33mclass[39m=[
32m"absolute left-[8px] 
bottom-[32px] flex flex-col 
space-x-4 space-y-4 
pointer-events-auto"[39m
            [33mdata-touch-co
ntrol[39m=[32m"movement"[39
m
          [36m>[39m
            [36m<div[39m
              
[33mclass[39m=[32m"flex 
space-x-4 space-y-4"[39m
            [36m>[39m
              
[36m<button[39m
                [33maria-labe
l[39m=[32m"Mover para a 
esquerda"[39m
                
[33mclass[39m=[32m"w-20 
h-20 bg-black/50 
backdrop-blur-sm border-2 
border-white/30 rounded-xl 
flex items-center 
justify-center text-white 
text-2xl font-bold 
hover:bg-black/70 
active:bg-black/80 
transition-all duration-150 
select-none scale-100 
opacity-90 shadow-lg "[39m
                [33mdata-touc
h-control[39m=[32m"true"[39
m
                [33mtabindex
[39m=[32m"0"[39m
              [36m>[39m
                [0mÔåÉ[0m
              
[36m</button>[39m
              
[36m<button[39m
                [33maria-labe
l[39m=[32m"Mover para a 
direita"[39m
                
[33mclass[39m=[32m"w-20 
h-20 bg-black/50 
backdrop-blur-sm border-2 
border-white/30 rounded-xl 
flex items-center 
justify-center text-white 
text-2xl font-bold 
hover:bg-black/70 
active:bg-black/80 
transition-all duration-150 
select-none scale-100 
opacity-90 shadow-lg "[39m
                [33mdata-touc
h-control[39m=[32m"true"[39
m
                [33mtabindex
[39m=[32m"0"[39m
              [36m>[39m
                [0mÔåÆ[0m
              
[36m</button>[39m
            [36m</div>[39m
          [36m</div>[39m
          [36m<div[39m
            [33mclass[39m=[
32m"absolute right-[8px] 
bottom-[32px] flex flex-col 
space-x-4 space-y-4 
pointer-events-auto"[39m
            [33mdata-touch-co
ntrol[39m=[32m"actions"[39m
          [36m>[39m
            [36m<div[39m
              
[33mclass[39m=[32m"flex 
justify-center"[39m
            [36m>[39m
              
[36m<button[39m
                [33maria-labe
l[39m=[32m"Saltar"[39m
                
[33mclass[39m=[32m"w-20 
h-20 bg-black/50 
backdrop-blur-sm border-2 
border-white/30 rounded-xl 
flex items-center 
justify-center text-white 
text-base font-bold 
hover:bg-black/70 
active:bg-black/80 
transition-all duration-150 
select-none scale-100 
opacity-90 shadow-lg "[39m
                [33mdata-touc
h-control[39m=[32m"true"[39
m
                [33mtabindex
[39m=[32m"0"[39m
              [36m>[39m
                [0mÔåæ[0m
                [36m<br 
/>[39m
                [0mSALTAR[0m
              
[36m</button>[39m
            [36m</div>[39m
            [36m<div[39m
              
[33mclass[39m=[32m"flex 
space-x-4 space-y-4"[39m
            [36m>[39m
              
[36m<button[39m
                [33maria-labe
l[39m=[32m"Agachar"[39m
                
[33mclass[39m=[32m"w-20 
h-20 bg-black/50 
backdrop-blur-sm border-2 
border-white/30 rounded-xl 
flex items-center 
justify-center text-white 
text-base font-bold 
hover:bg-black/70 
active:bg-black/80 
transition-all duration-150 
select-none scale-100 
opacity-90 shadow-lg "[39m
                [33mdata-touc
h-control[39m=[32m"true"[39
m
                [33mtabindex
[39m=[32m"0"[39m
              [36m>[39m
                [0mÔåô[0m
                [36m<br 
/>[39m
                
[0mAGACHAR[0m
              
[36m</button>[39m
              
[36m<button[39m
                [33maria-labe
l[39m=[32m"Atacar"[39m
                
[33mclass[39m=[32m"w-20 
h-20 bg-red-600/70 
backdrop-blur-sm border-2 
border-red-400/50 rounded-xl 
flex items-center 
justify-center text-white 
text-base font-bold 
hover:bg-red-600/90 
active:bg-red-700/90 
transition-all duration-150 
select-none scale-100 
opacity-90 shadow-lg "[39m
                [33mdata-touc
h-control[39m=[32m"true"[39
m
                [33mtabindex
[39m=[32m"0"[39m
              [36m>[39m
                [0mÔÜö[0m
                [36m<br 
/>[39m
                [0mATACAR[0m
              
[36m</button>[39m
            [36m</div>[39m
          [36m</div>[39m
          [36m<div[39m
            [33mclass[39m=[
32m"absolute top-4 left-1/2 
transform -translate-x-1/2 
pointer-events-none"[39m
          [36m>[39m
            [36m<div[39m
              [33mclass[39m=
[32m"bg-black/60 
backdrop-blur-sm rounded-lg 
px-3 py-2 text-white text-xs 
text-center 
animate-fade-in-out"[39m
            [36m>[39m
              [36m<p>[39m
                [0mSwipe 
gestures: ÔåÉ ÔåÆ Ôåæ Ôåô[0m
              [36m</p>[39m
              [36m<p[39m
                [33mclass[39
m=[32m"text-gray-300"[39m
              [36m>[39m
                [0mOr use 
touch controls[0m
              [36m</p>[39m
            [36m</div>[39m
          [36m</div>[39m
        [36m</div>[39m
      [36m</div>[39m
    [36m</body>[39m

    [0m [90m 71 |[39m     r
ender([33m<[39m[33mTouchCon
trols[39m 
{[33m...[39mmockHandlers} [
33m/[39m[33m>[39m)[33m;[3
9m
     [90m 72 |[39m     
    [31m[1m>[22m[39m[90m 
73 |[39m     [36mconst[39m 
moveLeftButton [33m=[39m scr
een[33m.[39mgetByLabelText(
[32m'Move 
Left'[39m)[33m;[39m
     [90m    |[39m          
                         
[31m[1m^[22m[39m
     [90m 74 |[39m     
     [90m 75 |[39m     
[90m// Test touch start[39m
     [90m 76 |[39m     fireE
vent[33m.[39mtouchStart(move
LeftButton)[33m;[39m[0m

      at 
Object.getElementError (node_m
odules/@testing-library/dom/di
st/config.js:37:19)
      at getAllByLabelText (no
de_modules/@testing-library/do
m/dist/queries/label-text.js:1
11:38)
      at node_modules/@testing
-library/dom/dist/query-helper
s.js:52:17
      at node_modules/@testing
-library/dom/dist/query-helper
s.js:95:19
      at Object.<anonymous> (s
rc/components/game/__tests__/T
ouchControls.test.tsx:73:35)

  ÔùÅ TouchControls ÔÇ║ 
should handle mouse events 
for testing

    
TestingLibraryElementError: 
Unable to find a label with 
the text of: Jump

    Ignored nodes: comments, 
script, style
    [36m<body>[39m
      [36m<div>[39m
        [36m<div[39m
          
[33mclass[39m=[32m"fixed 
inset-0 pointer-events-none 
z-20 "[39m
        [36m>[39m
          [36m<div[39m
            [33mclass[39m=[
32m"absolute left-[8px] 
bottom-[32px] flex flex-col 
space-x-4 space-y-4 
pointer-events-auto"[39m
            [33mdata-touch-co
ntrol[39m=[32m"movement"[39
m
          [36m>[39m
            [36m<div[39m
              
[33mclass[39m=[32m"flex 
space-x-4 space-y-4"[39m
            [36m>[39m
              
[36m<button[39m
                [33maria-labe
l[39m=[32m"Mover para a 
esquerda"[39m
                
[33mclass[39m=[32m"w-20 
h-20 bg-black/50 
backdrop-blur-sm border-2 
border-white/30 rounded-xl 
flex items-center 
justify-center text-white 
text-2xl font-bold 
hover:bg-black/70 
active:bg-black/80 
transition-all duration-150 
select-none scale-100 
opacity-90 shadow-lg "[39m
                [33mdata-touc
h-control[39m=[32m"true"[39
m
                [33mtabindex
[39m=[32m"0"[39m
              [36m>[39m
                [0mÔåÉ[0m
              
[36m</button>[39m
              
[36m<button[39m
                [33maria-labe
l[39m=[32m"Mover para a 
direita"[39m
                
[33mclass[39m=[32m"w-20 
h-20 bg-black/50 
backdrop-blur-sm border-2 
border-white/30 rounded-xl 
flex items-center 
justify-center text-white 
text-2xl font-bold 
hover:bg-black/70 
active:bg-black/80 
transition-all duration-150 
select-none scale-100 
opacity-90 shadow-lg "[39m
                [33mdata-touc
h-control[39m=[32m"true"[39
m
                [33mtabindex
[39m=[32m"0"[39m
              [36m>[39m
                [0mÔåÆ[0m
              
[36m</button>[39m
            [36m</div>[39m
          [36m</div>[39m
          [36m<div[39m
            [33mclass[39m=[
32m"absolute right-[8px] 
bottom-[32px] flex flex-col 
space-x-4 space-y-4 
pointer-events-auto"[39m
            [33mdata-touch-co
ntrol[39m=[32m"actions"[39m
          [36m>[39m
            [36m<div[39m
              
[33mclass[39m=[32m"flex 
justify-center"[39m
            [36m>[39m
              
[36m<button[39m
                [33maria-labe
l[39m=[32m"Saltar"[39m
                
[33mclass[39m=[32m"w-20 
h-20 bg-black/50 
backdrop-blur-sm border-2 
border-white/30 rounded-xl 
flex items-center 
justify-center text-white 
text-base font-bold 
hover:bg-black/70 
active:bg-black/80 
transition-all duration-150 
select-none scale-100 
opacity-90 shadow-lg "[39m
                [33mdata-touc
h-control[39m=[32m"true"[39
m
                [33mtabindex
[39m=[32m"0"[39m
              [36m>[39m
                [0mÔåæ[0m
                [36m<br 
/>[39m
                [0mSALTAR[0m
              
[36m</button>[39m
            [36m</div>[39m
            [36m<div[39m
              
[33mclass[39m=[32m"flex 
space-x-4 space-y-4"[39m
            [36m>[39m
              
[36m<button[39m
                [33maria-labe
l[39m=[32m"Agachar"[39m
                
[33mclass[39m=[32m"w-20 
h-20 bg-black/50 
backdrop-blur-sm border-2 
border-white/30 rounded-xl 
flex items-center 
justify-center text-white 
text-base font-bold 
hover:bg-black/70 
active:bg-black/80 
transition-all duration-150 
select-none scale-100 
opacity-90 shadow-lg "[39m
                [33mdata-touc
h-control[39m=[32m"true"[39
m
                [33mtabindex
[39m=[32m"0"[39m
              [36m>[39m
                [0mÔåô[0m
                [36m<br 
/>[39m
                
[0mAGACHAR[0m
              
[36m</button>[39m
              
[36m<button[39m
                [33maria-labe
l[39m=[32m"Atacar"[39m
                
[33mclass[39m=[32m"w-20 
h-20 bg-red-600/70 
backdrop-blur-sm border-2 
border-red-400/50 rounded-xl 
flex items-center 
justify-center text-white 
text-base font-bold 
hover:bg-red-600/90 
active:bg-red-700/90 
transition-all duration-150 
select-none scale-100 
opacity-90 shadow-lg "[39m
                [33mdata-touc
h-control[39m=[32m"true"[39
m
                [33mtabindex
[39m=[32m"0"[39m
              [36m>[39m
                [0mÔÜö[0m
                [36m<br 
/>[39m
                [0mATACAR[0m
              
[36m</button>[39m
            [36m</div>[39m
          [36m</div>[39m
          [36m<div[39m
            [33mclass[39m=[
32m"absolute top-4 left-1/2 
transform -translate-x-1/2 
pointer-events-none"[39m
          [36m>[39m
            [36m<div[39m
              [33mclass[39m=
[32m"bg-black/60 
backdrop-blur-sm rounded-lg 
px-3 py-2 text-white text-xs 
text-center 
animate-fade-in-out"[39m
            [36m>[39m
              [36m<p>[39m
                [0mSwipe 
gestures: ÔåÉ ÔåÆ Ôåæ Ôåô[0m
              [36m</p>[39m
              [36m<p[39m
                [33mclass[39
m=[32m"text-gray-300"[39m
              [36m>[39m
                [0mOr use 
touch controls[0m
              [36m</p>[39m
            [36m</div>[39m
          [36m</div>[39m
        [36m</div>[39m
      [36m</div>[39m
    [36m</body>[39m

    [0m [90m 87 |[39m     r
ender([33m<[39m[33mTouchCon
trols[39m 
{[33m...[39mmockHandlers} [
33m/[39m[33m>[39m)[33m;[3
9m
     [90m 88 |[39m     
    [31m[1m>[22m[39m[90m 
89 |[39m     [36mconst[39m 
jumpButton [33m=[39m screen
[33m.[39mgetByLabelText([32m
'Jump'[39m)[33m;[39m
     [90m    |[39m          
                     
[31m[1m^[22m[39m
     [90m 90 |[39m     
     [90m 91 |[39m     
[90m// Test mouse down[39m
     [90m 92 |[39m     fireE
vent[33m.[39mmouseDown(jumpB
utton)[33m;[39m[0m

      at 
Object.getElementError (node_m
odules/@testing-library/dom/di
st/config.js:37:19)
      at getAllByLabelText (no
de_modules/@testing-library/do
m/dist/queries/label-text.js:1
11:38)
      at node_modules/@testing
-library/dom/dist/query-helper
s.js:52:17
      at node_modules/@testing
-library/dom/dist/query-helper
s.js:95:19
      at Object.<anonymous> (s
rc/components/game/__tests__/T
ouchControls.test.tsx:89:31)

  ÔùÅ TouchControls ÔÇ║ 
should handle all control 
buttons

    
TestingLibraryElementError: 
Unable to find a label with 
the text of: Move Left

    Ignored nodes: comments, 
script, style
    [36m<body>[39m
      [36m<div>[39m
        [36m<div[39m
          
[33mclass[39m=[32m"fixed 
inset-0 pointer-events-none 
z-20 "[39m
        [36m>[39m
          [36m<div[39m
            [33mclass[39m=[
32m"absolute left-[8px] 
bottom-[32px] flex flex-col 
space-x-4 space-y-4 
pointer-events-auto"[39m
            [33mdata-touch-co
ntrol[39m=[32m"movement"[39
m
          [36m>[39m
            [36m<div[39m
              
[33mclass[39m=[32m"flex 
space-x-4 space-y-4"[39m
            [36m>[39m
              
[36m<button[39m
                [33maria-labe
l[39m=[32m"Mover para a 
esquerda"[39m
                
[33mclass[39m=[32m"w-20 
h-20 bg-black/50 
backdrop-blur-sm border-2 
border-white/30 rounded-xl 
flex items-center 
justify-center text-white 
text-2xl font-bold 
hover:bg-black/70 
active:bg-black/80 
transition-all duration-150 
select-none scale-100 
opacity-90 shadow-lg "[39m
                [33mdata-touc
h-control[39m=[32m"true"[39
m
                [33mtabindex
[39m=[32m"0"[39m
              [36m>[39m
                [0mÔåÉ[0m
              
[36m</button>[39m
              
[36m<button[39m
                [33maria-labe
l[39m=[32m"Mover para a 
direita"[39m
                
[33mclass[39m=[32m"w-20 
h-20 bg-black/50 
backdrop-blur-sm border-2 
border-white/30 rounded-xl 
flex items-center 
justify-center text-white 
text-2xl font-bold 
hover:bg-black/70 
active:bg-black/80 
transition-all duration-150 
select-none scale-100 
opacity-90 shadow-lg "[39m
                [33mdata-touc
h-control[39m=[32m"true"[39
m
                [33mtabindex
[39m=[32m"0"[39m
              [36m>[39m
                [0mÔåÆ[0m
              
[36m</button>[39m
            [36m</div>[39m
          [36m</div>[39m
          [36m<div[39m
            [33mclass[39m=[
32m"absolute right-[8px] 
bottom-[32px] flex flex-col 
space-x-4 space-y-4 
pointer-events-auto"[39m
            [33mdata-touch-co
ntrol[39m=[32m"actions"[39m
          [36m>[39m
            [36m<div[39m
              
[33mclass[39m=[32m"flex 
justify-center"[39m
            [36m>[39m
              
[36m<button[39m
                [33maria-labe
l[39m=[32m"Saltar"[39m
                
[33mclass[39m=[32m"w-20 
h-20 bg-black/50 
backdrop-blur-sm border-2 
border-white/30 rounded-xl 
flex items-center 
justify-center text-white 
text-base font-bold 
hover:bg-black/70 
active:bg-black/80 
transition-all duration-150 
select-none scale-100 
opacity-90 shadow-lg "[39m
                [33mdata-touc
h-control[39m=[32m"true"[39
m
                [33mtabindex
[39m=[32m"0"[39m
              [36m>[39m
                [0mÔåæ[0m
                [36m<br 
/>[39m
                [0mSALTAR[0m
              
[36m</button>[39m
            [36m</div>[39m
            [36m<div[39m
              
[33mclass[39m=[32m"flex 
space-x-4 space-y-4"[39m
            [36m>[39m
              
[36m<button[39m
                [33maria-labe
l[39m=[32m"Agachar"[39m
                
[33mclass[39m=[32m"w-20 
h-20 bg-black/50 
backdrop-blur-sm border-2 
border-white/30 rounded-xl 
flex items-center 
justify-center text-white 
text-base font-bold 
hover:bg-black/70 
active:bg-black/80 
transition-all duration-150 
select-none scale-100 
opacity-90 shadow-lg "[39m
                [33mdata-touc
h-control[39m=[32m"true"[39
m
                [33mtabindex
[39m=[32m"0"[39m
              [36m>[39m
                [0mÔåô[0m
                [36m<br 
/>[39m
                
[0mAGACHAR[0m
              
[36m</button>[39m
              
[36m<button[39m
                [33maria-labe
l[39m=[32m"Atacar"[39m
                
[33mclass[39m=[32m"w-20 
h-20 bg-red-600/70 
backdrop-blur-sm border-2 
border-red-400/50 rounded-xl 
flex items-center 
justify-center text-white 
text-base font-bold 
hover:bg-red-600/90 
active:bg-red-700/90 
transition-all duration-150 
select-none scale-100 
opacity-90 shadow-lg "[39m
                [33mdata-touc
h-control[39m=[32m"true"[39
m
                [33mtabindex
[39m=[32m"0"[39m
              [36m>[39m
                [0mÔÜö[0m
                [36m<br 
/>[39m
                [0mATACAR[0m
              
[36m</button>[39m
            [36m</div>[39m
          [36m</div>[39m
          [36m<div[39m
            [33mclass[39m=[
32m"absolute top-4 left-1/2 
transform -translate-x-1/2 
pointer-events-none"[39m
          [36m>[39m
            [36m<div[39m
              [33mclass[39m=
[32m"bg-black/60 
backdrop-blur-sm rounded-lg 
px-3 py-2 text-white text-xs 
text-center 
animate-fade-in-out"[39m
            [36m>[39m
              [36m<p>[39m
                [0mSwipe 
gestures: ÔåÉ ÔåÆ Ôåæ Ôåô[0m
              [36m</p>[39m
              [36m<p[39m
                [33mclass[39
m=[32m"text-gray-300"[39m
              [36m>[39m
                [0mOr use 
touch controls[0m
              [36m</p>[39m
            [36m</div>[39m
          [36m</div>[39m
        [36m</div>[39m
      [36m</div>[39m
    [36m</body>[39m

    [0m [90m 108 |[39m     
     [90m 109 |[39m     
[90m// Test all buttons[39m
    [31m[1m>[22m[39m[90m 
110 |[39m     fireEvent[33m.
[39mtouchStart(screen[33m.[
39mgetByLabelText([32m'Move 
Left'[39m))[33m;[39m
     [90m     |[39m         
                        
[31m[1m^[22m[39m
     [90m 111 |[39m     expe
ct(mockHandlers[33m.[39monMo
veLeft)[33m.[39mtoHaveBeenCa
lledWith([36mtrue[39m)[33m;
[39m
     [90m 112 |[39m     
     [90m 113 |[39m     fire
Event[33m.[39mtouchStart(scr
een[33m.[39mgetByLabelText(
[32m'Move 
Right'[39m))[33m;[39m[0m

      at 
Object.getElementError (node_m
odules/@testing-library/dom/di
st/config.js:37:19)
      at getAllByLabelText (no
de_modules/@testing-library/do
m/dist/queries/label-text.js:1
11:38)
      at node_modules/@testing
-library/dom/dist/query-helper
s.js:52:17
      at node_modules/@testing
-library/dom/dist/query-helper
s.js:95:19
      at Object.<anonymous> (s
rc/components/game/__tests__/T
ouchControls.test.tsx:110:33)

  ÔùÅ TouchControls ÔÇ║ 
should prevent default on 
touch events

    
TestingLibraryElementError: 
Unable to find a label with 
the text of: Move Left

    Ignored nodes: comments, 
script, style
    [36m<body>[39m
      [36m<div>[39m
        [36m<div[39m
          
[33mclass[39m=[32m"fixed 
inset-0 pointer-events-none 
z-20 "[39m
        [36m>[39m
          [36m<div[39m
            [33mclass[39m=[
32m"absolute left-[8px] 
bottom-[32px] flex flex-col 
space-x-4 space-y-4 
pointer-events-auto"[39m
            [33mdata-touch-co
ntrol[39m=[32m"movement"[39
m
          [36m>[39m
            [36m<div[39m
              
[33mclass[39m=[32m"flex 
space-x-4 space-y-4"[39m
            [36m>[39m
              
[36m<button[39m
                [33maria-labe
l[39m=[32m"Mover para a 
esquerda"[39m
                
[33mclass[39m=[32m"w-20 
h-20 bg-black/50 
backdrop-blur-sm border-2 
border-white/30 rounded-xl 
flex items-center 
justify-center text-white 
text-2xl font-bold 
hover:bg-black/70 
active:bg-black/80 
transition-all duration-150 
select-none scale-100 
opacity-90 shadow-lg "[39m
                [33mdata-touc
h-control[39m=[32m"true"[39
m
                [33mtabindex
[39m=[32m"0"[39m
              [36m>[39m
                [0mÔåÉ[0m
              
[36m</button>[39m
              
[36m<button[39m
                [33maria-labe
l[39m=[32m"Mover para a 
direita"[39m
                
[33mclass[39m=[32m"w-20 
h-20 bg-black/50 
backdrop-blur-sm border-2 
border-white/30 rounded-xl 
flex items-center 
justify-center text-white 
text-2xl font-bold 
hover:bg-black/70 
active:bg-black/80 
transition-all duration-150 
select-none scale-100 
opacity-90 shadow-lg "[39m
                [33mdata-touc
h-control[39m=[32m"true"[39
m
                [33mtabindex
[39m=[32m"0"[39m
              [36m>[39m
                [0mÔåÆ[0m
              
[36m</button>[39m
            [36m</div>[39m
          [36m</div>[39m
          [36m<div[39m
            [33mclass[39m=[
32m"absolute right-[8px] 
bottom-[32px] flex flex-col 
space-x-4 space-y-4 
pointer-events-auto"[39m
            [33mdata-touch-co
ntrol[39m=[32m"actions"[39m
          [36m>[39m
            [36m<div[39m
              
[33mclass[39m=[32m"flex 
justify-center"[39m
            [36m>[39m
              
[36m<button[39m
                [33maria-labe
l[39m=[32m"Saltar"[39m
                
[33mclass[39m=[32m"w-20 
h-20 bg-black/50 
backdrop-blur-sm border-2 
border-white/30 rounded-xl 
flex items-center 
justify-center text-white 
text-base font-bold 
hover:bg-black/70 
active:bg-black/80 
transition-all duration-150 
select-none scale-100 
opacity-90 shadow-lg "[39m
                [33mdata-touc
h-control[39m=[32m"true"[39
m
                [33mtabindex
[39m=[32m"0"[39m
              [36m>[39m
                [0mÔåæ[0m
                [36m<br 
/>[39m
                [0mSALTAR[0m
              
[36m</button>[39m
            [36m</div>[39m
            [36m<div[39m
              
[33mclass[39m=[32m"flex 
space-x-4 space-y-4"[39m
            [36m>[39m
              
[36m<button[39m
                [33maria-labe
l[39m=[32m"Agachar"[39m
                
[33mclass[39m=[32m"w-20 
h-20 bg-black/50 
backdrop-blur-sm border-2 
border-white/30 rounded-xl 
flex items-center 
justify-center text-white 
text-base font-bold 
hover:bg-black/70 
active:bg-black/80 
transition-all duration-150 
select-none scale-100 
opacity-90 shadow-lg "[39m
                [33mdata-touc
h-control[39m=[32m"true"[39
m
                [33mtabindex
[39m=[32m"0"[39m
              [36m>[39m
                [0mÔåô[0m
                [36m<br 
/>[39m
                
[0mAGACHAR[0m
              
[36m</button>[39m
              
[36m<button[39m
                [33maria-labe
l[39m=[32m"Atacar"[39m
                
[33mclass[39m=[32m"w-20 
h-20 bg-red-600/70 
backdrop-blur-sm border-2 
border-red-400/50 rounded-xl 
flex items-center 
justify-center text-white 
text-base font-bold 
hover:bg-red-600/90 
active:bg-red-700/90 
transition-all duration-150 
select-none scale-100 
opacity-90 shadow-lg "[39m
                [33mdata-touc
h-control[39m=[32m"true"[39
m
                [33mtabindex
[39m=[32m"0"[39m
              [36m>[39m
                [0mÔÜö[0m
                [36m<br 
/>[39m
                [0mATACAR[0m
              
[36m</button>[39m
            [36m</div>[39m
          [36m</div>[39m
          [36m<div[39m
            [33mclass[39m=[
32m"absolute top-4 left-1/2 
transform -translate-x-1/2 
pointer-events-none"[39m
          [36m>[39m
            [36m<div[39m
              [33mclass[39m=
[32m"bg-black/60 
backdrop-blur-sm rounded-lg 
px-3 py-2 text-white text-xs 
text-center 
animate-fade-in-out"[39m
            [36m>[39m
              [36m<p>[39m
                [0mSwipe 
gestures: ÔåÉ ÔåÆ Ôåæ Ôåô[0m
              [36m</p>[39m
              [36m<p[39m
                [33mclass[39
m=[32m"text-gray-300"[39m
              [36m>[39m
                [0mOr use 
touch controls[0m
              [36m</p>[39m
            [36m</div>[39m
          [36m</div>[39m
        [36m</div>[39m
      [36m</div>[39m
    [36m</body>[39m

    [0m [90m 129 |[39m     
render([33m<[39m[33mTouchCo
ntrols[39m 
{[33m...[39mmockHandlers} [
33m/[39m[33m>[39m)[33m;[3
9m
     [90m 130 |[39m     
    [31m[1m>[22m[39m[90m 
131 |[39m     
[36mconst[39m 
moveLeftButton [33m=[39m scr
een[33m.[39mgetByLabelText(
[32m'Move 
Left'[39m)[33m;[39m
     [90m     |[39m         
                          
[31m[1m^[22m[39m
     [90m 132 |[39m     
     [90m 133 |[39m     
[36mconst[39m 
touchStartEvent [33m=[39m 
[36mnew[39m [33mTouchEvent
[39m([32m'touchstart'[39m[3
3m,[39m { bubbles[33m:[39m 
[36mtrue[39m })[33m;[39m
     [90m 134 |[39m     
[36mconst[39m 
preventDefaultSpy [33m=[39m 
jest[33m.[39mspyOn(touchStar
tEvent[33m,[39m [32m'preven
tDefault'[39m)[33m;[39m[0m

      at 
Object.getElementError (node_m
odules/@testing-library/dom/di
st/config.js:37:19)
      at getAllByLabelText (no
de_modules/@testing-library/do
m/dist/queries/label-text.js:1
11:38)
      at node_modules/@testing
-library/dom/dist/query-helper
s.js:52:17
      at node_modules/@testing
-library/dom/dist/query-helper
s.js:95:19
      at Object.<anonymous> (s
rc/components/game/__tests__/T
ouchControls.test.tsx:131:35)

FAIL src/store/__tests__/perfo
rmanceStore.test.ts
  ÔùÅ Performance Store ÔÇ║ 
Lightweight Mode ÔÇ║ should 
enable lightweight mode and 
apply optimizations

    expect(received).toBe(expe
cted) // Object.is equality

    Expected: true
    Received: false

    [0m [90m 57 |[39m      
 setLightweightMode([36mtrue
[39m)[33m;[39m
     [90m 58 |[39m       
    [31m[1m>[22m[39m[90m 
59 |[39m       expect(setting
s[33m.[39mlightweightMode)[
33m.[39mtoBe([36mtrue[39m)
[33m;[39m
     [90m    |[39m          
                              
[31m[1m^[22m[39m
     [90m 60 |[39m       exp
ect(settings[33m.[39mparticl
eEffects)[33m.[39mtoBe([36m
false[39m)[33m;[39m
     [90m 61 |[39m       exp
ect(settings[33m.[39mshadows
)[33m.[39mtoBe([36mfalse[3
9m)[33m;[39m
     [90m 62 |[39m       exp
ect(settings[33m.[39mantiali
asing)[33m.[39mtoBe([36mfal
se[39m)[33m;[39m[0m

      at Object.<anonymous> (s
rc/store/__tests__/performance
Store.test.ts:59:40)

  ÔùÅ Performance Store ÔÇ║ 
Lightweight Mode ÔÇ║ should 
disable lightweight mode

    expect(received).toBe(expe
cted) // Object.is equality

    Expected: true
    Received: false

    [0m [90m 70 |[39m      
 [90m// First enable it[39m
     [90m 71 |[39m       set
LightweightMode([36mtrue[39m
)[33m;[39m
    [31m[1m>[22m[39m[90m 
72 |[39m       expect(setting
s[33m.[39mlightweightMode)[
33m.[39mtoBe([36mtrue[39m)
[33m;[39m
     [90m    |[39m          
                              
[31m[1m^[22m[39m
     [90m 73 |[39m       
     [90m 74 |[39m       
[90m// Then disable it[39m
     [90m 75 |[39m       set
LightweightMode([36mfalse[39
m)[33m;[39m[0m

      at Object.<anonymous> (s
rc/store/__tests__/performance
Store.test.ts:72:40)

  ÔùÅ Performance Store ÔÇ║ 
Individual Settings ÔÇ║ 
should toggle particle effects

    expect(received).toBe(expe
cted) // Object.is equality

    Expected: false
    Received: true

    [0m [90m 83 |[39m      
 
     [90m 84 |[39m       set
ParticleEffects([36mfalse[39
m)[33m;[39m
    [31m[1m>[22m[39m[90m 
85 |[39m       expect(setting
s[33m.[39mparticleEffects)[
33m.[39mtoBe([36mfalse[39m)
[33m;[39m
     [90m    |[39m          
                              
[31m[1m^[22m[39m
     [90m 86 |[39m       
     [90m 87 |[39m       set
ParticleEffects([36mtrue[39m
)[33m;[39m
     [90m 88 |[39m       exp
ect(settings[33m.[39mparticl
eEffects)[33m.[39mtoBe([36m
true[39m)[33m;[39m[0m

      at Object.<anonymous> (s
rc/store/__tests__/performance
Store.test.ts:85:40)

  ÔùÅ Performance Store ÔÇ║ 
Individual Settings ÔÇ║ 
should toggle animations

    expect(received).toBe(expe
cted) // Object.is equality

    Expected: false
    Received: true

    [0m [90m 93 |[39m      
 
     [90m 94 |[39m       set
Animations([36mfalse[39m)[3
3m;[39m
    [31m[1m>[22m[39m[90m 
95 |[39m       expect(setting
s[33m.[39manimations)[33m.
[39mtoBe([36mfalse[39m)[33m
;[39m
     [90m    |[39m          
                         
[31m[1m^[22m[39m
     [90m 96 |[39m       
     [90m 97 |[39m       set
Animations([36mtrue[39m)[33
m;[39m
     [90m 98 |[39m       exp
ect(settings[33m.[39manimati
ons)[33m.[39mtoBe([36mtrue
[39m)[33m;[39m[0m

      at Object.<anonymous> (s
rc/store/__tests__/performance
Store.test.ts:95:35)

  ÔùÅ Performance Store ÔÇ║ 
Individual Settings ÔÇ║ 
should set frame rate limit

    expect(received).toBe(expe
cted) // Object.is equality

    Expected: 30
    Received: 0

    [0m [90m 103 |[39m     
  
     [90m 104 |[39m       se
tFrameRateLimit([35m30[39m)
[33m;[39m
    [31m[1m>[22m[39m[90m 
105 |[39m       expect(settin
gs[33m.[39mframeRateLimit)[
33m.[39mtoBe([35m30[39m)[3
3m;[39m
     [90m     |[39m         
                              
[31m[1m^[22m[39m
     [90m 106 |[39m       
     [90m 107 |[39m       se
tFrameRateLimit([35m0[39m)[
33m;[39m
     [90m 108 |[39m       ex
pect(settings[33m.[39mframeR
ateLimit)[33m.[39mtoBe([35m
0[39m)[33m;[39m[0m

      at Object.<anonymous> (s
rc/store/__tests__/performance
Store.test.ts:105:39)

  ÔùÅ Performance Store ÔÇ║ 
Auto Quality Adjustment ÔÇ║ 
should enable auto quality 
adjustment

    expect(received).toBe(expe
cted) // Object.is equality

    Expected: false
    Received: true

    [0m [90m 118 |[39m     
  
     [90m 119 |[39m       se
tAutoAdjustQuality([36mfalse
[39m)[33m;[39m
    [31m[1m>[22m[39m[90m 
120 |[39m       expect(settin
gs[33m.[39mautoAdjustQuality
)[33m.[39mtoBe([36mfalse[3
9m)[33m;[39m
     [90m     |[39m         
                              
   [31m[1m^[22m[39m
     [90m 121 |[39m     
})[33m;[39m
     [90m 122 |[39m
     [90m 123 |[39m     
it([32m'should adjust 
quality based on performance 
when enabled'[39m[33m,[39m 
() [33m=>[39m {[0m

      at Object.<anonymous> (s
rc/store/__tests__/performance
Store.test.ts:120:42)

  ÔùÅ Performance Store ÔÇ║ 
Auto Quality Adjustment ÔÇ║ 
should adjust quality based 
on performance when enabled

    expect(received).toBe(expe
cted) // Object.is equality

    Expected: "medium"
    Received: "high"

    [0m [90m 146 |[39m     
  
     [90m 147 |[39m       
[90m// Should reduce 
quality[39m
    [31m[1m>[22m[39m[90m 
148 |[39m       expect(settin
gs[33m.[39mgraphicsQuality)
[33m.[39mtoBe([32m'medium'[
39m)[33m;[39m
     [90m     |[39m         
                              
 [31m[1m^[22m[39m
     [90m 149 |[39m     
})[33m;[39m
     [90m 150 |[39m
     [90m 151 |[39m     
it([32m'should not adjust 
quality when auto adjustment 
is disabled'[39m[33m,[39m 
() [33m=>[39m {[0m

      at Object.<anonymous> (s
rc/store/__tests__/performance
Store.test.ts:148:40)

  ÔùÅ Performance Store ÔÇ║ 
Metrics Update ÔÇ║ should 
update performance metrics

    expect(received).toBe(expe
cted) // Object.is equality

    Expected: 45
    Received: 60

    [0m [90m 192 |[39m     
  updateMetrics(newMetrics)[3
3m;[39m
     [90m 193 |[39m       
    [31m[1m>[22m[39m[90m 
194 |[39m       expect(metric
s[33m.[39mcurrentFPS)[33m.
[39mtoBe([35m45[39m)[33m;[
39m
     [90m     |[39m         
                         
[31m[1m^[22m[39m
     [90m 195 |[39m       ex
pect(metrics[33m.[39maverage
FPS)[33m.[39mtoBe([35m50[3
9m)[33m;[39m
     [90m 196 |[39m       ex
pect(metrics[33m.[39mframeTi
me)[33m.[39mtoBe([35m22[39
m)[33m;[39m
     [90m 197 |[39m       ex
pect(metrics[33m.[39misLowPe
rformance)[33m.[39mtoBe([36
mfalse[39m)[33m;[39m[0m

      at Object.<anonymous> (s
rc/store/__tests__/performance
Store.test.ts:194:34)

  ÔùÅ Performance Store ÔÇ║ 
Reset to Defaults ÔÇ║ should 
reset all settings to defaults

    expect(received).toBe(expe
cted) // Object.is equality

    Expected: "high"
    Received: "low"

    [0m [90m 219 |[39m     
  
     [90m 220 |[39m       
[90m// Should be back to 
defaults[39m
    [31m[1m>[22m[39m[90m 
221 |[39m       expect(settin
gs[33m.[39mgraphicsQuality)
[33m.[39mtoBe([32m'high'[39
m)[33m;[39m
     [90m     |[39m         
                              
 [31m[1m^[22m[39m
     [90m 222 |[39m       ex
pect(settings[33m.[39mlightw
eightMode)[33m.[39mtoBe([36
mfalse[39m)[33m;[39m
     [90m 223 |[39m       ex
pect(settings[33m.[39mframeR
ateLimit)[33m.[39mtoBe([35m
0[39m)[33m;[39m
     [90m 224 |[39m       ex
pect(settings[33m.[39mautoAd
justQuality)[33m.[39mtoBe([
36mtrue[39m)[33m;[39m[0m

      at Object.<anonymous> (s
rc/store/__tests__/performance
Store.test.ts:221:40)

FAIL src/test/integration/game
-flow.test.tsx
  ÔùÅ Game Flow Integration 
Tests ÔÇ║ Complete Game Flow 
- Happy Path ÔÇ║ should 
complete full game flow from 
home to results

    expect(jest.fn()).toHaveBe
enCalledWith(...expected)

    Expected: "/jogar"
    Received
           1: "/personagem"
           2: "/arma"
           3: "/dificuldade"

    Number of calls: 4

    [0m [90m 204 |[39m
     [90m 205 |[39m       ex
pect(mockStoreActions[33m.[3
9msetDifficulty)[33m.[39mtoH
aveBeenCalledWith([32m'easy'
[39m)[33m;[39m
    [31m[1m>[22m[39m[90m 
206 |[39m       expect(mockPu
sh)[33m.[39mtoHaveBeenCalled
With([32m'/jogar'[39m)[33m;
[39m
     [90m     |[39m         
               
[31m[1m^[22m[39m
     [90m 207 |[39m
     [90m 208 |[39m       
[90m// Step 6: Game 
completion and results[39m
     [90m 209 |[39m       mo
ckUseGameStore[33m.[39mmockR
eturnValue({[0m

      at Object.<anonymous> (s
rc/test/integration/game-flow.
test.tsx:206:24)

FAIL src/game/entities/__tests
__/EnemyBehavior.test.ts
  ÔùÅ Enemy Behavior ÔÇ║ 
BaseEnemy ÔÇ║ should 
initialize with correct 
properties

    TypeError: Right-hand 
side of 'instanceof' is not 
an object

    [0m [90m 26 |[39m     
     [90m 27 |[39m     
[90m// Configure physics 
body[39m
    [31m[1m>[22m[39m[90m 
28 |[39m     [36mif[39m ([
36mthis[39m[33m.[39mbody 
[36minstanceof[39m [33mPhas
er[39m[33m.[39m[33mPhysics
[39m[33m.[39m[33mArcade[3
9m[33m.[39m[33mBody[39m) {
     [90m    |[39m          
        [31m[1m^[22m[39m
     [90m 29 |[39m       [3
6mthis[39m[33m.[39mbody[33
m.[39msetCollideWorldBounds(
[36mtrue[39m)[33m;[39m
     [90m 30 |[39m       [3
6mthis[39m[33m.[39mbody[33
m.[39msetSize([35m32[39m[3
3m,[39m 
[35m32[39m)[33m;[39m 
[90m// Default collision 
box[39m
     [90m 31 |[39m       
[0m

      at new BaseEnemy (src/ga
me/entities/Enemy.ts:28:18)
      at new TestEnemy (src/ga
me/entities/__tests__/EnemyBeh
avior.test.ts:71:5)
      at Object.<anonymous> (s
rc/game/entities/__tests__/Ene
myBehavior.test.ts:83:15)

  ÔùÅ Enemy Behavior ÔÇ║ 
BaseEnemy ÔÇ║ should 
configure physics body on 
creation

    TypeError: Right-hand 
side of 'instanceof' is not 
an object

    [0m [90m 26 |[39m     
     [90m 27 |[39m     
[90m// Configure physics 
body[39m
    [31m[1m>[22m[39m[90m 
28 |[39m     [36mif[39m ([
36mthis[39m[33m.[39mbody 
[36minstanceof[39m [33mPhas
er[39m[33m.[39m[33mPhysics
[39m[33m.[39m[33mArcade[3
9m[33m.[39m[33mBody[39m) {
     [90m    |[39m          
        [31m[1m^[22m[39m
     [90m 29 |[39m       [3
6mthis[39m[33m.[39mbody[33
m.[39msetCollideWorldBounds(
[36mtrue[39m)[33m;[39m
     [90m 30 |[39m       [3
6mthis[39m[33m.[39mbody[33
m.[39msetSize([35m32[39m[3
3m,[39m 
[35m32[39m)[33m;[39m 
[90m// Default collision 
box[39m
     [90m 31 |[39m       
[0m

      at new BaseEnemy (src/ga
me/entities/Enemy.ts:28:18)
      at new TestEnemy (src/ga
me/entities/__tests__/EnemyBeh
avior.test.ts:71:5)
      at Object.<anonymous> (s
rc/game/entities/__tests__/Ene
myBehavior.test.ts:83:15)

  ÔùÅ Enemy Behavior ÔÇ║ 
BaseEnemy ÔÇ║ should set 
gravity based on movement type

    TypeError: Right-hand 
side of 'instanceof' is not 
an object

    [0m [90m 26 |[39m     
     [90m 27 |[39m     
[90m// Configure physics 
body[39m
    [31m[1m>[22m[39m[90m 
28 |[39m     [36mif[39m ([
36mthis[39m[33m.[39mbody 
[36minstanceof[39m [33mPhas
er[39m[33m.[39m[33mPhysics
[39m[33m.[39m[33mArcade[3
9m[33m.[39m[33mBody[39m) {
     [90m    |[39m          
        [31m[1m^[22m[39m
     [90m 29 |[39m       [3
6mthis[39m[33m.[39mbody[33
m.[39msetCollideWorldBounds(
[36mtrue[39m)[33m;[39m
     [90m 30 |[39m       [3
6mthis[39m[33m.[39mbody[33
m.[39msetSize([35m32[39m[3
3m,[39m 
[35m32[39m)[33m;[39m 
[90m// Default collision 
box[39m
     [90m 31 |[39m       
[0m

      at new BaseEnemy (src/ga
me/entities/Enemy.ts:28:18)
      at new TestEnemy (src/ga
me/entities/__tests__/EnemyBeh
avior.test.ts:71:5)
      at Object.<anonymous> (s
rc/game/entities/__tests__/Ene
myBehavior.test.ts:83:15)

  ÔùÅ Enemy Behavior ÔÇ║ 
BaseEnemy ÔÇ║ should handle 
collision correctly

    TypeError: Right-hand 
side of 'instanceof' is not 
an object

    [0m [90m 26 |[39m     
     [90m 27 |[39m     
[90m// Configure physics 
body[39m
    [31m[1m>[22m[39m[90m 
28 |[39m     [36mif[39m ([
36mthis[39m[33m.[39mbody 
[36minstanceof[39m [33mPhas
er[39m[33m.[39m[33mPhysics
[39m[33m.[39m[33mArcade[3
9m[33m.[39m[33mBody[39m) {
     [90m    |[39m          
        [31m[1m^[22m[39m
     [90m 29 |[39m       [3
6mthis[39m[33m.[39mbody[33
m.[39msetCollideWorldBounds(
[36mtrue[39m)[33m;[39m
     [90m 30 |[39m       [3
6mthis[39m[33m.[39mbody[33
m.[39msetSize([35m32[39m[3
3m,[39m 
[35m32[39m)[33m;[39m 
[90m// Default collision 
box[39m
     [90m 31 |[39m       
[0m

      at new BaseEnemy (src/ga
me/entities/Enemy.ts:28:18)
      at new TestEnemy (src/ga
me/entities/__tests__/EnemyBeh
avior.test.ts:71:5)
      at Object.<anonymous> (s
rc/game/entities/__tests__/Ene
myBehavior.test.ts:83:15)

  ÔùÅ Enemy Behavior ÔÇ║ 
BaseEnemy ÔÇ║ should update 
movement when alive

    TypeError: Right-hand 
side of 'instanceof' is not 
an object

    [0m [90m 26 |[39m     
     [90m 27 |[39m     
[90m// Configure physics 
body[39m
    [31m[1m>[22m[39m[90m 
28 |[39m     [36mif[39m ([
36mthis[39m[33m.[39mbody 
[36minstanceof[39m [33mPhas
er[39m[33m.[39m[33mPhysics
[39m[33m.[39m[33mArcade[3
9m[33m.[39m[33mBody[39m) {
     [90m    |[39m          
        [31m[1m^[22m[39m
     [90m 29 |[39m       [3
6mthis[39m[33m.[39mbody[33
m.[39msetCollideWorldBounds(
[36mtrue[39m)[33m;[39m
     [90m 30 |[39m       [3
6mthis[39m[33m.[39mbody[33
m.[39msetSize([35m32[39m[3
3m,[39m 
[35m32[39m)[33m;[39m 
[90m// Default collision 
box[39m
     [90m 31 |[39m       
[0m

      at new BaseEnemy (src/ga
me/entities/Enemy.ts:28:18)
      at new TestEnemy (src/ga
me/entities/__tests__/EnemyBeh
avior.test.ts:71:5)
      at Object.<anonymous> (s
rc/game/entities/__tests__/Ene
myBehavior.test.ts:83:15)

  ÔùÅ Enemy Behavior ÔÇ║ 
BaseEnemy ÔÇ║ should not 
update movement when dead

    TypeError: Right-hand 
side of 'instanceof' is not 
an object

    [0m [90m 26 |[39m     
     [90m 27 |[39m     
[90m// Configure physics 
body[39m
    [31m[1m>[22m[39m[90m 
28 |[39m     [36mif[39m ([
36mthis[39m[33m.[39mbody 
[36minstanceof[39m [33mPhas
er[39m[33m.[39m[33mPhysics
[39m[33m.[39m[33mArcade[3
9m[33m.[39m[33mBody[39m) {
     [90m    |[39m          
        [31m[1m^[22m[39m
     [90m 29 |[39m       [3
6mthis[39m[33m.[39mbody[33
m.[39msetCollideWorldBounds(
[36mtrue[39m)[33m;[39m
     [90m 30 |[39m       [3
6mthis[39m[33m.[39mbody[33
m.[39msetSize([35m32[39m[3
3m,[39m 
[35m32[39m)[33m;[39m 
[90m// Default collision 
box[39m
     [90m 31 |[39m       
[0m

      at new BaseEnemy (src/ga
me/entities/Enemy.ts:28:18)
      at new TestEnemy (src/ga
me/entities/__tests__/EnemyBeh
avior.test.ts:71:5)
      at Object.<anonymous> (s
rc/game/entities/__tests__/Ene
myBehavior.test.ts:83:15)

  ÔùÅ Enemy Behavior ÔÇ║ 
BaseEnemy ÔÇ║ should destroy 
when going off screen

    TypeError: Right-hand 
side of 'instanceof' is not 
an object

    [0m [90m 26 |[39m     
     [90m 27 |[39m     
[90m// Configure physics 
body[39m
    [31m[1m>[22m[39m[90m 
28 |[39m     [36mif[39m ([
36mthis[39m[33m.[39mbody 
[36minstanceof[39m [33mPhas
er[39m[33m.[39m[33mPhysics
[39m[33m.[39m[33mArcade[3
9m[33m.[39m[33mBody[39m) {
     [90m    |[39m          
        [31m[1m^[22m[39m
     [90m 29 |[39m       [3
6mthis[39m[33m.[39mbody[33
m.[39msetCollideWorldBounds(
[36mtrue[39m)[33m;[39m
     [90m 30 |[39m       [3
6mthis[39m[33m.[39mbody[33
m.[39msetSize([35m32[39m[3
3m,[39m 
[35m32[39m)[33m;[39m 
[90m// Default collision 
box[39m
     [90m 31 |[39m       
[0m

      at new BaseEnemy (src/ga
me/entities/Enemy.ts:28:18)
      at new TestEnemy (src/ga
me/entities/__tests__/EnemyBeh
avior.test.ts:71:5)
      at Object.<anonymous> (s
rc/game/entities/__tests__/Ene
myBehavior.test.ts:83:15)

  ÔùÅ Enemy Behavior ÔÇ║ 
BaseEnemy ÔÇ║ should set 
isAlive to false when 
destroyed

    TypeError: Right-hand 
side of 'instanceof' is not 
an object

    [0m [90m 26 |[39m     
     [90m 27 |[39m     
[90m// Configure physics 
body[39m
    [31m[1m>[22m[39m[90m 
28 |[39m     [36mif[39m ([
36mthis[39m[33m.[39mbody 
[36minstanceof[39m [33mPhas
er[39m[33m.[39m[33mPhysics
[39m[33m.[39m[33mArcade[3
9m[33m.[39m[33mBody[39m) {
     [90m    |[39m          
        [31m[1m^[22m[39m
     [90m 29 |[39m       [3
6mthis[39m[33m.[39mbody[33
m.[39msetCollideWorldBounds(
[36mtrue[39m)[33m;[39m
     [90m 30 |[39m       [3
6mthis[39m[33m.[39mbody[33
m.[39msetSize([35m32[39m[3
3m,[39m 
[35m32[39m)[33m;[39m 
[90m// Default collision 
box[39m
     [90m 31 |[39m       
[0m

      at new BaseEnemy (src/ga
me/entities/Enemy.ts:28:18)
      at new TestEnemy (src/ga
me/entities/__tests__/EnemyBeh
avior.test.ts:71:5)
      at Object.<anonymous> (s
rc/game/entities/__tests__/Ene
myBehavior.test.ts:83:15)

  ÔùÅ Enemy Behavior ÔÇ║ 
Ghost ÔÇ║ should have correct 
ghost specifications per 
requirement 4.1

    TypeError: Right-hand 
side of 'instanceof' is not 
an object

    [0m [90m 26 |[39m     
     [90m 27 |[39m     
[90m// Configure physics 
body[39m
    [31m[1m>[22m[39m[90m 
28 |[39m     [36mif[39m ([
36mthis[39m[33m.[39mbody 
[36minstanceof[39m [33mPhas
er[39m[33m.[39m[33mPhysics
[39m[33m.[39m[33mArcade[3
9m[33m.[39m[33mBody[39m) {
     [90m    |[39m          
        [31m[1m^[22m[39m
     [90m 29 |[39m       [3
6mthis[39m[33m.[39mbody[33
m.[39msetCollideWorldBounds(
[36mtrue[39m)[33m;[39m
     [90m 30 |[39m       [3
6mthis[39m[33m.[39mbody[33
m.[39msetSize([35m32[39m[3
3m,[39m 
[35m32[39m)[33m;[39m 
[90m// Default collision 
box[39m
     [90m 31 |[39m       
[0m

      at new BaseEnemy (src/ga
me/entities/Enemy.ts:28:18)
      at new Ghost (src/game/e
ntities/Ghost.ts:13:5)
      at Object.<anonymous> (s
rc/game/entities/__tests__/Ene
myBehavior.test.ts:150:15)

  ÔùÅ Enemy Behavior ÔÇ║ 
Ghost ÔÇ║ should configure 
physics for floating movement

    TypeError: Right-hand 
side of 'instanceof' is not 
an object

    [0m [90m 26 |[39m     
     [90m 27 |[39m     
[90m// Configure physics 
body[39m
    [31m[1m>[22m[39m[90m 
28 |[39m     [36mif[39m ([
36mthis[39m[33m.[39mbody 
[36minstanceof[39m [33mPhas
er[39m[33m.[39m[33mPhysics
[39m[33m.[39m[33mArcade[3
9m[33m.[39m[33mBody[39m) {
     [90m    |[39m          
        [31m[1m^[22m[39m
     [90m 29 |[39m       [3
6mthis[39m[33m.[39mbody[33
m.[39msetCollideWorldBounds(
[36mtrue[39m)[33m;[39m
     [90m 30 |[39m       [3
6mthis[39m[33m.[39mbody[33
m.[39msetSize([35m32[39m[3
3m,[39m 
[35m32[39m)[33m;[39m 
[90m// Default collision 
box[39m
     [90m 31 |[39m       
[0m

      at new BaseEnemy (src/ga
me/entities/Enemy.ts:28:18)
      at new Ghost (src/game/e
ntities/Ghost.ts:13:5)
      at Object.<anonymous> (s
rc/game/entities/__tests__/Ene
myBehavior.test.ts:150:15)

  ÔùÅ Enemy Behavior ÔÇ║ 
Ghost ÔÇ║ should move left 
with constant horizontal 
velocity

    TypeError: Right-hand 
side of 'instanceof' is not 
an object

    [0m [90m 26 |[39m     
     [90m 27 |[39m     
[90m// Configure physics 
body[39m
    [31m[1m>[22m[39m[90m 
28 |[39m     [36mif[39m ([
36mthis[39m[33m.[39mbody 
[36minstanceof[39m [33mPhas
er[39m[33m.[39m[33mPhysics
[39m[33m.[39m[33mArcade[3
9m[33m.[39m[33mBody[39m) {
     [90m    |[39m          
        [31m[1m^[22m[39m
     [90m 29 |[39m       [3
6mthis[39m[33m.[39mbody[33
m.[39msetCollideWorldBounds(
[36mtrue[39m)[33m;[39m
     [90m 30 |[39m       [3
6mthis[39m[33m.[39mbody[33
m.[39msetSize([35m32[39m[3
3m,[39m 
[35m32[39m)[33m;[39m 
[90m// Default collision 
box[39m
     [90m 31 |[39m       
[0m

      at new BaseEnemy (src/ga
me/entities/Enemy.ts:28:18)
      at new Ghost (src/game/e
ntities/Ghost.ts:13:5)
      at Object.<anonymous> (s
rc/game/entities/__tests__/Ene
myBehavior.test.ts:150:15)

  ÔùÅ Enemy Behavior ÔÇ║ 
Ghost ÔÇ║ should have 
floating motion with sine 
wave pattern

    TypeError: Right-hand 
side of 'instanceof' is not 
an object

    [0m [90m 26 |[39m     
     [90m 27 |[39m     
[90m// Configure physics 
body[39m
    [31m[1m>[22m[39m[90m 
28 |[39m     [36mif[39m ([
36mthis[39m[33m.[39mbody 
[36minstanceof[39m [33mPhas
er[39m[33m.[39m[33mPhysics
[39m[33m.[39m[33mArcade[3
9m[33m.[39m[33mBody[39m) {
     [90m    |[39m          
        [31m[1m^[22m[39m
     [90m 29 |[39m       [3
6mthis[39m[33m.[39mbody[33
m.[39msetCollideWorldBounds(
[36mtrue[39m)[33m;[39m
     [90m 30 |[39m       [3
6mthis[39m[33m.[39mbody[33
m.[39msetSize([35m32[39m[3
3m,[39m 
[35m32[39m)[33m;[39m 
[90m// Default collision 
box[39m
     [90m 31 |[39m       
[0m

      at new BaseEnemy (src/ga
me/entities/Enemy.ts:28:18)
      at new Ghost (src/game/e
ntities/Ghost.ts:13:5)
      at Object.<anonymous> (s
rc/game/entities/__tests__/Ene
myBehavior.test.ts:150:15)

  ÔùÅ Enemy Behavior ÔÇ║ 
Ghost ÔÇ║ should have 
transparency effect for 
ghostly appearance

    TypeError: Right-hand 
side of 'instanceof' is not 
an object

    [0m [90m 26 |[39m     
     [90m 27 |[39m     
[90m// Configure physics 
body[39m
    [31m[1m>[22m[39m[90m 
28 |[39m     [36mif[39m ([
36mthis[39m[33m.[39mbody 
[36minstanceof[39m [33mPhas
er[39m[33m.[39m[33mPhysics
[39m[33m.[39m[33mArcade[3
9m[33m.[39m[33mBody[39m) {
     [90m    |[39m          
        [31m[1m^[22m[39m
     [90m 29 |[39m       [3
6mthis[39m[33m.[39mbody[33
m.[39msetCollideWorldBounds(
[36mtrue[39m)[33m;[39m
     [90m 30 |[39m       [3
6mthis[39m[33m.[39mbody[33
m.[39msetSize([35m32[39m[3
3m,[39m 
[35m32[39m)[33m;[39m 
[90m// Default collision 
box[39m
     [90m 31 |[39m       
[0m

      at new BaseEnemy (src/ga
me/entities/Enemy.ts:28:18)
      at new Ghost (src/game/e
ntities/Ghost.ts:13:5)
      at Object.<anonymous> (s
rc/game/entities/__tests__/Ene
myBehavior.test.ts:150:15)

  ÔùÅ Enemy Behavior ÔÇ║ 
Ghost ÔÇ║ should remove 1 
life and disappear on 
collision per requirement 4.1

    TypeError: Right-hand 
side of 'instanceof' is not 
an object

    [0m [90m 26 |[39m     
     [90m 27 |[39m     
[90m// Configure physics 
body[39m
    [31m[1m>[22m[39m[90m 
28 |[39m     [36mif[39m ([
36mthis[39m[33m.[39mbody 
[36minstanceof[39m [33mPhas
er[39m[33m.[39m[33mPhysics
[39m[33m.[39m[33mArcade[3
9m[33m.[39m[33mBody[39m) {
     [90m    |[39m          
        [31m[1m^[22m[39m
     [90m 29 |[39m       [3
6mthis[39m[33m.[39mbody[33
m.[39msetCollideWorldBounds(
[36mtrue[39m)[33m;[39m
     [90m 30 |[39m       [3
6mthis[39m[33m.[39mbody[33
m.[39msetSize([35m32[39m[3
3m,[39m 
[35m32[39m)[33m;[39m 
[90m// Default collision 
box[39m
     [90m 31 |[39m       
[0m

      at new BaseEnemy (src/ga
me/entities/Enemy.ts:28:18)
      at new Ghost (src/game/e
ntities/Ghost.ts:13:5)
      at Object.<anonymous> (s
rc/game/entities/__tests__/Ene
myBehavior.test.ts:150:15)

  ÔùÅ Enemy Behavior ÔÇ║ 
Vampire ÔÇ║ should have 
correct vampire 
specifications per 
requirement 4.3

    TypeError: Right-hand 
side of 'instanceof' is not 
an object

    [0m [90m 26 |[39m     
     [90m 27 |[39m     
[90m// Configure physics 
body[39m
    [31m[1m>[22m[39m[90m 
28 |[39m     [36mif[39m ([
36mthis[39m[33m.[39mbody 
[36minstanceof[39m [33mPhas
er[39m[33m.[39m[33mPhysics
[39m[33m.[39m[33mArcade[3
9m[33m.[39m[33mBody[39m) {
     [90m    |[39m          
        [31m[1m^[22m[39m
     [90m 29 |[39m       [3
6mthis[39m[33m.[39mbody[33
m.[39msetCollideWorldBounds(
[36mtrue[39m)[33m;[39m
     [90m 30 |[39m       [3
6mthis[39m[33m.[39mbody[33
m.[39msetSize([35m32[39m[3
3m,[39m 
[35m32[39m)[33m;[39m 
[90m// Default collision 
box[39m
     [90m 31 |[39m       
[0m

      at new BaseEnemy (src/ga
me/entities/Enemy.ts:28:18)
      at new Vampire (src/game
/entities/Vampire.ts:11:5)
      at Object.<anonymous> (s
rc/game/entities/__tests__/Ene
myBehavior.test.ts:206:17)

  ÔùÅ Enemy Behavior ÔÇ║ 
Vampire ÔÇ║ should configure 
physics for ground movement

    TypeError: Right-hand 
side of 'instanceof' is not 
an object

    [0m [90m 26 |[39m     
     [90m 27 |[39m     
[90m// Configure physics 
body[39m
    [31m[1m>[22m[39m[90m 
28 |[39m     [36mif[39m ([
36mthis[39m[33m.[39mbody 
[36minstanceof[39m [33mPhas
er[39m[33m.[39m[33mPhysics
[39m[33m.[39m[33mArcade[3
9m[33m.[39m[33mBody[39m) {
     [90m    |[39m          
        [31m[1m^[22m[39m
     [90m 29 |[39m       [3
6mthis[39m[33m.[39mbody[33
m.[39msetCollideWorldBounds(
[36mtrue[39m)[33m;[39m
     [90m 30 |[39m       [3
6mthis[39m[33m.[39mbody[33
m.[39msetSize([35m32[39m[3
3m,[39m 
[35m32[39m)[33m;[39m 
[90m// Default collision 
box[39m
     [90m 31 |[39m       
[0m

      at new BaseEnemy (src/ga
me/entities/Enemy.ts:28:18)
      at new Vampire (src/game
/entities/Vampire.ts:11:5)
      at Object.<anonymous> (s
rc/game/entities/__tests__/Ene
myBehavior.test.ts:206:17)

  ÔùÅ Enemy Behavior ÔÇ║ 
Vampire ÔÇ║ should move left 
with constant horizontal 
velocity

    TypeError: Right-hand 
side of 'instanceof' is not 
an object

    [0m [90m 26 |[39m     
     [90m 27 |[39m     
[90m// Configure physics 
body[39m
    [31m[1m>[22m[39m[90m 
28 |[39m     [36mif[39m ([
36mthis[39m[33m.[39mbody 
[36minstanceof[39m [33mPhas
er[39m[33m.[39m[33mPhysics
[39m[33m.[39m[33mArcade[3
9m[33m.[39m[33mBody[39m) {
     [90m    |[39m          
        [31m[1m^[22m[39m
     [90m 29 |[39m       [3
6mthis[39m[33m.[39mbody[33
m.[39msetCollideWorldBounds(
[36mtrue[39m)[33m;[39m
     [90m 30 |[39m       [3
6mthis[39m[33m.[39mbody[33
m.[39msetSize([35m32[39m[3
3m,[39m 
[35m32[39m)[33m;[39m 
[90m// Default collision 
box[39m
     [90m 31 |[39m       
[0m

      at new BaseEnemy (src/ga
me/entities/Enemy.ts:28:18)
      at new Vampire (src/game
/entities/Vampire.ts:11:5)
      at Object.<anonymous> (s
rc/game/entities/__tests__/Ene
myBehavior.test.ts:206:17)

  ÔùÅ Enemy Behavior ÔÇ║ 
Vampire ÔÇ║ should face left 
when moving left

    TypeError: Right-hand 
side of 'instanceof' is not 
an object

    [0m [90m 26 |[39m     
     [90m 27 |[39m     
[90m// Configure physics 
body[39m
    [31m[1m>[22m[39m[90m 
28 |[39m     [36mif[39m ([
36mthis[39m[33m.[39mbody 
[36minstanceof[39m [33mPhas
er[39m[33m.[39m[33mPhysics
[39m[33m.[39m[33mArcade[3
9m[33m.[39m[33mBody[39m) {
     [90m    |[39m          
        [31m[1m^[22m[39m
     [90m 29 |[39m       [3
6mthis[39m[33m.[39mbody[33
m.[39msetCollideWorldBounds(
[36mtrue[39m)[33m;[39m
     [90m 30 |[39m       [3
6mthis[39m[33m.[39mbody[33
m.[39msetSize([35m32[39m[3
3m,[39m 
[35m32[39m)[33m;[39m 
[90m// Default collision 
box[39m
     [90m 31 |[39m       
[0m

      at new BaseEnemy (src/ga
me/entities/Enemy.ts:28:18)
      at new Vampire (src/game
/entities/Vampire.ts:11:5)
      at Object.<anonymous> (s
rc/game/entities/__tests__/Ene
myBehavior.test.ts:206:17)

  ÔùÅ Enemy Behavior ÔÇ║ 
Vampire ÔÇ║ should have 
walking animation with 
bobbing motion

    TypeError: Right-hand 
side of 'instanceof' is not 
an object

    [0m [90m 26 |[39m     
     [90m 27 |[39m     
[90m// Configure physics 
body[39m
    [31m[1m>[22m[39m[90m 
28 |[39m     [36mif[39m ([
36mthis[39m[33m.[39mbody 
[36minstanceof[39m [33mPhas
er[39m[33m.[39m[33mPhysics
[39m[33m.[39m[33mArcade[3
9m[33m.[39m[33mBody[39m) {
     [90m    |[39m          
        [31m[1m^[22m[39m
     [90m 29 |[39m       [3
6mthis[39m[33m.[39mbody[33
m.[39msetCollideWorldBounds(
[36mtrue[39m)[33m;[39m
     [90m 30 |[39m       [3
6mthis[39m[33m.[39mbody[33
m.[39msetSize([35m32[39m[3
3m,[39m 
[35m32[39m)[33m;[39m 
[90m// Default collision 
box[39m
     [90m 31 |[39m       
[0m

      at new BaseEnemy (src/ga
me/entities/Enemy.ts:28:18)
      at new Vampire (src/game
/entities/Vampire.ts:11:5)
      at Object.<anonymous> (s
rc/game/entities/__tests__/Ene
myBehavior.test.ts:206:17)

  ÔùÅ Enemy Behavior ÔÇ║ 
Vampire ÔÇ║ should apply 
walking bob only when on 
ground

    TypeError: Right-hand 
side of 'instanceof' is not 
an object

    [0m [90m 26 |[39m     
     [90m 27 |[39m     
[90m// Configure physics 
body[39m
    [31m[1m>[22m[39m[90m 
28 |[39m     [36mif[39m ([
36mthis[39m[33m.[39mbody 
[36minstanceof[39m [33mPhas
er[39m[33m.[39m[33mPhysics
[39m[33m.[39m[33mArcade[3
9m[33m.[39m[33mBody[39m) {
     [90m    |[39m          
        [31m[1m^[22m[39m
     [90m 29 |[39m       [3
6mthis[39m[33m.[39mbody[33
m.[39msetCollideWorldBounds(
[36mtrue[39m)[33m;[39m
     [90m 30 |[39m       [3
6mthis[39m[33m.[39mbody[33
m.[39msetSize([35m32[39m[3
3m,[39m 
[35m32[39m)[33m;[39m 
[90m// Default collision 
box[39m
     [90m 31 |[39m       
[0m

      at new BaseEnemy (src/ga
me/entities/Enemy.ts:28:18)
      at new Vampire (src/game
/entities/Vampire.ts:11:5)
      at Object.<anonymous> (s
rc/game/entities/__tests__/Ene
myBehavior.test.ts:206:17)

  ÔùÅ Enemy Behavior ÔÇ║ 
Vampire ÔÇ║ should remove 1 
life and disappear on 
collision per requirement 4.3

    TypeError: Right-hand 
side of 'instanceof' is not 
an object

    [0m [90m 26 |[39m     
     [90m 27 |[39m     
[90m// Configure physics 
body[39m
    [31m[1m>[22m[39m[90m 
28 |[39m     [36mif[39m ([
36mthis[39m[33m.[39mbody 
[36minstanceof[39m [33mPhas
er[39m[33m.[39m[33mPhysics
[39m[33m.[39m[33mArcade[3
9m[33m.[39m[33mBody[39m) {
     [90m    |[39m          
        [31m[1m^[22m[39m
     [90m 29 |[39m       [3
6mthis[39m[33m.[39mbody[33
m.[39msetCollideWorldBounds(
[36mtrue[39m)[33m;[39m
     [90m 30 |[39m       [3
6mthis[39m[33m.[39mbody[33
m.[39msetSize([35m32[39m[3
3m,[39m 
[35m32[39m)[33m;[39m 
[90m// Default collision 
box[39m
     [90m 31 |[39m       
[0m

      at new BaseEnemy (src/ga
me/entities/Enemy.ts:28:18)
      at new Vampire (src/game
/entities/Vampire.ts:11:5)
      at Object.<anonymous> (s
rc/game/entities/__tests__/Ene
myBehavior.test.ts:206:17)

  ÔùÅ Enemy Behavior ÔÇ║ 
Enemy Movement Patterns ÔÇ║ 
should have different 
movement speeds for different 
enemy types

    TypeError: Right-hand 
side of 'instanceof' is not 
an object

    [0m [90m 26 |[39m     
     [90m 27 |[39m     
[90m// Configure physics 
body[39m
    [31m[1m>[22m[39m[90m 
28 |[39m     [36mif[39m ([
36mthis[39m[33m.[39mbody 
[36minstanceof[39m [33mPhas
er[39m[33m.[39m[33mPhysics
[39m[33m.[39m[33mArcade[3
9m[33m.[39m[33mBody[39m) {
     [90m    |[39m          
        [31m[1m^[22m[39m
     [90m 29 |[39m       [3
6mthis[39m[33m.[39mbody[33
m.[39msetCollideWorldBounds(
[36mtrue[39m)[33m;[39m
     [90m 30 |[39m       [3
6mthis[39m[33m.[39mbody[33
m.[39msetSize([35m32[39m[3
3m,[39m 
[35m32[39m)[33m;[39m 
[90m// Default collision 
box[39m
     [90m 31 |[39m       
[0m

      at new BaseEnemy (src/ga
me/entities/Enemy.ts:28:18)
      at new Ghost (src/game/e
ntities/Ghost.ts:13:5)
      at Object.<anonymous> (s
rc/game/entities/__tests__/Ene
myBehavior.test.ts:263:21)

  ÔùÅ Enemy Behavior ÔÇ║ 
Enemy Movement Patterns ÔÇ║ 
should have different physics 
configurations for floating 
vs ground enemies

    TypeError: Right-hand 
side of 'instanceof' is not 
an object

    [0m [90m 26 |[39m     
     [90m 27 |[39m     
[90m// Configure physics 
body[39m
    [31m[1m>[22m[39m[90m 
28 |[39m     [36mif[39m ([
36mthis[39m[33m.[39mbody 
[36minstanceof[39m [33mPhas
er[39m[33m.[39m[33mPhysics
[39m[33m.[39m[33mArcade[3
9m[33m.[39m[33mBody[39m) {
     [90m    |[39m          
        [31m[1m^[22m[39m
     [90m 29 |[39m       [3
6mthis[39m[33m.[39mbody[33
m.[39msetCollideWorldBounds(
[36mtrue[39m)[33m;[39m
     [90m 30 |[39m       [3
6mthis[39m[33m.[39mbody[33
m.[39msetSize([35m32[39m[3
3m,[39m 
[35m32[39m)[33m;[39m 
[90m// Default collision 
box[39m
     [90m 31 |[39m       
[0m

      at new BaseEnemy (src/ga
me/entities/Enemy.ts:28:18)
      at new Ghost (src/game/e
ntities/Ghost.ts:13:5)
      at Object.<anonymous> (s
rc/game/entities/__tests__/Ene
myBehavior.test.ts:271:21)

  ÔùÅ Enemy Behavior ÔÇ║ 
Enemy Movement Patterns ÔÇ║ 
should have different 
collision box sizes for 
different enemy types

    TypeError: Right-hand 
side of 'instanceof' is not 
an object

    [0m [90m 26 |[39m     
     [90m 27 |[39m     
[90m// Configure physics 
body[39m
    [31m[1m>[22m[39m[90m 
28 |[39m     [36mif[39m ([
36mthis[39m[33m.[39mbody 
[36minstanceof[39m [33mPhas
er[39m[33m.[39m[33mPhysics
[39m[33m.[39m[33mArcade[3
9m[33m.[39m[33mBody[39m) {
     [90m    |[39m          
        [31m[1m^[22m[39m
     [90m 29 |[39m       [3
6mthis[39m[33m.[39mbody[33
m.[39msetCollideWorldBounds(
[36mtrue[39m)[33m;[39m
     [90m 30 |[39m       [3
6mthis[39m[33m.[39mbody[33
m.[39msetSize([35m32[39m[3
3m,[39m 
[35m32[39m)[33m;[39m 
[90m// Default collision 
box[39m
     [90m 31 |[39m       
[0m

      at new BaseEnemy (src/ga
me/entities/Enemy.ts:28:18)
      at new Ghost (src/game/e
ntities/Ghost.ts:13:5)
      at Object.<anonymous> (s
rc/game/entities/__tests__/Ene
myBehavior.test.ts:282:21)

  ÔùÅ Enemy Behavior ÔÇ║ 
Enemy Collision Behavior ÔÇ║ 
should all enemies remove 1 
life and disappear on contact 
per requirements 4.1-4.4

    TypeError: Right-hand 
side of 'instanceof' is not 
an object

    [0m [90m 26 |[39m     
     [90m 27 |[39m     
[90m// Configure physics 
body[39m
    [31m[1m>[22m[39m[90m 
28 |[39m     [36mif[39m ([
36mthis[39m[33m.[39mbody 
[36minstanceof[39m [33mPhas
er[39m[33m.[39m[33mPhysics
[39m[33m.[39m[33mArcade[3
9m[33m.[39m[33mBody[39m) {
     [90m    |[39m          
        [31m[1m^[22m[39m
     [90m 29 |[39m       [3
6mthis[39m[33m.[39mbody[33
m.[39msetCollideWorldBounds(
[36mtrue[39m)[33m;[39m
     [90m 30 |[39m       [3
6mthis[39m[33m.[39mbody[33
m.[39msetSize([35m32[39m[3
3m,[39m 
[35m32[39m)[33m;[39m 
[90m// Default collision 
box[39m
     [90m 31 |[39m       
[0m

      at new BaseEnemy (src/ga
me/entities/Enemy.ts:28:18)
      at new Ghost (src/game/e
ntities/Ghost.ts:13:5)
      at Object.<anonymous> (s
rc/game/entities/__tests__/Ene
myBehavior.test.ts:295:21)

  ÔùÅ Enemy Behavior ÔÇ║ 
Enemy Collision Behavior ÔÇ║ 
should not process collision 
when already dead

    TypeError: Right-hand 
side of 'instanceof' is not 
an object

    [0m [90m 26 |[39m     
     [90m 27 |[39m     
[90m// Configure physics 
body[39m
    [31m[1m>[22m[39m[90m 
28 |[39m     [36mif[39m ([
36mthis[39m[33m.[39mbody 
[36minstanceof[39m [33mPhas
er[39m[33m.[39m[33mPhysics
[39m[33m.[39m[33mArcade[3
9m[33m.[39m[33mBody[39m) {
     [90m    |[39m          
        [31m[1m^[22m[39m
     [90m 29 |[39m       [3
6mthis[39m[33m.[39mbody[33
m.[39msetCollideWorldBounds(
[36mtrue[39m)[33m;[39m
     [90m 30 |[39m       [3
6mthis[39m[33m.[39mbody[33
m.[39msetSize([35m32[39m[3
3m,[39m 
[35m32[39m)[33m;[39m 
[90m// Default collision 
box[39m
     [90m 31 |[39m       
[0m

      at new BaseEnemy (src/ga
me/entities/Enemy.ts:28:18)
      at new Ghost (src/game/e
ntities/Ghost.ts:13:5)
      at Object.<anonymous> (s
rc/game/entities/__tests__/Ene
myBehavior.test.ts:309:21)

FAIL src/game/scenes/__tests__
/GameScene.collision.test.ts
  ÔùÅ Test suite failed to run

    TypeError: Cannot set 
properties of null (setting 
'fillStyle')

    
[0m[31m[1m>[22m[39m[90m 
1 |[39m [36mimport[39m 
[33m*[39m [36mas[39m 
[33mPhaser[39m 
[36mfrom[39m 
[32m'phaser'[39m[33m;[39m
     [90m   |[39m 
[31m[1m^[22m[39m
     [90m 2 |[39m 
[36mimport[39m { 
[33mPlayer[39m } 
[36mfrom[39m [32m'../entiti
es/Player'[39m[33m;[39m
     [90m 3 |[39m 
[36mimport[39m { 
[33mDifficultyConfig[39m } 
[36mfrom[39m [32m'../../typ
es'[39m[33m;[39m
     [90m 4 |[39m 
[36mimport[39m { [33mEnemyF
actory[39m[33m,[39m 
[33mEnemyType[39m } 
[36mfrom[39m [32m'../entiti
es/EnemyFactory'[39m[33m;[3
9m[0m

      at checkInverseAlpha (no
de_modules/phaser/src/device/C
anvasFeatures.js:74:23)
      at init (node_modules/ph
aser/src/device/CanvasFeatures
.js:106:46)
      at Object.<anonymous> (n
ode_modules/phaser/src/device/
CanvasFeatures.js:112:18)
      at Object.<anonymous> (n
ode_modules/phaser/src/device/
index.js:39:21)
      at Object.<anonymous> (n
ode_modules/phaser/src/utils/a
rray/StableSort.js:8:14)
      at Object.<anonymous> (n
ode_modules/phaser/src/utils/a
rray/index.js:48:17)
      at Object.<anonymous> (n
ode_modules/phaser/src/gameobj
ects/components/Depth.js:15:18
)
      at Object.<anonymous> (n
ode_modules/phaser/src/gameobj
ects/components/index.js:18:12
)
      at Object.<anonymous> (n
ode_modules/phaser/src/gameobj
ects/zone/Zone.js:11:18)
      at Object.<anonymous> (n
ode_modules/phaser/src/actions
/GridAlign.js:11:12)
      at Object.<anonymous> (n
ode_modules/phaser/src/actions
/index.js:18:16)
      at Object.<anonymous> (n
ode_modules/phaser/src/phaser.
js:18:14)
      at Object.<anonymous> (s
rc/game/scenes/GameScene.ts:1:
1)
      at Object.<anonymous> (s
rc/game/scenes/__tests__/GameS
cene.collision.test.ts:1:1)

FAIL src/components/game/__tes
ts__/GameHUD.test.tsx
  ÔùÅ GameHUD ÔÇ║ displays 
player name, lives, and score 
correctly

    
TestingLibraryElementError: 
Unable to find an element 
with the text: Jo├úo Silva. 
This could be because the 
text is broken up by multiple 
elements. In this case, you 
can provide a function for 
your text matcher to make 
your matcher more flexible.

    Ignored nodes: comments, 
script, style
    [36m<body>[39m
      [36m<div />[39m
    [36m</body>[39m

    [0m [90m 37 |[39m
     [90m 38 |[39m     
[90m// Check if player name 
is displayed[39m
    [31m[1m>[22m[39m[90m 
39 |[39m     expect(screen[3
3m.[39mgetByText([32m'Jo├úo 
Silva'[39m))[33m.[39mtoBeIn
TheDocument()[33m;[39m
     [90m    |[39m          
         [31m[1m^[22m[39m
     [90m 40 |[39m     
     [90m 41 |[39m     
[90m// Check if lives are 
displayed[39m
     [90m 42 |[39m     expec
t(screen[33m.[39mgetByText(
[32m'Lives'[39m))[33m.[39mt
oBeInTheDocument()[33m;[39m
[0m

      at 
Object.getElementError (node_m
odules/@testing-library/dom/di
st/config.js:37:19)
      at node_modules/@testing
-library/dom/dist/query-helper
s.js:76:38
      at node_modules/@testing
-library/dom/dist/query-helper
s.js:52:17
      at node_modules/@testing
-library/dom/dist/query-helper
s.js:95:19
      at Object.<anonymous> (s
rc/components/game/__tests__/G
ameHUD.test.tsx:39:19)

  ÔùÅ GameHUD ÔÇ║ displays 
"Player" as fallback when no 
name is provided

    
TestingLibraryElementError: 
Unable to find an element 
with the text: Player. This 
could be because the text is 
broken up by multiple 
elements. In this case, you 
can provide a function for 
your text matcher to make 
your matcher more flexible.

    Ignored nodes: comments, 
script, style
    [36m<body>[39m
      [36m<div />[39m
    [36m</body>[39m

    [0m [90m 72 |[39m
     [90m 73 |[39m     
[90m// Check if fallback 
name is displayed (look for 
the specific player name 
element)[39m
    [31m[1m>[22m[39m[90m 
74 |[39m     expect(screen[3
3m.[39mgetAllByText([32m'Pla
yer'[39m))[33m.[39mtoHaveLe
ngth([35m2[39m)[33m;[39m 
[90m// Label and name[39m
     [90m    |[39m          
         [31m[1m^[22m[39m
     [90m 75 |[39m   
})[33m;[39m
     [90m 76 |[39m
     [90m 77 |[39m   
it([32m'displays large 
scores 
correctly'[39m[33m,[39m () 
[33m=>[39m {[0m

      at 
Object.getElementError (node_m
odules/@testing-library/dom/di
st/config.js:37:19)
      at node_modules/@testing
-library/dom/dist/query-helper
s.js:76:38
      at node_modules/@testing
-library/dom/dist/query-helper
s.js:109:15
      at Object.<anonymous> (s
rc/components/game/__tests__/G
ameHUD.test.tsx:74:19)

  ÔùÅ GameHUD ÔÇ║ displays 
large scores correctly

    
TestingLibraryElementError: 
Unable to find an element 
with the text: /123[\s,]456/. 
This could be because the 
text is broken up by multiple 
elements. In this case, you 
can provide a function for 
your text matcher to make 
your matcher more flexible.

    Ignored nodes: comments, 
script, style
    [36m<body>[39m
      [36m<div />[39m
    [36m</body>[39m

    [0m [90m  99 |[39m
     [90m 100 |[39m     
[90m// Check if score is 
displayed (use regex to match 
formatted number)[39m
    [31m[1m>[22m[39m[90m 
101 |[39m     expect(screen[
33m.[39mgetByText([35m/123[\
s,]456/[39m))[33m.[39mtoBeI
nTheDocument()[33m;[39m
     [90m     |[39m         
          [31m[1m^[22m[39m
     [90m 102 |[39m   
})[33m;[39m
     [90m 103 |[39m
     [90m 104 |[39m   
it([32m'has correct CSS 
classes for responsive 
design'[39m[33m,[39m () 
[33m=>[39m {[0m

      at 
Object.getElementError (node_m
odules/@testing-library/dom/di
st/config.js:37:19)
      at node_modules/@testing
-library/dom/dist/query-helper
s.js:76:38
      at node_modules/@testing
-library/dom/dist/query-helper
s.js:52:17
      at node_modules/@testing
-library/dom/dist/query-helper
s.js:95:19
      at Object.<anonymous> (s
rc/components/game/__tests__/G
ameHUD.test.tsx:101:19)

  ÔùÅ GameHUD ÔÇ║ has correct 
CSS classes for responsive 
design

    
expect(received).toHaveClass()

    received value must be an 
HTMLElement or an SVGElement.
    Received has value: null

    [0m [90m 126 |[39m     
[90m// Check if the main 
container has the correct 
positioning classes[39m
     [90m 127 |[39m     
[36mconst[39m hudContainer 
[33m=[39m container[33m.[3
9mfirstChild [36mas[39m [33
mHTMLElement[39m[33m;[39m
    [31m[1m>[22m[39m[90m 
128 |[39m     expect(hudConta
iner)[33m.[39mtoHaveClass([
32m'absolute'[39m[33m,[39m 
[32m'top-0'[39m[33m,[39m 
[32m'left-0'[39m[33m,[39m 
[32m'right-0'[39m[33m,[39m
 [32m'z-20'[39m[33m,[39m 
[32m'pointer-events-none'[39m
)[33m;[39m
     [90m     |[39m         
                 
[31m[1m^[22m[39m
     [90m 129 |[39m   
})[33m;[39m
     [90m 130 |[39m 
})[33m;[39m[0m

      at 
__EXTERNAL_MATCHER_TRAP__ (nod
e_modules/expect/build/index.j
s:2240:22)
      at 
Object.throwingMatcher [as 
toHaveClass] (node_modules/exp
ect/build/index.js:2241:6)
      at Object.<anonymous> (s
rc/components/game/__tests__/G
ameHUD.test.tsx:128:26)

FAIL src/components/game/__tes
ts__/TouchControlsEnhanced.tes
t.tsx
  ÔùÅ TouchControls Enhanced 
Features ÔÇ║ should render 
with enhanced visual feedback

    
TestingLibraryElementError: 
Unable to find a label with 
the text of: Move Left

    Ignored nodes: comments, 
script, style
    [36m<body>[39m
      [36m<div>[39m
        [36m<div[39m
          
[33mclass[39m=[32m"fixed 
inset-0 pointer-events-none 
z-20 "[39m
        [36m>[39m
          [36m<div[39m
            [33mclass[39m=[
32m"absolute left-[8px] 
bottom-[32px] flex flex-col 
space-x-4 space-y-4 
pointer-events-auto"[39m
            [33mdata-touch-co
ntrol[39m=[32m"movement"[39
m
          [36m>[39m
            [36m<div[39m
              
[33mclass[39m=[32m"flex 
space-x-4 space-y-4"[39m
            [36m>[39m
              
[36m<button[39m
                [33maria-labe
l[39m=[32m"Mover para a 
esquerda"[39m
                
[33mclass[39m=[32m"w-18 
h-18 bg-black/50 
backdrop-blur-sm border-2 
border-white/30 rounded-xl 
flex items-center 
justify-center text-white 
text-2xl font-bold 
hover:bg-black/70 
active:bg-black/80 
transition-all duration-150 
select-none scale-100 
opacity-90 shadow-lg "[39m
                [33mdata-touc
h-control[39m=[32m"true"[39
m
                [33mtabindex
[39m=[32m"0"[39m
              [36m>[39m
                [0mÔåÉ[0m
              
[36m</button>[39m
              
[36m<button[39m
                [33maria-labe
l[39m=[32m"Mover para a 
direita"[39m
                
[33mclass[39m=[32m"w-18 
h-18 bg-black/50 
backdrop-blur-sm border-2 
border-white/30 rounded-xl 
flex items-center 
justify-center text-white 
text-2xl font-bold 
hover:bg-black/70 
active:bg-black/80 
transition-all duration-150 
select-none scale-100 
opacity-90 shadow-lg "[39m
                [33mdata-touc
h-control[39m=[32m"true"[39
m
                [33mtabindex
[39m=[32m"0"[39m
              [36m>[39m
                [0mÔåÆ[0m
              
[36m</button>[39m
            [36m</div>[39m
          [36m</div>[39m
          [36m<div[39m
            [33mclass[39m=[
32m"absolute right-[8px] 
bottom-[32px] flex flex-col 
space-x-4 space-y-4 
pointer-events-auto"[39m
            [33mdata-touch-co
ntrol[39m=[32m"actions"[39m
          [36m>[39m
            [36m<div[39m
              
[33mclass[39m=[32m"flex 
justify-center"[39m
            [36m>[39m
              
[36m<button[39m
                [33maria-labe
l[39m=[32m"Saltar"[39m
                
[33mclass[39m=[32m"w-18 
h-18 bg-black/50 
backdrop-blur-sm border-2 
border-white/30 rounded-xl 
flex items-center 
justify-center text-white 
text-base font-bold 
hover:bg-black/70 
active:bg-black/80 
transition-all duration-150 
select-none scale-100 
opacity-90 shadow-lg "[39m
                [33mdata-touc
h-control[39m=[32m"true"[39
m
                [33mtabindex
[39m=[32m"0"[39m
              [36m>[39m
                [0mÔåæ[0m
                [36m<br 
/>[39m
                [0mSALTAR[0m
              
[36m</button>[39m
            [36m</div>[39m
            [36m<div[39m
              
[33mclass[39m=[32m"flex 
space-x-4 space-y-4"[39m
            [36m>[39m
              
[36m<button[39m
                [33maria-labe
l[39m=[32m"Agachar"[39m
                
[33mclass[39m=[32m"w-18 
h-18 bg-black/50 
backdrop-blur-sm border-2 
border-white/30 rounded-xl 
flex items-center 
justify-center text-white 
text-base font-bold 
hover:bg-black/70 
active:bg-black/80 
transition-all duration-150 
select-none scale-100 
opacity-90 shadow-lg "[39m
                [33mdata-touc
h-control[39m=[32m"true"[39
m
                [33mtabindex
[39m=[32m"0"[39m
              [36m>[39m
                [0mÔåô[0m
                [36m<br 
/>[39m
                
[0mAGACHAR[0m
              
[36m</button>[39m
              
[36m<button[39m
                [33maria-labe
l[39m=[32m"Atacar"[39m
                
[33mclass[39m=[32m"w-18 
h-18 bg-red-600/70 
backdrop-blur-sm border-2 
border-red-400/50 rounded-xl 
flex items-center 
justify-center text-white 
text-base font-bold 
hover:bg-red-600/90 
active:bg-red-700/90 
transition-all duration-150 
select-none scale-100 
opacity-90 shadow-lg "[39m
                [33mdata-touc
h-control[39m=[32m"true"[39
m
                [33mtabindex
[39m=[32m"0"[39m
              [36m>[39m
                [0mÔÜö[0m
                [36m<br 
/>[39m
                [0mATACAR[0m
              
[36m</button>[39m
            [36m</div>[39m
          [36m</div>[39m
          [36m<div[39m
            [33mclass[39m=[
32m"absolute top-4 left-1/2 
transform -translate-x-1/2 
pointer-events-none"[39m
          [36m>[39m
            [36m<div[39m
              [33mclass[39m=
[32m"bg-black/60 
backdrop-blur-sm rounded-lg 
px-3 py-2 text-white text-xs 
text-center 
animate-fade-in-out"[39m
            [36m>[39m
              [36m<p>[39m
                [0mSwipe 
gestures: ÔåÉ ÔåÆ Ôåæ Ôåô[0m
              [36m</p>[39m
              [36m<p[39m
                [33mclass[39
m=[32m"text-gray-300"[39m
              [36m>[39m
                [0mOr use 
touch controls[0m
              [36m</p>[39m
            [36m</div>[39m
          [36m</div>[39m
        [36m</div>[39m
      [36m</div>[39m
    [36m</body>[39m

    [0m [90m 62 |[39m     
     [90m 63 |[39m     
[90m// Check that buttons 
have the enhanced styling[39m
    [31m[1m>[22m[39m[90m 
64 |[39m     [36mconst[39m 
moveLeftButton [33m=[39m scr
een[33m.[39mgetByLabelText(
[32m'Move 
Left'[39m)[33m;[39m
     [90m    |[39m          
                         
[31m[1m^[22m[39m
     [90m 65 |[39m     expec
t(moveLeftButton)[33m.[39mto
HaveAttribute([32m'data-touch
-control'[39m)[33m;[39m
     [90m 66 |[39m     expec
t(moveLeftButton[33m.[39mcla
ssName)[33m.[39mtoContain([
32m'transition-all'[39m)[33m
;[39m
     [90m 67 |[39m     expec
t(moveLeftButton[33m.[39mcla
ssName)[33m.[39mtoContain([
32m'duration-150'[39m)[33m;
[39m[0m

      at 
Object.getElementError (node_m
odules/@testing-library/dom/di
st/config.js:37:19)
      at getAllByLabelText (no
de_modules/@testing-library/do
m/dist/queries/label-text.js:1
11:38)
      at node_modules/@testing
-library/dom/dist/query-helper
s.js:52:17
      at node_modules/@testing
-library/dom/dist/query-helper
s.js:95:19
      at Object.<anonymous> (s
rc/components/game/__tests__/T
ouchControlsEnhanced.test.tsx:
64:35)

  ÔùÅ TouchControls Enhanced 
Features ÔÇ║ should handle 
touch events with visual 
feedback

    
TestingLibraryElementError: 
Unable to find a label with 
the text of: Move Left

    Ignored nodes: comments, 
script, style
    [36m<body>[39m
      [36m<div>[39m
        [36m<div[39m
          
[33mclass[39m=[32m"fixed 
inset-0 pointer-events-none 
z-20 "[39m
        [36m>[39m
          [36m<div[39m
            [33mclass[39m=[
32m"absolute left-[8px] 
bottom-[32px] flex flex-col 
space-x-4 space-y-4 
pointer-events-auto"[39m
            [33mdata-touch-co
ntrol[39m=[32m"movement"[39
m
          [36m>[39m
            [36m<div[39m
              
[33mclass[39m=[32m"flex 
space-x-4 space-y-4"[39m
            [36m>[39m
              
[36m<button[39m
                [33maria-labe
l[39m=[32m"Mover para a 
esquerda"[39m
                
[33mclass[39m=[32m"w-18 
h-18 bg-black/50 
backdrop-blur-sm border-2 
border-white/30 rounded-xl 
flex items-center 
justify-center text-white 
text-2xl font-bold 
hover:bg-black/70 
active:bg-black/80 
transition-all duration-150 
select-none scale-100 
opacity-90 shadow-lg "[39m
                [33mdata-touc
h-control[39m=[32m"true"[39
m
                [33mtabindex
[39m=[32m"0"[39m
              [36m>[39m
                [0mÔåÉ[0m
              
[36m</button>[39m
              
[36m<button[39m
                [33maria-labe
l[39m=[32m"Mover para a 
direita"[39m
                
[33mclass[39m=[32m"w-18 
h-18 bg-black/50 
backdrop-blur-sm border-2 
border-white/30 rounded-xl 
flex items-center 
justify-center text-white 
text-2xl font-bold 
hover:bg-black/70 
active:bg-black/80 
transition-all duration-150 
select-none scale-100 
opacity-90 shadow-lg "[39m
                [33mdata-touc
h-control[39m=[32m"true"[39
m
                [33mtabindex
[39m=[32m"0"[39m
              [36m>[39m
                [0mÔåÆ[0m
              
[36m</button>[39m
            [36m</div>[39m
          [36m</div>[39m
          [36m<div[39m
            [33mclass[39m=[
32m"absolute right-[8px] 
bottom-[32px] flex flex-col 
space-x-4 space-y-4 
pointer-events-auto"[39m
            [33mdata-touch-co
ntrol[39m=[32m"actions"[39m
          [36m>[39m
            [36m<div[39m
              
[33mclass[39m=[32m"flex 
justify-center"[39m
            [36m>[39m
              
[36m<button[39m
                [33maria-labe
l[39m=[32m"Saltar"[39m
                
[33mclass[39m=[32m"w-18 
h-18 bg-black/50 
backdrop-blur-sm border-2 
border-white/30 rounded-xl 
flex items-center 
justify-center text-white 
text-base font-bold 
hover:bg-black/70 
active:bg-black/80 
transition-all duration-150 
select-none scale-100 
opacity-90 shadow-lg "[39m
                [33mdata-touc
h-control[39m=[32m"true"[39
m
                [33mtabindex
[39m=[32m"0"[39m
              [36m>[39m
                [0mÔåæ[0m
                [36m<br 
/>[39m
                [0mSALTAR[0m
              
[36m</button>[39m
            [36m</div>[39m
            [36m<div[39m
              
[33mclass[39m=[32m"flex 
space-x-4 space-y-4"[39m
            [36m>[39m
              
[36m<button[39m
                [33maria-labe
l[39m=[32m"Agachar"[39m
                
[33mclass[39m=[32m"w-18 
h-18 bg-black/50 
backdrop-blur-sm border-2 
border-white/30 rounded-xl 
flex items-center 
justify-center text-white 
text-base font-bold 
hover:bg-black/70 
active:bg-black/80 
transition-all duration-150 
select-none scale-100 
opacity-90 shadow-lg "[39m
                [33mdata-touc
h-control[39m=[32m"true"[39
m
                [33mtabindex
[39m=[32m"0"[39m
              [36m>[39m
                [0mÔåô[0m
                [36m<br 
/>[39m
                
[0mAGACHAR[0m
              
[36m</button>[39m
              
[36m<button[39m
                [33maria-labe
l[39m=[32m"Atacar"[39m
                
[33mclass[39m=[32m"w-18 
h-18 bg-red-600/70 
backdrop-blur-sm border-2 
border-red-400/50 rounded-xl 
flex items-center 
justify-center text-white 
text-base font-bold 
hover:bg-red-600/90 
active:bg-red-700/90 
transition-all duration-150 
select-none scale-100 
opacity-90 shadow-lg "[39m
                [33mdata-touc
h-control[39m=[32m"true"[39
m
                [33mtabindex
[39m=[32m"0"[39m
              [36m>[39m
                [0mÔÜö[0m
                [36m<br 
/>[39m
                [0mATACAR[0m
              
[36m</button>[39m
            [36m</div>[39m
          [36m</div>[39m
          [36m<div[39m
            [33mclass[39m=[
32m"absolute top-4 left-1/2 
transform -translate-x-1/2 
pointer-events-none"[39m
          [36m>[39m
            [36m<div[39m
              [33mclass[39m=
[32m"bg-black/60 
backdrop-blur-sm rounded-lg 
px-3 py-2 text-white text-xs 
text-center 
animate-fade-in-out"[39m
            [36m>[39m
              [36m<p>[39m
                [0mSwipe 
gestures: ÔåÉ ÔåÆ Ôåæ Ôåô[0m
              [36m</p>[39m
              [36m<p[39m
                [33mclass[39
m=[32m"text-gray-300"[39m
              [36m>[39m
                [0mOr use 
touch controls[0m
              [36m</p>[39m
            [36m</div>[39m
          [36m</div>[39m
        [36m</div>[39m
      [36m</div>[39m
    [36m</body>[39m

    [0m [90m 79 |[39m     r
ender([33m<[39m[33mTouchCon
trols[39m 
{[33m...[39mmockHandlers} [
33m/[39m[33m>[39m)[33m;[3
9m
     [90m 80 |[39m     
    [31m[1m>[22m[39m[90m 
81 |[39m     [36mconst[39m 
moveLeftButton [33m=[39m scr
een[33m.[39mgetByLabelText(
[32m'Move 
Left'[39m)[33m;[39m
     [90m    |[39m          
                         
[31m[1m^[22m[39m
     [90m 82 |[39m     
     [90m 83 |[39m     
[90m// Test touch start - 
should trigger visual 
feedback[39m
     [90m 84 |[39m     fireE
vent[33m.[39mtouchStart(move
LeftButton)[33m;[39m[0m

      at 
Object.getElementError (node_m
odules/@testing-library/dom/di
st/config.js:37:19)
      at getAllByLabelText (no
de_modules/@testing-library/do
m/dist/queries/label-text.js:1
11:38)
      at node_modules/@testing
-library/dom/dist/query-helper
s.js:52:17
      at node_modules/@testing
-library/dom/dist/query-helper
s.js:95:19
      at Object.<anonymous> (s
rc/components/game/__tests__/T
ouchControlsEnhanced.test.tsx:
81:35)

  ÔùÅ TouchControls Enhanced 
Features ÔÇ║ should prevent 
event propagation on touch 
events

    
TestingLibraryElementError: 
Unable to find a label with 
the text of: Move Left

    Ignored nodes: comments, 
script, style
    [36m<body>[39m
      [36m<div>[39m
        [36m<div[39m
          
[33mclass[39m=[32m"fixed 
inset-0 pointer-events-none 
z-20 "[39m
        [36m>[39m
          [36m<div[39m
            [33mclass[39m=[
32m"absolute left-[8px] 
bottom-[32px] flex flex-col 
space-x-4 space-y-4 
pointer-events-auto"[39m
            [33mdata-touch-co
ntrol[39m=[32m"movement"[39
m
          [36m>[39m
            [36m<div[39m
              
[33mclass[39m=[32m"flex 
space-x-4 space-y-4"[39m
            [36m>[39m
              
[36m<button[39m
                [33maria-labe
l[39m=[32m"Mover para a 
esquerda"[39m
                
[33mclass[39m=[32m"w-18 
h-18 bg-black/50 
backdrop-blur-sm border-2 
border-white/30 rounded-xl 
flex items-center 
justify-center text-white 
text-2xl font-bold 
hover:bg-black/70 
active:bg-black/80 
transition-all duration-150 
select-none scale-100 
opacity-90 shadow-lg "[39m
                [33mdata-touc
h-control[39m=[32m"true"[39
m
                [33mtabindex
[39m=[32m"0"[39m
              [36m>[39m
                [0mÔåÉ[0m
              
[36m</button>[39m
              
[36m<button[39m
                [33maria-labe
l[39m=[32m"Mover para a 
direita"[39m
                
[33mclass[39m=[32m"w-18 
h-18 bg-black/50 
backdrop-blur-sm border-2 
border-white/30 rounded-xl 
flex items-center 
justify-center text-white 
text-2xl font-bold 
hover:bg-black/70 
active:bg-black/80 
transition-all duration-150 
select-none scale-100 
opacity-90 shadow-lg "[39m
                [33mdata-touc
h-control[39m=[32m"true"[39
m
                [33mtabindex
[39m=[32m"0"[39m
              [36m>[39m
                [0mÔåÆ[0m
              
[36m</button>[39m
            [36m</div>[39m
          [36m</div>[39m
          [36m<div[39m
            [33mclass[39m=[
32m"absolute right-[8px] 
bottom-[32px] flex flex-col 
space-x-4 space-y-4 
pointer-events-auto"[39m
            [33mdata-touch-co
ntrol[39m=[32m"actions"[39m
          [36m>[39m
            [36m<div[39m
              
[33mclass[39m=[32m"flex 
justify-center"[39m
            [36m>[39m
              
[36m<button[39m
                [33maria-labe
l[39m=[32m"Saltar"[39m
                
[33mclass[39m=[32m"w-18 
h-18 bg-black/50 
backdrop-blur-sm border-2 
border-white/30 rounded-xl 
flex items-center 
justify-center text-white 
text-base font-bold 
hover:bg-black/70 
active:bg-black/80 
transition-all duration-150 
select-none scale-100 
opacity-90 shadow-lg "[39m
                [33mdata-touc
h-control[39m=[32m"true"[39
m
                [33mtabindex
[39m=[32m"0"[39m
              [36m>[39m
                [0mÔåæ[0m
                [36m<br 
/>[39m
                [0mSALTAR[0m
              
[36m</button>[39m
            [36m</div>[39m
            [36m<div[39m
              
[33mclass[39m=[32m"flex 
space-x-4 space-y-4"[39m
            [36m>[39m
              
[36m<button[39m
                [33maria-labe
l[39m=[32m"Agachar"[39m
                
[33mclass[39m=[32m"w-18 
h-18 bg-black/50 
backdrop-blur-sm border-2 
border-white/30 rounded-xl 
flex items-center 
justify-center text-white 
text-base font-bold 
hover:bg-black/70 
active:bg-black/80 
transition-all duration-150 
select-none scale-100 
opacity-90 shadow-lg "[39m
                [33mdata-touc
h-control[39m=[32m"true"[39
m
                [33mtabindex
[39m=[32m"0"[39m
              [36m>[39m
                [0mÔåô[0m
                [36m<br 
/>[39m
                
[0mAGACHAR[0m
              
[36m</button>[39m
              
[36m<button[39m
                [33maria-labe
l[39m=[32m"Atacar"[39m
                
[33mclass[39m=[32m"w-18 
h-18 bg-red-600/70 
backdrop-blur-sm border-2 
border-red-400/50 rounded-xl 
flex items-center 
justify-center text-white 
text-base font-bold 
hover:bg-red-600/90 
active:bg-red-700/90 
transition-all duration-150 
select-none scale-100 
opacity-90 shadow-lg "[39m
                [33mdata-touc
h-control[39m=[32m"true"[39
m
                [33mtabindex
[39m=[32m"0"[39m
              [36m>[39m
                [0mÔÜö[0m
                [36m<br 
/>[39m
                [0mATACAR[0m
              
[36m</button>[39m
            [36m</div>[39m
          [36m</div>[39m
          [36m<div[39m
            [33mclass[39m=[
32m"absolute top-4 left-1/2 
transform -translate-x-1/2 
pointer-events-none"[39m
          [36m>[39m
            [36m<div[39m
              [33mclass[39m=
[32m"bg-black/60 
backdrop-blur-sm rounded-lg 
px-3 py-2 text-white text-xs 
text-center 
animate-fade-in-out"[39m
            [36m>[39m
              [36m<p>[39m
                [0mSwipe 
gestures: ÔåÉ ÔåÆ Ôåæ Ôåô[0m
              [36m</p>[39m
              [36m<p[39m
                [33mclass[39
m=[32m"text-gray-300"[39m
              [36m>[39m
                [0mOr use 
touch controls[0m
              [36m</p>[39m
            [36m</div>[39m
          [36m</div>[39m
        [36m</div>[39m
      [36m</div>[39m
    [36m</body>[39m

    [0m [90m 93 |[39m     r
ender([33m<[39m[33mTouchCon
trols[39m 
{[33m...[39mmockHandlers} [
33m/[39m[33m>[39m)[33m;[3
9m
     [90m 94 |[39m     
    [31m[1m>[22m[39m[90m 
95 |[39m     [36mconst[39m 
moveLeftButton [33m=[39m scr
een[33m.[39mgetByLabelText(
[32m'Move 
Left'[39m)[33m;[39m
     [90m    |[39m          
                         
[31m[1m^[22m[39m
     [90m 96 |[39m     
     [90m 97 |[39m     
[36mconst[39m 
touchStartEvent [33m=[39m 
[36mnew[39m [33mTouchEvent
[39m([32m'touchstart'[39m[3
3m,[39m {
     [90m 98 |[39m       
bubbles[33m:[39m 
[36mtrue[39m[33m,[39m[0m

      at 
Object.getElementError (node_m
odules/@testing-library/dom/di
st/config.js:37:19)
      at getAllByLabelText (no
de_modules/@testing-library/do
m/dist/queries/label-text.js:1
11:38)
      at node_modules/@testing
-library/dom/dist/query-helper
s.js:52:17
      at node_modules/@testing
-library/dom/dist/query-helper
s.js:95:19
      at Object.<anonymous> (s
rc/components/game/__tests__/T
ouchControlsEnhanced.test.tsx:
95:35)

  ÔùÅ TouchControls Enhanced 
Features ÔÇ║ should handle 
different button types with 
appropriate styling

    
TestingLibraryElementError: 
Unable to find a label with 
the text of: Move Left

    Ignored nodes: comments, 
script, style
    [36m<body>[39m
      [36m<div>[39m
        [36m<div[39m
          
[33mclass[39m=[32m"fixed 
inset-0 pointer-events-none 
z-20 "[39m
        [36m>[39m
          [36m<div[39m
            [33mclass[39m=[
32m"absolute left-[8px] 
bottom-[32px] flex flex-col 
space-x-4 space-y-4 
pointer-events-auto"[39m
            [33mdata-touch-co
ntrol[39m=[32m"movement"[39
m
          [36m>[39m
            [36m<div[39m
              
[33mclass[39m=[32m"flex 
space-x-4 space-y-4"[39m
            [36m>[39m
              
[36m<button[39m
                [33maria-labe
l[39m=[32m"Mover para a 
esquerda"[39m
                
[33mclass[39m=[32m"w-18 
h-18 bg-black/50 
backdrop-blur-sm border-2 
border-white/30 rounded-xl 
flex items-center 
justify-center text-white 
text-2xl font-bold 
hover:bg-black/70 
active:bg-black/80 
transition-all duration-150 
select-none scale-100 
opacity-90 shadow-lg "[39m
                [33mdata-touc
h-control[39m=[32m"true"[39
m
                [33mtabindex
[39m=[32m"0"[39m
              [36m>[39m
                [0mÔåÉ[0m
              
[36m</button>[39m
              
[36m<button[39m
                [33maria-labe
l[39m=[32m"Mover para a 
direita"[39m
                
[33mclass[39m=[32m"w-18 
h-18 bg-black/50 
backdrop-blur-sm border-2 
border-white/30 rounded-xl 
flex items-center 
justify-center text-white 
text-2xl font-bold 
hover:bg-black/70 
active:bg-black/80 
transition-all duration-150 
select-none scale-100 
opacity-90 shadow-lg "[39m
                [33mdata-touc
h-control[39m=[32m"true"[39
m
                [33mtabindex
[39m=[32m"0"[39m
              [36m>[39m
                [0mÔåÆ[0m
              
[36m</button>[39m
            [36m</div>[39m
          [36m</div>[39m
          [36m<div[39m
            [33mclass[39m=[
32m"absolute right-[8px] 
bottom-[32px] flex flex-col 
space-x-4 space-y-4 
pointer-events-auto"[39m
            [33mdata-touch-co
ntrol[39m=[32m"actions"[39m
          [36m>[39m
            [36m<div[39m
              
[33mclass[39m=[32m"flex 
justify-center"[39m
            [36m>[39m
              
[36m<button[39m
                [33maria-labe
l[39m=[32m"Saltar"[39m
                
[33mclass[39m=[32m"w-18 
h-18 bg-black/50 
backdrop-blur-sm border-2 
border-white/30 rounded-xl 
flex items-center 
justify-center text-white 
text-base font-bold 
hover:bg-black/70 
active:bg-black/80 
transition-all duration-150 
select-none scale-100 
opacity-90 shadow-lg "[39m
                [33mdata-touc
h-control[39m=[32m"true"[39
m
                [33mtabindex
[39m=[32m"0"[39m
              [36m>[39m
                [0mÔåæ[0m
                [36m<br 
/>[39m
                [0mSALTAR[0m
              
[36m</button>[39m
            [36m</div>[39m
            [36m<div[39m
              
[33mclass[39m=[32m"flex 
space-x-4 space-y-4"[39m
            [36m>[39m
              
[36m<button[39m
                [33maria-labe
l[39m=[32m"Agachar"[39m
                
[33mclass[39m=[32m"w-18 
h-18 bg-black/50 
backdrop-blur-sm border-2 
border-white/30 rounded-xl 
flex items-center 
justify-center text-white 
text-base font-bold 
hover:bg-black/70 
active:bg-black/80 
transition-all duration-150 
select-none scale-100 
opacity-90 shadow-lg "[39m
                [33mdata-touc
h-control[39m=[32m"true"[39
m
                [33mtabindex
[39m=[32m"0"[39m
              [36m>[39m
                [0mÔåô[0m
                [36m<br 
/>[39m
                
[0mAGACHAR[0m
              
[36m</button>[39m
              
[36m<button[39m
                [33maria-labe
l[39m=[32m"Atacar"[39m
                
[33mclass[39m=[32m"w-18 
h-18 bg-red-600/70 
backdrop-blur-sm border-2 
border-red-400/50 rounded-xl 
flex items-center 
justify-center text-white 
text-base font-bold 
hover:bg-red-600/90 
active:bg-red-700/90 
transition-all duration-150 
select-none scale-100 
opacity-90 shadow-lg "[39m
                [33mdata-touc
h-control[39m=[32m"true"[39
m
                [33mtabindex
[39m=[32m"0"[39m
              [36m>[39m
                [0mÔÜö[0m
                [36m<br 
/>[39m
                [0mATACAR[0m
              
[36m</button>[39m
            [36m</div>[39m
          [36m</div>[39m
          [36m<div[39m
            [33mclass[39m=[
32m"absolute top-4 left-1/2 
transform -translate-x-1/2 
pointer-events-none"[39m
          [36m>[39m
            [36m<div[39m
              [33mclass[39m=
[32m"bg-black/60 
backdrop-blur-sm rounded-lg 
px-3 py-2 text-white text-xs 
text-center 
animate-fade-in-out"[39m
            [36m>[39m
              [36m<p>[39m
                [0mSwipe 
gestures: ÔåÉ ÔåÆ Ôåæ Ôåô[0m
              [36m</p>[39m
              [36m<p[39m
                [33mclass[39
m=[32m"text-gray-300"[39m
              [36m>[39m
                [0mOr use 
touch controls[0m
              [36m</p>[39m
            [36m</div>[39m
          [36m</div>[39m
        [36m</div>[39m
      [36m</div>[39m
    [36m</body>[39m

    [0m [90m 114 |[39m     
     [90m 115 |[39m     
[90m// Movement buttons 
should have standard 
styling[39m
    [31m[1m>[22m[39m[90m 
116 |[39m     
[36mconst[39m 
moveLeftButton [33m=[39m scr
een[33m.[39mgetByLabelText(
[32m'Move 
Left'[39m)[33m;[39m
     [90m     |[39m         
                          
[31m[1m^[22m[39m
     [90m 117 |[39m     expe
ct(moveLeftButton[33m.[39mcl
assName)[33m.[39mtoContain(
[32m'bg-black/50'[39m)[33m;
[39m
     [90m 118 |[39m     
     [90m 119 |[39m     
[90m// Attack button should 
have red accent 
styling[39m[0m

      at 
Object.getElementError (node_m
odules/@testing-library/dom/di
st/config.js:37:19)
      at getAllByLabelText (no
de_modules/@testing-library/do
m/dist/queries/label-text.js:1
11:38)
      at node_modules/@testing
-library/dom/dist/query-helper
s.js:52:17
      at node_modules/@testing
-library/dom/dist/query-helper
s.js:95:19
      at Object.<anonymous> (s
rc/components/game/__tests__/T
ouchControlsEnhanced.test.tsx:
116:35)

  ÔùÅ TouchControls Enhanced 
Features ÔÇ║ should render 
with optimized positioning

    
TestingLibraryElementError: 
Unable to find a label with 
the text of: Move Left

    Ignored nodes: comments, 
script, style
    [36m<body>[39m
      [36m<div>[39m
        [36m<div[39m
          
[33mclass[39m=[32m"fixed 
inset-0 pointer-events-none 
z-20 "[39m
        [36m>[39m
          [36m<div[39m
            [33mclass[39m=[
32m"absolute left-[8px] 
bottom-[32px] flex flex-col 
space-x-4 space-y-4 
pointer-events-auto"[39m
            [33mdata-touch-co
ntrol[39m=[32m"movement"[39
m
          [36m>[39m
            [36m<div[39m
              
[33mclass[39m=[32m"flex 
space-x-4 space-y-4"[39m
            [36m>[39m
              
[36m<button[39m
                [33maria-labe
l[39m=[32m"Mover para a 
esquerda"[39m
                
[33mclass[39m=[32m"w-18 
h-18 bg-black/50 
backdrop-blur-sm border-2 
border-white/30 rounded-xl 
flex items-center 
justify-center text-white 
text-2xl font-bold 
hover:bg-black/70 
active:bg-black/80 
transition-all duration-150 
select-none scale-100 
opacity-90 shadow-lg "[39m
                [33mdata-touc
h-control[39m=[32m"true"[39
m
                [33mtabindex
[39m=[32m"0"[39m
              [36m>[39m
                [0mÔåÉ[0m
              
[36m</button>[39m
              
[36m<button[39m
                [33maria-labe
l[39m=[32m"Mover para a 
direita"[39m
                
[33mclass[39m=[32m"w-18 
h-18 bg-black/50 
backdrop-blur-sm border-2 
border-white/30 rounded-xl 
flex items-center 
justify-center text-white 
text-2xl font-bold 
hover:bg-black/70 
active:bg-black/80 
transition-all duration-150 
select-none scale-100 
opacity-90 shadow-lg "[39m
                [33mdata-touc
h-control[39m=[32m"true"[39
m
                [33mtabindex
[39m=[32m"0"[39m
              [36m>[39m
                [0mÔåÆ[0m
              
[36m</button>[39m
            [36m</div>[39m
          [36m</div>[39m
          [36m<div[39m
            [33mclass[39m=[
32m"absolute right-[8px] 
bottom-[32px] flex flex-col 
space-x-4 space-y-4 
pointer-events-auto"[39m
            [33mdata-touch-co
ntrol[39m=[32m"actions"[39m
          [36m>[39m
            [36m<div[39m
              
[33mclass[39m=[32m"flex 
justify-center"[39m
            [36m>[39m
              
[36m<button[39m
                [33maria-labe
l[39m=[32m"Saltar"[39m
                
[33mclass[39m=[32m"w-18 
h-18 bg-black/50 
backdrop-blur-sm border-2 
border-white/30 rounded-xl 
flex items-center 
justify-center text-white 
text-base font-bold 
hover:bg-black/70 
active:bg-black/80 
transition-all duration-150 
select-none scale-100 
opacity-90 shadow-lg "[39m
                [33mdata-touc
h-control[39m=[32m"true"[39
m
                [33mtabindex
[39m=[32m"0"[39m
              [36m>[39m
                [0mÔåæ[0m
                [36m<br 
/>[39m
                [0mSALTAR[0m
              
[36m</button>[39m
            [36m</div>[39m
            [36m<div[39m
              
[33mclass[39m=[32m"flex 
space-x-4 space-y-4"[39m
            [36m>[39m
              
[36m<button[39m
                [33maria-labe
l[39m=[32m"Agachar"[39m
                
[33mclass[39m=[32m"w-18 
h-18 bg-black/50 
backdrop-blur-sm border-2 
border-white/30 rounded-xl 
flex items-center 
justify-center text-white 
text-base font-bold 
hover:bg-black/70 
active:bg-black/80 
transition-all duration-150 
select-none scale-100 
opacity-90 shadow-lg "[39m
                [33mdata-touc
h-control[39m=[32m"true"[39
m
                [33mtabindex
[39m=[32m"0"[39m
              [36m>[39m
                [0mÔåô[0m
                [36m<br 
/>[39m
                
[0mAGACHAR[0m
              
[36m</button>[39m
              
[36m<button[39m
                [33maria-labe
l[39m=[32m"Atacar"[39m
                
[33mclass[39m=[32m"w-18 
h-18 bg-red-600/70 
backdrop-blur-sm border-2 
border-red-400/50 rounded-xl 
flex items-center 
justify-center text-white 
text-base font-bold 
hover:bg-red-600/90 
active:bg-red-700/90 
transition-all duration-150 
select-none scale-100 
opacity-90 shadow-lg "[39m
                [33mdata-touc
h-control[39m=[32m"true"[39
m
                [33mtabindex
[39m=[32m"0"[39m
              [36m>[39m
                [0mÔÜö[0m
                [36m<br 
/>[39m
                [0mATACAR[0m
              
[36m</button>[39m
            [36m</div>[39m
          [36m</div>[39m
          [36m<div[39m
            [33mclass[39m=[
32m"absolute top-4 left-1/2 
transform -translate-x-1/2 
pointer-events-none"[39m
          [36m>[39m
            [36m<div[39m
              [33mclass[39m=
[32m"bg-black/60 
backdrop-blur-sm rounded-lg 
px-3 py-2 text-white text-xs 
text-center 
animate-fade-in-out"[39m
            [36m>[39m
              [36m<p>[39m
                [0mSwipe 
gestures: ÔåÉ ÔåÆ Ôåæ Ôåô[0m
              [36m</p>[39m
              [36m<p[39m
                [33mclass[39
m=[32m"text-gray-300"[39m
              [36m>[39m
                [0mOr use 
touch controls[0m
              [36m</p>[39m
            [36m</div>[39m
          [36m</div>[39m
        [36m</div>[39m
      [36m</div>[39m
    [36m</body>[39m

    [0m [90m 126 |[39m     
     [90m 127 |[39m     
[90m// Check that controls 
have proper positioning 
attributes[39m
    [31m[1m>[22m[39m[90m 
128 |[39m     
[36mconst[39m leftControls 
[33m=[39m screen[33m.[39mg
etByLabelText([32m'Move Left'
[39m)[33m.[39mclosest([32m
'[data-touch-control="movement
"]'[39m)[33m;[39m
     [90m     |[39m         
                        
[31m[1m^[22m[39m
     [90m 129 |[39m     
[36mconst[39m rightControls 
[33m=[39m screen[33m.[39mg
etByLabelText([32m'Attack'[3
9m)[33m.[39mclosest([32m'[d
ata-touch-control="actions"]'
[39m)[33m;[39m
     [90m 130 |[39m     
     [90m 131 |[39m     expe
ct(leftControls)[33m.[39mtoH
aveClass([32m'absolute'[39m)
[33m;[39m[0m

      at 
Object.getElementError (node_m
odules/@testing-library/dom/di
st/config.js:37:19)
      at getAllByLabelText (no
de_modules/@testing-library/do
m/dist/queries/label-text.js:1
11:38)
      at node_modules/@testing
-library/dom/dist/query-helper
s.js:52:17
      at node_modules/@testing
-library/dom/dist/query-helper
s.js:95:19
      at Object.<anonymous> (s
rc/components/game/__tests__/T
ouchControlsEnhanced.test.tsx:
128:33)

FAIL src/test/integration/navi
gation-flow.test.tsx
  ÔùÅ Navigation Flow 
Integration Tests ÔÇ║ Game 
Page Navigation Validation 
ÔÇ║ should render game when 
all required state is present

    
TestingLibraryElementError: 
Unable to find an element by: 
[data-testid="phaser-game"]

    Ignored nodes: comments, 
script, style
    [36m<body>[39m
      [36m<div />[39m
    [36m</body>[39m

    [0m [90m 179 |[39m     
  render([33m<[39m[33mJogar
Page[39m [33m/[39m[33m>[3
9m)[33m;[39m
     [90m 180 |[39m       
    [31m[1m>[22m[39m[90m 
181 |[39m       expect(screen
[33m.[39mgetByTestId([32m'p
haser-game'[39m))[33m.[39mt
oBeInTheDocument()[33m;[39m
     [90m     |[39m         
            
[31m[1m^[22m[39m
     [90m 182 |[39m       ex
pect(screen[33m.[39mgetByTes
tId([32m'responsive-canvas'[
39m))[33m.[39mtoBeInTheDocum
ent()[33m;[39m
     [90m 183 |[39m       ex
pect(screen[33m.[39mgetByTes
tId([32m'performance-indicato
r'[39m))[33m.[39mtoBeInTheD
ocument()[33m;[39m
     [90m 184 |[39m       ex
pect(screen[33m.[39mgetByTex
t([32m'Game running with 
difficulty: easy'[39m))[33m.
[39mtoBeInTheDocument()[33m;
[39m[0m

      at 
Object.getElementError (node_m
odules/@testing-library/dom/di
st/config.js:37:19)
      at node_modules/@testing
-library/dom/dist/query-helper
s.js:76:38
      at node_modules/@testing
-library/dom/dist/query-helper
s.js:52:17
      at node_modules/@testing
-library/dom/dist/query-helper
s.js:95:19
      at Object.<anonymous> (s
rc/test/integration/navigation
-flow.test.tsx:181:21)

  ÔùÅ Navigation Flow 
Integration Tests ÔÇ║ Game 
End Navigation ÔÇ║ should 
navigate to results page with 
victory parameters

    
TestingLibraryElementError: 
Unable to find an element 
with the text: End Game 
(Victory). This could be 
because the text is broken up 
by multiple elements. In this 
case, you can provide a 
function for your text 
matcher to make your matcher 
more flexible.

    Ignored nodes: comments, 
script, style
    [36m<body>[39m
      [36m<div />[39m
    [36m</body>[39m

    [0m [90m 204 |[39m     
  render([33m<[39m[33mJogar
Page[39m [33m/[39m[33m>[3
9m)[33m;[39m
     [90m 205 |[39m       
    [31m[1m>[22m[39m[90m 
206 |[39m       
[36mconst[39m victoryButton 
[33m=[39m screen[33m.[39mg
etByText([32m'End Game 
(Victory)'[39m)[33m;[39m
     [90m     |[39m         
                           
[31m[1m^[22m[39m
     [90m 207 |[39m       fi
reEvent[33m.[39mclick(victor
yButton)[33m;[39m
     [90m 208 |[39m       
     [90m 209 |[39m       ex
pect(mockPush)[33m.[39mtoHav
eBeenCalledWith([32m'/final?s
core=1500&victory=true'[39m)
[33m;[39m[0m

      at 
Object.getElementError (node_m
odules/@testing-library/dom/di
st/config.js:37:19)
      at node_modules/@testing
-library/dom/dist/query-helper
s.js:76:38
      at node_modules/@testing
-library/dom/dist/query-helper
s.js:52:17
      at node_modules/@testing
-library/dom/dist/query-helper
s.js:95:19
      at Object.<anonymous> (s
rc/test/integration/navigation
-flow.test.tsx:206:36)

  ÔùÅ Navigation Flow 
Integration Tests ÔÇ║ Game 
End Navigation ÔÇ║ should 
navigate to results page with 
defeat parameters

    
TestingLibraryElementError: 
Unable to find an element 
with the text: End Game 
(Defeat). This could be 
because the text is broken up 
by multiple elements. In this 
case, you can provide a 
function for your text 
matcher to make your matcher 
more flexible.

    Ignored nodes: comments, 
script, style
    [36m<body>[39m
      [36m<div />[39m
    [36m</body>[39m

    [0m [90m 213 |[39m     
  render([33m<[39m[33mJogar
Page[39m [33m/[39m[33m>[3
9m)[33m;[39m
     [90m 214 |[39m       
    [31m[1m>[22m[39m[90m 
215 |[39m       
[36mconst[39m defeatButton 
[33m=[39m screen[33m.[39mg
etByText([32m'End Game 
(Defeat)'[39m)[33m;[39m
     [90m     |[39m         
                          
[31m[1m^[22m[39m
     [90m 216 |[39m       fi
reEvent[33m.[39mclick(defeat
Button)[33m;[39m
     [90m 217 |[39m       
     [90m 218 |[39m       ex
pect(mockPush)[33m.[39mtoHav
eBeenCalledWith([32m'/final?s
core=800&victory=false'[39m)
[33m;[39m[0m

      at 
Object.getElementError (node_m
odules/@testing-library/dom/di
st/config.js:37:19)
      at node_modules/@testing
-library/dom/dist/query-helper
s.js:76:38
      at node_modules/@testing
-library/dom/dist/query-helper
s.js:52:17
      at node_modules/@testing
-library/dom/dist/query-helper
s.js:95:19
      at Object.<anonymous> (s
rc/test/integration/navigation
-flow.test.tsx:215:35)

  ÔùÅ Navigation Flow 
Integration Tests ÔÇ║ 
Development Mode Features ÔÇ║ 
should show debug info in 
development mode

    
TestingLibraryElementError: 
Unable to find an element 
with the text: Player 
Config:. This could be 
because the text is broken up 
by multiple elements. In this 
case, you can provide a 
function for your text 
matcher to make your matcher 
more flexible.

    Ignored nodes: comments, 
script, style
    [36m<body>[39m
      [36m<div />[39m
    [36m</body>[39m

    [0m [90m 244 |[39m     
  render([33m<[39m[33mJogar
Page[39m [33m/[39m[33m>[3
9m)[33m;[39m
     [90m 245 |[39m       
    [31m[1m>[22m[39m[90m 
246 |[39m       expect(screen
[33m.[39mgetByText([32m'Pla
yer Config:'[39m))[33m.[39m
toBeInTheDocument()[33m;[39m
     [90m     |[39m         
            
[31m[1m^[22m[39m
     [90m 247 |[39m       ex
pect(screen[33m.[39mgetByTex
t([32m'Nome: Debug User'[39m
))[33m.[39mtoBeInTheDocument
()[33m;[39m
     [90m 248 |[39m       ex
pect(screen[33m.[39mgetByTex
t([32m'Personagem: Menina'[3
9m))[33m.[39mtoBeInTheDocume
nt()[33m;[39m
     [90m 249 |[39m       ex
pect(screen[33m.[39mgetByTex
t([32m'Arma: bazooka'[39m))
[33m.[39mtoBeInTheDocument()
[33m;[39m[0m

      at 
Object.getElementError (node_m
odules/@testing-library/dom/di
st/config.js:37:19)
      at node_modules/@testing
-library/dom/dist/query-helper
s.js:76:38
      at node_modules/@testing
-library/dom/dist/query-helper
s.js:52:17
      at node_modules/@testing
-library/dom/dist/query-helper
s.js:95:19
      at Object.<anonymous> (s
rc/test/integration/navigation
-flow.test.tsx:246:21)

FAIL src/components/ui/__tests
__/AccessibilityFeatures.test.
tsx (6.085 s)
  ÔùÅ Accessibility Features 
ÔÇ║ AudioSubtitles ÔÇ║ should 
render when audioSubtitles is 
enabled

    Unable to find role="log"

    Ignored nodes: comments, 
script, style
    [36m<body>[39m
      [36m<div />[39m
    [36m</body>[39m

    [0m [90m 54 |[39m
     [90m 55 |[39m       
[90m// Should show 
subtitle[39m
    [31m[1m>[22m[39m[90m 
56 |[39m       
[36mawait[39m waitFor(() 
[33m=>[39m {
     [90m    |[39m          
          [31m[1m^[22m[39m
     [90m 57 |[39m         e
xpect(screen[33m.[39mgetByRo
le([32m'log'[39m))[33m.[39
mtoBeInTheDocument()[33m;[39
m
     [90m 58 |[39m       
})[33m;[39m
     [90m 59 |[39m     
})[33m;[39m[0m

      at waitForWrapper (node_
modules/@testing-library/dom/d
ist/wait-for.js:163:27)
      at Object.<anonymous> (s
rc/components/ui/__tests__/Acc
essibilityFeatures.test.tsx:56
:20)

  ÔùÅ Accessibility Features 
ÔÇ║ AudioSubtitles ÔÇ║ should 
display correct messages for 
different audio events

    Unable to find an element 
with the text: ´┐¢´┐¢ Salto. 
This could be because the 
text is broken up by multiple 
elements. In this case, you 
can provide a function for 
your text matcher to make 
your matcher more flexible.

    Ignored nodes: comments, 
script, style
    [36m<body>[39m
      [36m<div />[39m
    [36m</body>[39m

    [0m [90m 83 |[39m      
 }))[33m;[39m
     [90m 84 |[39m
    [31m[1m>[22m[39m[90m 
85 |[39m       
[36mawait[39m waitFor(() 
[33m=>[39m {
     [90m    |[39m          
          [31m[1m^[22m[39m
     [90m 86 |[39m         e
xpect(screen[33m.[39mgetByTe
xt([32m'´┐¢´┐¢ Salto'[39m))
[33m.[39mtoBeInTheDocument()
[33m;[39m
     [90m 87 |[39m       
})[33m;[39m
     [90m 88 |[39m[0m

      at waitForWrapper (node_
modules/@testing-library/dom/d
ist/wait-for.js:163:27)
      at Object.<anonymous> (s
rc/components/ui/__tests__/Acc
essibilityFeatures.test.tsx:85
:20)


Test Suites: 14 failed, 16 
passed, 30 total
Tests:       104 failed, 283 
passed, 387 total
Snapshots:   0 total
Time:        44.434 s
Ran all test suites.
Ôä╣ tests 26
Ôä╣ suites 3
Ôä╣ pass 26
Ôä╣ fail 0
Ôä╣ cancelled 0
Ôä╣ skipped 0
Ôä╣ todo 0
Ôä╣ duration_ms 34834.5431
